n=1 lattice_terms=1 lattice_seconds=0.000
 n=1 mu=0 terms=1 negative=0
 n=1 mu=1 terms=2 negative=1
  first_negative [((0,), -1)]
n=1 TOTAL_SECONDS=0.000
n=2 lattice_terms=4 lattice_seconds=0.000
 n=2 mu=0 terms=1 negative=0
 n=2 mu=1 terms=3 negative=1
  first_negative [((0, 0), -1)]
 n=2 mu=2 terms=4 negative=1
  first_negative [((0, 1), -1)]
n=2 TOTAL_SECONDS=0.000
n=3 lattice_terms=16 lattice_seconds=0.000
 n=3 mu=0 terms=1 negative=0
 n=3 mu=1 terms=4 negative=0
 n=3 mu=2 terms=10 negative=0
 n=3 mu=3 terms=19 negative=0
n=3 TOTAL_SECONDS=0.001
n=4 lattice_terms=60 lattice_seconds=0.001
 n=4 mu=0 terms=1 negative=0
 n=4 mu=1 terms=5 negative=0
 n=4 mu=2 terms=15 negative=0
 n=4 mu=3 terms=35 negative=0
 n=4 mu=4 terms=70 negative=0
n=4 TOTAL_SECONDS=0.001
n=5 lattice_terms=227 lattice_seconds=0.001
 n=5 mu=0 terms=1 negative=0
 n=5 mu=1 terms=6 negative=0
 n=5 mu=2 terms=21 negative=0
 n=5 mu=3 terms=56 negative=0
 n=5 mu=4 terms=126 negative=0
 n=5 mu=5 terms=252 negative=0
n=5 TOTAL_SECONDS=0.004
n=6 lattice_terms=851 lattice_seconds=0.004
 n=6 mu=0 terms=1 negative=0
 n=6 mu=1 terms=7 negative=0
 n=6 mu=2 terms=28 negative=0
 n=6 mu=3 terms=84 negative=0
 n=6 mu=4 terms=210 negative=0
 n=6 mu=5 terms=462 negative=0
 n=6 mu=6 terms=924 negative=0
n=6 TOTAL_SECONDS=0.020
n=7 lattice_terms=3223 lattice_seconds=0.021
 n=7 mu=0 terms=1 negative=0
 n=7 mu=1 terms=8 negative=0
 n=7 mu=2 terms=36 negative=0
 n=7 mu=3 terms=120 negative=0
 n=7 mu=4 terms=330 negative=0
 n=7 mu=5 terms=792 negative=0
 n=7 mu=6 terms=1716 negative=0
 n=7 mu=7 terms=3432 negative=0
n=7 TOTAL_SECONDS=0.148
n=8 lattice_terms=12200 lattice_seconds=0.079
 n=8 mu=0 terms=1 negative=0
 n=8 mu=1 terms=9 negative=0
 n=8 mu=2 terms=45 negative=0
 n=8 mu=3 terms=165 negative=0
 n=8 mu=4 terms=495 negative=0
 n=8 mu=5 terms=1287 negative=0
 n=8 mu=6 terms=3003 negative=0
 n=8 mu=7 terms=6435 negative=0
 n=8 mu=8 terms=12870 negative=0
n=8 TOTAL_SECONDS=0.594
n=9 lattice_terms=46456 lattice_seconds=0.476
 n=9 mu=0 terms=1 negative=0
 n=9 mu=1 terms=10 negative=0
 n=9 mu=2 terms=55 negative=0
 n=9 mu=3 terms=220 negative=0
 n=9 mu=4 terms=715 negative=0
 n=9 mu=5 terms=2002 negative=0
 n=9 mu=6 terms=5005 negative=0
 n=9 mu=7 terms=11440 negative=0
 n=9 mu=8 terms=24310 negative=0
 n=9 mu=9 terms=48620 negative=0
n=9 TOTAL_SECONDS=4.157
n=10 lattice_terms=177525 lattice_seconds=2.313
 n=10 mu=0 terms=1 negative=0
 n=10 mu=1 terms=11 negative=0
 n=10 mu=2 terms=66 negative=0
 n=10 mu=3 terms=286 negative=0
 n=10 mu=4 terms=1001 negative=0
 n=10 mu=5 terms=3003 negative=0
 n=10 mu=6 terms=8008 negative=0
 n=10 mu=7 terms=19448 negative=0
 n=10 mu=8 terms=43758 negative=0
 n=10 mu=9 terms=92378 negative=0
 n=10 mu=10 terms=184756 negative=0
n=10 TOTAL_SECONDS=28.245
