PASS baseline normal
PASS baseline optimized
PASS rejected input_hash normal
PASS rejected input_hash optimized
PASS rejected boolean_schema normal
PASS rejected boolean_schema optimized
PASS rejected nan_json normal
PASS rejected nan_json optimized
PASS rejected infinity_json normal
PASS rejected infinity_json optimized
PASS rejected empty_profiles normal
PASS rejected empty_profiles optimized
PASS rejected shortened_startup normal
PASS rejected shortened_startup optimized
PASS rejected duplicate_json_key normal
PASS rejected duplicate_json_key optimized
PASS rejected unsafe_expression normal
PASS rejected unsafe_expression optimized
PASS rejected truncated_coefficients normal
PASS rejected truncated_coefficients optimized
PASS rejected profile_boundary normal
PASS rejected profile_boundary optimized
PASS rejected profile_gauge normal
PASS rejected profile_gauge optimized
PASS rejected profile_grading normal
PASS rejected profile_grading optimized
PASS rejected interior_profile normal
PASS rejected interior_profile optimized
PASS rejected highest_scalar normal
PASS rejected highest_scalar optimized
PASS rejected endpoint_taylor normal
PASS rejected endpoint_taylor optimized
PASS rejected carrier_ell normal
PASS rejected carrier_ell optimized
PASS rejected log_correction normal
PASS rejected log_correction optimized
PASS rejected multiplicative normal
PASS rejected multiplicative optimized
PASS rejected ratio normal
PASS rejected ratio optimized
PASS rejected lower_matrix_formula normal
PASS rejected lower_matrix_formula optimized
PASS rejected square_factor_formula normal
PASS rejected square_factor_formula optimized
PASS rejected symmetrizer_formula normal
PASS rejected symmetrizer_formula optimized
{"status": "PASS", "baseline_runs": 2, "corruptions_rejected": 44, "seconds": 135.858561}
