PASS baseline normal
PASS baseline optimized
PASS rejected hash_mismatch normal
PASS rejected hash_mismatch optimized
PASS rejected boolean_schema normal
PASS rejected boolean_schema optimized
PASS rejected unknown_formal_field normal
PASS rejected unknown_formal_field optimized
PASS rejected duplicate_key normal
PASS rejected duplicate_key optimized
PASS rejected nan_constant normal
PASS rejected nan_constant optimized
PASS rejected infinity_constant normal
PASS rejected infinity_constant optimized
PASS rejected unsafe_expression normal
PASS rejected unsafe_expression optimized
PASS rejected truncated_profiles normal
PASS rejected truncated_profiles optimized
PASS rejected truncated_scalar normal
PASS rejected truncated_scalar optimized
PASS rejected shortened_startup normal
PASS rejected shortened_startup optimized
PASS rejected wrong_reference_count normal
PASS rejected wrong_reference_count optimized
PASS rejected broken_gram_identity normal
PASS rejected broken_gram_identity optimized
PASS rejected broken_symmetrizer normal
PASS rejected broken_symmetrizer optimized
PASS rejected false_obstruction normal
PASS rejected false_obstruction optimized
PASS rejected profile_boundary normal
PASS rejected profile_boundary optimized
PASS rejected profile_derivative_gauge normal
PASS rejected profile_derivative_gauge optimized
PASS rejected profile_interior normal
PASS rejected profile_interior optimized
PASS rejected highest_scalar normal
PASS rejected highest_scalar optimized
PASS rejected wrong_carrier normal
PASS rejected wrong_carrier optimized
PASS rejected wrong_first_correction normal
PASS rejected wrong_first_correction optimized
PASS rejected wrong_second_correction normal
PASS rejected wrong_second_correction optimized
PASS rejected ternary_highest_scalar normal
PASS rejected ternary_highest_scalar optimized
PASS rejected ternary_carrier normal
PASS rejected ternary_carrier optimized
PASS rejected ternary_gamma_normalizer normal
PASS rejected ternary_gamma_normalizer optimized
PASS rejected ternary_cubic_log normal
PASS rejected ternary_cubic_log optimized
{"status": "PASS", "baseline_runs": 2, "corruptions_rejected": 50, "seconds": 78.479935}
