P 1 0
P 2 B*m*(m - 1)*(m + 1)/18
P 3 m*(m - 2)*(m - 1)*(m + 1)/36
P 4 B**2*m*(m - 1)*(m + 1)*(3*m**2 - 15*m - 22)/3240
P 5 B*m*(m - 4)*(m - 1)*(m + 1)*(m**2 - 5*m - 4)/1080
P 6 m*(m - 1)*(m + 1)*(B**3*m**4 - 14*B**3*m**3 + 15*B**3*m**2 + 126*B**3*m + 64*B**3 + 30*m**4 - 420*m**3 + 2130*m**2 - 2100*m - 1440)/136080
{
  "P": [
    "m + 1",
    "0",
    "B*m*(m - 1)*(m + 1)/18",
    "m*(m - 2)*(m - 1)*(m + 1)/36",
    "B**2*m*(m - 1)*(m + 1)*(3*m**2 - 15*m - 22)/3240",
    "B*m*(m - 4)*(m - 1)*(m + 1)*(m**2 - 5*m - 4)/1080",
    "m*(m - 1)*(m + 1)*(B**3*m**4 - 14*B**3*m**3 + 15*B**3*m**2 + 126*B**3*m + 64*B**3 + 30*m**4 - 420*m**3 + 2130*m**2 - 2100*m - 1440)/136080"
  ],
  "r": [
    "1",
    "0",
    "B/72",
    "1/288",
    "-157*B**2/51840",
    "121*B/34560",
    "(1419*B**3 + 6730)/2903040"
  ],
  "log_ratio": "521*B**3*t**6/979776 - B**2*t**4/320 + 179*B*t**5/51840 + B*t**2/72 + 895*t**6/387072 + t**3/288",
  "leaf_factorial_log": "-B**2*t**4/320 - 23*B*t**2/72 + L1*t**4/3 + L1*t + L2*t**2 + L3*t**3 + L4*t**4 + 193*t**3/288"
}
