frozen 3 -1/3 (0, 0)
frozen 4 3*l**2/4 ((-3*l + 2*x)/9, -x*(-3*l + x)/9)
frozen 5 l/18 (-1/9, x/9)
frozen 6 (1143*l**3 - 940)/2520 ((945*l**3*x**2 - 54*l**2 - 315*l*x**4 - 1422*l*x + 70*x**5 - 1587*x**2)/17010, x*(3*l**2 + 65*l*x + 9*x**2)/945)
frozen 7 41*l**2/120 (-(-90*l**2*x**2 - 30*l*x**3 + 252*l + 20*x**4 - 201*x)/2430, -x*(-84*l + 37*x)/810)
nonautonomous 3 -2/3 (-x**2/3, 0)
nonautonomous 4 l**2/12 (x*(x**3 - 2)/18, x**2/18)
nonautonomous 5 2*l/9 (-x**2*(9*l + x**4 - 12*x)/162, -x**4/54)
nonautonomous 6 -(3*l**3 + 32)/72 ((216*l**2 + 195*l*x**4 - 216*l*x + 5*x**8 - 170*x**5 + 456*x**2)/9720, x*(-36*l**2 + 12*l*x + 5*x**5 + 54*x**2)/1620)
nonautonomous 7 49*l**2/180 (-(-324*l**2*x**2 + 105*l*x**6 - 36*l*x**3 + 2160*l + x**10 - 70*x**7 + 2376*x**4 + 1080*x)/29160, -x*(-108*l**2*x**2 + 81*l*x**3 - 1080*l + 5*x**7 + 132*x**4)/14580)
{
  "frozen": {
    "records": [
      {
        "order": 3,
        "full_scalar": "-1/3",
        "P": "0",
        "Q": "0"
      },
      {
        "order": 4,
        "full_scalar": "3*l**2/4",
        "P": "(-3*l + 2*x)/9",
        "Q": "-x*(-3*l + x)/9"
      },
      {
        "order": 5,
        "full_scalar": "l/18",
        "P": "-1/9",
        "Q": "x/9"
      },
      {
        "order": 6,
        "full_scalar": "(1143*l**3 - 940)/2520",
        "P": "(945*l**3*x**2 - 54*l**2 - 315*l*x**4 - 1422*l*x + 70*x**5 - 1587*x**2)/17010",
        "Q": "x*(3*l**2 + 65*l*x + 9*x**2)/945"
      },
      {
        "order": 7,
        "full_scalar": "41*l**2/120",
        "P": "-(-90*l**2*x**2 - 30*l*x**3 + 252*l + 20*x**4 - 201*x)/2430",
        "Q": "-x*(-84*l + 37*x)/810"
      }
    ],
    "residual_identically_zero_through": 7,
    "endpoint_over_t": "43*l**2*t**4/360 + l*t**2/6 + t**3/6 + 1"
  },
  "nonautonomous": {
    "records": [
      {
        "order": 3,
        "full_scalar": "-2/3",
        "P": "-x**2/3",
        "Q": "0"
      },
      {
        "order": 4,
        "full_scalar": "l**2/12",
        "P": "x*(x**3 - 2)/18",
        "Q": "x**2/18"
      },
      {
        "order": 5,
        "full_scalar": "2*l/9",
        "P": "-x**2*(9*l + x**4 - 12*x)/162",
        "Q": "-x**4/54"
      },
      {
        "order": 6,
        "full_scalar": "-(3*l**3 + 32)/72",
        "P": "(216*l**2 + 195*l*x**4 - 216*l*x + 5*x**8 - 170*x**5 + 456*x**2)/9720",
        "Q": "x*(-36*l**2 + 12*l*x + 5*x**5 + 54*x**2)/1620"
      },
      {
        "order": 7,
        "full_scalar": "49*l**2/180",
        "P": "-(-324*l**2*x**2 + 105*l*x**6 - 36*l*x**3 + 2160*l + x**10 - 70*x**7 + 2376*x**4 + 1080*x)/29160",
        "Q": "-x*(-108*l**2*x**2 + 81*l*x**3 - 1080*l + 5*x**7 + 132*x**4)/14580"
      }
    ],
    "residual_identically_zero_through": 7,
    "endpoint_over_t": "l**2*t**4/120 + l*t**2/6 - t**3/3 + 1",
    "log_H": {
      "h1": "l**2/4",
      "h2": "-l/6",
      "h3": "1/9",
      "h4": "-l**2/20"
    },
    "log_endpoint_correction_N": [
      "l**2/4",
      "0",
      "-2/9",
      "-l**2/18"
    ]
  },
  "exact_checks": {
    "recurrence_instances": 168,
    "gauge_instances": 345,
    "diagonal_prefix": [
      1,
      1,
      7,
      106,
      2575,
      87595,
      3864040,
      210455470,
      13681123135
    ]
  }
}
