PASS 20 initial A033552 terms match the inspected OEIS entry
PASS 301 exact counts agree with an independent logarithmic-derivative recurrence
PASS 61 exhaustive enumeration checks for count, length sum, and squared-length sum
PASS 15 exact symbolic gamma-ratio checks, orders 1--3 and moments 1--5
PASS reciprocal-Catalan mean agrees with 1+4*pi/(9*sqrt(3))
PASS 13 high-precision spectral-transform and boundary-flatness checks
PASS exact rational partial fractions for the first 8 Catalan rates
PASS 4 exact inverse-tail coefficients from Lagrange inversion
TABLES n=100
TABLES n=1000
TABLES n=10000
TABLES n=100000
TABLES n=1000000
PASS 4 numerical upper-quantile equations; no finite-n uniform-tail claim
{
  "mean": "1.80613305077076348915292367006318032545958499915232914469773",
  "variance": "1.2957322950986550751669547312945832326712126724720145583734",
  "third_cumulant": "2.26675675350914799186666987936435178082676155419813739826585",
  "second_moment": "4.55784889218516039874585497676258346451638757001886482317055",
  "skewness": "1.53685181130881994168506301189106815070627876494951561449523",
  "residues": [
    "2.78827476752297889550661683214361114934330126458086571188221",
    "-2.08690959322975775356241172725620451128740758815826910624961",
    "0.311022808923053137243241612263080209887157989980097459196273",
    "-0.012527272934828293238957625012507299871486804457791080846298",
    "0.000139712762811432342635125142055608552141349486260550186120081",
    "-0.000000423385283248507995962260020439781716255929215107698086177803",
    "0.000000000341097677283346927787807749670136743363568232214299943463804",
    "-0.0000000000000718509786453183871453363973777511796666635931381554777483947",
    "0.0000000000000000039122247725002787380111949424071705803979210414685679577856",
    "-5.46371156279093568585837280510928712484836891432388689553893e-23"
  ]
}
Wrote tables; seconds 5.721989631652832
