{
  "python": "3.13.5",
  "max_n": 5000,
  "arithmetic": "exact integers and rational/modular arithmetic",
  "formal_proof_assistant_check": false,
  "initial_oeis_values": 26,
  "positive_sum_comparisons": 151,
  "basket_convolution_comparisons": 13,
  "signed_binomial_comparisons": 1664,
  "original_supercongruence_tests": 229,
  "largest_original_index_tested": 4913,
  "family_supercongruence_tests": 2048,
  "quadratic_coefficient_tests": 1260,
  "derivative_coefficient_tests": 3415,
  "exponential_tail_tests": 119760,
  "generating_function_coefficients_checked": 61,
  "rational_two_input_tests": 10000,
  "weighted_harmonic_counterexample": "361/16",
  "mobius_transform_indices_checked": 100,
  "result": "PASS: all finite checks succeeded"
}
Elapsed 0.95 seconds; peak RSS 95148 KB
