{
  "environment": {
    "python": "3.13.5",
    "numpy": "2.3.5",
    "scipy": "1.17.0",
    "mpmath": "1.3.0",
    "sympy": "1.14.0"
  },
  "symbolic": {
    "B_series": "z/4 + 13*z**2/128 + 23*z**3/384 + 2701*z**4/65536 + 5057*z**5/163840 + 76715*z**6/3145728 + O(z**7)",
    "critical_series": "2*a**4*eps**3 - 26*a**3*eps**3/3 + 8*a**3*eps**2/3 - 4*a**2*eps**2 + 2*a**2*eps - 2*a*eps + 2*a",
    "modular_coefficients": [
      "-1",
      "1/2",
      "-4/3",
      "5/4",
      "-6/5",
      "2/3",
      "-8/7",
      "13/8"
    ],
    "inverse_capacity_coefficients": [
      "2",
      "-3",
      "8/3",
      "-3/2",
      "12/5",
      "-4"
    ]
  },
  "equilibrium": [
    {
      "L": "0.2",
      "fraction": "0.1",
      "energy": "2.99904551559535685250945704389",
      "normalization_error": "0.0",
      "potential_error": "0.0"
    },
    {
      "L": "0.2",
      "fraction": "0.5",
      "energy": "2.99904551559535685250945704389",
      "normalization_error": "0.0",
      "potential_error": "0.0"
    },
    {
      "L": "0.2",
      "fraction": "0.9",
      "energy": "2.99904551559535685250945704389",
      "normalization_error": "0.0",
      "potential_error": "4.2169e-81"
    },
    {
      "L": "1",
      "fraction": "0.1",
      "energy": "1.45927489567825624540528474382",
      "normalization_error": "2.1084e-81",
      "potential_error": "2.1084e-81"
    },
    {
      "L": "1",
      "fraction": "0.5",
      "energy": "1.45927489567825624540528474382",
      "normalization_error": "2.1084e-81",
      "potential_error": "0.0"
    },
    {
      "L": "1",
      "fraction": "0.9",
      "energy": "1.45927489567825624540528474382",
      "normalization_error": "2.1084e-81",
      "potential_error": "0.0"
    },
    {
      "L": "3",
      "fraction": "0.1",
      "energy": "0.668102702860634301614011426618",
      "normalization_error": "9.625e-79",
      "potential_error": "4.2169e-81"
    },
    {
      "L": "3",
      "fraction": "0.5",
      "energy": "0.668102702860634301614011426618",
      "normalization_error": "9.625e-79",
      "potential_error": "0.0"
    },
    {
      "L": "3",
      "fraction": "0.9",
      "energy": "0.668102702860634301614011426618",
      "normalization_error": "9.625e-79",
      "potential_error": "0.0"
    }
  ],
  "products": [
    {
      "h": "0.2",
      "S": "4.44484526125912620769047728048",
      "modular_error": "0.0",
      "finite_factorization_error": "3.3735e-80"
    },
    {
      "h": "0.5",
      "S": "1.20188897411240627072402016366",
      "modular_error": "2.1084e-81",
      "finite_factorization_error": "1.6868e-80"
    },
    {
      "h": "1",
      "S": "0.314710295082752778525754216678",
      "modular_error": "0.0",
      "finite_factorization_error": "4.2169e-81"
    },
    {
      "h": "2",
      "S": "0.0373188177189437561379530096082",
      "modular_error": "1.9767e-82",
      "finite_factorization_error": "5.2711e-82"
    }
  ],
  "boundary": [
    {
      "n": 4,
      "h": 2,
      "gain_over_q3": "0.66329912746303105239",
      "limit": "0.66666666666666666667",
      "energy_error_over_q4": "-0.18386141068259",
      "gap_error_over_q2": "0.090189386372623"
    },
    {
      "n": 4,
      "h": 3,
      "gain_over_q3": "0.66628732782972673668",
      "limit": "0.66666666666666666667",
      "energy_error_over_q4": "-0.15303620931161",
      "gap_error_over_q2": "0.071072144763261"
    },
    {
      "n": 4,
      "h": 4,
      "gain_over_q3": "0.66661674625824132974",
      "limit": "0.66666666666666666667",
      "energy_error_over_q4": "-0.14881064021189",
      "gap_error_over_q2": "0.068452145232233"
    },
    {
      "n": 8,
      "h": 2,
      "gain_over_q3": "1.4775126581438761025",
      "limit": "1.4285714285714285714",
      "energy_error_over_q4": "2.672100595003",
      "gap_error_over_q2": "0.095968852903087"
    },
    {
      "n": 8,
      "h": 3,
      "gain_over_q3": "1.4352416665590122297",
      "limit": "1.4285714285714285714",
      "energy_error_over_q4": "2.6909660636403",
      "gap_error_over_q2": "0.1236646571261"
    },
    {
      "n": 8,
      "h": 4,
      "gain_over_q3": "1.4294749918817465393",
      "limit": "1.4285714285714285714",
      "energy_error_over_q4": "2.6934842666902",
      "gap_error_over_q2": "0.12746438076467"
    },
    {
      "n": 16,
      "h": 2,
      "gain_over_q3": "1.8078273883849491877",
      "limit": "1.7333333333333333333",
      "energy_error_over_q4": "4.0672375942854",
      "gap_error_over_q2": "0.20740036753858"
    },
    {
      "n": 16,
      "h": 3,
      "gain_over_q3": "1.7433724441344253354",
      "limit": "1.7333333333333333333",
      "energy_error_over_q4": "4.0500663582244",
      "gap_error_over_q2": "0.236740381499"
    },
    {
      "n": 16,
      "h": 4,
      "gain_over_q3": "1.7346912078674523606",
      "limit": "1.7333333333333333333",
      "energy_error_over_q4": "4.0477669378827",
      "gap_error_over_q2": "0.24074248569043"
    }
  ],
  "inverse_capacity": [
    {
      "L": "1.0",
      "error_over_Q6": "-3.9973602232382803883"
    },
    {
      "L": "2.0",
      "error_over_Q6": "-3.9999520690572225895"
    },
    {
      "L": "3.0",
      "error_over_Q6": "-3.9999991222527921606"
    }
  ],
  "fixed_interval": [
    {
      "n": 8,
      "L": 1.0,
      "normalized_energy": 1.0707407465893823,
      "limit": 1.4592748956782562,
      "stationarity": 7.993605777301127e-15
    },
    {
      "n": 16,
      "L": 1.0,
      "normalized_energy": 1.2326836394630267,
      "limit": 1.4592748956782562,
      "stationarity": 6.458833468059311e-12
    },
    {
      "n": 32,
      "L": 1.0,
      "normalized_energy": 1.3277119016363976,
      "limit": 1.4592748956782562,
      "stationarity": 2.0463630789890885e-12
    },
    {
      "n": 64,
      "L": 1.0,
      "normalized_energy": 1.3836899486396947,
      "limit": 1.4592748956782562,
      "stationarity": 3.6266101233195513e-11
    },
    {
      "n": 128,
      "L": 1.0,
      "normalized_energy": 1.4163716764773813,
      "limit": 1.4592748956782562,
      "stationarity": 4.913545126328245e-10
    }
  ],
  "finite_certificates": [
    {
      "n": 8,
      "h": 0.5,
      "lower": 6.728203211862704,
      "optimal": 7.622025728112069,
      "upper": 7.734597892630939,
      "stationarity": 8.881784197001252e-16
    },
    {
      "n": 8,
      "h": 1.0,
      "lower": 2.021491685242742,
      "optimal": 2.149582880027271,
      "upper": 2.1539724439879526,
      "stationarity": 6.278467329368098e-13
    },
    {
      "n": 8,
      "h": 2.0,
      "lower": 0.25750925273122477,
      "optimal": 0.2605264516644251,
      "upper": 0.2605355298159514,
      "stationarity": 1.1254018550399536e-16
    },
    {
      "n": 16,
      "h": 0.5,
      "lower": 15.883773734204944,
      "optimal": 17.172035199981927,
      "upper": 17.34909218957842,
      "stationarity": 3.497202527569243e-15
    },
    {
      "n": 16,
      "h": 1.0,
      "lower": 4.497253303399535,
      "optimal": 4.665941136792768,
      "upper": 4.671654763908777,
      "stationarity": 2.886579864025407e-15
    },
    {
      "n": 16,
      "h": 2.0,
      "lower": 0.5548602571825033,
      "optimal": 0.5590749638921286,
      "upper": 0.5590860715675009,
      "stationarity": 5.401495223322783e-16
    },
    {
      "n": 32,
      "h": 0.5,
      "lower": 34.80936176810672,
      "optimal": 36.36879353693697,
      "upper": 36.57931556816062,
      "stationarity": 1.454392162258955e-14
    },
    {
      "n": 32,
      "h": 1.0,
      "lower": 9.508042477600423,
      "optimal": 9.700680324565571,
      "upper": 9.707019485232816,
      "stationarity": 6.994405055138486e-15
    },
    {
      "n": 32,
      "h": 2.0,
      "lower": 1.151269946034541,
      "optimal": 1.1561751257405457,
      "upper": 1.156187155070601,
      "stationarity": 1.2906342661267445e-15
    },
    {
      "n": 64,
      "h": 0.5,
      "lower": 73.0895985480951,
      "optimal": 74.81226669297163,
      "upper": 75.0397627397576,
      "stationarity": 2.2093438190040615e-14
    },
    {
      "n": 64,
      "h": 1.0,
      "lower": 19.56534704587537,
      "optimal": 19.771105507096305,
      "upper": 19.777748927880896,
      "stationarity": 9.423017921506016e-15
    },
    {
      "n": 64,
      "h": 2.0,
      "lower": 2.3451023366991257,
      "optimal": 2.350376852740877,
      "upper": 2.3503893220768006,
      "stationarity": 2.127855183720051e-15
    },
    {
      "n": 128,
      "h": 0.5,
      "lower": 149.9115300435262,
      "optimal": 151.7246120271648,
      "upper": 151.96065708295157,
      "stationarity": 4.418687638008123e-14
    },
    {
      "n": 128,
      "h": 1.0,
      "lower": 39.69977026510012,
      "optimal": 39.91241431714894,
      "upper": 39.91920781317708,
      "stationarity": 1.9512169657787126e-14
    },
    {
      "n": 128,
      "h": 2.0,
      "lower": 4.733315553252392,
      "optimal": 4.738780971683237,
      "upper": 4.738793656089201,
      "stationarity": 4.252024080053651e-15
    }
  ],
  "critical": [
    {
      "n": 8,
      "energy": 1.9649892704502392,
      "determinant": 0.019644094093112498,
      "three_correction_energy": 1.9661458333333335,
      "residual_times_n4": -4.73728156915422,
      "stationarity": 3.088692496211465e-13
    },
    {
      "n": 16,
      "energy": 1.9930727916189956,
      "determinant": 0.018571157325510006,
      "three_correction_energy": 1.9931640625,
      "residual_times_n4": -5.981528457501554,
      "stationarity": 6.041001032741633e-14
    },
    {
      "n": 32,
      "energy": 1.9984882693469672,
      "determinant": 0.01837109931318537,
      "three_correction_energy": 1.9984944661458335,
      "residual_times_n4": -6.497814567992464,
      "stationarity": 2.3869795029440866e-15
    },
    {
      "n": 64,
      "energy": 1.9996486469531378,
      "determinant": 0.018328513922944444,
      "three_correction_energy": 1.9996490478515625,
      "residual_times_n4": -6.725959464907646,
      "stationarity": 3.045557783829672e-15
    },
    {
      "n": 128,
      "energy": 1.9999154154251046,
      "determinant": 0.01831873759188796,
      "three_correction_energy": 1.9999154408772788,
      "residual_times_n4": -6.8322659730911255,
      "stationarity": 3.608224830031759e-15
    }
  ]
}
All assertions passed. Numerical outputs are diagnostics, not interval certificates.
