{
  "sqrt_certificate_quotient": "4*(x + 1)",
  "gf_certificate_quotient": "2*(r*x**2 + 5*r*x + 3*r - 3*x**2 - 7*x - 3)",
  "quadratic_for_A": "4*A**2*x**3 + 8*A**2*x**2 + 4*A**2*x - A*x**4 - 4*A*x**3 - 11*A*x**2 - 10*A*x - 3*A + 2*x**3 + 8*x**2 + 9*x + 3",
  "status": "PASS",
  "sympy_version": "1.14.0",
  "mpmath_version": "1.3.0"
}
{
  "alpha": "3.54645544468499524445676106236699873565445806147278105731885749215672681589",
  "rho": "0.281971680061194853146616386052397421484885689281115089034501983824738141036",
  "K": "0.413931068036970644808820819087309888716126276185174511015404117996760410102",
  "c1": "-1.00825303781123954750241041491554526863419101803584210762158518297977917707",
  "R_rho": "0.249038376398374331486124872795245566523834857423593804571399832595478038508",
  "singleton_limit": "0.428885255667078255465239811735177827574958298639944219285992944704378803976"
}
n,a_n_over_leading_asymptotic,n_times_ratio_minus_one,a_n_over_two_term_asymptotic
10,0.907817390152669252053399782905,-0.921826098473307479466002170952,1.00961180732747111516592465572
25,0.961218942324210864926579521827,-0.969526441894728376835511954326,1.00161416323611384712652941981
50,0.980230192459600830504299547402,-0.988490377019958474785022629881,1.00040338755028543187103963498
100,0.990017308750539159785707815763,-0.998269124946084021429218423741,1.00010085601246100866287531099
250,0.995983062047636425024126054654,-1.00423448809089374396848633649,1.00001613928882934441216630666
500,0.997987520864276354131140642574,-1.00623956786182293442967871317,1.0000040350766554244920662836
1000,0.998992754748869766414714039314,-1.0072452511302335852859606858,1.00000100880381051246696534065

