$ /tmp/preorder-gamma-verification-labpnvhx/code/one-attachment/certify
p1,p2,p3,q1,q2,count,n,v,rowmasks
0,0,0,0,0,28,1,0,0
1,0,0,0,0,56,2,0,2 0
1,0,0,1,0,210,3,2,2 0 0
2,0,0,0,0,70,3,0,6 0 0
2,0,0,1,0,140,3,0,4 4 0
2,0,0,2,0,518,3,0,0 4 2
2,1,0,1,0,336,4,0,8 4 0 0
2,1,0,2,1,420,5,4,8 4 0 0 0
3,0,0,0,0,56,4,0,14 0 0 0
3,0,0,1,0,70,3,0,6 4 0
3,0,0,2,0,168,4,0,8 8 8 0
3,0,0,3,0,504,4,3,6 4 0 0
3,1,0,1,0,280,4,0,12 4 0 0
3,1,0,2,0,280,4,1,12 4 0 0
3,1,0,3,1,700,5,4,12 4 0 0 0
3,2,0,1,0,280,5,0,24 4 0 0 0
3,2,0,2,0,665,4,0,2 0 8 4
3,2,0,2,1,560,5,1,16 8 8 0 0
3,2,0,3,2,1212,5,2,2 0 0 16 8
3,3,1,2,1,360,6,0,32 16 8 0 0 0
4,0,0,0,0,28,5,0,30 0 0 0 0
4,0,0,2,0,35,3,0,6 4 2
4,0,0,3,0,112,5,0,16 16 16 16 0
4,0,0,4,0,306,4,3,6 4 2 0
4,1,0,1,0,168,4,0,14 4 0 0
4,1,0,2,0,280,4,0,12 12 0 0
4,1,0,3,0,168,4,2,10 8 8 0
4,1,0,4,1,980,5,4,14 4 0 0 0
4,2,0,1,0,252,5,0,28 4 0 0 0
4,2,0,2,0,252,5,0,24 8 8 0 0
4,2,0,3,0,252,5,1,28 4 0 0 0
4,2,0,3,1,504,5,1,24 8 8 0 0
4,2,0,4,2,864,6,5,28 4 0 0 0 0
4,3,0,1,0,120,6,0,56 4 0 0 0 0
4,3,0,2,0,448,5,0,20 12 0 0 0
4,3,0,2,1,504,5,1,16 12 8 0 0
4,3,0,3,0,520,5,0,16 12 8 0 0
4,3,0,3,1,448,5,1,24 16 8 0 0
4,3,0,3,2,360,6,1,32 16 16 16 0 0
4,3,0,4,3,1458,6,5,20 12 0 0 0 0
4,4,0,2,0,404,5,0,6 0 0 16 8
4,4,0,3,2,808,5,0,4 4 0 16 8
4,4,0,4,4,605,5,0,0 4 2 16 8
4,4,1,2,1,600,6,0,40 16 8 0 0 0
4,4,1,3,1,600,6,1,40 16 8 0 0 0
4,4,1,3,2,600,6,2,40 16 8 0 0 0
4,5,2,2,1,105,7,0,96 16 8 0 0 0 0
4,5,2,3,2,630,6,0,8 4 0 0 32 16
5,0,0,0,0,8,6,0,62 0 0 0 0 0
5,0,0,4,0,40,6,0,32 32 32 32 32 0
5,0,0,5,0,14,7,6,62 0 0 0 0 0 0
5,1,0,2,0,56,4,0,14 12 0 0
5,1,0,3,0,112,4,0,12 12 8 0
5,1,0,5,1,280,5,4,14 12 0 0 0
5,2,0,1,0,168,5,0,30 4 0 0 0
5,2,0,2,0,126,4,0,14 0 8 4
5,2,0,3,0,168,5,0,18 16 16 16 0
5,2,0,4,0,70,4,0,8 12 10 0
5,2,0,4,1,336,5,2,18 16 16 16 0
5,2,0,5,2,1052,5,4,14 0 8 4 0
5,3,0,1,0,112,6,0,60 4 0 0 0 0
5,3,0,2,0,504,5,0,28 12 0 0 0
5,3,0,3,0,308,5,1,28 12 0 0 0
5,3,0,3,1,392,5,0,24 24 8 0 0
5,3,0,4,0,112,6,1,60 4 0 0 0 0
5,3,0,4,1,504,5,2,26 8 8 0 0
5,3,0,4,2,336,6,1,48 16 16 16 0 0
5,3,0,5,3,1396,6,5,28 12 0 0 0 0
5,4,0,1,0,21,7,0,120 4 0 0 0 0 0
5,4,0,2,0,152,6,0,56 8 8 0 0 0
5,4,0,2,1,252,5,0,26 16 8 0 0
5,4,0,3,0,252,5,0,24 12 8 0 0
5,4,0,3,1,252,5,1,24 12 8 0 0
5,4,0,3,2,126,5,0,24 4 0 16 8
5,4,0,4,0,294,5,1,24 4 0 16 8
5,4,0,4,1,252,5,2,26 16 8 0 0
5,4,0,4,2,304,6,1,56 8 8 0 0 0
5,4,0,4,3,84,7,1,64 32 32 32 32 0 0
5,4,0,5,4,1417,6,5,24 4 0 16 8 0
5,5,0,2,0,280,6,0,52 12 0 0 0 0
5,5,0,3,0,280,6,1,52 12 0 0 0 0
5,5,0,3,2,280,6,0,48 32 16 16 0 0
5,5,0,4,2,280,6,1,48 32 16 16 0 0
5,5,0,4,3,560,6,2,48 32 16 16 0 0
5,5,0,5,5,490,7,6,52 12 0 0 0 0 0
5,5,1,2,1,624,6,0,44 16 8 0 0 0
5,5,1,3,1,528,6,0,40 24 8 0 0 0
5,5,1,3,2,600,6,0,48 48 8 0 0 0
5,5,1,4,1,840,6,1,44 16 8 0 0 0
5,5,1,4,2,528,6,1,56 16 8 0 0 0
5,5,1,4,3,624,6,2,40 24 8 0 0 0
5,6,0,2,0,105,6,0,14 0 0 0 32 16
5,6,0,3,0,230,6,0,48 12 8 0 0 0
5,6,0,3,2,404,5,0,6 4 0 16 8
5,6,0,4,3,460,6,2,34 32 16 16 0 0
5,6,0,4,4,315,6,0,8 8 8 0 32 16
5,6,0,5,6,480,6,3,6 4 0 0 32 16
5,6,1,3,1,488,6,0,48 24 8 0 0 0
5,6,1,3,2,488,6,1,48 24 8 0 0 0
5,6,1,4,3,488,6,2,48 24 8 0 0 0
5,6,2,2,1,189,7,0,104 16 8 0 0 0 0
5,6,2,3,2,189,7,0,80 32 16 16 0 0 0
5,6,2,4,2,378,7,1,104 16 8 0 0 0 0
5,6,2,4,3,189,7,2,104 16 8 0 0 0 0
5,7,2,3,1,175,7,0,96 24 8 0 0 0 0
5,7,2,3,2,525,6,0,12 4 0 0 32 16
5,7,2,4,4,525,6,1,12 4 0 0 32 16
5,7,3,3,2,336,7,0,80 48 8 0 0 0 0
5,7,3,4,3,546,7,2,80 48 8 0 0 0 0
5,8,4,3,2,60,7,0,24 4 0 0 0 64 32
5,8,4,4,4,156,6,0,2 0 8 4 32 16
6,0,0,0,0,1,7,0,126 0 0 0 0 0 0
6,0,0,5,0,6,7,0,64 64 64 64 64 64 0
6,0,0,6,0,40,4,0,0 12 10 6
6,1,0,4,0,70,4,0,12 12 8 4
6,1,0,6,1,168,5,4,14 13 0 0 0
6,2,0,3,0,56,4,0,14 12 8 0
6,2,0,6,2,140,5,4,14 12 8 0 0
6,3,0,1,0,80,6,0,62 4 0 0 0 0
6,3,0,2,0,112,5,0,30 12 0 0 0
6,3,0,3,0,56,5,0,28 28 0 0 0
6,3,0,4,0,80,6,0,34 32 32 32 32 0
6,3,0,4,1,308,5,0,24 24 24 0 0
6,3,0,5,1,112,5,3,20 20 16 16 0
6,3,0,5,2,240,6,2,34 32 32 32 32 0
6,3,0,6,3,620,6,5,30 12 0 0 0 0
6,4,0,1,0,20,7,0,124 4 0 0 0 0 0
6,4,0,2,0,175,5,0,30 0 0 16 8
6,4,0,3,0,308,5,0,28 12 8 0 0
6,4,0,3,1,196,5,0,26 24 8 0 0
6,4,0,4,0,20,7,0,96 32 32 32 32 0 0
6,4,0,4,1,196,5,1,28 12 8 0 0
6,4,0,5,0,20,7,1,124 4 0 0 0 0 0
6,4,0,5,1,196,5,2,26 24 8 0 0
6,4,0,5,2,238,5,0,16 16 24 20 0
6,4,0,5,3,80,7,1,96 32 32 32 32 0 0
6,4,0,6,4,1266,6,5,30 0 0 16 8 0
6,5,0,2,0,336,6,0,60 12 0 0 0 0
6,5,0,2,1,84,5,0,30 16 8 0 0
6,5,0,3,0,208,6,0,50 16 16 16 0 0
6,5,0,3,1,224,5,0,28 24 8 0 0
6,5,0,4,0,128,6,1,60 12 0 0 0 0
6,5,0,4,1,392,5,1,28 24 8 0 0
6,5,0,4,2,256,6,0,48 48 16 16 0 0
6,5,0,5,2,208,6,2,58 8 8 0 0 0
6,5,0,5,3,672,6,2,50 16 16 16 0 0
6,5,0,6,5,1260,6,5,30 16 8 0 0 0
6,6,0,2,0,34,7,0,120 8 8 0 0 0 0
6,6,0,3,0,274,6,0,44 28 0 0 0 0
6,6,0,3,2,105,5,0,28 4 0 16 8
6,6,0,4,0,105,5,0,24 12 10 0 0
6,6,0,4,3,240,6,0,48 48 32 16 0 0
6,6,0,5,2,105,5,1,28 4 0 16 8
6,6,0,5,3,308,6,2,48 48 32 16 0 0
6,6,0,5,4,102,7,1,112 16 16 16 0 0 0
6,6,0,6,6,560,6,5,28 4 0 16 8 0
6,6,1,2,1,336,6,0,58 16 8 0 0 0
6,6,1,3,1,456,6,0,56 24 8 0 0 0
6,6,1,3,2,120,6,0,50 48 8 0 0 0
6,6,1,4,1,336,6,0,48 20 16 16 0 0
6,6,1,4,2,792,6,1,56 24 8 0 0 0
6,6,1,4,3,240,6,1,32 24 24 16 0 0
6,6,1,5,1,240,6,2,50 48 8 0 0 0
6,6,1,5,2,336,6,2,58 16 8 0 0 0
6,6,1,5,3,456,6,2,56 24 8 0 0 0
6,6,1,5,4,336,6,3,48 20 16 16 0 0
6,7,0,2,0,64,7,0,116 12 0 0 0 0 0
6,7,0,3,0,152,6,0,56 12 8 0 0 0
6,7,0,3,2,152,6,0,50 32 16 16 0 0
6,7,0,4,0,64,7,1,116 12 0 0 0 0 0
6,7,0,4,2,152,6,1,56 12 8 0 0 0
6,7,0,4,3,64,7,0,96 64 32 32 32 0 0
6,7,0,5,3,64,7,1,96 64 32 32 32 0 0
6,7,0,5,4,304,6,2,50 32 16 16 0 0
6,7,0,5,5,192,7,2,96 64 32 32 32 0 0
6,7,0,6,7,266,7,6,56 12 8 0 0 0 0
6,7,1,3,1,320,6,0,44 24 8 0 0 0
6,7,1,3,2,528,6,0,56 48 8 0 0 0
6,7,1,4,1,528,6,1,44 24 8 0 0 0
6,7,1,4,2,208,6,1,56 48 8 0 0 0
6,7,1,4,3,416,6,1,40 24 24 0 0 0
6,7,1,5,3,528,6,2,56 48 8 0 0 0
6,7,1,5,4,320,6,3,52 32 16 16 0 0
6,7,2,2,1,213,7,0,108 16 8 0 0 0 0
6,7,2,3,2,260,6,0,56 4 0 0 32 16
6,7,2,4,2,174,7,0,80 48 16 16 0 0 0
6,7,2,4,3,126,7,1,64 36 32 32 32 0 0
6,7,2,5,2,652,6,1,56 4 0 0 32 16
6,7,2,5,3,174,7,1,120 16 8 0 0 0 0
6,7,2,5,4,140,6,1,32 16 24 20 0 0
6,8,0,2,0,6,7,0,30 0 0 0 0 64 32
6,8,0,3,0,90,7,0,100 28 0 0 0 0 0
6,8,0,4,0,140,6,0,48 12 8 4 0 0
6,8,0,4,4,230,5,0,6 4 2 16 8
6,8,0,5,4,280,6,1,48 8 8 0 32 16
6,8,0,5,5,180,7,1,96 64 64 32 32 0 0
6,8,0,5,6,24,7,0,16 16 16 16 0 64 32
6,8,0,6,8,384,6,3,6 4 2 0 32 16
6,8,1,3,2,280,6,1,48 28 8 0 0 0
6,8,1,4,1,280,6,0,48 28 8 0 0 0
6,8,1,4,3,560,6,0,48 32 24 16 0 0
6,8,1,5,4,280,6,1,48 32 24 16 0 0
6,8,2,3,1,164,7,0,104 24 8 0 0 0 0
6,8,2,3,2,164,7,0,112 32 16 16 0 0 0
6,8,2,4,2,164,7,1,104 24 8 0 0 0 0
6,8,2,5,4,164,7,1,112 32 16 16 0 0 0
6,8,2,5,5,164,7,2,104 24 8 0 0 0 0
6,8,3,3,2,378,7,0,112 48 8 0 0 0 0
6,8,3,4,3,147,7,1,112 48 8 0 0 0 0
6,8,3,5,3,525,7,2,112 48 8 0 0 0 0
6,9,0,3,0,35,7,0,112 12 8 0 0 0 0
6,9,0,4,3,230,6,0,34 32 24 16 0 0
6,9,0,5,6,105,7,2,66 64 32 32 32 0 0
6,9,0,6,9,70,7,6,34 32 24 16 0 0 0
6,9,1,4,3,192,6,0,48 40 24 0 0 0
6,9,2,3,1,155,7,0,112 24 8 0 0 0 0
6,9,2,3,2,315,6,0,14 4 0 0 32 16
6,9,2,4,1,245,7,0,96 28 8 0 0 0 0
6,9,2,4,2,155,7,0,96 48 16 16 0 0 0
6,9,2,4,3,155,7,1,112 24 8 0 0 0 0
6,9,2,4,4,680,6,0,12 12 0 0 32 16
6,9,2,5,5,155,7,2,112 24 8 0 0 0 0
6,9,2,5,6,315,6,2,10 8 8 0 32 16
6,9,3,3,2,298,7,0,88 48 8 0 0 0 0
6,9,3,4,2,298,7,1,88 48 8 0 0 0 0
6,9,3,4,3,298,7,0,80 48 32 16 0 0 0
6,9,3,5,5,298,7,2,88 48 8 0 0 0 0
6,9,4,4,3,333,7,0,72 40 24 0 0 0 0
6,9,4,5,4,558,7,1,96 16 8 0 0 64 32
6,10,3,4,3,175,7,0,96 32 24 16 0 0 0
6,10,3,5,6,175,7,1,96 32 24 16 0 0 0
6,10,4,3,2,54,7,0,28 4 0 0 0 64 32
6,10,4,4,3,272,7,0,80 40 24 0 0 0 0
6,10,4,4,4,190,7,0,24 8 8 0 0 64 32
6,10,4,5,6,54,7,1,28 4 0 0 0 64 32
6,11,6,4,4,96,7,0,20 12 0 0 0 64 32
6,11,6,5,6,60,7,0,16 12 8 0 0 64 32
6,12,8,4,4,10,7,0,6 0 0 16 8 64 32
7,2,0,4,0,35,4,0,14 12 10 0
7,2,0,7,2,84,5,4,14 12 10 0 0
7,3,0,3,0,28,5,0,30 28 0 0 0
7,3,0,4,0,35,4,0,14 12 8 4
7,3,0,5,1,84,5,0,24 24 24 16 0
7,3,0,7,3,264,5,4,14 12 8 4 0
7,4,0,1,0,15,7,0,126 4 0 0 0 0 0
7,4,0,5,0,15,7,0,66 64 64 64 64 64 0
7,4,0,6,3,60,7,2,66 64 64 64 64 64 0
7,5,0,2,0,80,6,0,62 12 0 0 0 0
7,5,0,3,0,112,5,0,30 12 8 0 0
7,5,0,4,0,105,5,0,28 12 8 4 0
7,5,0,4,1,364,5,0,28 28 8 0 0
7,5,0,5,1,84,5,2,26 24 24 0 0
7,5,0,5,2,265,5,1,28 12 8 4 0
7,5,0,6,1,105,5,2,26 25 8 0 0
7,5,0,6,2,112,5,3,22 20 16 16 0
7,5,0,6,3,160,6,3,36 36 32 32 32 0
7,5,0,7,5,1162,6,5,28 12 8 4 0 0
7,6,0,2,0,108,6,0,62 0 0 0 32 16
7,6,0,3,0,100,5,0,30 16 16 16 0
7,6,0,3,1,140,5,0,30 24 8 0 0
7,6,0,4,0,152,6,1,60 28 0 0 0 0
7,6,0,4,1,140,5,0,28 20 16 16 0
7,6,0,5,2,140,5,1,28 20 16 16 0
7,6,0,5,3,216,6,0,48 48 48 16 0 0
7,6,0,6,0,45,5,0,2 0 24 20 12
7,6,0,6,3,72,6,3,48 48 48 16 0 0
7,6,0,6,4,244,6,0,32 32 32 48 40 0
7,6,0,7,6,914,6,2,2 0 0 48 40 24
7,7,0,2,0,80,7,0,124 12 0 0 0 0 0
7,7,0,3,0,280,6,0,60 12 8 0 0 0
7,7,0,4,0,50,7,0,98 32 32 32 32 0 0
7,7,0,4,2,128,6,0,50 48 16 16 0 0
7,7,0,5,0,30,7,1,124 12 0 0 0 0 0
7,7,0,5,2,128,6,1,60 12 8 0 0 0
7,7,0,5,3,60,7,0,96 96 32 32 32 0 0
7,7,0,6,3,50,7,2,122 8 8 0 0 0 0
7,7,0,6,4,408,6,3,54 16 16 16 0 0
7,7,0,6,5,240,7,2,98 32 32 32 32 0 0
7,7,0,7,7,357,7,6,60 12 8 0 0 0 0
7,7,1,2,1,120,6,0,62 16 8 0 0 0
7,7,1,3,1,264,6,0,58 24 8 0 0 0
7,7,1,4,1,360,6,0,56 24 24 0 0 0
7,7,1,4,2,192,6,0,56 56 8 0 0 0
7,7,1,5,2,240,6,0,40 36 32 32 32 0
7,7,1,5,3,456,6,1,56 24 24 0 0 0
7,7,1,5,4,140,6,1,32 24 24 16 8 0
7,7,1,6,1,140,6,2,50 49 8 0 0 0
7,7,1,6,3,360,6,2,58 24 8 0 0 0
7,7,1,6,4,264,6,3,52 20 16 16 0 0
7,7,1,6,5,120,6,4,40 36 32 32 32 0
7,8,0,3,0,71,7,0,114 16 16 16 0 0 0
7,8,0,3,2,63,5,0,30 4 0 16 8
7,8,0,5,2,63,5,0,18 16 24 20 0
7,8,0,6,5,142,7,2,114 16 16 16 0 0 0
7,8,0,7,8,210,6,5,30 4 0 16 8 0
7,8,1,3,1,296,6,0,60 24 8 0 0 0
7,8,1,3,2,112,6,0,58 48 8 0 0 0
7,8,1,4,1,240,6,0,44 28 8 0 0 0
7,8,1,4,2,296,6,0,52 48 16 16 0 0
7,8,1,4,3,120,6,0,50 48 32 16 0 0
7,8,1,5,1,112,6,0,48 24 24 16 0 0
7,8,1,5,2,296,6,1,60 24 8 0 0 0
7,8,1,5,3,296,6,1,52 48 16 16 0 0
7,8,1,5,4,224,6,1,48 24 24 16 0 0
7,8,1,6,3,112,6,2,58 48 8 0 0 0
7,8,1,6,4,240,6,2,50 48 32 16 0 0
7,8,1,6,5,296,6,3,52 48 16 16 0 0
7,8,2,2,1,120,7,0,122 16 8 0 0 0 0
7,8,2,4,3,120,6,1,32 28 24 16 0 0
7,8,2,5,2,120,7,0,96 36 32 32 32 0 0
7,8,2,5,3,120,7,1,96 36 32 32 32 0 0
7,8,2,6,2,120,6,0,32 28 24 16 0 0
7,8,2,6,3,120,7,2,122 16 8 0 0 0 0
7,9,0,3,0,81,7,0,108 28 0 0 0 0 0
7,9,0,4,0,81,7,1,108 28 0 0 0 0 0
7,9,0,5,5,162,7,0,96 96 64 32 32 0 0
7,9,0,6,5,81,7,2,96 96 64 32 32 0 0
7,9,0,6,6,162,7,3,96 96 64 32 32 0 0
7,9,1,3,2,336,6,0,60 48 8 0 0 0
7,9,1,4,1,472,6,0,56 28 8 0 0 0
7,9,1,4,2,264,6,1,56 28 8 0 0 0
7,9,1,4,3,856,6,1,40 28 24 0 0 0
7,9,1,5,1,208,6,0,40 28 24 0 0 0
7,9,1,5,2,128,6,1,60 48 8 0 0 0
7,9,1,5,3,688,6,1,56 40 24 0 0 0
7,9,1,5,4,728,6,2,56 32 24 16 0 0
7,9,1,6,4,208,6,1,56 32 24 16 0 0
7,9,1,6,5,472,6,3,54 32 16 16 0 0
7,9,2,3,1,149,7,0,120 24 8 0 0 0 0
7,9,2,3,2,238,6,0,60 4 0 0 32 16
7,9,2,4,2,261,6,1,48 28 16 16 0 0
7,9,2,5,2,238,6,0,48 16 24 20 0 0
7,9,2,5,3,149,7,1,120 24 8 0 0 0 0
7,9,2,5,4,149,7,1,112 48 16 16 0 0 0
7,9,2,6,4,238,6,1,60 4 0 0 32 16
7,9,2,6,5,149,7,2,120 24 8 0 0 0 0
7,9,2,6,6,126,6,1,48 16 24 20 0 0
7,9,3,3,2,84,7,0,114 48 8 0 0 0 0
7,9,3,4,3,42,7,0,112 112 8 0 0 0 0
7,9,3,6,3,210,7,2,114 48 8 0 0 0 0
7,10,0,3,0,34,7,0,120 12 8 0 0 0 0
7,10,0,4,0,63,6,0,56 12 10 0 0 0
7,10,0,4,3,34,7,0,98 64 32 32 32 0 0
7,10,0,4,4,63,6,0,56 8 8 0 32 16
7,10,0,5,3,34,7,1,120 12 8 0 0 0 0
7,10,0,6,6,126,6,1,56 8 8 0 32 16
7,10,0,6,7,102,7,2,98 64 32 32 32 0 0
7,10,0,7,10,108,7,6,56 12 10 0 0 0 0
7,10,2,3,1,111,7,0,108 24 8 0 0 0 0
7,10,2,3,2,102,7,0,114 32 16 16 0 0 0
7,10,2,4,1,102,7,0,112 20 16 16 0 0 0
7,10,2,4,3,111,7,0,100 64 32 32 32 0 0
7,10,2,5,2,111,7,1,108 24 8 0 0 0 0
7,10,2,5,4,102,7,1,112 20 16 16 0 0 0
7,10,2,6,5,111,7,1,100 64 32 32 32 0 0
7,10,2,6,7,102,7,3,112 20 16 16 0 0 0
7,10,3,3,2,348,7,0,120 48 8 0 0 0 0
7,10,3,4,2,490,7,0,88 56 8 0 0 0 0
7,10,3,4,3,138,7,0,112 48 32 16 0 0 0
7,10,3,5,3,482,7,1,120 48 8 0 0 0 0
7,10,3,6,5,348,7,2,120 48 8 0 0 0 0
7,10,3,6,6,138,7,2,88 56 8 0 0 0 0
7,10,4,3,2,129,7,0,120 4 0 0 0 64 32
7,10,4,4,3,231,7,0,88 32 24 16 0 0 0
7,10,4,6,4,552,7,1,120 4 0 0 0 64 32
7,11,1,4,3,152,6,0,50 32 24 16 0 0
7,11,1,5,4,152,6,2,50 32 24 16 0 0
7,11,2,4,1,164,7,0,104 28 8 0 0 0 0
7,11,2,4,2,99,7,1,104 28 8 0 0 0 0
7,11,2,4,4,381,6,0,14 12 0 0 32 16
7,11,2,5,1,70,7,0,96 28 24 0 0 0 0
7,11,2,5,2,112,6,1,52 12 0 0 32 16
7,11,2,5,4,177,6,0,48 32 24 20 0 0
7,11,2,5,5,130,7,1,104 24 24 0 0 0 0
7,11,2,5,6,210,6,0,12 12 8 0 32 16
7,11,2,6,6,112,6,1,48 32 24 20 0 0
7,11,2,6,7,99,7,2,98 64 64 32 32 0 0
7,11,3,3,2,192,7,0,92 48 8 0 0 0 0
7,11,3,4,2,129,7,0,112 56 8 0 0 0 0
7,11,3,4,3,129,7,1,112 56 8 0 0 0 0
7,11,3,5,2,192,7,1,92 48 8 0 0 0 0
7,11,3,5,3,129,7,0,96 48 48 16 0 0 0
7,11,3,5,5,192,7,2,96 64 40 32 32 0 0
7,11,3,6,6,129,7,2,112 56 8 0 0 0 0
7,11,4,4,3,250,7,0,88 40 24 0 0 0 0
7,11,4,5,3,250,7,1,88 40 24 0 0 0 0
7,11,4,5,5,250,7,2,88 40 24 0 0 0 0
7,11,5,5,4,174,7,0,80 48 24 16 0 0 0
7,11,5,6,5,294,7,0,64 60 32 16 0 0 0
7,12,0,4,0,30,7,0,112 12 8 4 0 0 0
7,12,0,5,4,140,6,1,48 12 8 0 32 16
7,12,0,5,6,100,6,0,48 12 8 0 32 16
7,12,0,6,8,90,7,1,96 16 16 16 0 64 32
7,12,0,7,12,120,7,6,48 12 8 0 32 16 0
7,12,2,4,1,90,7,0,112 28 8 0 0 0 0
7,12,2,4,3,90,7,1,112 28 8 0 0 0 0
7,12,2,5,5,90,7,1,96 68 64 32 32 0 0
7,12,2,5,6,90,7,0,96 68 64 32 32 0 0
7,12,4,3,2,36,7,0,30 4 0 0 0 64 32
7,12,4,4,3,345,7,0,112 32 24 16 0 0 0
7,12,4,4,4,531,6,0,14 0 8 4 32 16
7,12,4,5,2,115,7,1,112 12 0 0 0 64 32
7,12,4,5,3,298,7,0,96 56 24 0 0 0 0
7,12,4,5,4,164,7,0,80 52 32 16 0 0 0
7,12,4,5,5,117,7,2,96 56 24 0 0 0 0
7,12,4,5,6,36,7,0,18 16 16 16 0 64 32
7,12,4,6,7,164,7,1,112 32 24 16 0 0 0
7,12,4,6,8,128,6,0,8 12 10 0 32 16
7,12,5,5,4,169,7,0,96 52 32 16 0 0 0
7,12,6,5,4,75,7,0,80 32 24 20 0 0 0
7,12,6,6,6,150,7,1,104 16 8 0 0 64 32
7,13,3,4,3,105,7,0,98 32 24 16 0 0 0
7,13,3,5,6,175,7,0,96 96 24 16 0 0 0
7,13,3,6,9,105,7,4,66 64 40 32 32 0 0
7,13,4,4,3,118,7,0,112 40 24 0 0 0 0
7,13,4,5,4,150,7,0,72 48 8 0 32 16 0
7,13,4,5,5,236,7,1,112 40 24 0 0 0 0
7,13,4,6,8,150,7,2,72 48 8 0 32 16 0
7,13,5,5,4,155,7,0,96 48 24 16 0 0 0
7,13,5,5,6,155,7,1,96 48 24 16 0 0 0
7,13,6,4,4,108,7,0,28 12 0 0 0 64 32
7,13,6,5,6,42,7,1,28 12 0 0 0 64 32
7,14,8,5,6,54,7,0,24 12 8 0 0 64 32
7,14,8,6,8,60,7,1,24 4 0 16 8 64 32
8,3,0,6,1,63,5,0,24 24 24 16 8
8,3,0,8,3,70,6,5,30 29 0 0 0 0
8,5,0,5,1,56,5,0,28 28 24 0 0
8,5,0,8,5,93,5,4,14 13 8 4 0
8,6,0,3,0,40,6,0,62 28 0 0 0 0
8,6,0,4,0,79,5,0,30 12 10 0 0
8,6,0,4,1,84,5,0,30 28 8 0 0
8,6,0,5,1,84,5,0,26 24 24 16 0
8,6,0,5,2,63,5,0,22 20 18 16 0
8,6,0,6,2,84,5,2,26 24 24 16 0
8,6,0,6,3,152,6,0,48 48 48 48 0 0
8,6,0,7,2,63,5,3,22 20 18 16 0
8,6,0,7,3,40,6,4,40 40 40 32 32 0
8,6,0,8,6,582,6,5,30 12 10 0 0 0
8,7,0,2,0,20,7,0,126 12 0 0 0 0 0
8,7,0,4,0,63,5,0,30 12 8 4 0
8,7,0,4,1,28,5,0,30 24 24 0 0
8,7,0,5,2,140,5,0,28 28 0 16 8
8,7,0,6,1,42,5,0,24 28 26 0 0
8,7,0,6,3,40,7,0,68 68 64 64 64 64 0
8,7,0,7,3,63,5,3,22 21 16 16 0
8,7,0,7,5,60,7,3,68 68 64 64 64 64 0
8,7,0,8,7,446,6,5,30 12 8 4 0 0
8,8,0,2,0,25,7,0,126 0 0 0 0 64 32
8,8,0,3,0,80,6,0,62 12 8 0 0 0
8,8,0,4,1,84,5,0,30 20 16 16 0
8,8,0,5,0,20,7,0,70 64 64 64 64 64 0
8,8,0,5,2,80,6,0,38 36 32 32 32 0
8,8,0,7,5,160,6,3,38 36 32 32 32 0
8,8,0,7,6,80,7,0,64 64 64 64 96 80 0
8,8,0,8,8,284,6,5,30 20 16 16 0 0
8,8,1,4,2,96,6,0,58 56 8 0 0 0
8,8,1,5,1,96,6,0,56 24 24 16 0 0
8,8,1,6,4,192,6,1,56 24 24 16 0 0
8,8,1,7,3,96,6,2,58 56 8 0 0 0
8,9,0,3,0,65,6,0,62 16 16 16 0 0
8,9,0,4,0,103,6,0,60 12 8 4 0 0
8,9,0,5,0,25,7,1,124 28 0 0 0 0 0
8,9,0,6,4,63,6,1,60 12 8 4 0 0
8,9,0,6,5,75,7,0,96 96 96 32 32 0 0
8,9,0,7,5,126,6,2,50 49 16 16 0 0
8,9,0,7,6,90,6,4,46 32 32 32 32 0
8,9,0,8,9,178,7,6,60 12 8 4 0 0 0
8,9,1,3,1,200,6,0,62 24 8 0 0 0
8,9,1,4,1,480,6,0,60 28 8 0 0 0
8,9,1,5,2,416,6,1,60 28 8 0 0 0
8,9,1,5,3,600,6,0,56 56 24 0 0 0
8,9,1,6,3,192,6,2,58 24 24 0 0 0
8,9,1,6,4,416,6,2,50 48 48 16 0 0
8,9,1,7,5,480,6,3,54 20 16 16 0 0
8,9,1,7,6,200,6,4,44 36 32 32 32 0
8,9,2,2,1,45,7,0,126 16 8 0 0 0 0
8,9,2,5,4,70,6,1,32 28 24 20 0 0
8,9,2,6,3,90,7,0,72 68 64 64 64 64 0
8,9,2,7,2,70,6,0,32 28 24 20 0 0
8,10,0,3,0,85,7,0,124 12 8 0 0 0 0
8,10,0,4,0,103,7,0,92 60 0 0 0 0 0
8,10,0,5,3,30,7,0,98 96 32 32 32 0 0
8,10,0,6,3,30,7,1,124 12 8 0 0 0 0
8,10,0,6,6,72,7,0,96 96 96 64 32 0 0
8,10,0,7,6,103,7,3,118 16 16 16 0 0 0
8,10,0,7,7,200,7,3,102 32 32 32 32 0 0
8,10,1,3,2,80,6,0,62 48 8 0 0 0
8,10,1,4,1,184,6,0,60 20 16 16 0 0
8,10,1,4,2,304,6,0,60 56 8 0 0 0
8,10,1,5,1,96,6,0,56 28 24 0 0 0
8,10,1,5,2,120,6,1,60 56 8 0 0 0
8,10,1,5,3,216,6,1,56 28 24 0 0 0
8,10,1,5,4,192,6,0,52 52 32 16 0 0
8,10,1,6,3,80,6,0,48 40 40 32 32 0
8,10,1,6,4,184,6,1,60 20 16 16 0 0
8,10,1,6,5,400,6,1,56 48 48 16 0 0
8,10,1,7,5,96,6,3,52 52 32 16 0 0
8,10,1,7,6,184,6,3,54 48 16 16 0 0
8,10,2,3,1,95,7,0,122 24 8 0 0 0 0
8,10,2,5,2,207,6,0,44 28 8 4 0 0
8,10,2,6,5,95,7,1,100 36 32 32 32 0 0
8,10,2,7,5,207,6,2,50 49 32 16 0 0
8,10,3,4,3,21,7,0,114 112 8 0 0 0 0
8,10,3,5,4,70,6,1,32 28 24 16 8 0
8,10,3,7,3,182,6,0,32 28 24 16 8 0
8,11,1,4,3,192,6,0,58 40 24 0 0 0
8,11,1,5,4,304,6,0,56 48 8 0 32 16
8,11,1,6,1,112,6,0,40 28 26 0 0 0
8,11,1,6,3,192,6,2,58 40 24 0 0 0
8,11,1,6,4,192,6,1,56 48 24 16 0 0
8,11,1,6,5,192,6,2,56 48 24 16 0 0
8,11,1,6,6,112,6,1,56 48 8 0 32 16
8,11,1,7,5,112,6,2,56 48 8 0 32 16
8,11,2,3,1,105,7,0,124 24 8 0 0 0 0
8,11,2,3,2,164,6,0,62 4 0 0 32 16
8,11,2,4,1,118,7,0,120 24 24 0 0 0 0
8,11,2,4,2,191,6,0,60 48 16 16 0 0
8,11,2,4,3,280,6,0,60 32 24 16 0 0
8,11,2,5,2,248,6,0,52 28 16 16 0 0
8,11,2,5,3,273,6,1,52 28 16 16 0 0
8,11,2,5,4,174,6,1,48 28 24 16 0 0
8,11,2,6,2,112,6,0,48 28 24 16 0 0
8,11,2,6,3,105,7,1,124 24 8 0 0 0 0
8,11,2,6,4,268,6,0,34 32 32 48 40 0
8,11,2,6,5,254,7,1,120 24 24 0 0 0 0
8,11,2,7,5,112,6,1,60 32 24 16 0 0
8,11,2,7,6,168,6,3,54 48 32 16 0 0
8,11,2,7,7,87,7,3,116 20 16 16 0 0 0
8,11,2,7,8,84,6,2,34 32 32 48 40 0
8,11,3,3,2,80,7,0,122 48 8 0 0 0 0
8,11,3,4,2,123,7,0,120 56 8 0 0 0 0
8,11,3,5,3,246,7,1,120 56 8 0 0 0 0
8,11,3,6,3,80,7,0,96 40 40 32 32 0 0
8,11,3,7,5,80,7,2,122 48 8 0 0 0 0
8,11,3,7,6,123,7,2,120 56 8 0 0 0 0
8,12,0,4,4,15,5,0,30 4 2 16 8
8,12,0,6,0,24,6,0,6 0 0 48 40 24
8,12,0,7,6,48,6,0,4 4 0 48 40 24
8,12,0,8,12,118,6,0,0 4 2 48 40 24
8,12,1,4,3,128,6,0,58 32 24 16 0 0
8,12,1,5,4,128,6,0,50 48 24 16 0 0
8,12,1,6,4,128,6,2,50 48 24 16 0 0
8,12,1,6,5,128,6,2,58 32 24 16 0 0
8,12,2,4,1,81,7,0,108 28 8 0 0 0 0
8,12,2,4,3,88,6,0,60 48 32 16 0 0
8,12,2,5,2,81,7,1,108 28 8 0 0 0 0
8,12,2,5,3,176,6,0,56 52 16 16 0 0
8,12,2,5,5,81,7,0,98 96 64 32 32 0 0
8,12,2,6,5,88,6,1,60 48 32 16 0 0
8,12,2,7,7,81,7,2,98 96 64 32 32 0 0
8,12,3,3,2,240,7,0,124 48 8 0 0 0 0
8,12,3,4,2,197,7,0,116 48 16 16 0 0 0
8,12,3,4,3,38,7,0,120 112 8 0 0 0 0
8,12,3,5,2,150,7,0,104 36 32 32 32 0 0
8,12,3,5,3,38,7,1,120 112 8 0 0 0 0
8,12,3,6,3,128,7,1,124 48 8 0 0 0 0
8,12,3,6,5,437,7,1,116 48 16 16 0 0 0
8,12,3,7,6,38,7,2,120 112 8 0 0 0 0
8,12,4,3,2,122,7,0,124 4 0 0 0 64 32
8,12,4,4,3,81,7,0,114 48 32 16 0 0 0
8,12,4,5,3,356,7,0,88 56 24 0 0 0 0
8,12,4,6,4,122,7,0,96 32 32 48 40 0 0
8,12,4,6,6,57,7,2,88 56 24 0 0 0 0
8,12,4,7,6,122,7,1,124 4 0 0 0 64 32
8,12,5,4,3,84,7,0,92 32 24 16 0 0 0
8,12,5,5,4,75,7,0,88 32 24 16 8 0 0
8,12,5,7,5,444,7,1,88 32 24 16 8 0 0
8,13,2,4,1,158,7,0,120 28 8 0 0 0 0
8,13,2,4,3,71,7,0,102 64 32 32 32 0 0
8,13,2,4,4,160,6,0,60 12 0 0 32 16
8,13,2,5,1,34,7,0,112 24 24 16 0 0 0
8,13,2,5,2,77,6,0,50 16 24 20 0 0
8,13,2,5,3,87,7,1,120 28 8 0 0 0 0
8,13,2,5,4,144,6,0,56 52 32 16 0 0
8,13,2,5,5,87,7,0,100 96 64 32 32 0 0
8,13,2,6,1,40,7,0,96 28 26 0 0 0 0
8,13,2,6,4,49,6,1,60 12 0 0 32 16
8,13,2,6,5,71,7,1,120 20 16 16 0 0 0
8,13,2,6,6,98,6,0,48 48 24 20 0 0
8,13,2,6,7,155,7,1,112 24 24 16 0 0 0
8,13,2,6,8,128,6,0,12 12 8 4 32 16
8,13,2,7,8,77,6,2,58 8 8 0 32 16
8,13,3,4,2,180,7,0,92 56 8 0 0 0 0
8,13,3,5,2,180,7,1,92 56 8 0 0 0 0
8,13,3,5,5,180,7,0,104 96 64 32 32 0 0
8,13,4,4,2,78,7,0,92 48 16 16 0 0 0
8,13,4,4,3,643,7,0,92 40 24 0 0 0 0
8,13,4,5,3,175,7,0,112 52 16 16 0 0 0
8,13,4,5,4,175,7,1,112 52 16 16 0 0 0
8,13,4,5,5,106,7,0,104 104 24 0 0 0 0
8,13,4,6,3,197,7,1,92 40 24 0 0 0 0
8,13,4,6,4,212,7,1,92 48 16 16 0 0 0
8,13,4,6,5,224,7,1,120 40 24 0 0 0 0
8,13,4,7,7,212,7,1,120 32 24 16 0 0 0
8,13,5,5,4,136,7,0,88 48 24 16 0 0 0
8,13,5,6,4,136,7,1,88 48 24 16 0 0 0
8,13,6,4,3,21,7,1,64 60 32 32 32 0 0
8,13,6,6,5,60,7,0,96 48 40 32 32 0 0
8,13,6,7,6,261,7,0,8 4 0 0 96 80 48
8,14,0,4,0,14,7,0,120 12 10 0 0 0 0
8,14,0,5,6,14,7,0,112 16 16 16 0 64 32
8,14,0,7,10,42,7,1,112 16 16 16 0 64 32
8,14,2,5,1,65,7,0,104 28 24 0 0 0 0
8,14,2,5,5,65,7,1,104 28 24 0 0 0 0
8,14,2,5,6,65,7,0,100 68 64 32 32 0 0
8,14,2,6,7,65,7,1,100 68 64 32 32 0 0
8,14,3,4,3,81,7,1,112 60 8 0 0 0 0
8,14,3,5,2,81,7,0,112 60 8 0 0 0 0
8,14,3,6,6,81,7,3,96 96 64 48 32 0 0
8,14,4,4,4,310,7,0,120 8 8 0 0 64 32
8,14,4,5,2,72,7,0,112 16 24 20 0 0 0
8,14,4,5,3,428,7,0,104 56 24 0 0 0 0
8,14,4,5,4,34,7,1,112 28 16 16 0 0 0
8,14,4,5,5,214,7,1,104 56 24 0 0 0 0
8,14,4,5,6,105,6,0,14 12 8 0 32 16
8,14,4,6,2,35,7,0,96 28 24 16 0 0 0
8,14,4,6,3,64,7,0,96 60 24 0 0 0 0
8,14,4,6,5,134,7,1,120 96 24 0 0 0 0
8,14,4,6,6,214,7,2,104 56 24 0 0 0 0
8,14,4,7,10,38,7,1,112 16 24 20 0 0 0
8,14,5,5,4,431,7,0,112 48 24 16 0 0 0
8,14,5,6,4,129,7,0,96 52 48 16 0 0 0
8,14,5,6,7,149,7,1,112 48 24 16 0 0 0
8,14,6,6,5,154,7,0,80 56 48 16 0 0 0
8,15,2,5,4,63,6,0,50 32 24 20 0 0
8,15,2,5,6,63,6,0,56 12 8 0 32 16
8,15,2,6,6,63,6,1,56 12 8 0 32 16
8,15,4,4,3,102,7,0,114 32 24 16 0 0 0
8,15,4,6,7,102,7,2,98 64 40 32 32 0 0
8,15,5,5,6,117,7,1,96 56 24 16 0 0 0
8,15,5,6,4,117,7,0,96 56 24 16 0 0 0
8,15,6,4,4,158,7,0,30 12 0 0 0 64 32
8,15,6,5,5,64,7,2,96 64 56 32 32 0 0
8,15,6,5,6,12,7,0,28 28 0 0 0 64 32
8,15,6,6,4,134,7,1,116 12 0 0 0 64 32
8,15,6,6,5,255,7,0,80 60 32 16 0 0 0
8,15,8,6,6,66,7,0,80 48 24 20 0 0 0
8,15,8,7,8,90,7,1,108 16 8 0 0 64 32
8,16,0,6,8,72,6,0,48 12 8 4 32 16
8,16,0,8,16,60,7,6,48 12 8 4 32 16 0
8,16,3,5,6,35,7,0,98 96 24 16 0 0 0
8,16,3,6,9,70,7,2,66 64 48 48 32 0 0
8,16,4,5,2,35,7,0,100 28 0 16 8 0 0
8,16,4,5,5,100,7,0,112 104 24 0 0 0 0
8,16,4,5,6,35,7,1,100 28 0 16 8 0 0
8,16,4,6,6,50,7,2,112 104 24 0 0 0 0
8,16,4,6,8,35,7,0,96 68 66 32 32 0 0
8,16,5,5,4,99,7,0,88 52 32 16 0 0 0
8,16,5,5,6,164,7,0,112 96 24 16 0 0 0
8,16,5,6,7,65,7,1,112 96 24 16 0 0 0
8,16,6,5,4,66,7,0,112 32 24 20 0 0 0
8,16,6,6,6,66,7,1,104 24 8 0 0 64 32
8,16,6,7,10,66,7,1,112 32 24 20 0 0 0
8,16,8,4,4,39,7,0,30 0 0 16 8 64 32
8,16,8,5,6,66,7,0,28 12 8 0 0 64 32
8,17,4,5,4,90,7,0,76 48 8 0 32 16 0
8,17,4,6,8,150,7,0,96 96 24 16 8 0 0
8,17,4,7,12,90,7,3,96 20 16 16 0 64 32
8,17,6,5,6,75,7,0,112 12 8 0 0 64 32
8,17,6,6,9,45,7,0,96 68 64 48 32 0 0
8,17,6,7,12,40,7,2,66 64 32 48 40 0 0
8,17,8,6,6,61,7,0,96 48 24 20 0 0 0
8,17,8,6,8,61,7,1,96 48 24 20 0 0 0
8,18,12,6,8,25,7,0,24 12 10 0 0 64 32
9,3,0,6,0,20,4,0,14 12 10 6
9,3,0,9,3,90,5,4,14 12 10 6 0
9,6,0,4,0,8,6,0,62 60 0 0 0 0
9,6,0,7,3,32,6,0,48 48 48 48 32 0
9,6,0,9,6,14,7,6,62 60 0 0 0 0 0
9,7,0,5,1,28,5,0,30 28 24 0 0
9,7,0,6,1,63,5,0,26 24 24 16 8
9,7,0,6,2,56,5,0,28 28 24 16 0
9,7,0,7,3,63,5,2,26 24 24 16 8
9,7,0,9,7,306,6,5,30 29 8 0 0 0
9,9,0,3,0,15,7,0,126 28 0 0 0 0 0
9,9,0,5,1,28,5,0,30 24 24 16 0
9,9,0,5,2,70,5,0,30 28 0 16 8
9,9,0,7,3,42,5,0,24 28 26 16 0
9,9,0,7,5,45,7,0,72 72 72 64 64 64 0
9,9,0,8,6,30,7,4,72 72 72 64 64 64 0
9,9,0,9,9,236,6,5,30 28 0 16 8 0
9,9,1,6,1,63,6,0,56 24 24 16 8 0
9,9,1,6,3,24,6,0,56 56 56 0 0 0
9,9,1,7,5,126,6,1,56 24 24 16 8 0
9,9,1,8,3,63,6,2,58 57 8 0 0 0
9,10,0,4,0,53,6,0,62 12 10 0 0 0
9,10,0,5,0,11,7,1,124 60 0 0 0 0 0
9,10,0,5,2,42,5,0,30 16 24 20 0
9,10,0,6,4,42,6,0,38 36 34 32 32 0
9,10,0,7,6,44,7,0,96 96 96 96 32 0 0
9,10,0,8,6,95,6,3,38 36 34 32 32 0
9,10,0,9,10,142,6,5,30 16 24 20 0 0
9,10,1,4,1,120,6,0,62 28 8 0 0 0
9,10,1,5,1,72,6,0,60 28 24 0 0 0
9,10,1,5,2,96,6,0,60 60 8 0 0 0
9,10,1,6,3,240,6,1,60 28 24 0 0 0
9,10,1,6,4,144,6,0,52 52 48 16 0 0
9,10,1,7,5,216,6,2,50 48 48 48 0 0
9,10,1,8,5,72,6,3,52 52 48 16 0 0
9,10,1,8,6,120,6,4,42 40 40 32 32 0
9,11,0,3,0,20,7,0,126 12 8 0 0 0 0
9,11,0,4,0,42,6,0,62 12 8 4 0 0
9,11,0,6,3,20,7,0,70 68 64 64 64 64 0
9,11,0,8,7,84,6,3,38 37 32 32 32 0
9,11,0,8,8,60,7,3,70 68 64 64 64 64 0
9,11,0,9,11,72,7,6,62 12 8 4 0 0 0
9,11,1,4,1,40,6,0,62 24 24 0 0 0
9,11,1,4,2,72,6,0,62 56 8 0 0 0
9,11,1,5,1,112,6,0,58 24 24 16 0 0
9,11,1,5,3,192,6,0,58 56 24 0 0 0
9,11,1,6,3,72,6,0,56 40 40 32 32 0
9,11,1,6,4,240,6,0,56 56 24 16 0 0
9,11,1,7,3,80,6,2,58 56 24 0 0 0
9,11,1,7,5,192,6,2,58 24 24 16 0 0
9,11,1,7,6,144,6,1,56 40 40 32 32 0
9,11,1,8,6,112,6,3,54 52 16 16 0 0
9,11,1,8,7,40,6,4,44 44 32 32 32 0
9,11,2,5,2,77,6,0,54 20 18 16 0 0
9,11,2,8,6,77,6,3,54 20 18 16 0 0
9,11,3,8,3,30,7,2,114 113 8 0 0 0 0
9,12,0,3,0,15,7,0,126 16 16 16 0 0 0
9,12,0,4,0,8,6,0,62 32 32 32 32 0
9,12,0,5,0,15,7,0,78 64 64 64 64 64 0
9,12,0,8,9,30,7,4,78 64 64 64 64 64 0
9,12,0,9,12,7,7,6,62 32 32 32 32 0 0
9,12,1,4,1,120,6,0,62 20 16 16 0 0
9,12,1,5,2,120,6,0,46 36 32 32 32 0
9,12,1,5,3,88,6,0,60 56 24 0 0 0
9,12,1,6,3,88,6,1,60 56 24 0 0 0
9,12,1,6,5,176,6,0,56 56 48 16 0 0
9,12,1,7,5,88,6,2,56 56 48 16 0 0
9,12,1,8,8,120,6,4,46 36 32 32 32 0
9,12,2,3,1,75,7,0,126 24 8 0 0 0 0
9,12,2,5,2,170,6,0,60 28 0 16 8 0
9,12,2,5,3,72,6,0,54 48 48 16 0 0
9,12,2,5,4,96,6,0,54 52 32 16 0 0
9,12,2,6,2,96,6,0,56 28 24 16 0 0
9,12,2,6,3,75,7,0,76 68 64 64 64 64 0
9,12,2,6,4,266,6,1,60 28 0 16 8 0
9,12,2,7,5,98,6,0,48 52 50 16 0 0
9,12,2,7,6,75,7,1,76 68 64 64 64 64 0
9,12,2,8,6,96,6,3,54 52 32 16 0 0
9,12,2,8,7,170,6,3,48 52 50 16 0 0
9,12,3,4,2,69,7,0,122 56 8 0 0 0 0
9,12,3,5,3,36,7,0,120 120 8 0 0 0 0
9,12,3,6,3,87,7,0,112 48 48 48 0 0 0
9,12,3,8,6,87,7,2,122 56 8 0 0 0 0
9,13,0,4,0,43,7,0,124 12 8 4 0 0 0
9,13,0,7,6,14,7,1,124 12 8 4 0 0 0
9,13,0,8,9,71,7,2,98 97 32 32 32 0 0
9,13,1,4,3,64,6,0,62 40 24 0 0 0
9,13,1,6,1,49,6,0,56 28 26 0 0 0
9,13,1,6,5,64,6,0,56 48 40 32 32 0
9,13,1,6,6,98,6,0,56 56 8 0 32 16
9,13,1,7,6,128,6,1,56 48 40 32 32 0
9,13,1,8,7,49,6,2,56 56 8 0 32 16
9,13,2,4,1,170,7,0,124 28 8 0 0 0 0
9,13,2,4,2,72,6,0,62 48 16 16 0 0
9,13,2,5,1,31,7,0,120 24 24 16 0 0 0
9,13,2,5,2,127,6,0,60 36 32 32 32 0
9,13,2,5,3,304,6,0,60 52 16 16 0 0
9,13,2,5,4,94,6,0,54 36 34 16 0 0
9,13,2,6,3,75,7,1,124 28 8 0 0 0 0
9,13,2,6,4,152,6,1,60 52 16 16 0 0
9,13,2,6,5,155,7,0,100 100 32 32 32 0 0
9,13,2,6,6,63,6,1,48 28 24 20 0 0
9,13,2,7,2,63,6,0,48 28 24 20 0 0
9,13,2,7,5,40,7,2,122 24 24 0 0 0 0
9,13,2,7,6,224,6,2,58 48 48 16 0 0
9,13,2,7,7,137,7,1,120 24 24 16 0 0 0
9,13,2,8,6,63,6,3,54 36 34 16 0 0
9,13,2,8,8,55,7,3,118 20 16 16 0 0 0
9,13,3,3,2,60,7,0,126 48 8 0 0 0 0
9,13,3,4,3,20,7,0,122 112 8 0 0 0 0
9,13,3,7,3,20,7,0,96 48 48 48 32 0 0
9,13,3,7,5,60,7,0,80 72 72 64 64 64 0
9,13,3,8,6,20,7,2,122 112 8 0 0 0 0
9,13,5,8,5,57,6,0,32 28 26 16 8 0
9,14,1,5,4,112,6,0,58 48 24 16 0 0
9,14,1,7,6,112,6,2,58 48 24 16 0 0
9,14,2,4,1,65,7,0,124 20 16 16 0 0 0
9,14,2,4,3,80,6,0,62 32 24 16 0 0
9,14,2,5,3,65,7,0,102 96 32 32 32 0 0
9,14,2,5,4,224,6,0,60 48 24 16 0 0
9,14,2,6,4,120,6,0,56 52 48 16 0 0
9,14,2,6,5,320,6,1,60 52 32 16 0 0
9,14,2,7,5,184,6,1,60 48 24 16 0 0
9,14,2,7,6,65,7,1,124 20 16 16 0 0 0
9,14,3,4,2,217,7,0,124 56 8 0 0 0 0
9,14,3,4,3,64,6,0,62 48 32 16 0 0
9,14,3,5,2,277,7,0,92 60 8 0 0 0 0
9,14,3,5,4,63,6,0,58 48 8 0 32 16
9,14,3,6,3,84,7,1,124 56 8 0 0 0 0
9,14,3,6,4,128,6,0,52 44 32 32 32 0
9,14,3,6,5,84,7,0,104 96 96 32 32 0 0
9,14,3,6,6,72,7,0,98 96 96 64 32 0 0
9,14,3,7,3,63,6,0,48 28 26 16 0 0
9,14,3,7,7,133,7,1,108 36 32 32 32 0 0
9,14,3,8,7,63,6,2,58 48 8 0 32 16
9,14,4,3,2,90,7,0,126 4 0 0 0 64 32
9,14,4,5,3,391,7,0,120 56 24 0 0 0 0
9,14,4,6,3,60,7,0,88 68 64 64 64 64 0
9,14,4,6,5,246,7,1,120 56 24 0 0 0 0
9,14,4,7,6,191,7,0,66 64 64 64 96 80 0
9,14,5,6,4,114,7,0,88 56 24 16 0 0 0
9,14,6,5,4,45,7,0,92 32 24 20 0 0 0
9,14,6,8,6,216,7,1,92 32 24 20 0 0 0
9,15,1,5,4,63,6,0,58 32 24 16 8 0
9,15,1,7,5,63,6,2,50 49 24 16 0 0
9,15,1,7,8,63,6,2,58 32 24 16 8 0
9,15,2,4,4,28,6,0,62 12 0 0 32 16
9,15,2,5,1,31,7,0,120 28 24 0 0 0 0
9,15,2,6,5,31,7,1,120 28 24 0 0 0 0
9,15,2,6,7,62,7,0,100 100 64 32 32 0 0
9,15,2,7,8,56,6,0,36 36 32 48 40 0
9,15,3,4,3,25,7,0,124 112 8 0 0 0 0
9,15,3,5,2,78,7,0,120 60 8 0 0 0 0
9,15,3,5,3,78,7,1,120 60 8 0 0 0 0
9,15,3,6,3,25,7,1,124 112 8 0 0 0 0
9,15,3,6,6,78,7,0,104 96 96 64 32 0 0
9,15,3,7,6,25,7,3,96 96 96 48 32 0 0
9,15,4,4,2,74,7,0,124 48 16 16 0 0 0
9,15,4,4,3,136,7,0,122 40 24 0 0 0 0
9,15,4,5,2,35,7,0,108 28 8 4 0 0 0
9,15,4,5,3,219,7,0,92 56 24 0 0 0 0
9,15,4,5,4,79,7,0,116 112 16 16 0 0 0
9,15,4,5,5,53,7,0,106 104 24 0 0 0 0
9,15,4,6,3,114,7,1,92 56 24 0 0 0 0
9,15,4,6,4,35,7,1,108 28 8 4 0 0 0
9,15,4,6,5,79,7,1,116 112 16 16 0 0 0
9,15,4,6,6,96,7,1,88 56 56 0 0 0 0
9,15,4,7,3,53,7,2,106 104 24 0 0 0 0
9,15,4,7,5,136,7,2,122 40 24 0 0 0 0
9,15,4,7,6,74,7,1,124 48 16 16 0 0 0
9,15,4,7,7,74,7,1,108 96 32 32 32 0 0
9,15,4,8,9,35,7,2,98 97 64 32 32 0 0
9,15,5,4,3,201,7,0,124 32 24 16 0 0 0
9,15,5,5,4,123,7,0,116 52 32 16 0 0 0
9,15,5,6,4,244,7,0,112 52 48 16 0 0 0
9,15,5,6,5,121,7,1,100 44 32 32 32 0 0
9,15,5,7,5,80,7,0,96 44 40 32 32 0 0
9,15,5,8,8,80,7,1,124 32 24 16 0 0 0
9,15,7,5,4,45,7,0,92 32 24 16 8 0 0
9,15,7,8,7,192,7,1,92 32 24 16 8 0 0
9,16,4,4,3,145,7,0,122 32 24 16 0 0 0
9,16,4,4,4,126,6,0,62 0 8 4 32 16
9,16,4,5,2,111,7,0,116 28 16 16 0 0 0
9,16,4,5,5,150,7,0,120 104 24 0 0 0 0
9,16,4,6,3,50,7,0,112 40 40 32 32 0 0
9,16,4,6,4,28,6,0,38 32 32 48 40 0
9,16,4,6,5,150,7,1,120 104 24 0 0 0 0
9,16,4,6,8,64,6,0,14 12 10 0 32 16
9,16,4,7,2,20,7,0,96 28 24 20 0 0 0
9,16,4,7,5,30,7,2,122 96 24 0 0 0 0
9,16,4,7,6,94,7,2,120 104 24 0 0 0 0
9,16,4,7,7,145,7,1,120 36 32 32 32 0 0
9,16,4,8,12,18,6,0,32 36 34 48 40 0
9,16,5,4,3,63,7,0,124 48 32 16 0 0 0
9,16,5,5,3,114,7,0,92 52 16 16 0 0 0
9,16,5,5,4,189,7,0,120 48 8 0 32 16 0
9,16,5,5,5,114,7,0,106 96 64 32 32 0 0
9,16,5,6,4,114,7,1,92 52 16 16 0 0 0
9,16,5,6,5,126,7,0,104 100 32 32 32 0 0
9,16,5,7,5,66,7,0,80 52 50 16 0 0 0
9,16,5,7,7,123,7,1,120 48 24 16 0 0 0
9,16,5,8,9,66,7,2,120 48 8 0 32 16 0
9,16,6,4,3,20,7,0,124 64 32 32 32 0 0
9,16,6,5,3,20,7,1,96 60 32 32 32 0 0
9,16,6,5,4,78,7,0,92 48 24 16 0 0 0
9,16,6,6,5,233,7,0,112 56 48 16 0 0 0
9,16,6,7,5,250,7,1,92 48 24 16 0 0 0
9,16,6,7,6,20,7,0,96 60 32 32 32 0 0
9,16,6,8,9,20,7,1,124 64 32 32 32 0 0
9,16,7,7,6,100,7,0,96 56 40 32 32 0 0
9,16,8,8,8,63,7,0,64 60 40 32 32 0 0
9,17,2,5,6,49,6,0,60 12 8 0 32 16
9,17,2,6,1,35,7,0,104 28 26 0 0 0 0
9,17,2,6,6,49,6,0,50 48 24 20 0 0
9,17,2,6,8,35,7,0,112 96 16 16 0 64 32
9,17,2,7,8,49,6,1,60 12 8 0 32 16
9,17,2,7,10,35,7,1,112 96 16 16 0 64 32
9,17,4,5,5,118,7,1,104 60 24 0 0 0 0
9,17,4,5,6,34,7,0,102 68 64 32 32 0 0
9,17,4,6,2,34,7,0,112 28 24 16 0 0 0
9,17,4,6,3,118,7,0,104 60 24 0 0 0 0
9,17,4,6,7,34,7,1,112 28 24 16 0 0 0
9,17,5,5,3,118,7,0,120 52 16 16 0 0 0
9,17,5,5,4,87,7,0,114 48 24 16 0 0 0
9,17,5,5,5,118,7,0,108 96 64 32 32 0 0
9,17,5,6,4,113,7,0,112 56 24 16 0 0 0
9,17,5,6,5,118,7,1,120 52 16 16 0 0 0
9,17,5,6,7,175,7,1,112 56 24 16 0 0 0
9,17,6,4,4,164,7,0,124 12 0 0 0 64 32
9,17,6,5,4,62,7,1,112 60 16 16 0 0 0
9,17,6,5,5,62,7,0,120 96 64 32 32 0 0
9,17,6,5,6,6,7,0,30 28 0 0 0 64 32
9,17,6,6,4,164,7,0,98 32 32 48 40 0 0
9,17,6,6,5,198,7,0,88 56 48 16 0 0 0
9,17,6,6,8,64,6,0,14 12 8 4 32 16
9,17,6,7,3,40,7,0,96 28 24 16 8 0 0
9,17,6,7,5,53,7,0,96 56 56 16 0 0 0
9,17,6,7,6,62,7,1,124 12 0 0 0 64 32
9,17,7,6,6,61,7,0,112 56 8 0 32 16 0
9,17,7,7,5,61,7,0,96 52 50 16 0 0 0
9,17,7,7,6,96,7,0,80 60 48 16 0 0 0
9,18,0,6,0,5,7,0,14 0 0 0 96 80 48
9,18,0,7,6,24,6,0,6 4 0 48 40 24
9,18,0,8,12,15,7,0,8 8 8 0 96 80 48
9,18,0,9,18,20,7,3,6 4 0 0 96 80 48
9,18,4,5,2,26,7,0,114 16 24 20 0 0 0
9,18,4,5,6,26,7,0,114 16 16 16 0 64 32
9,18,4,6,6,90,7,0,104 88 56 0 0 0 0
9,18,5,5,6,134,7,0,120 96 24 16 0 0 0
9,18,5,6,4,82,7,0,88 52 48 16 0 0 0
9,18,5,7,7,52,7,1,120 96 24 16 0 0 0
9,18,6,5,4,96,7,0,120 52 32 16 0 0 0
9,18,6,6,5,81,7,0,88 60 32 16 0 0 0
9,18,6,6,7,96,7,0,104 100 64 32 32 0 0
9,18,6,6,8,61,7,1,96 56 24 16 8 0 0
9,18,6,7,5,61,7,0,96 56 24 16 8 0 0
9,18,7,5,6,64,7,1,96 60 24 16 0 0 0
9,18,7,6,5,51,7,0,112 60 32 16 0 0 0
9,18,7,7,5,64,7,0,96 60 24 16 0 0 0
9,18,8,7,6,91,7,0,96 60 48 16 0 0 0
9,18,10,7,8,42,7,0,96 36 32 48 40 0 0
9,19,3,7,12,40,7,2,66 64 48 48 32 16 0
9,19,5,5,6,34,7,0,114 96 24 16 0 0 0
9,19,6,5,6,30,7,0,108 28 0 0 0 64 32
9,19,6,6,4,30,7,1,108 28 0 0 0 64 32
9,19,6,7,6,25,7,0,12 4 0 0 96 80 48
9,19,6,8,12,25,7,1,12 4 0 0 96 80 48
9,19,8,6,6,57,7,0,112 48 24 20 0 0 0
9,19,8,7,10,57,7,1,112 48 24 20 0 0 0
9,19,10,5,6,24,7,0,30 12 8 0 0 64 32
9,19,10,6,8,25,7,0,28 12 8 4 0 64 32
9,20,4,6,8,30,6,0,56 12 10 0 32 16
9,20,6,5,4,42,7,0,114 32 24 20 0 0 0
9,20,6,6,9,100,7,2,66 64 56 48 32 0 0
9,20,6,7,10,42,7,1,112 20 16 16 0 64 32
9,20,8,5,6,72,7,0,120 12 8 0 0 64 32
9,20,8,6,7,34,7,2,98 64 56 32 32 0 0
9,20,10,7,8,40,7,1,108 24 8 0 0 64 32
9,20,12,5,6,6,7,0,30 16 16 16 0 64 32
9,20,12,8,12,32,7,0,2 0 8 4 96 80 48
9,21,4,6,8,30,7,0,98 96 24 16 8 0 0
9,21,4,7,12,60,7,1,96 24 24 16 0 64 32
9,21,8,6,6,40,7,0,76 56 8 0 32 16 0
9,21,8,6,8,66,7,0,112 96 24 20 0 0 0
9,21,8,7,10,26,7,1,112 96 24 20 0 0 0
9,22,8,6,8,70,7,0,112 12 8 4 0 64 32
9,22,8,8,16,40,7,1,96 16 24 20 0 64 32
9,22,10,7,12,35,7,0,96 68 66 48 32 0 0
10,6,0,8,3,28,6,0,48 48 48 48 32 16
10,6,0,10,6,12,7,6,62 61 0 0 0 0 0
10,7,0,6,1,21,5,0,30 28 26 0 0
10,7,0,7,2,42,5,0,28 28 24 20 0
10,7,0,10,7,70,6,5,30 28 26 0 0 0
10,9,0,6,0,30,5,0,30 0 24 20 12
10,9,0,7,3,42,5,0,28 28 24 16 8
10,9,0,9,3,30,5,0,16 28 26 22 0
10,9,0,10,9,166,6,5,30 0 24 20 12 0
10,10,0,4,0,6,7,0,126 60 0 0 0 0 0
10,10,0,5,0,2,7,0,124 124 0 0 0 0 0
10,10,0,6,2,28,5,0,30 28 24 16 0
10,10,0,8,6,29,7,0,96 96 96 96 96 0 0
10,10,0,9,6,6,7,5,80 80 80 80 64 64 0
10,10,0,10,10,48,6,5,30 28 24 16 0 0
10,11,0,6,1,21,5,0,30 24 24 16 8
10,11,0,8,5,30,5,0,24 28 26 16 8
10,11,0,10,11,166,6,5,30 29 0 16 8 0
10,11,1,5,2,48,6,0,62 60 8 0 0 0
10,11,1,7,3,48,6,0,50 48 48 48 32 0
10,11,1,8,6,96,6,2,50 48 48 48 32 0
10,12,1,5,1,40,6,0,62 28 24 0 0 0
10,12,1,6,3,88,6,0,60 60 24 0 0 0
10,12,1,7,3,24,6,2,58 56 56 0 0 0
10,12,1,7,5,216,6,0,56 56 56 16 0 0
10,12,1,8,5,32,6,3,52 52 48 48 0 0
10,12,1,9,7,40,6,4,44 44 40 32 32 0
10,12,3,7,6,36,6,0,56 4 0 48 40 24
10,12,3,9,3,72,6,1,56 4 0 48 40 24
10,13,1,6,1,77,6,0,58 24 24 16 8 0
10,13,1,7,5,98,6,0,56 56 24 16 8 0
10,13,1,8,3,49,6,2,58 57 24 0 0 0
10,13,1,8,7,126,6,2,58 24 24 16 8 0
10,13,1,9,7,77,6,3,54 53 16 16 0 0
10,13,2,6,2,72,6,0,60 28 24 16 0 0
10,13,2,6,4,72,6,0,54 52 48 16 0 0
10,13,2,7,5,72,6,1,60 28 24 16 0 0
10,13,2,9,7,72,6,3,54 52 48 16 0 0
10,13,3,5,3,18,7,0,122 120 8 0 0 0 0
10,13,3,7,3,18,7,0,112 48 48 48 32 0 0
10,13,3,9,6,18,7,2,122 120 8 0 0 0 0
10,14,0,4,0,10,7,0,126 12 10 0 0 0 0
10,14,0,7,6,10,7,0,70 68 66 64 64 64 0
10,14,0,9,10,30,7,3,70 68 66 64 64 64 0
10,14,1,5,1,40,6,0,62 24 24 16 0 0
10,14,1,5,3,56,6,0,62 56 24 0 0 0
10,14,1,6,4,120,6,0,58 56 24 16 0 0
10,14,1,7,6,112,6,0,56 56 40 32 32 0
10,14,1,8,6,80,6,2,58 56 24 16 0 0
10,14,1,8,7,56,6,2,56 56 40 32 32 0
10,14,1,9,9,40,6,4,46 44 32 32 32 0
10,14,2,4,1,45,7,0,126 28 8 0 0 0 0
10,14,2,5,2,96,6,0,62 28 0 16 8 0
10,14,2,6,3,72,6,0,54 48 48 48 0 0
10,14,2,6,4,106,6,0,60 60 0 0 32 16
10,14,2,7,5,45,7,0,74 72 72 64 64 64 0
10,14,2,8,7,130,6,0,48 48 56 52 0 0
10,14,2,8,8,45,7,2,74 72 72 64 64 64 0
10,14,2,9,9,96,6,4,40 44 42 32 32 0
10,14,3,7,3,63,6,0,56 28 24 16 8 0
10,14,3,7,5,63,6,1,56 28 24 16 8 0
10,14,3,9,7,63,6,3,54 53 32 16 0 0
10,15,0,4,0,10,7,0,126 12 8 4 0 0 0
10,15,0,9,11,30,7,3,70 69 64 64 64 64 0
10,15,2,4,1,15,7,0,126 24 24 0 0 0 0
10,15,2,5,1,25,7,0,124 28 24 0 0 0 0
10,15,2,5,2,56,6,0,62 16 24 20 0 0
10,15,2,5,3,88,6,0,62 52 16 16 0 0
10,15,2,6,1,19,7,0,120 24 24 16 8 0 0
10,15,2,6,3,88,6,0,58 40 40 32 32 0
10,15,2,6,4,240,6,0,46 32 40 36 32 0
10,15,2,6,5,136,6,0,60 60 32 16 0 0
10,15,2,7,5,161,6,1,60 56 24 16 0 0
10,15,2,7,6,126,6,1,60 52 48 16 0 0
10,15,2,7,7,50,7,0,100 100 96 32 32 0 0
10,15,2,8,6,88,6,2,58 56 48 16 0 0
10,15,2,8,8,88,6,2,58 40 40 32 32 0
10,15,2,8,9,38,7,1,120 24 24 16 8 0 0
10,15,2,9,10,56,6,4,46 32 40 36 32 0
10,15,3,4,2,54,7,0,126 56 8 0 0 0 0
10,15,3,5,2,66,7,0,124 60 8 0 0 0 0
10,15,3,6,3,66,7,1,124 60 8 0 0 0 0
10,15,3,7,5,54,7,0,88 72 72 64 64 64 0
10,15,3,7,6,66,7,0,98 96 96 96 32 0 0
10,15,4,6,3,15,7,0,120 56 56 0 0 0 0
10,15,4,7,6,30,7,1,120 56 56 0 0 0 0
10,16,0,4,0,6,7,0,126 32 32 32 32 0 0
10,16,0,5,0,6,7,0,94 64 64 64 64 64 0
10,16,0,9,12,6,7,5,94 64 64 64 64 64 0
10,16,2,4,1,45,7,0,126 20 16 16 0 0 0
10,16,2,5,1,40,7,0,122 24 24 16 0 0 0
10,16,2,5,2,48,6,0,62 36 32 32 32 0
10,16,2,6,3,45,7,0,78 68 64 64 64 64 0
10,16,2,6,5,144,6,0,60 56 48 16 0 0
10,16,2,7,6,104,6,1,60 56 48 16 0 0
10,16,2,8,8,40,7,2,122 24 24 16 0 0 0
10,16,3,4,3,15,7,0,126 112 8 0 0 0 0
10,16,3,5,3,80,6,0,62 48 48 16 0 0
10,16,3,5,4,72,6,0,62 52 32 16 0 0
10,16,3,6,3,24,7,1,124 120 8 0 0 0 0
10,16,3,6,4,56,6,0,60 44 32 32 32 0
10,16,3,6,6,49,6,0,58 56 8 0 32 16
10,16,3,7,3,49,6,0,56 28 26 16 0 0
10,16,3,7,5,72,6,0,56 44 40 32 32 0
10,16,3,7,6,152,6,1,60 44 32 32 32 0
10,16,3,8,6,15,7,0,96 80 80 80 64 64 0
10,16,3,9,9,49,6,2,58 56 8 0 32 16
10,16,4,5,2,26,7,0,118 20 18 16 0 0 0
10,16,4,5,3,138,7,0,122 56 24 0 0 0 0
10,16,4,6,3,161,7,0,92 60 24 0 0 0 0
10,16,4,6,4,26,7,0,102 36 34 32 32 0 0
10,16,4,6,5,108,7,0,120 120 24 0 0 0 0
10,16,4,8,6,79,7,2,122 56 24 0 0 0 0
10,16,4,9,10,26,7,3,118 20 18 16 0 0 0
10,16,5,6,4,93,7,0,116 52 48 16 0 0 0
10,16,6,7,5,66,7,0,88 56 24 16 8 0 0
10,16,7,9,7,132,7,2,90 89 32 16 0 0 0
10,17,2,5,4,114,6,0,62 32 24 20 0 0
10,17,2,6,5,72,6,0,58 48 40 32 32 0
10,17,2,6,6,56,6,0,60 48 24 20 0 0
10,17,2,7,8,42,6,0,56 36 32 48 40 0
10,17,2,8,6,98,6,1,60 48 24 20 0 0
10,17,2,8,8,72,6,2,58 48 40 32 32 0
10,17,3,5,2,87,7,0,110 36 32 32 32 0 0
10,17,4,4,2,54,7,0,126 48 16 16 0 0 0
10,17,4,4,3,48,7,0,126 40 24 0 0 0 0
10,17,4,5,2,57,7,0,124 28 0 16 8 0 0
10,17,4,5,3,62,7,0,124 56 24 0 0 0 0
10,17,4,5,4,47,7,0,118 112 16 16 0 0 0
10,17,4,6,3,101,7,0,120 40 40 32 32 0 0
10,17,4,6,5,25,7,0,102 96 96 32 32 0 0
10,17,4,7,5,62,7,1,124 56 24 0 0 0 0
10,17,4,7,6,57,7,1,124 28 0 16 8 0 0
10,17,4,8,3,35,7,2,106 105 24 0 0 0 0
10,17,4,8,9,86,7,0,96 100 98 32 32 0 0
10,17,5,5,3,52,7,0,118 48 48 16 0 0 0
10,17,5,6,4,153,7,0,120 56 24 16 0 0 0
10,17,5,7,7,153,7,1,120 56 24 16 0 0 0
10,17,6,5,4,69,7,0,118 52 32 16 0 0 0
10,17,6,7,5,123,7,0,112 52 48 48 0 0 0
10,18,3,5,4,42,6,0,62 48 8 0 32 16
10,18,3,6,6,56,6,0,60 56 8 0 32 16
10,18,3,7,5,56,6,0,56 52 50 16 0 0
10,18,3,7,8,56,6,1,60 56 8 0 32 16
10,18,3,8,7,42,6,0,48 44 42 32 32 0
10,18,4,4,4,10,7,0,126 96 24 0 0 0 0
10,18,4,5,2,51,7,0,124 36 32 32 32 0 0
10,18,4,5,3,51,7,0,110 96 32 32 32 0 0
10,18,4,5,5,50,7,0,122 104 24 0 0 0 0
10,18,4,6,2,31,7,0,120 28 24 16 0 0 0
10,18,4,6,3,56,7,0,120 60 24 0 0 0 0
10,18,4,6,5,56,7,1,120 60 24 0 0 0 0
10,18,4,6,6,90,7,1,88 60 56 0 0 0 0
10,18,4,6,7,31,7,0,102 100 64 32 32 0 0
10,18,4,7,3,48,7,0,88 60 56 0 0 0 0
10,18,4,7,6,84,7,1,120 88 56 0 0 0 0
10,18,4,7,7,31,7,1,120 28 24 16 0 0 0
10,18,4,8,6,50,7,2,122 104 24 0 0 0 0
10,18,4,8,9,51,7,1,124 36 32 32 32 0 0
10,18,5,4,3,60,7,0,126 32 24 16 0 0 0
10,18,5,5,3,215,7,0,124 52 16 16 0 0 0
10,18,5,6,5,215,7,0,108 100 32 32 32 0 0
10,18,5,7,6,106,7,1,124 52 16 16 0 0 0
10,18,5,7,7,109,7,1,108 100 32 32 32 0 0
10,18,5,8,8,60,7,0,80 76 72 64 64 64 0
10,18,6,4,3,48,7,0,126 48 32 16 0 0 0
10,18,6,5,4,42,7,0,118 36 34 16 0 0 0
10,18,6,6,4,174,7,0,92 60 0 16 8 0 0
10,18,6,6,5,112,7,0,120 56 48 16 0 0 0
10,18,6,6,6,24,7,0,102 96 96 64 32 0 0
10,18,6,7,5,114,7,1,92 56 24 16 0 0 0
10,18,6,7,6,96,7,0,84 76 64 64 64 64 0
10,18,6,8,5,38,7,0,80 56 56 48 0 0 0
10,18,6,8,6,42,7,0,96 44 40 36 32 0 0
10,18,6,9,10,42,7,3,118 36 34 16 0 0 0
10,18,7,7,6,84,7,0,104 56 40 32 32 0 0
10,18,7,8,6,60,7,0,96 52 48 48 32 0 0
10,18,9,9,9,102,7,2,114 112 8 0 0 64 32
10,19,2,6,1,16,7,0,120 28 26 0 0 0 0
10,19,2,7,10,32,7,0,112 112 16 16 0 64 32
10,19,4,5,5,55,7,0,124 104 24 0 0 0 0
10,19,4,7,5,55,7,1,124 104 24 0 0 0 0
10,19,5,5,4,79,7,0,122 48 24 16 0 0 0
10,19,6,4,3,15,7,0,126 64 32 32 32 0 0
10,19,6,4,4,40,7,0,126 12 0 0 0 64 32
10,19,6,5,3,19,7,0,124 96 32 32 32 0 0
10,19,6,5,4,187,7,0,124 112 16 16 0 0 0
10,19,6,6,3,15,7,0,120 68 64 64 64 64 0
10,19,6,6,4,100,7,0,116 60 16 16 0 0 0
10,19,6,6,5,170,7,1,116 60 16 16 0 0 0
10,19,6,6,6,100,7,0,106 96 96 64 32 0 0
10,19,6,7,5,71,7,0,112 56 56 16 0 0 0
10,19,6,7,6,29,7,1,124 112 16 16 0 0 0
10,19,6,7,7,84,7,0,104 100 96 32 32 0 0
10,19,6,8,8,74,7,1,124 48 24 16 0 0 0
10,19,6,8,9,34,7,1,124 96 32 32 32 0 0
10,19,7,5,4,42,7,0,122 48 8 0 32 16 0
10,19,7,6,6,57,7,0,120 56 8 0 32 16 0
10,19,7,7,5,57,7,0,112 52 50 16 0 0 0
10,19,7,8,6,58,7,2,90 88 48 16 0 0 0
10,19,7,8,7,42,7,0,96 44 42 32 32 0 0
10,19,7,9,11,42,7,2,122 48 8 0 32 16 0
10,19,8,6,6,40,7,0,92 48 24 20 0 0 0
10,19,8,8,6,40,7,1,92 48 24 20 0 0 0
10,19,8,8,7,20,7,0,96 56 56 32 32 0 0
10,19,10,9,10,30,7,0,64 60 32 48 40 0 0
10,20,4,5,6,28,6,0,62 12 8 0 32 16
10,20,4,6,8,19,7,0,102 68 66 32 32 0 0
10,20,4,7,2,19,7,0,112 28 24 20 0 0 0
10,20,4,7,8,28,6,0,38 36 32 48 40 0
10,20,4,7,10,19,7,1,112 28 24 20 0 0 0
10,20,5,5,4,42,7,0,122 32 24 16 8 0 0
10,20,5,6,7,81,7,0,114 112 24 16 0 0 0
10,20,5,7,7,50,7,1,120 112 24 16 0 0 0
10,20,5,8,9,42,7,2,98 97 40 32 32 0 0
10,20,6,6,4,79,7,0,120 52 48 16 0 0 0
10,20,6,6,5,52,7,0,120 116 16 16 0 0 0
10,20,6,6,6,26,7,0,120 96 96 64 32 0 0
10,20,6,6,7,79,7,0,108 100 64 32 32 0 0
10,20,7,5,5,86,7,0,110 96 64 32 32 0 0
10,20,7,6,4,86,7,0,116 44 32 32 32 0 0
10,20,7,6,5,214,7,0,116 60 32 16 0 0 0
10,20,7,7,6,77,7,0,112 56 40 32 32 0 0
10,20,7,7,7,86,7,1,116 44 32 32 32 0 0
10,20,8,4,4,36,7,0,126 0 0 16 8 64 32
10,20,8,5,5,44,7,0,122 96 64 32 32 0 0
10,20,8,6,5,44,7,1,100 60 32 32 32 0 0
10,20,8,7,6,171,7,0,70 64 64 64 96 80 0
10,20,8,8,6,53,7,0,96 60 56 16 0 0 0
10,20,9,8,7,90,7,0,80 48 56 52 0 0 0
10,20,9,8,8,60,7,0,96 60 40 32 32 0 0
10,21,2,6,8,30,6,0,60 12 8 4 32 16
10,21,2,8,12,30,6,1,60 12 8 4 32 16
10,21,5,5,6,30,7,0,122 96 24 16 0 0 0
10,21,6,5,6,9,7,0,124 28 0 0 0 64 32
10,21,6,6,8,19,7,0,114 96 16 16 0 64 32
10,21,6,7,3,19,7,0,112 28 26 16 0 0 0
10,21,6,7,6,9,7,1,124 28 0 0 0 64 32
10,21,7,5,6,80,7,0,124 96 24 16 0 0 0
10,21,7,6,7,62,7,1,112 60 24 16 0 0 0
10,21,7,7,5,112,7,0,112 60 24 16 0 0 0
10,21,7,7,6,70,7,0,88 60 48 16 0 0 0
10,21,7,8,8,30,7,1,124 96 24 16 0 0 0
10,21,8,5,5,45,7,0,124 96 64 32 32 0 0
10,21,8,6,5,45,7,0,120 100 32 32 32 0 0
10,21,8,6,8,35,7,1,96 60 24 20 0 0 0
10,21,8,7,7,45,7,1,120 100 32 32 32 0 0
10,21,8,8,6,35,7,0,96 60 24 20 0 0 0
10,21,8,8,7,26,7,0,72 56 56 0 32 16 0
10,21,10,8,5,10,7,0,96 28 26 16 8 0 0
10,22,6,6,8,66,7,0,120 96 24 16 8 0 0
10,22,6,7,5,40,7,0,88 52 50 16 0 0 0
10,22,6,8,9,26,7,1,120 96 24 16 8 0 0
10,22,8,5,6,81,7,0,124 12 8 0 0 64 32
10,22,8,6,4,19,7,0,102 32 32 48 40 0 0
10,22,8,7,7,30,7,2,98 96 56 32 32 0 0
10,22,9,7,8,35,7,0,112 60 8 0 32 16 0
10,22,10,6,8,35,7,1,96 60 24 16 8 0 0
10,22,10,7,8,33,7,0,100 36 32 48 40 0 0
10,22,10,8,7,35,7,0,96 60 24 16 8 0 0
10,22,12,6,8,15,7,0,30 12 10 0 0 64 32
10,23,6,6,9,26,7,0,116 68 64 48 32 0 0
10,23,6,7,12,20,7,2,66 64 56 48 40 0 0
10,23,8,6,6,33,7,0,114 48 24 20 0 0 0
10,23,8,7,10,24,7,0,112 112 24 20 0 0 0
10,23,10,6,7,33,7,0,120 100 64 32 32 0 0
10,23,14,6,8,15,7,0,30 12 8 4 0 64 32
10,24,0,8,12,15,6,0,6 4 2 48 40 24
10,24,0,10,24,24,7,3,6 4 2 0 96 80 48
10,24,7,7,12,35,7,0,112 96 24 16 0 64 32
10,24,9,6,9,34,7,0,102 68 64 48 32 0 0
10,24,9,7,12,20,7,0,98 96 24 16 0 64 32
10,24,10,7,8,30,7,1,108 28 8 0 0 64 32
10,24,16,8,12,9,7,0,96 36 34 48 40 0 0
10,25,4,8,16,40,7,1,96 24 24 16 8 64 32
10,25,6,7,6,15,7,0,14 4 0 0 96 80 48
10,25,6,8,12,25,7,0,12 12 0 0 96 80 48
10,25,6,9,18,15,7,2,10 8 8 0 96 80 48
10,25,8,6,8,14,7,0,114 96 24 20 0 0 0
10,26,8,7,12,30,7,1,96 28 24 16 0 64 32
10,26,10,7,12,26,7,0,112 68 66 48 32 0 0
10,26,12,6,8,32,7,0,120 12 10 0 0 64 32
10,26,12,7,10,14,7,1,112 28 16 16 0 64 32
10,28,16,8,16,8,7,0,96 68 66 48 40 0 0
11,10,0,5,0,1,7,0,126 124 0 0 0 0 0
11,10,0,9,6,5,7,0,96 96 96 96 96 64 0
11,11,0,7,2,21,5,0,30 28 24 20 0
11,11,0,7,3,21,5,0,30 28 26 16 0
11,11,0,11,11,70,6,5,30 28 24 20 0 0
11,12,1,7,3,16,6,0,60 60 56 0 0 0
11,12,1,8,3,42,6,0,50 48 48 48 32 16
11,12,1,8,5,24,6,0,56 56 56 48 0 0
11,12,1,9,7,84,6,2,50 48 48 48 32 16
11,13,0,7,3,21,5,0,30 28 24 16 8
11,13,0,11,13,70,6,5,30 28 24 16 8 0
11,13,1,6,1,28,6,0,62 28 26 0 0 0
11,13,1,8,6,56,6,0,44 44 40 36 32 0
11,13,1,10,7,28,6,4,44 44 40 36 32 0
11,14,1,6,3,32,6,0,62 60 24 0 0 0
11,14,1,8,6,64,6,0,52 52 48 48 32 0
11,14,1,9,7,32,6,3,52 52 48 48 32 0
11,14,2,7,2,49,6,0,60 28 24 20 0 0
11,14,2,7,5,49,6,0,54 52 50 16 0 0
11,14,2,8,6,49,6,1,60 28 24 20 0 0
11,14,2,10,7,49,6,3,54 52 50 16 0 0
11,14,3,8,3,14,7,0,112 48 48 48 32 16 0
11,14,3,10,6,14,7,2,122 121 8 0 0 0 0
11,15,0,6,0,18,6,0,62 0 0 48 40 24
11,15,0,10,9,36,6,0,32 32 56 52 44 0
11,15,0,11,15,30,7,6,62 0 0 48 40 24 0
11,15,1,6,3,8,6,0,62 56 56 0 0 0
11,15,1,8,3,14,6,0,56 60 58 0 0 0
11,15,1,8,7,66,6,0,56 56 56 0 32 16
11,16,2,6,2,40,6,0,62 28 24 16 0 0
11,16,2,6,4,53,6,0,62 60 0 0 32 16
11,16,2,7,3,32,6,0,54 48 48 48 32 0
11,16,2,7,5,208,6,0,60 60 24 16 0 0
11,16,2,8,6,72,6,2,58 56 56 16 0 0
11,16,2,9,7,32,6,3,54 52 48 48 0 0
11,16,2,9,9,74,6,0,48 48 56 52 32 0
11,16,2,10,10,40,6,4,46 44 40 32 32 0
11,16,3,5,2,36,7,0,126 60 8 0 0 0 0
11,16,3,6,3,20,7,0,124 124 8 0 0 0 0
11,16,3,7,3,49,6,0,60 28 24 16 8 0
11,16,3,8,6,46,7,0,98 96 96 96 96 0 0
11,16,3,8,7,49,6,1,60 28 24 16 8 0
11,16,3,10,9,49,6,3,54 53 48 16 0 0
11,17,1,6,1,28,6,0,62 24 24 16 8 0
11,17,1,7,5,49,6,0,58 56 24 16 8 0
11,17,1,9,7,49,6,2,58 57 24 16 0 0
11,17,1,9,9,49,6,2,58 56 24 16 8 0
11,17,1,10,11,28,6,4,46 45 32 32 32 0
11,17,2,5,1,15,7,0,126 28 24 0 0 0 0
11,17,2,7,5,40,6,0,60 52 48 48 0 0
11,17,2,7,6,80,6,0,60 60 48 16 0 0
11,17,2,8,7,40,6,1,60 52 48 48 0 0
11,17,2,8,8,30,7,0,76 76 72 64 64 64 0
11,17,3,5,3,14,7,0,126 120 8 0 0 0 0
11,17,3,6,5,24,6,0,62 60 32 16 0 0
11,17,3,8,6,62,6,0,56 52 48 48 32 0
11,17,7,10,7,30,7,3,102 100 98 16 0 0 0
11,18,2,6,4,56,6,0,62 56 24 16 0 0
11,18,2,7,6,56,6,0,58 56 40 32 32 0
11,18,2,9,9,56,6,2,58 56 40 32 32 0
11,18,3,6,3,8,6,0,62 48 48 48 0 0
11,18,3,6,4,56,6,0,62 52 48 16 0 0
11,18,3,7,5,112,6,0,60 56 24 16 8 0
11,18,3,7,6,46,6,0,60 4 0 48 40 24
11,18,3,8,7,56,6,1,60 56 24 16 8 0
11,18,3,8,8,56,6,1,60 44 40 32 32 0
11,18,3,9,3,30,6,0,48 28 26 22 0 0
11,18,3,9,7,56,6,2,58 57 48 16 0 0
11,18,3,10,9,30,6,1,60 4 0 48 40 24
11,18,4,6,3,61,7,0,124 60 24 0 0 0 0
11,18,4,6,5,54,7,0,122 120 24 0 0 0 0
11,18,4,7,3,32,7,0,114 48 48 48 32 0 0
11,18,4,7,5,44,7,1,124 60 24 0 0 0 0
11,18,4,7,6,26,7,0,120 120 56 0 0 0 0
11,18,4,8,6,30,7,2,122 56 56 0 0 0 0
11,18,4,9,6,22,7,2,122 120 24 0 0 0 0
11,19,2,5,1,15,7,0,126 24 24 16 0 0 0
11,19,2,6,1,26,7,0,122 24 24 16 8 0 0
11,19,2,7,6,15,7,0,78 76 64 64 64 64 0
11,19,2,9,11,26,7,2,122 24 24 16 8 0 0
11,19,3,6,3,32,6,0,62 40 40 32 32 0
11,19,3,6,4,32,6,0,62 44 32 32 32 0
11,19,3,6,5,64,6,0,62 56 48 16 0 0
11,19,3,7,6,64,6,0,60 56 40 32 32 0
11,19,3,8,8,64,6,1,60 56 40 32 32 0
11,19,4,5,2,35,7,0,126 28 0 16 8 0 0
11,19,4,5,3,42,7,0,126 56 24 0 0 0 0
11,19,4,6,2,25,7,0,124 28 24 16 0 0 0
11,19,4,7,3,15,7,0,120 60 56 0 0 0 0
11,19,4,7,5,15,7,0,78 72 72 64 64 64 0
11,19,4,7,6,15,7,1,120 60 56 0 0 0 0
11,19,4,7,7,25,7,0,102 100 96 32 32 0 0
11,19,4,8,8,25,7,1,124 28 24 16 0 0 0
11,19,4,9,11,20,7,0,72 76 74 64 64 64 0
11,19,5,8,5,30,6,0,56 28 26 16 8 0
11,19,5,10,11,30,6,2,58 57 8 0 32 16
11,19,6,6,4,52,7,0,118 52 48 16 0 0 0
11,19,6,7,5,138,7,0,120 56 56 16 0 0 0
11,19,7,8,6,54,7,0,112 52 48 48 32 0 0
11,19,9,7,6,20,7,0,120 4 0 0 96 80 48
11,19,9,10,9,70,7,1,120 4 0 0 96 80 48
11,20,0,5,0,1,7,0,126 64 64 64 64 64 0
11,20,3,7,8,42,6,0,60 60 8 0 32 16
11,20,3,8,7,21,6,0,50 48 56 52 0 0
11,20,4,5,2,20,7,0,126 16 24 20 0 0 0
11,20,4,6,4,21,6,0,62 32 32 48 40 0
11,20,4,6,5,26,7,0,124 120 24 0 0 0 0
11,20,4,7,5,26,7,1,124 120 24 0 0 0 0
11,20,4,7,6,20,7,0,78 64 72 68 64 64 0
11,20,5,5,3,66,7,0,126 52 16 16 0 0 0
11,20,5,6,3,52,7,0,118 48 48 48 0 0 0
11,20,5,6,4,86,7,0,122 56 24 16 0 0 0
11,20,5,7,5,66,7,0,90 72 72 64 64 64 0
11,20,5,7,7,90,7,0,120 120 24 16 0 0 0
11,20,6,6,4,71,7,0,124 60 0 0 32 16 0
11,20,6,7,5,57,7,0,120 56 24 16 8 0 0
11,20,6,7,6,115,7,1,124 60 0 0 32 16 0
11,20,6,8,5,18,7,0,112 56 56 48 0 0 0
11,20,6,8,9,57,7,1,120 56 24 16 8 0 0
11,20,7,7,5,48,7,0,92 60 24 16 0 0 0
11,20,10,10,10,21,7,0,64 60 56 48 32 0 0
11,21,2,6,6,35,6,0,62 48 24 20 0 0
11,21,2,7,8,35,6,0,60 36 32 48 40 0
11,21,2,9,10,35,6,1,60 36 32 48 40 0
11,21,3,6,5,24,6,0,62 48 40 32 32 0
11,21,4,5,2,36,7,0,126 36 32 32 32 0 0
11,21,4,5,5,35,7,0,126 104 24 0 0 0 0
11,21,4,6,3,36,7,0,94 68 64 64 64 64 0
11,21,4,6,6,45,7,0,122 88 56 0 0 0 0
11,21,4,8,3,30,7,0,88 60 58 0 0 0 0
11,21,4,8,6,45,7,2,122 88 56 0 0 0 0
11,21,5,6,3,63,7,0,122 40 40 32 32 0 0
11,21,5,6,5,63,7,0,110 100 32 32 32 0 0
11,21,5,6,6,35,6,0,62 56 8 0 32 16
11,21,5,8,7,35,6,0,56 44 42 32 32 0
11,21,6,5,3,42,7,0,126 48 48 16 0 0 0
11,21,6,5,4,19,7,0,126 112 16 16 0 0 0
11,21,6,6,4,167,7,0,110 32 40 36 32 0 0
11,21,6,6,5,46,7,0,124 116 16 16 0 0 0
11,21,6,7,3,19,7,0,120 28 24 16 8 0 0
11,21,6,7,5,19,7,0,120 72 72 64 64 64 0
11,21,6,7,6,134,7,1,124 116 16 16 0 0 0
11,21,6,7,7,67,7,0,108 100 96 32 32 0 0
11,21,6,8,8,62,7,1,124 56 24 16 0 0 0
11,21,6,8,9,61,7,1,120 28 24 16 8 0 0
11,21,6,8,12,35,6,0,14 12 10 6 32 16
11,21,6,9,3,20,7,0,96 28 24 20 12 0 0
11,21,7,5,4,54,7,0,126 52 32 16 0 0 0
11,21,7,6,5,96,7,0,124 60 32 16 0 0 0
11,21,7,7,6,71,7,0,120 56 40 32 32 0 0
11,21,7,8,8,54,7,0,88 76 72 64 64 64 0
11,21,8,7,5,40,7,0,92 56 24 16 8 0 0
11,21,8,8,7,66,7,1,92 56 24 16 8 0 0
11,21,8,9,7,20,7,0,96 56 56 48 32 0 0
11,21,11,10,11,70,7,2,114 113 8 0 0 64 32
11,22,6,5,3,14,7,0,126 96 32 32 32 0 0
11,22,6,5,4,84,7,0,126 32 24 20 0 0 0
11,22,6,6,3,14,7,0,124 68 64 64 64 64 0
11,22,6,9,10,30,7,1,88 68 64 80 72 64 0
11,22,6,9,12,14,7,1,124 68 64 64 64 64 0
11,22,7,6,4,39,7,0,124 44 32 32 32 0 0
11,22,7,6,5,112,7,0,124 56 48 16 0 0 0
11,22,7,7,5,88,7,0,120 60 24 16 0 0 0
11,22,7,7,7,56,7,1,120 60 24 16 0 0 0
11,22,7,8,6,48,7,0,88 60 56 16 0 0 0
11,22,7,8,9,39,7,1,124 44 32 32 32 0 0
11,22,8,7,6,63,7,0,116 60 48 16 0 0 0
11,22,8,8,7,33,7,0,104 56 56 32 32 0 0
11,22,8,9,7,40,7,2,90 89 48 16 0 0 0
11,22,9,6,6,33,7,0,122 56 8 0 32 16 0
11,22,9,8,7,75,7,0,112 48 56 52 0 0 0
11,22,9,9,7,38,7,0,80 60 56 48 0 0 0
11,23,5,6,7,28,7,0,122 112 24 16 0 0 0
11,23,6,5,6,5,7,0,126 28 0 0 0 64 32
11,23,6,7,3,16,7,0,120 28 26 16 0 0 0
11,23,6,7,10,16,7,0,114 112 16 16 0 64 32
11,23,7,5,4,30,7,0,126 48 8 0 32 16 0
11,23,7,6,5,51,7,0,122 48 40 32 32 0 0
11,23,7,9,11,30,7,0,80 76 74 64 64 64 0
11,23,8,6,5,82,7,0,124 100 32 32 32 0 0
11,23,8,6,6,37,7,0,124 48 24 20 0 0 0
11,23,8,6,7,47,7,0,110 100 64 32 32 0 0
11,23,8,7,5,47,7,0,120 44 40 32 32 0 0
11,23,8,7,6,67,7,0,120 60 48 16 0 0 0
11,23,8,8,6,51,7,0,112 60 56 16 0 0 0
11,23,8,8,9,41,7,1,124 100 32 32 32 0 0
11,23,8,9,10,37,7,1,124 48 24 20 0 0 0
11,23,9,6,6,37,7,0,110 96 96 64 32 0 0
11,23,9,7,6,86,7,0,108 60 32 32 32 0 0
11,23,9,7,7,37,7,1,108 60 32 32 32 0 0
11,23,10,8,8,51,7,0,104 60 40 32 32 0 0
11,23,10,9,7,35,7,0,96 60 58 16 0 0 0
11,23,10,9,9,20,7,0,96 60 56 32 32 0 0
11,23,11,9,9,48,7,0,96 48 56 52 32 0 0
11,24,4,6,8,18,6,0,62 12 10 0 32 16
11,24,4,8,12,18,6,0,38 36 34 48 40 0
11,24,7,5,6,20,7,0,126 96 24 16 0 0 0
11,24,7,6,7,29,7,0,124 112 24 16 0 0 0
11,24,7,8,8,29,7,1,124 112 24 16 0 0 0
11,24,9,6,6,75,7,0,124 56 8 0 32 16 0
11,24,9,7,7,76,7,0,116 108 32 32 32 0 0
11,24,9,8,9,37,7,0,104 100 98 32 32 0 0
11,24,10,5,5,35,7,0,126 96 64 32 32 0 0
11,24,10,7,6,35,7,0,116 76 64 64 64 64 0
11,24,10,7,8,26,7,0,120 36 32 48 40 0 0
11,24,10,8,9,35,7,1,116 76 64 64 64 64 0
11,24,12,9,10,28,7,0,96 60 32 48 40 0 0
11,25,6,6,8,18,6,0,62 12 8 4 32 16
11,25,8,6,8,42,7,0,124 96 24 20 0 0 0
11,25,8,7,5,37,7,0,120 52 50 16 0 0 0
11,25,8,7,10,70,7,1,112 60 24 20 0 0 0
11,25,8,8,6,59,7,0,112 60 24 20 0 0 0
11,25,8,9,10,16,7,1,124 96 24 20 0 0 0
11,25,10,5,6,40,7,0,126 12 8 0 0 64 32
11,25,10,6,7,29,7,0,124 100 64 32 32 0 0
11,25,10,7,7,29,7,0,120 100 96 32 32 0 0
11,25,10,8,8,64,7,0,112 60 40 32 32 0 0
11,25,11,7,8,33,7,0,120 60 8 0 32 16 0
11,25,12,9,9,26,7,0,72 60 56 0 32 16 0
11,26,6,6,8,14,7,0,122 96 24 16 8 0 0
11,26,10,6,8,42,7,0,124 96 24 16 8 0 0
11,26,10,8,7,26,7,0,112 44 42 32 32 0 0
11,26,10,9,11,16,7,1,124 96 24 16 8 0 0
11,26,12,5,6,5,7,0,126 16 16 16 0 64 32
11,26,12,7,6,5,7,0,78 64 64 64 96 80 0
11,27,8,7,10,12,7,0,114 112 24 20 0 0 0
11,27,9,6,9,30,7,0,118 68 64 48 32 0 0
11,27,10,6,8,32,7,0,124 12 8 4 0 64 32
11,27,10,8,9,14,7,2,98 97 56 32 32 0 0
11,27,12,7,8,19,7,0,102 36 32 48 40 0 0
11,28,7,7,12,26,7,0,120 96 24 16 0 64 32
11,28,10,7,12,19,7,0,102 68 66 48 32 0 0
11,29,13,7,12,19,7,0,114 96 24 16 0 64 32
11,29,14,8,12,16,7,1,108 28 8 4 0 64 32
11,30,8,8,16,20,7,1,96 28 24 20 0 64 32
11,31,6,8,12,5,7,0,14 12 0 0 96 80 48
11,31,6,9,18,10,7,0,12 12 8 0 96 80 48
11,31,12,8,16,36,7,1,96 28 24 16 8 64 32
11,31,14,7,12,14,7,0,120 68 66 48 32 0 0
11,32,12,8,12,13,7,0,14 0 8 4 96 80 48
11,32,12,10,24,8,7,0,8 12 10 0 96 80 48
12,6,0,12,6,20,5,0,0 28 26 22 14
12,9,0,9,3,30,5,0,28 28 24 20 12
12,9,0,12,9,48,6,5,30 29 27 0 0 0
12,10,0,10,6,5,7,0,96 96 96 96 96 64 32
12,15,0,8,5,15,5,0,30 28 26 16 8
12,15,0,12,15,48,6,5,30 28 26 16 8 0
12,15,1,7,3,8,6,0,62 60 56 0 0 0
12,15,1,9,7,24,6,0,56 56 56 48 32 0
12,16,1,9,7,56,6,0,52 52 48 48 32 16
12,16,1,10,9,28,6,3,52 52 48 48 32 16
12,17,0,12,17,24,6,5,30 29 24 16 8 0
12,17,2,8,5,24,6,0,58 56 56 48 0 0
12,17,2,8,6,48,6,0,60 60 56 16 0 0
12,17,2,9,7,24,6,2,58 56 56 48 0 0
12,17,3,6,3,10,7,0,126 124 8 0 0 0 0
12,17,3,9,6,10,7,0,98 96 96 96 96 64 0
12,18,2,7,2,28,6,0,62 28 24 20 0 0
12,18,2,8,3,28,6,0,54 48 48 48 32 16
12,18,2,8,6,42,6,0,60 60 24 20 0 0
12,18,2,8,7,49,6,0,54 52 50 48 0 0
12,18,2,10,7,21,6,3,54 52 50 48 0 0
12,18,2,10,11,64,6,0,48 48 56 52 32 16
12,18,2,11,11,28,6,4,46 44 42 32 32 0
12,18,3,7,3,28,6,0,62 28 26 16 0 0
12,18,3,8,6,28,6,0,46 44 40 36 32 0
12,18,3,11,11,28,6,4,46 44 40 36 32 0
12,18,4,8,6,3,7,0,120 120 120 0 0 0 0
12,19,2,6,1,10,7,0,126 28 26 0 0 0 0
12,19,2,7,5,32,6,0,62 60 24 16 0 0
12,19,2,8,6,32,6,0,54 52 48 48 32 0
12,19,2,8,7,16,6,0,60 60 48 48 0 0
12,19,2,9,10,20,7,0,76 76 72 68 64 64 0
12,19,2,10,10,32,6,3,54 52 48 48 32 0
12,19,4,7,3,11,7,0,124 60 56 0 0 0 0
12,19,4,8,6,11,7,1,124 60 56 0 0 0 0
12,19,4,9,7,42,6,0,56 52 48 48 32 16
12,20,3,7,3,28,6,0,62 28 24 16 8 0
12,20,3,7,5,59,6,0,62 52 50 16 0 0
12,20,3,7,6,40,6,0,62 60 48 16 0 0
12,20,3,8,6,75,6,0,60 44 40 36 32 0
12,20,3,8,7,108,6,0,60 60 24 16 8 0
12,20,3,9,7,42,6,0,56 60 58 16 0 0
12,20,3,9,9,106,6,2,58 56 56 0 32 16
12,20,3,9,10,35,6,1,60 44 40 36 32 0
12,20,3,10,9,21,6,3,54 53 48 48 0 0
12,20,3,11,13,28,6,4,46 45 40 32 32 0
12,20,4,6,3,24,7,0,126 60 24 0 0 0 0
12,20,4,7,5,20,7,0,124 124 24 0 0 0 0
12,20,4,8,3,26,7,0,114 48 48 48 32 16 0
12,20,4,10,6,16,7,2,122 121 24 0 0 0 0
12,20,6,8,5,15,7,0,120 56 56 48 0 0 0
12,21,0,6,0,4,7,0,126 0 0 0 96 80 48
12,21,0,11,15,12,7,0,64 64 64 112 104 88 0
12,21,1,10,11,30,6,2,58 57 24 16 8 0
12,21,3,7,3,8,6,0,62 48 48 48 32 0
12,21,3,7,5,24,6,0,62 52 48 48 0 0
12,21,3,7,6,8,6,0,62 60 32 32 32 0
12,21,3,8,8,48,6,0,60 60 40 32 32 0
12,21,4,6,3,6,7,0,126 56 56 0 0 0 0
12,21,4,7,2,16,7,0,124 28 24 20 0 0 0
12,21,4,7,6,13,7,0,122 120 56 0 0 0 0
12,21,4,8,9,16,7,0,102 100 98 32 32 0 0
12,21,4,9,6,13,7,2,122 120 56 0 0 0 0
12,21,4,9,10,16,7,1,124 28 24 20 0 0 0
12,21,7,7,5,33,7,0,118 52 50 16 0 0 0
12,21,7,8,6,33,7,0,108 44 40 36 32 0 0
12,21,8,9,7,42,7,0,112 52 48 48 32 16 0
12,22,3,7,5,35,6,0,62 56 24 16 8 0
12,22,3,10,11,35,6,2,58 57 40 32 32 0
12,22,4,6,2,15,7,0,126 28 24 16 0 0 0
12,22,4,6,5,16,7,0,126 120 24 0 0 0 0
12,22,4,7,5,32,6,0,62 44 40 32 32 0
12,22,4,7,6,14,7,0,124 120 56 0 0 0 0
12,22,4,8,6,14,7,1,124 120 56 0 0 0 0
12,22,4,8,8,15,7,0,78 76 72 64 64 64 0
12,22,6,6,4,39,7,0,126 60 0 0 32 16 0
12,22,6,7,6,28,7,0,124 124 0 0 0 64 32
12,22,6,8,6,34,7,0,102 96 96 96 96 0 0
12,22,7,8,6,41,7,0,116 52 48 48 32 0 0
12,22,8,8,6,30,7,0,92 60 24 20 0 0 0
12,22,11,11,11,30,7,0,64 60 56 48 40 0 0
12,23,2,6,1,10,7,0,126 24 24 16 8 0 0
12,23,4,7,6,40,6,0,62 56 40 32 32 0
12,23,4,8,3,9,7,0,120 60 58 0 0 0 0
12,23,5,7,3,23,7,0,118 48 48 48 32 0 0
12,23,5,7,7,45,7,0,122 120 24 16 0 0 0
12,23,5,7,8,21,6,0,62 60 8 0 32 16
12,23,5,9,9,21,6,0,50 48 56 52 32 0
12,23,6,6,5,26,7,0,126 116 16 16 0 0 0
12,23,6,7,3,16,7,0,124 28 24 16 8 0 0
12,23,6,8,6,26,7,0,114 80 80 80 64 64 0
12,23,6,9,11,16,7,1,124 28 24 16 8 0 0
12,23,7,7,5,147,7,0,124 60 24 16 0 0 0
12,23,7,8,8,44,7,1,124 60 24 16 0 0 0
12,23,8,6,5,18,7,0,126 60 32 16 0 0 0
12,23,8,8,7,39,7,0,120 56 56 0 32 16 0
12,23,8,9,7,18,7,0,112 56 56 48 32 0 0
12,23,8,10,7,14,7,0,96 56 56 48 40 0 0
12,24,3,7,6,18,6,0,62 4 0 48 40 24
12,24,3,10,9,18,6,0,34 32 56 52 44 0
12,24,4,6,6,15,7,0,126 88 56 0 0 0 0
12,24,6,6,3,6,7,0,126 48 48 48 0 0 0
12,24,6,6,4,42,7,0,126 56 24 16 0 0 0
12,24,6,7,5,33,7,0,122 56 24 16 8 0 0
12,24,6,8,9,36,7,0,120 120 24 16 8 0 0
12,24,7,6,4,42,7,0,126 52 48 16 0 0 0
12,24,7,7,5,28,7,0,124 52 48 48 0 0 0
12,24,7,8,8,42,7,0,92 76 72 64 64 64 0
12,24,8,7,6,55,7,0,124 60 48 16 0 0 0
12,24,8,8,6,45,7,0,120 60 56 16 0 0 0
12,24,9,10,7,26,7,0,80 60 56 52 0 0 0
12,24,10,8,7,30,7,0,92 60 24 16 8 0 0
12,24,13,11,13,30,7,0,64 60 56 48 32 16 0
12,25,6,6,3,24,7,0,126 40 40 32 32 0 0
12,25,6,7,6,24,7,0,94 76 64 64 64 64 0
12,25,7,6,4,24,7,0,126 44 32 32 32 0 0
12,25,7,7,5,24,7,0,94 72 72 64 64 64 0
12,25,7,7,7,26,7,0,124 120 24 16 0 0 0
12,25,7,8,8,26,7,1,124 120 24 16 0 0 0
12,25,8,6,5,48,7,0,126 56 48 16 0 0 0
12,25,8,7,5,76,7,0,124 56 24 16 8 0 0
12,25,8,7,6,40,7,0,122 56 40 32 32 0 0
12,25,8,7,7,39,7,0,110 100 96 32 32 0 0
12,25,8,9,11,37,7,1,124 56 24 16 8 0 0
12,25,9,7,6,40,7,0,124 4 0 0 96 80 48
12,25,9,8,6,32,7,0,120 52 48 48 32 0 0
12,25,9,8,7,26,7,0,116 60 48 48 0 0 0
12,25,9,8,9,11,7,1,124 60 32 32 32 0 0
12,25,9,9,7,18,7,0,112 60 56 48 0 0 0
12,25,9,10,9,18,7,0,96 32 56 52 44 0 0
12,25,9,11,15,18,7,1,124 4 0 0 96 80 48
12,25,11,9,9,42,7,0,112 48 56 52 32 0 0
12,26,4,7,8,21,6,0,62 36 32 48 40 0
12,26,4,8,12,12,6,0,60 60 8 4 32 16
12,26,6,6,3,10,7,0,126 68 64 64 64 64 0
12,26,8,6,4,15,7,0,126 32 32 48 40 0 0
12,26,8,6,5,26,7,0,126 100 32 32 32 0 0
12,26,8,7,5,26,7,0,122 72 72 64 64 64 0
12,26,8,7,6,15,7,0,94 64 64 80 72 64 0
12,26,8,9,7,30,7,0,88 60 58 16 0 0 0
12,26,9,7,6,79,7,0,124 56 40 32 32 0 0
12,26,9,7,7,34,7,0,124 108 32 32 32 0 0
12,26,9,8,9,34,7,1,124 108 32 32 32 0 0
12,26,10,8,7,33,7,0,120 60 24 16 8 0 0
12,26,10,8,9,33,7,1,120 60 24 16 8 0 0
12,26,10,9,9,26,7,0,88 60 56 16 8 0 0
12,26,11,8,8,37,7,0,108 60 40 32 32 0 0
12,26,12,10,9,26,7,0,80 60 58 48 0 0 0
12,26,12,10,10,20,7,0,96 60 56 48 32 0 0
12,27,6,8,12,9,7,0,120 8 8 0 96 80 48
12,27,6,9,3,9,7,0,112 28 26 22 0 0 0
12,27,7,6,7,19,7,0,126 112 24 16 0 0 0
12,27,8,6,5,18,7,0,126 48 40 32 32 0 0
12,27,8,6,6,25,7,0,126 48 24 20 0 0 0
12,27,10,6,5,16,7,0,126 96 96 32 32 0 0
12,27,10,7,6,16,7,0,124 76 64 64 64 64 0
12,27,10,7,7,25,7,0,124 100 96 32 32 0 0
12,27,10,8,5,9,7,0,120 28 26 16 8 0 0
12,27,10,9,7,33,7,0,112 60 58 16 0 0 0
12,27,10,9,12,16,7,1,124 76 64 64 64 64 0
12,27,11,6,6,25,7,0,126 56 8 0 32 16 0
12,27,11,7,8,27,7,0,124 60 8 0 32 16 0
12,27,11,8,8,41,7,0,120 60 40 32 32 0 0
12,27,11,9,9,33,7,0,104 60 56 32 32 0 0
12,27,11,9,11,25,7,0,88 76 74 64 64 64 0
12,27,12,10,11,14,7,0,96 60 58 32 32 0 0
12,28,10,7,8,23,7,0,124 36 32 48 40 0 0
12,28,10,8,7,14,7,0,114 48 56 52 0 0 0
12,28,12,6,6,15,7,0,126 96 96 64 32 0 0
12,28,12,6,7,19,7,0,126 100 64 32 32 0 0
12,28,12,8,8,19,7,0,120 76 72 64 64 64 0
12,28,12,8,9,30,7,0,108 92 64 64 64 64 0
12,28,12,8,12,16,7,0,116 12 0 0 96 80 48
12,28,12,10,9,16,7,1,116 12 0 0 96 80 48
12,29,8,6,8,10,7,0,126 96 24 20 0 0 0
12,29,8,7,10,15,7,0,124 112 24 20 0 0 0
12,29,8,9,10,15,7,1,124 112 24 20 0 0 0
12,29,12,7,10,23,7,0,118 112 16 16 0 64 32
12,29,12,8,7,23,7,0,120 44 42 32 32 0 0
12,29,16,10,11,16,7,0,72 60 58 0 32 16 0
12,29,18,8,12,8,7,0,30 0 24 20 12 64 32
12,30,9,9,18,10,7,0,112 12 8 0 96 80 48
12,30,10,6,8,10,7,0,126 96 24 16 8 0 0
12,30,12,6,8,22,7,0,126 12 10 0 0 64 32
12,30,12,9,10,31,7,0,100 60 32 48 40 0 0
12,31,12,6,9,10,7,0,126 68 64 48 32 0 0
12,31,14,6,8,22,7,0,126 12 8 4 0 64 32
12,31,14,7,10,13,7,0,124 112 16 16 0 64 32
12,31,14,8,9,13,7,0,120 100 98 32 32 0 0
12,31,14,9,11,10,7,0,112 76 74 64 64 64 0
12,32,10,7,12,16,7,0,118 68 66 48 32 0 0
12,32,16,8,12,11,7,0,102 36 34 48 40 0 0
12,33,11,7,12,14,7,0,124 96 24 16 0 64 32
12,33,13,7,12,16,7,0,122 96 24 16 0 64 32
12,34,8,8,16,8,7,0,120 96 24 16 8 64 32
12,36,0,12,36,3,7,0,0 12 10 6 96 80 48
12,36,16,8,16,9,7,0,102 68 66 48 40 0 0
12,37,6,10,24,8,7,0,12 12 8 4 96 80 48
12,37,20,8,16,9,7,0,114 96 24 20 0 64 32
12,38,12,9,18,5,7,0,14 12 8 0 96 80 48
13,12,0,9,3,15,5,0,30 28 26 22 0
13,12,0,13,12,24,6,5,30 28 26 22 0 0
13,15,0,9,3,15,5,0,30 28 24 20 12
13,15,0,13,15,48,6,5,30 28 24 20 12 0
13,15,1,8,3,7,6,0,62 60 58 0 0 0
13,15,1,10,7,21,6,0,56 56 56 48 40 0
13,18,1,10,9,21,6,0,56 56 56 48 32 16
13,18,3,9,3,30,6,0,60 28 24 20 12 0
13,18,3,10,6,10,7,0,98 96 96 96 96 64 32
13,18,3,10,9,30,6,1,60 28 24 20 12 0
13,18,3,12,9,30,6,3,54 53 51 16 0 0
13,18,6,12,6,15,6,0,2 0 56 52 44 28
13,19,2,9,7,16,6,0,60 60 56 48 0 0
13,21,3,8,6,24,6,0,62 60 56 16 0 0
13,21,3,9,7,24,6,0,58 56 56 48 32 0
13,21,3,10,10,24,6,2,58 56 56 48 32 0
13,21,9,12,9,20,7,3,102 101 99 16 0 0 0
13,22,2,8,6,21,6,0,62 60 24 20 0 0
13,22,2,9,7,28,6,0,54 52 48 48 32 16
13,22,2,9,9,21,6,0,54 52 50 48 32 0
13,22,2,11,11,21,6,3,54 52 50 48 32 0
13,22,2,11,13,28,6,3,54 52 48 48 32 16
13,22,3,8,5,8,6,0,62 56 56 48 0 0
13,22,3,9,9,44,6,0,60 60 56 0 32 16
13,22,3,10,9,14,6,0,56 60 58 48 0 0
13,22,4,7,3,6,7,0,126 60 56 0 0 0 0
13,22,4,7,5,10,7,0,126 124 24 0 0 0 0
13,22,4,8,6,13,7,0,124 124 56 0 0 0 0
13,22,4,9,6,3,7,2,122 120 120 0 0 0 0
13,23,3,8,7,8,6,0,62 60 48 48 0 0
13,23,3,9,9,16,6,0,60 60 48 48 32 0
13,23,4,9,7,35,6,0,60 52 48 48 32 16
13,23,4,10,11,35,6,1,60 52 48 48 32 16
13,23,5,8,5,18,6,0,62 28 26 16 8 0
13,23,5,12,15,18,6,4,46 45 40 36 32 0
13,24,3,8,3,7,6,0,62 48 48 48 32 16
13,24,3,8,7,35,6,0,62 60 24 16 8 0
13,24,3,9,10,28,6,0,60 60 32 48 40 0
13,24,3,11,13,21,6,3,54 53 48 48 32 0
13,24,4,10,6,9,7,2,122 121 56 0 0 0 0
13,24,6,7,6,14,7,0,126 124 0 0 0 64 32
13,24,6,9,6,10,7,0,102 96 96 96 96 64 0
13,24,8,9,7,15,7,0,120 56 56 48 32 0 0
13,25,4,7,2,10,7,0,126 28 24 20 0 0 0
13,25,4,7,6,9,7,0,126 120 56 0 0 0 0
13,25,4,8,6,24,6,0,62 52 48 48 32 0
13,25,4,8,8,24,6,0,62 60 40 32 32 0
13,25,4,9,11,10,7,0,78 76 74 64 64 64 0
13,25,5,8,6,21,6,0,62 44 40 36 32 0
13,25,5,8,7,43,6,0,62 56 56 0 32 16
13,25,5,10,11,38,6,0,56 60 58 0 32 16
13,25,6,7,3,10,7,0,126 28 26 16 0 0 0
13,25,6,9,10,10,7,0,78 76 72 68 64 64 0
13,25,7,8,5,17,7,0,122 56 56 48 0 0 0
13,25,8,8,6,33,7,0,124 60 56 16 0 0 0
13,25,8,9,7,33,7,0,116 52 48 48 32 16 0
13,26,5,8,3,19,7,0,118 48 48 48 32 16 0
13,26,7,7,5,24,7,0,126 60 24 16 0 0 0
13,26,7,8,8,20,7,0,124 124 24 16 0 0 0
13,26,7,10,11,18,6,0,50 48 56 52 32 16
13,26,8,8,6,27,7,0,124 60 24 20 0 0 0
13,26,8,9,10,27,7,1,124 60 24 20 0 0 0
13,26,9,8,6,19,7,0,110 44 40 36 32 0 0
13,26,9,8,7,33,7,0,118 52 50 48 0 0 0
13,26,9,9,7,15,7,0,120 60 56 48 0 0 0
13,26,10,10,9,14,7,0,112 56 56 48 32 16 0
13,27,6,7,3,10,7,0,126 28 24 16 8 0 0
13,27,8,7,5,43,7,0,126 52 50 16 0 0 0
13,27,8,8,6,23,7,0,118 52 48 48 32 0 0
13,27,8,9,10,25,7,0,92 76 72 68 64 64 0
13,27,9,7,6,30,7,0,126 60 48 16 0 0 0
13,27,9,8,7,11,7,0,124 60 48 48 0 0 0
13,27,15,12,15,20,7,0,64 60 56 52 32 16 0
13,28,6,7,3,6,7,0,126 48 48 48 32 0 0
13,28,6,8,9,18,7,0,122 120 24 16 8 0 0
13,28,7,7,7,16,7,0,126 120 24 16 0 0 0
13,28,8,7,5,18,7,0,126 52 48 48 0 0 0
13,28,9,7,6,6,7,0,126 60 32 32 32 0 0
13,28,9,8,6,62,7,0,124 44 40 36 32 0 0
13,28,9,8,9,33,7,0,110 100 98 32 32 0 0
13,28,9,10,7,12,7,0,112 60 56 52 0 0 0
13,28,10,8,7,72,7,0,124 60 24 16 8 0 0
13,28,10,9,11,27,7,1,124 60 24 16 8 0 0
13,28,11,9,7,26,7,0,120 52 48 48 32 16 0
13,28,13,10,11,32,7,0,112 48 56 52 32 16 0
13,29,8,7,5,25,7,0,126 56 24 16 8 0 0
13,29,9,7,5,24,7,0,126 44 40 32 32 0 0
13,29,9,7,7,19,7,0,126 108 32 32 32 0 0
13,29,9,8,6,19,7,0,118 80 80 80 64 64 0
13,29,9,8,8,24,7,0,94 76 72 64 64 64 0
13,29,10,9,7,27,7,0,120 60 58 16 0 0 0
13,29,11,8,8,33,7,0,124 60 40 32 32 0 0
13,29,12,9,9,65,7,0,120 60 56 0 32 16 0
13,29,12,10,10,18,7,0,112 60 56 48 32 0 0
13,29,13,9,10,21,7,0,108 60 40 36 32 0 0
13,29,13,11,11,14,7,0,96 60 56 52 32 0 0
13,29,14,11,11,14,7,0,96 60 56 48 40 0 0
13,29,17,12,17,10,7,0,64 60 58 48 32 16 0
13,30,8,8,12,6,6,0,62 60 8 4 32 16
13,30,10,7,6,30,7,0,126 56 40 32 32 0 0
13,30,10,8,9,15,7,0,124 120 24 16 8 0 0
13,30,10,9,11,15,7,1,124 120 24 16 8 0 0
13,30,12,10,9,12,7,0,112 60 58 48 0 0 0
13,30,13,7,8,15,7,0,126 60 8 0 32 16 0
13,31,9,7,6,12,7,0,126 4 0 0 96 80 48
13,31,9,11,15,12,7,0,66 64 64 112 104 88 0
13,31,10,7,5,10,7,0,126 72 72 64 64 64 0
13,31,10,7,6,10,7,0,126 76 64 64 64 64 0
13,31,12,7,6,9,7,0,126 96 96 96 32 0 0
13,31,12,7,7,16,7,0,126 100 96 32 32 0 0
13,31,12,8,8,16,7,0,124 76 72 64 64 64 0
13,31,12,8,9,9,7,0,124 92 64 64 64 64 0
13,31,12,9,12,9,7,1,124 92 64 64 64 64 0
13,31,12,10,11,16,7,0,88 60 58 16 8 0 0
13,31,16,11,13,14,7,0,96 60 58 48 32 0 0
13,32,4,8,12,6,6,0,62 36 34 48 40 0
13,32,12,7,6,4,7,0,126 64 64 64 96 80 0
13,32,14,9,9,14,7,0,114 48 56 52 32 0 0
13,32,14,10,11,21,7,0,104 60 58 32 32 0 0
13,33,6,8,12,10,6,0,62 4 2 48 40 24
13,33,8,7,10,9,7,0,126 112 24 20 0 0 0
13,33,12,7,8,15,7,0,126 36 32 48 40 0 0
13,34,12,8,12,18,7,0,124 12 0 0 96 80 48
13,34,12,10,9,11,7,0,98 32 56 52 44 0 0
13,34,12,11,15,7,7,1,124 12 0 0 96 80 48
13,34,16,8,12,7,7,0,124 60 8 4 32 16 0
13,35,18,7,10,9,7,0,126 112 16 16 0 64 32
13,35,18,9,11,9,7,0,120 76 74 64 64 64 0
13,37,14,7,12,10,7,0,126 68 66 48 32 0 0
13,37,15,9,18,9,7,0,120 12 8 0 96 80 48
13,38,17,7,12,10,7,0,126 96 24 16 0 64 32
13,39,12,8,16,9,7,0,118 68 66 48 32 16 0
13,39,12,10,24,12,7,0,112 12 8 4 96 80 48
13,40,16,8,16,9,7,0,122 96 24 16 8 64 32
13,44,12,10,24,4,7,0,14 12 10 0 96 80 48
13,45,18,10,24,4,7,0,14 12 8 4 96 80 48
14,19,2,10,7,14,6,0,60 60 56 52 0 0
14,21,0,14,21,30,6,5,30 29 24 20 12 0
14,21,3,9,3,18,6,0,62 28 26 22 0 0
14,21,3,10,9,18,6,0,46 44 42 38 32 0
14,21,3,13,12,18,6,4,46 44 42 38 32 0
14,22,3,9,7,21,6,0,62 60 58 16 0 0
14,22,3,10,7,21,6,0,58 56 56 48 40 0
14,22,3,11,11,21,6,2,58 56 56 48 40 0
14,22,4,9,6,2,7,0,124 124 120 0 0 0 0
14,23,4,8,3,5,7,0,126 60 58 0 0 0 0
14,24,3,9,3,18,6,0,62 28 24 20 12 0
14,24,3,9,7,8,6,0,62 60 56 48 0 0
14,24,3,10,9,24,6,0,60 60 0 48 40 24
14,24,3,10,10,16,6,0,60 60 56 48 32 0
14,24,3,12,9,12,6,0,48 60 58 54 0 0
14,24,3,13,15,18,6,4,46 45 43 32 32 0
14,25,4,8,6,5,7,0,126 124 56 0 0 0 0
14,25,4,10,9,21,6,0,58 56 56 48 32 16
14,25,4,11,13,21,6,2,58 56 56 48 32 16
14,25,8,10,7,12,7,0,120 56 56 48 40 0 0
14,25,12,13,12,10,7,0,64 60 56 52 44 0 0
14,26,2,10,11,18,6,0,54 52 50 48 32 16
14,26,2,12,15,18,6,3,54 52 50 48 32 16
14,26,4,8,6,1,7,0,126 120 120 0 0 0 0
14,26,4,10,6,2,7,0,120 124 122 0 0 0 0
14,26,6,10,6,10,7,0,102 96 96 96 96 64 32
14,27,4,10,11,14,6,0,60 60 48 48 32 16
14,27,5,9,7,8,6,0,62 56 56 48 32 0
14,27,5,9,9,22,6,0,62 60 56 0 32 16
14,27,5,11,13,14,6,0,56 60 58 48 32 0
14,27,6,9,3,9,7,0,124 28 24 20 12 0 0
14,27,6,11,15,9,7,1,124 28 24 20 12 0 0
14,28,3,12,17,18,6,3,54 53 48 48 32 16
14,28,4,9,9,8,6,0,62 60 48 48 32 0
14,28,9,9,7,11,7,0,124 60 56 48 0 0 0
14,28,10,10,9,12,7,0,120 56 56 48 32 16 0
14,28,12,10,9,16,7,0,92 60 24 20 12 0 0
14,28,15,13,15,20,7,0,64 60 56 48 40 24 0
14,29,5,9,7,21,6,0,62 52 48 48 32 16
14,29,5,9,9,14,6,0,62 48 56 52 32 0
14,29,5,9,10,14,6,0,62 60 32 48 40 0
14,29,7,8,8,10,7,0,126 124 24 16 0 0 0
14,29,9,8,6,18,7,0,126 60 56 16 0 0 0
14,30,8,8,5,6,7,0,126 56 56 48 0 0 0
14,30,8,8,6,15,7,0,126 60 24 20 0 0 0
14,30,8,9,10,12,7,0,124 124 24 20 0 0 0
14,30,10,9,7,17,7,0,122 56 56 48 32 0 0
14,30,12,12,6,4,7,0,6 0 0 112 104 88 56
14,30,12,12,9,16,7,0,80 60 58 54 0 0 0
14,31,9,8,9,5,7,0,126 124 32 32 32 0 0
14,31,9,9,6,5,7,0,110 96 96 96 96 64 0
14,31,9,9,7,19,7,0,118 52 48 48 32 16 0
14,31,10,8,5,6,7,0,126 28 26 16 8 0 0
14,31,10,8,7,6,7,0,126 60 48 48 0 0 0
14,31,11,9,9,14,7,0,118 52 50 48 32 0 0
14,31,12,9,9,29,7,0,124 60 56 0 32 16 0
14,31,13,10,10,15,7,0,120 60 56 48 32 0 0
14,32,6,8,3,5,7,0,126 48 48 48 32 16 0
14,32,10,8,7,25,7,0,126 60 24 16 8 0 0
14,32,10,9,11,12,7,0,124 124 24 16 8 0 0
14,32,11,9,7,23,7,0,124 52 48 48 32 16 0
14,32,12,9,9,11,7,0,124 60 48 48 32 0 0
14,32,12,10,9,9,7,0,120 60 58 48 0 0 0
14,33,10,8,6,18,7,0,126 52 48 48 32 0 0
14,33,11,8,6,15,7,0,126 44 40 36 32 0 0
14,33,11,9,11,15,7,0,94 76 74 64 64 64 0
14,33,12,8,7,31,7,0,126 56 56 0 32 16 0
14,33,12,8,8,18,7,0,126 60 40 32 32 0 0
14,33,12,9,10,15,7,0,94 76 72 68 64 64 0
14,33,13,9,10,18,7,0,124 60 32 48 40 0 0
14,33,13,11,11,12,7,0,112 60 56 52 32 0 0
14,33,15,10,11,21,7,0,116 60 48 48 32 16 0
14,33,15,11,13,14,7,0,112 60 56 48 32 16 0
14,34,10,8,9,9,7,0,126 120 24 16 8 0 0
14,34,12,8,6,1,7,0,126 96 96 96 96 0 0
14,34,12,9,12,2,7,0,124 124 64 64 64 64 0
14,35,12,8,6,5,7,0,126 80 80 80 64 64 0
14,35,12,8,9,5,7,0,126 92 64 64 64 64 0
14,35,14,8,9,9,7,0,126 100 98 32 32 0 0
14,35,14,9,10,9,7,0,124 76 72 68 64 64 0
14,35,16,10,11,23,7,0,120 60 58 0 32 16 0
14,35,16,11,13,12,7,0,112 60 58 48 32 0 0
14,35,20,12,15,9,7,0,96 60 58 48 40 0 0
14,36,14,8,8,10,7,0,126 76 72 64 64 64 0
14,36,18,10,11,11,7,0,114 48 56 52 32 16 0
14,38,20,8,12,4,7,0,126 60 8 4 32 16 0
14,40,12,8,12,4,7,0,126 12 0 0 96 80 48
14,40,16,8,12,4,7,0,126 36 34 48 40 0 0
14,41,18,8,12,10,7,0,126 0 8 4 96 80 48
14,41,18,11,15,4,7,0,70 64 64 112 104 88 0
14,43,15,9,18,7,7,0,124 12 8 0 96 80 48
14,44,16,8,16,3,7,0,126 68 66 48 40 0 0
14,45,20,8,16,6,7,0,126 96 24 20 0 64 32
14,46,24,8,16,3,7,0,126 96 24 16 8 64 32
14,47,24,10,24,5,7,0,120 12 10 0 96 80 48
15,18,1,12,9,18,6,0,56 56 56 48 40 24
15,25,3,10,7,7,6,0,62 60 56 52 0 0
15,25,3,11,11,14,6,0,60 60 56 52 32 0
15,26,3,10,9,7,6,0,62 60 58 48 0 0
15,26,3,11,11,14,6,0,60 60 56 48 40 0
15,26,4,9,6,1,7,0,126 124 120 0 0 0 0
15,29,4,11,13,14,6,0,60 60 56 48 32 16
15,29,5,10,7,7,6,0,62 56 56 48 40 0
15,29,5,10,11,19,6,0,62 60 58 0 32 16
15,29,5,12,15,12,6,0,56 60 58 48 40 0
15,29,9,10,7,9,7,0,124 60 56 52 0 0 0
15,30,3,10,9,12,6,0,62 60 0 48 40 24
15,30,3,13,15,12,6,0,48 60 58 54 32 0
15,30,5,10,10,8,6,0,62 60 56 48 32 0
15,30,6,9,3,6,7,0,126 28 26 22 0 0 0
15,30,6,10,9,12,6,0,62 32 56 52 44 0
15,30,6,11,15,6,7,0,78 76 74 70 64 64 0
15,31,10,9,7,15,7,0,126 60 58 16 0 0 0
15,31,12,10,9,11,7,0,110 44 42 38 32 0 0
15,32,7,10,9,7,6,0,62 56 56 48 32 16
15,32,7,12,17,12,6,0,56 60 58 48 32 16
15,32,10,10,7,14,7,0,122 56 56 48 40 0 0
15,33,5,10,11,7,6,0,62 60 48 48 32 16
15,33,6,9,3,6,7,0,126 28 24 20 12 0 0
15,33,10,9,7,6,7,0,126 60 56 48 0 0 0
15,33,14,11,11,12,7,0,120 60 56 48 40 0 0
15,34,7,10,11,12,6,0,62 48 56 52 32 16
15,34,8,9,10,6,7,0,126 124 24 20 0 0 0
15,34,9,10,6,5,7,0,110 96 96 96 96 64 32
15,34,12,10,9,14,7,0,124 60 0 48 40 24 0
15,34,12,11,15,14,7,1,124 60 0 48 40 24 0
15,34,13,10,10,11,7,0,124 60 56 48 32 0 0
15,34,15,13,12,9,7,0,96 60 56 52 44 0 0
15,35,13,10,9,14,7,0,122 56 56 48 32 16 0
15,35,21,14,21,12,7,0,64 60 58 48 40 24 0
15,36,10,9,11,6,7,0,126 124 24 16 8 0 0
15,36,12,9,7,6,7,0,126 56 56 48 32 0 0
15,36,12,12,9,7,7,0,112 60 58 54 0 0 0
15,36,13,10,11,11,7,0,118 52 50 48 32 16 0
15,36,14,9,9,16,7,0,126 60 56 0 32 16 0
15,36,17,11,13,12,7,0,120 60 56 48 32 16 0
15,37,13,9,9,6,7,0,126 60 48 48 32 0 0
15,37,15,10,11,9,7,0,124 60 48 48 32 16 0
15,37,18,13,15,9,7,0,96 60 58 54 32 0 0
15,38,12,9,6,1,7,0,126 96 96 96 96 64 0
15,38,12,9,7,15,7,0,126 52 48 48 32 16 0
15,38,12,9,12,1,7,0,126 124 64 64 64 64 0
15,38,14,9,9,10,7,0,126 48 56 52 32 0 0
15,38,15,9,10,10,7,0,126 60 32 48 40 0 0
15,38,17,12,15,9,7,0,112 60 56 52 32 16 0
15,38,18,11,13,9,7,0,120 60 58 48 32 0 0
15,40,20,12,17,9,7,0,112 60 58 48 32 16 0
15,41,18,9,10,6,7,0,126 76 72 68 64 64 0
15,41,18,9,11,6,7,0,126 76 74 64 64 64 0
15,50,21,9,18,4,7,0,126 12 8 0 96 80 48
15,52,18,10,24,5,7,0,124 12 8 4 96 80 48
15,57,18,12,36,3,7,0,14 12 10 6 96 80 48
16,18,0,12,6,10,5,0,30 28 26 22 14
16,18,0,16,18,30,6,5,30 28 26 22 14 0
16,26,4,10,6,1,7,0,126 124 122 0 0 0 0
16,27,4,12,9,18,6,0,58 56 56 48 40 24
16,27,4,13,15,18,6,2,58 56 56 48 40 24
16,30,10,12,9,9,7,0,120 56 56 48 40 24 0
16,31,4,12,15,12,6,0,60 60 56 52 32 16
16,32,6,11,11,7,6,0,62 60 56 52 32 0
16,33,5,11,11,7,6,0,62 60 56 48 40 0
16,33,5,11,13,7,6,0,62 60 58 48 32 0
16,35,10,10,7,5,7,0,126 60 56 52 0 0 0
16,36,3,14,21,10,6,0,48 60 58 54 32 16
16,36,7,11,13,7,6,0,62 60 56 48 32 16
16,36,12,10,9,5,7,0,126 60 58 48 0 0 0
16,36,14,11,11,9,7,0,124 60 56 52 32 0 0
16,37,14,11,11,9,7,0,124 60 56 48 40 0 0
16,39,12,10,7,5,7,0,126 56 56 48 40 0 0
16,39,16,10,11,13,7,0,126 60 58 0 32 16 0
16,40,12,10,9,8,7,0,126 60 0 48 40 24 0
16,40,12,11,15,6,7,0,124 124 0 0 96 80 48
16,40,15,10,9,8,7,0,126 32 56 52 44 0 0
16,40,15,10,10,6,7,0,126 60 56 48 32 0 0
16,40,15,11,15,8,7,0,94 64 88 84 76 64 0
16,40,17,11,13,9,7,0,124 60 56 48 32 16 0
16,41,20,12,15,7,7,0,120 60 58 48 40 0 0
16,42,12,10,6,1,7,0,126 96 96 96 96 64 32
16,42,16,10,9,5,7,0,126 56 56 48 32 16 0
16,43,16,10,11,5,7,0,126 60 48 48 32 16 0
16,43,18,13,15,7,7,0,112 60 58 54 32 0 0
16,44,18,10,11,8,7,0,126 48 56 52 32 16 0
16,44,24,12,17,7,7,0,120 60 58 48 32 16 0
16,59,24,10,24,3,7,0,126 12 10 0 96 80 48
16,60,30,10,24,3,7,0,126 12 8 4 96 80 48
17,27,3,12,9,6,6,0,62 60 58 54 0 0
17,27,3,13,12,12,6,0,60 60 56 52 44 0
17,30,6,12,6,10,6,0,62 0 56 52 44 28
17,30,6,16,18,10,6,0,32 60 58 54 46 0
17,33,4,13,15,12,6,0,60 60 56 48 40 24
17,34,18,16,18,12,7,1,120 4 0 112 104 88 56
17,36,7,12,9,6,6,0,62 56 56 48 40 24
17,36,7,14,21,10,6,0,56 60 58 48 40 24
17,37,5,12,15,6,6,0,62 60 58 48 40 0
17,39,9,12,15,6,6,0,62 60 56 52 32 16
17,39,13,12,9,11,7,0,122 56 56 48 40 24 0
17,40,7,12,17,6,6,0,62 60 58 48 32 16
17,40,19,13,15,9,7,0,120 60 56 48 40 24 0
17,43,17,11,11,5,7,0,126 60 56 52 32 0 0
17,43,19,12,15,7,7,0,124 60 56 52 32 16 0
17,44,16,11,11,5,7,0,126 60 56 48 40 0 0
17,44,18,11,13,5,7,0,126 60 58 48 32 0 0
17,46,12,11,15,3,7,0,126 124 0 0 96 80 48
17,47,20,11,13,5,7,0,126 60 56 48 32 16 0
17,50,24,11,15,3,7,0,126 64 64 112 104 88 0
17,50,24,14,21,5,7,0,112 60 58 54 32 16 0
18,36,6,13,12,6,6,0,62 60 56 52 44 0
18,36,6,13,15,6,6,0,62 60 58 54 32 0
18,39,12,12,9,4,7,0,126 60 58 54 0 0 0
18,40,15,13,12,7,7,0,124 60 56 52 44 0 0
18,42,7,13,15,6,6,0,62 60 56 48 40 24
18,42,12,12,6,3,7,0,126 0 0 112 104 88 56
18,46,19,13,15,7,7,0,124 60 56 48 40 24 0
18,46,24,16,18,5,7,0,96 60 58 54 46 0 0
18,48,16,12,9,4,7,0,126 56 56 48 40 24 0
18,49,20,12,15,4,7,0,126 60 58 48 40 0 0
18,50,28,14,21,5,7,0,120 60 58 48 40 24 0
18,51,24,12,15,4,7,0,126 60 56 52 32 16 0
18,52,24,12,17,4,7,0,126 60 58 48 32 16 0
18,78,36,12,36,1,7,0,126 12 10 6 96 80 48
19,45,9,14,21,5,6,0,62 60 58 54 32 16
19,48,7,14,21,5,6,0,62 60 58 48 40 24
19,49,18,13,12,4,7,0,126 60 56 52 44 0 0
19,49,21,13,15,4,7,0,126 60 58 54 32 0 0
19,55,22,13,15,4,7,0,126 60 56 48 40 24 0
20,30,0,20,30,8,6,0,0 60 58 54 46 30
20,36,4,16,18,10,6,0,60 60 56 52 44 28
20,59,30,14,21,3,7,0,126 60 58 54 32 16 0
20,62,28,14,21,3,7,0,126 60 58 48 40 24 0
21,42,6,16,18,5,6,0,62 60 58 54 46 0
21,48,10,16,18,5,6,0,62 60 56 52 44 28
21,50,30,20,30,3,7,0,2 0 120 116 108 92 60
21,52,22,16,18,5,7,0,124 60 56 52 44 28 0
22,58,24,16,18,3,7,0,126 60 58 54 46 0 0
22,64,28,16,18,3,7,0,126 60 56 52 44 28 0
25,60,10,20,30,4,6,0,62 60 58 54 46 30
26,80,40,20,30,2,7,0,126 0 120 116 108 92 60

quotient 1 count 1
quotient 2 count 2
quotient 3 count 7
quotient 4 count 40
quotient 5 count 357
quotient 6 count 4824
quotient 7 count 96428
support_Hall_matching_crosschecks 52241094 unique_pairs 2050
n 1 expansions 1 singleton_minimal_marks 1 valid_marks 1
n 2 expansions 3 singleton_minimal_marks 3 valid_marks 3
n 3 expansions 12 singleton_minimal_marks 16 valid_marks 16
n 4 expansions 68 singleton_minimal_marks 115 valid_marks 115
n 5 expansions 568 singleton_minimal_marks 1160 valid_marks 1160
n 6 expansions 7090 singleton_minimal_marks 16786 valid_marks 16786
n 7 expansions 131645 singleton_minimal_marks 350654 valid_marks 180388
