$ /tmp/preorder-gamma-verification-labpnvhx/code/small-check/exhaust /tmp/preorder-gamma-verification-labpnvhx/code/small-check
n=1 cases=1 degree4_skipped=0 unique_gamma=1 degree3=0 nonbipartite_degree3=0 first_gap_failures=0 second_gap_failures=0 discriminant_negative=0
n=2 cases=3 degree4_skipped=0 unique_gamma=3 degree3=0 nonbipartite_degree3=0 first_gap_failures=0 second_gap_failures=0 discriminant_negative=0
n=3 cases=12 degree4_skipped=0 unique_gamma=6 degree3=0 nonbipartite_degree3=0 first_gap_failures=0 second_gap_failures=0 discriminant_negative=0
n=4 cases=68 degree4_skipped=0 unique_gamma=20 degree3=0 nonbipartite_degree3=0 first_gap_failures=0 second_gap_failures=0 discriminant_negative=0
n=5 cases=568 degree4_skipped=0 unique_gamma=55 degree3=0 nonbipartite_degree3=0 first_gap_failures=0 second_gap_failures=0 discriminant_negative=0
n=6 cases=7090 degree4_skipped=0 unique_gamma=249 degree3=3907 nonbipartite_degree3=3449 first_gap_failures=0 second_gap_failures=0 discriminant_negative=0
minimum_second_gap n=6 value=0 gamma=1,6,12,8, blocks=2,2,2, qmask=0 rowmasks=2,1,8,4,32,16,
minimum_discriminant n=6 value=0 gamma=1,6,12,8, blocks=2,2,2, qmask=0 rowmasks=2,1,8,4,32,16,
minimum_second_ratio n=6 fraction=1/1
minimum_second_ratio_witness n=6 value=0 gamma=1,6,12,8, blocks=2,2,2, qmask=0 rowmasks=2,1,8,4,32,16,
n=7 cases=131645 degree4_skipped=0 unique_gamma=1233 degree3=117509 nonbipartite_degree3=106091 first_gap_failures=0 second_gap_failures=0 discriminant_negative=0
minimum_second_gap n=7 value=0 gamma=1,6,12,8, blocks=1,2,2,2, qmask=0 rowmasks=0,4,2,16,8,64,32,
minimum_discriminant n=7 value=0 gamma=1,10,28,24, blocks=2,2,3, qmask=0 rowmasks=2,1,8,4,96,80,48,
minimum_second_ratio n=7 fraction=1/1
minimum_second_ratio_witness n=7 value=0 gamma=1,6,12,8, blocks=1,2,2,2, qmask=0 rowmasks=0,4,2,16,8,64,32,
n=8 cases=3590829 degree4_skipped=2293631 unique_gamma=1670 degree3=1240989 nonbipartite_degree3=1088086 first_gap_failures=0 second_gap_failures=0 discriminant_negative=0
minimum_second_gap n=8 value=0 gamma=1,6,12,8, blocks=1,1,2,2,2, qmask=0 rowmasks=0,0,8,4,32,16,128,64,
minimum_discriminant n=8 value=0 gamma=1,14,60,72, blocks=2,3,3, qmask=0 rowmasks=2,1,24,20,12,192,160,96,
minimum_second_ratio n=8 fraction=1/1
minimum_second_ratio_witness n=8 value=0 gamma=1,6,12,8, blocks=1,1,2,2,2, qmask=0 rowmasks=0,0,8,4,32,16,128,64,
quotient_counts,1,2,7,40,357,4824,96428,2800472
expansions_by_quotient_size n=1,1
expansions_by_quotient_size n=2,1,2
expansions_by_quotient_size n=3,1,4,7
expansions_by_quotient_size n=4,1,6,21,40
expansions_by_quotient_size n=5,1,8,42,160,357
expansions_by_quotient_size n=6,1,10,70,400,1785,4824
expansions_by_quotient_size n=7,1,12,105,800,5355,28944,96428
expansions_by_quotient_size n=8,1,14,147,1400,12495,101304,674996,2800472

quotient_m=1 naturally_labeled_posets=1 done
quotient_m=2 naturally_labeled_posets=2 done
quotient_m=3 naturally_labeled_posets=7 done
quotient_m=4 naturally_labeled_posets=40 done
quotient_m=5 naturally_labeled_posets=357 done
quotient_m=6 naturally_labeled_posets=4824 done
quotient_m=7 naturally_labeled_posets=96428 done
quotient_m=8 naturally_labeled_posets=2800472 done
