$ /tmp/preorder-gamma-verification-labpnvhx/code/one-attachment/audit_independent
0,0,0,0,0,28
1,0,0,0,0,56
1,0,0,1,0,210
2,0,0,0,0,70
2,0,0,1,0,140
2,0,0,2,0,518
2,1,0,1,0,336
2,1,0,2,1,420
3,0,0,0,0,56
3,0,0,1,0,70
3,0,0,2,0,168
3,0,0,3,0,504
3,1,0,1,0,280
3,1,0,2,0,280
3,1,0,3,1,700
3,2,0,1,0,280
3,2,0,2,0,665
3,2,0,2,1,560
3,2,0,3,2,1212
3,3,1,2,1,360
4,0,0,0,0,28
4,0,0,2,0,35
4,0,0,3,0,112
4,0,0,4,0,306
4,1,0,1,0,168
4,1,0,2,0,280
4,1,0,3,0,168
4,1,0,4,1,980
4,2,0,1,0,252
4,2,0,2,0,252
4,2,0,3,0,252
4,2,0,3,1,504
4,2,0,4,2,864
4,3,0,1,0,120
4,3,0,2,0,448
4,3,0,2,1,504
4,3,0,3,0,520
4,3,0,3,1,448
4,3,0,3,2,360
4,3,0,4,3,1458
4,4,0,2,0,404
4,4,0,3,2,808
4,4,0,4,4,605
4,4,1,2,1,600
4,4,1,3,1,600
4,4,1,3,2,600
4,5,2,2,1,105
4,5,2,3,2,630
5,0,0,0,0,8
5,0,0,4,0,40
5,0,0,5,0,14
5,1,0,2,0,56
5,1,0,3,0,112
5,1,0,5,1,280
5,2,0,1,0,168
5,2,0,2,0,126
5,2,0,3,0,168
5,2,0,4,0,70
5,2,0,4,1,336
5,2,0,5,2,1052
5,3,0,1,0,112
5,3,0,2,0,504
5,3,0,3,0,308
5,3,0,3,1,392
5,3,0,4,0,112
5,3,0,4,1,504
5,3,0,4,2,336
5,3,0,5,3,1396
5,4,0,1,0,21
5,4,0,2,0,152
5,4,0,2,1,252
5,4,0,3,0,252
5,4,0,3,1,252
5,4,0,3,2,126
5,4,0,4,0,294
5,4,0,4,1,252
5,4,0,4,2,304
5,4,0,4,3,84
5,4,0,5,4,1417
5,5,0,2,0,280
5,5,0,3,0,280
5,5,0,3,2,280
5,5,0,4,2,280
5,5,0,4,3,560
5,5,0,5,5,490
5,5,1,2,1,624
5,5,1,3,1,528
5,5,1,3,2,600
5,5,1,4,1,840
5,5,1,4,2,528
5,5,1,4,3,624
5,6,0,2,0,105
5,6,0,3,0,230
5,6,0,3,2,404
5,6,0,4,3,460
5,6,0,4,4,315
5,6,0,5,6,480
5,6,1,3,1,488
5,6,1,3,2,488
5,6,1,4,3,488
5,6,2,2,1,189
5,6,2,3,2,189
5,6,2,4,2,378
5,6,2,4,3,189
5,7,2,3,1,175
5,7,2,3,2,525
5,7,2,4,4,525
5,7,3,3,2,336
5,7,3,4,3,546
5,8,4,3,2,60
5,8,4,4,4,156
6,0,0,0,0,1
6,0,0,5,0,6
6,0,0,6,0,40
6,1,0,4,0,70
6,1,0,6,1,168
6,2,0,3,0,56
6,2,0,6,2,140
6,3,0,1,0,80
6,3,0,2,0,112
6,3,0,3,0,56
6,3,0,4,0,80
6,3,0,4,1,308
6,3,0,5,1,112
6,3,0,5,2,240
6,3,0,6,3,620
6,4,0,1,0,20
6,4,0,2,0,175
6,4,0,3,0,308
6,4,0,3,1,196
6,4,0,4,0,20
6,4,0,4,1,196
6,4,0,5,0,20
6,4,0,5,1,196
6,4,0,5,2,238
6,4,0,5,3,80
6,4,0,6,4,1266
6,5,0,2,0,336
6,5,0,2,1,84
6,5,0,3,0,208
6,5,0,3,1,224
6,5,0,4,0,128
6,5,0,4,1,392
6,5,0,4,2,256
6,5,0,5,2,208
6,5,0,5,3,672
6,5,0,6,5,1260
6,6,0,2,0,34
6,6,0,3,0,274
6,6,0,3,2,105
6,6,0,4,0,105
6,6,0,4,3,240
6,6,0,5,2,105
6,6,0,5,3,308
6,6,0,5,4,102
6,6,0,6,6,560
6,6,1,2,1,336
6,6,1,3,1,456
6,6,1,3,2,120
6,6,1,4,1,336
6,6,1,4,2,792
6,6,1,4,3,240
6,6,1,5,1,240
6,6,1,5,2,336
6,6,1,5,3,456
6,6,1,5,4,336
6,7,0,2,0,64
6,7,0,3,0,152
6,7,0,3,2,152
6,7,0,4,0,64
6,7,0,4,2,152
6,7,0,4,3,64
6,7,0,5,3,64
6,7,0,5,4,304
6,7,0,5,5,192
6,7,0,6,7,266
6,7,1,3,1,320
6,7,1,3,2,528
6,7,1,4,1,528
6,7,1,4,2,208
6,7,1,4,3,416
6,7,1,5,3,528
6,7,1,5,4,320
6,7,2,2,1,213
6,7,2,3,2,260
6,7,2,4,2,174
6,7,2,4,3,126
6,7,2,5,2,652
6,7,2,5,3,174
6,7,2,5,4,140
6,8,0,2,0,6
6,8,0,3,0,90
6,8,0,4,0,140
6,8,0,4,4,230
6,8,0,5,4,280
6,8,0,5,5,180
6,8,0,5,6,24
6,8,0,6,8,384
6,8,1,3,2,280
6,8,1,4,1,280
6,8,1,4,3,560
6,8,1,5,4,280
6,8,2,3,1,164
6,8,2,3,2,164
6,8,2,4,2,164
6,8,2,5,4,164
6,8,2,5,5,164
6,8,3,3,2,378
6,8,3,4,3,147
6,8,3,5,3,525
6,9,0,3,0,35
6,9,0,4,3,230
6,9,0,5,6,105
6,9,0,6,9,70
6,9,1,4,3,192
6,9,2,3,1,155
6,9,2,3,2,315
6,9,2,4,1,245
6,9,2,4,2,155
6,9,2,4,3,155
6,9,2,4,4,680
6,9,2,5,5,155
6,9,2,5,6,315
6,9,3,3,2,298
6,9,3,4,2,298
6,9,3,4,3,298
6,9,3,5,5,298
6,9,4,4,3,333
6,9,4,5,4,558
6,10,3,4,3,175
6,10,3,5,6,175
6,10,4,3,2,54
6,10,4,4,3,272
6,10,4,4,4,190
6,10,4,5,6,54
6,11,6,4,4,96
6,11,6,5,6,60
6,12,8,4,4,10
7,2,0,4,0,35
7,2,0,7,2,84
7,3,0,3,0,28
7,3,0,4,0,35
7,3,0,5,1,84
7,3,0,7,3,264
7,4,0,1,0,15
7,4,0,5,0,15
7,4,0,6,3,60
7,5,0,2,0,80
7,5,0,3,0,112
7,5,0,4,0,105
7,5,0,4,1,364
7,5,0,5,1,84
7,5,0,5,2,265
7,5,0,6,1,105
7,5,0,6,2,112
7,5,0,6,3,160
7,5,0,7,5,1162
7,6,0,2,0,108
7,6,0,3,0,100
7,6,0,3,1,140
7,6,0,4,0,152
7,6,0,4,1,140
7,6,0,5,2,140
7,6,0,5,3,216
7,6,0,6,0,45
7,6,0,6,3,72
7,6,0,6,4,244
7,6,0,7,6,914
7,7,0,2,0,80
7,7,0,3,0,280
7,7,0,4,0,50
7,7,0,4,2,128
7,7,0,5,0,30
7,7,0,5,2,128
7,7,0,5,3,60
7,7,0,6,3,50
7,7,0,6,4,408
7,7,0,6,5,240
7,7,0,7,7,357
7,7,1,2,1,120
7,7,1,3,1,264
7,7,1,4,1,360
7,7,1,4,2,192
7,7,1,5,2,240
7,7,1,5,3,456
7,7,1,5,4,140
7,7,1,6,1,140
7,7,1,6,3,360
7,7,1,6,4,264
7,7,1,6,5,120
7,8,0,3,0,71
7,8,0,3,2,63
7,8,0,5,2,63
7,8,0,6,5,142
7,8,0,7,8,210
7,8,1,3,1,296
7,8,1,3,2,112
7,8,1,4,1,240
7,8,1,4,2,296
7,8,1,4,3,120
7,8,1,5,1,112
7,8,1,5,2,296
7,8,1,5,3,296
7,8,1,5,4,224
7,8,1,6,3,112
7,8,1,6,4,240
7,8,1,6,5,296
7,8,2,2,1,120
7,8,2,4,3,120
7,8,2,5,2,120
7,8,2,5,3,120
7,8,2,6,2,120
7,8,2,6,3,120
7,9,0,3,0,81
7,9,0,4,0,81
7,9,0,5,5,162
7,9,0,6,5,81
7,9,0,6,6,162
7,9,1,3,2,336
7,9,1,4,1,472
7,9,1,4,2,264
7,9,1,4,3,856
7,9,1,5,1,208
7,9,1,5,2,128
7,9,1,5,3,688
7,9,1,5,4,728
7,9,1,6,4,208
7,9,1,6,5,472
7,9,2,3,1,149
7,9,2,3,2,238
7,9,2,4,2,261
7,9,2,5,2,238
7,9,2,5,3,149
7,9,2,5,4,149
7,9,2,6,4,238
7,9,2,6,5,149
7,9,2,6,6,126
7,9,3,3,2,84
7,9,3,4,3,42
7,9,3,6,3,210
7,10,0,3,0,34
7,10,0,4,0,63
7,10,0,4,3,34
7,10,0,4,4,63
7,10,0,5,3,34
7,10,0,6,6,126
7,10,0,6,7,102
7,10,0,7,10,108
7,10,2,3,1,111
7,10,2,3,2,102
7,10,2,4,1,102
7,10,2,4,3,111
7,10,2,5,2,111
7,10,2,5,4,102
7,10,2,6,5,111
7,10,2,6,7,102
7,10,3,3,2,348
7,10,3,4,2,490
7,10,3,4,3,138
7,10,3,5,3,482
7,10,3,6,5,348
7,10,3,6,6,138
7,10,4,3,2,129
7,10,4,4,3,231
7,10,4,6,4,552
7,11,1,4,3,152
7,11,1,5,4,152
7,11,2,4,1,164
7,11,2,4,2,99
7,11,2,4,4,381
7,11,2,5,1,70
7,11,2,5,2,112
7,11,2,5,4,177
7,11,2,5,5,130
7,11,2,5,6,210
7,11,2,6,6,112
7,11,2,6,7,99
7,11,3,3,2,192
7,11,3,4,2,129
7,11,3,4,3,129
7,11,3,5,2,192
7,11,3,5,3,129
7,11,3,5,5,192
7,11,3,6,6,129
7,11,4,4,3,250
7,11,4,5,3,250
7,11,4,5,5,250
7,11,5,5,4,174
7,11,5,6,5,294
7,12,0,4,0,30
7,12,0,5,4,140
7,12,0,5,6,100
7,12,0,6,8,90
7,12,0,7,12,120
7,12,2,4,1,90
7,12,2,4,3,90
7,12,2,5,5,90
7,12,2,5,6,90
7,12,4,3,2,36
7,12,4,4,3,345
7,12,4,4,4,531
7,12,4,5,2,115
7,12,4,5,3,298
7,12,4,5,4,164
7,12,4,5,5,117
7,12,4,5,6,36
7,12,4,6,7,164
7,12,4,6,8,128
7,12,5,5,4,169
7,12,6,5,4,75
7,12,6,6,6,150
7,13,3,4,3,105
7,13,3,5,6,175
7,13,3,6,9,105
7,13,4,4,3,118
7,13,4,5,4,150
7,13,4,5,5,236
7,13,4,6,8,150
7,13,5,5,4,155
7,13,5,5,6,155
7,13,6,4,4,108
7,13,6,5,6,42
7,14,8,5,6,54
7,14,8,6,8,60
8,3,0,6,1,63
8,3,0,8,3,70
8,5,0,5,1,56
8,5,0,8,5,93
8,6,0,3,0,40
8,6,0,4,0,79
8,6,0,4,1,84
8,6,0,5,1,84
8,6,0,5,2,63
8,6,0,6,2,84
8,6,0,6,3,152
8,6,0,7,2,63
8,6,0,7,3,40
8,6,0,8,6,582
8,7,0,2,0,20
8,7,0,4,0,63
8,7,0,4,1,28
8,7,0,5,2,140
8,7,0,6,1,42
8,7,0,6,3,40
8,7,0,7,3,63
8,7,0,7,5,60
8,7,0,8,7,446
8,8,0,2,0,25
8,8,0,3,0,80
8,8,0,4,1,84
8,8,0,5,0,20
8,8,0,5,2,80
8,8,0,7,5,160
8,8,0,7,6,80
8,8,0,8,8,284
8,8,1,4,2,96
8,8,1,5,1,96
8,8,1,6,4,192
8,8,1,7,3,96
8,9,0,3,0,65
8,9,0,4,0,103
8,9,0,5,0,25
8,9,0,6,4,63
8,9,0,6,5,75
8,9,0,7,5,126
8,9,0,7,6,90
8,9,0,8,9,178
8,9,1,3,1,200
8,9,1,4,1,480
8,9,1,5,2,416
8,9,1,5,3,600
8,9,1,6,3,192
8,9,1,6,4,416
8,9,1,7,5,480
8,9,1,7,6,200
8,9,2,2,1,45
8,9,2,5,4,70
8,9,2,6,3,90
8,9,2,7,2,70
8,10,0,3,0,85
8,10,0,4,0,103
8,10,0,5,3,30
8,10,0,6,3,30
8,10,0,6,6,72
8,10,0,7,6,103
8,10,0,7,7,200
8,10,1,3,2,80
8,10,1,4,1,184
8,10,1,4,2,304
8,10,1,5,1,96
8,10,1,5,2,120
8,10,1,5,3,216
8,10,1,5,4,192
8,10,1,6,3,80
8,10,1,6,4,184
8,10,1,6,5,400
8,10,1,7,5,96
8,10,1,7,6,184
8,10,2,3,1,95
8,10,2,5,2,207
8,10,2,6,5,95
8,10,2,7,5,207
8,10,3,4,3,21
8,10,3,5,4,70
8,10,3,7,3,182
8,11,1,4,3,192
8,11,1,5,4,304
8,11,1,6,1,112
8,11,1,6,3,192
8,11,1,6,4,192
8,11,1,6,5,192
8,11,1,6,6,112
8,11,1,7,5,112
8,11,2,3,1,105
8,11,2,3,2,164
8,11,2,4,1,118
8,11,2,4,2,191
8,11,2,4,3,280
8,11,2,5,2,248
8,11,2,5,3,273
8,11,2,5,4,174
8,11,2,6,2,112
8,11,2,6,3,105
8,11,2,6,4,268
8,11,2,6,5,254
8,11,2,7,5,112
8,11,2,7,6,168
8,11,2,7,7,87
8,11,2,7,8,84
8,11,3,3,2,80
8,11,3,4,2,123
8,11,3,5,3,246
8,11,3,6,3,80
8,11,3,7,5,80
8,11,3,7,6,123
8,12,0,4,4,15
8,12,0,6,0,24
8,12,0,7,6,48
8,12,0,8,12,118
8,12,1,4,3,128
8,12,1,5,4,128
8,12,1,6,4,128
8,12,1,6,5,128
8,12,2,4,1,81
8,12,2,4,3,88
8,12,2,5,2,81
8,12,2,5,3,176
8,12,2,5,5,81
8,12,2,6,5,88
8,12,2,7,7,81
8,12,3,3,2,240
8,12,3,4,2,197
8,12,3,4,3,38
8,12,3,5,2,150
8,12,3,5,3,38
8,12,3,6,3,128
8,12,3,6,5,437
8,12,3,7,6,38
8,12,4,3,2,122
8,12,4,4,3,81
8,12,4,5,3,356
8,12,4,6,4,122
8,12,4,6,6,57
8,12,4,7,6,122
8,12,5,4,3,84
8,12,5,5,4,75
8,12,5,7,5,444
8,13,2,4,1,158
8,13,2,4,3,71
8,13,2,4,4,160
8,13,2,5,1,34
8,13,2,5,2,77
8,13,2,5,3,87
8,13,2,5,4,144
8,13,2,5,5,87
8,13,2,6,1,40
8,13,2,6,4,49
8,13,2,6,5,71
8,13,2,6,6,98
8,13,2,6,7,155
8,13,2,6,8,128
8,13,2,7,8,77
8,13,3,4,2,180
8,13,3,5,2,180
8,13,3,5,5,180
8,13,4,4,2,78
8,13,4,4,3,643
8,13,4,5,3,175
8,13,4,5,4,175
8,13,4,5,5,106
8,13,4,6,3,197
8,13,4,6,4,212
8,13,4,6,5,224
8,13,4,7,7,212
8,13,5,5,4,136
8,13,5,6,4,136
8,13,6,4,3,21
8,13,6,6,5,60
8,13,6,7,6,261
8,14,0,4,0,14
8,14,0,5,6,14
8,14,0,7,10,42
8,14,2,5,1,65
8,14,2,5,5,65
8,14,2,5,6,65
8,14,2,6,7,65
8,14,3,4,3,81
8,14,3,5,2,81
8,14,3,6,6,81
8,14,4,4,4,310
8,14,4,5,2,72
8,14,4,5,3,428
8,14,4,5,4,34
8,14,4,5,5,214
8,14,4,5,6,105
8,14,4,6,2,35
8,14,4,6,3,64
8,14,4,6,5,134
8,14,4,6,6,214
8,14,4,7,10,38
8,14,5,5,4,431
8,14,5,6,4,129
8,14,5,6,7,149
8,14,6,6,5,154
8,15,2,5,4,63
8,15,2,5,6,63
8,15,2,6,6,63
8,15,4,4,3,102
8,15,4,6,7,102
8,15,5,5,6,117
8,15,5,6,4,117
8,15,6,4,4,158
8,15,6,5,5,64
8,15,6,5,6,12
8,15,6,6,4,134
8,15,6,6,5,255
8,15,8,6,6,66
8,15,8,7,8,90
8,16,0,6,8,72
8,16,0,8,16,60
8,16,3,5,6,35
8,16,3,6,9,70
8,16,4,5,2,35
8,16,4,5,5,100
8,16,4,5,6,35
8,16,4,6,6,50
8,16,4,6,8,35
8,16,5,5,4,99
8,16,5,5,6,164
8,16,5,6,7,65
8,16,6,5,4,66
8,16,6,6,6,66
8,16,6,7,10,66
8,16,8,4,4,39
8,16,8,5,6,66
8,17,4,5,4,90
8,17,4,6,8,150
8,17,4,7,12,90
8,17,6,5,6,75
8,17,6,6,9,45
8,17,6,7,12,40
8,17,8,6,6,61
8,17,8,6,8,61
8,18,12,6,8,25
9,3,0,6,0,20
9,3,0,9,3,90
9,6,0,4,0,8
9,6,0,7,3,32
9,6,0,9,6,14
9,7,0,5,1,28
9,7,0,6,1,63
9,7,0,6,2,56
9,7,0,7,3,63
9,7,0,9,7,306
9,9,0,3,0,15
9,9,0,5,1,28
9,9,0,5,2,70
9,9,0,7,3,42
9,9,0,7,5,45
9,9,0,8,6,30
9,9,0,9,9,236
9,9,1,6,1,63
9,9,1,6,3,24
9,9,1,7,5,126
9,9,1,8,3,63
9,10,0,4,0,53
9,10,0,5,0,11
9,10,0,5,2,42
9,10,0,6,4,42
9,10,0,7,6,44
9,10,0,8,6,95
9,10,0,9,10,142
9,10,1,4,1,120
9,10,1,5,1,72
9,10,1,5,2,96
9,10,1,6,3,240
9,10,1,6,4,144
9,10,1,7,5,216
9,10,1,8,5,72
9,10,1,8,6,120
9,11,0,3,0,20
9,11,0,4,0,42
9,11,0,6,3,20
9,11,0,8,7,84
9,11,0,8,8,60
9,11,0,9,11,72
9,11,1,4,1,40
9,11,1,4,2,72
9,11,1,5,1,112
9,11,1,5,3,192
9,11,1,6,3,72
9,11,1,6,4,240
9,11,1,7,3,80
9,11,1,7,5,192
9,11,1,7,6,144
9,11,1,8,6,112
9,11,1,8,7,40
9,11,2,5,2,77
9,11,2,8,6,77
9,11,3,8,3,30
9,12,0,3,0,15
9,12,0,4,0,8
9,12,0,5,0,15
9,12,0,8,9,30
9,12,0,9,12,7
9,12,1,4,1,120
9,12,1,5,2,120
9,12,1,5,3,88
9,12,1,6,3,88
9,12,1,6,5,176
9,12,1,7,5,88
9,12,1,8,8,120
9,12,2,3,1,75
9,12,2,5,2,170
9,12,2,5,3,72
9,12,2,5,4,96
9,12,2,6,2,96
9,12,2,6,3,75
9,12,2,6,4,266
9,12,2,7,5,98
9,12,2,7,6,75
9,12,2,8,6,96
9,12,2,8,7,170
9,12,3,4,2,69
9,12,3,5,3,36
9,12,3,6,3,87
9,12,3,8,6,87
9,13,0,4,0,43
9,13,0,7,6,14
9,13,0,8,9,71
9,13,1,4,3,64
9,13,1,6,1,49
9,13,1,6,5,64
9,13,1,6,6,98
9,13,1,7,6,128
9,13,1,8,7,49
9,13,2,4,1,170
9,13,2,4,2,72
9,13,2,5,1,31
9,13,2,5,2,127
9,13,2,5,3,304
9,13,2,5,4,94
9,13,2,6,3,75
9,13,2,6,4,152
9,13,2,6,5,155
9,13,2,6,6,63
9,13,2,7,2,63
9,13,2,7,5,40
9,13,2,7,6,224
9,13,2,7,7,137
9,13,2,8,6,63
9,13,2,8,8,55
9,13,3,3,2,60
9,13,3,4,3,20
9,13,3,7,3,20
9,13,3,7,5,60
9,13,3,8,6,20
9,13,5,8,5,57
9,14,1,5,4,112
9,14,1,7,6,112
9,14,2,4,1,65
9,14,2,4,3,80
9,14,2,5,3,65
9,14,2,5,4,224
9,14,2,6,4,120
9,14,2,6,5,320
9,14,2,7,5,184
9,14,2,7,6,65
9,14,3,4,2,217
9,14,3,4,3,64
9,14,3,5,2,277
9,14,3,5,4,63
9,14,3,6,3,84
9,14,3,6,4,128
9,14,3,6,5,84
9,14,3,6,6,72
9,14,3,7,3,63
9,14,3,7,7,133
9,14,3,8,7,63
9,14,4,3,2,90
9,14,4,5,3,391
9,14,4,6,3,60
9,14,4,6,5,246
9,14,4,7,6,191
9,14,5,6,4,114
9,14,6,5,4,45
9,14,6,8,6,216
9,15,1,5,4,63
9,15,1,7,5,63
9,15,1,7,8,63
9,15,2,4,4,28
9,15,2,5,1,31
9,15,2,6,5,31
9,15,2,6,7,62
9,15,2,7,8,56
9,15,3,4,3,25
9,15,3,5,2,78
9,15,3,5,3,78
9,15,3,6,3,25
9,15,3,6,6,78
9,15,3,7,6,25
9,15,4,4,2,74
9,15,4,4,3,136
9,15,4,5,2,35
9,15,4,5,3,219
9,15,4,5,4,79
9,15,4,5,5,53
9,15,4,6,3,114
9,15,4,6,4,35
9,15,4,6,5,79
9,15,4,6,6,96
9,15,4,7,3,53
9,15,4,7,5,136
9,15,4,7,6,74
9,15,4,7,7,74
9,15,4,8,9,35
9,15,5,4,3,201
9,15,5,5,4,123
9,15,5,6,4,244
9,15,5,6,5,121
9,15,5,7,5,80
9,15,5,8,8,80
9,15,7,5,4,45
9,15,7,8,7,192
9,16,4,4,3,145
9,16,4,4,4,126
9,16,4,5,2,111
9,16,4,5,5,150
9,16,4,6,3,50
9,16,4,6,4,28
9,16,4,6,5,150
9,16,4,6,8,64
9,16,4,7,2,20
9,16,4,7,5,30
9,16,4,7,6,94
9,16,4,7,7,145
9,16,4,8,12,18
9,16,5,4,3,63
9,16,5,5,3,114
9,16,5,5,4,189
9,16,5,5,5,114
9,16,5,6,4,114
9,16,5,6,5,126
9,16,5,7,5,66
9,16,5,7,7,123
9,16,5,8,9,66
9,16,6,4,3,20
9,16,6,5,3,20
9,16,6,5,4,78
9,16,6,6,5,233
9,16,6,7,5,250
9,16,6,7,6,20
9,16,6,8,9,20
9,16,7,7,6,100
9,16,8,8,8,63
9,17,2,5,6,49
9,17,2,6,1,35
9,17,2,6,6,49
9,17,2,6,8,35
9,17,2,7,8,49
9,17,2,7,10,35
9,17,4,5,5,118
9,17,4,5,6,34
9,17,4,6,2,34
9,17,4,6,3,118
9,17,4,6,7,34
9,17,5,5,3,118
9,17,5,5,4,87
9,17,5,5,5,118
9,17,5,6,4,113
9,17,5,6,5,118
9,17,5,6,7,175
9,17,6,4,4,164
9,17,6,5,4,62
9,17,6,5,5,62
9,17,6,5,6,6
9,17,6,6,4,164
9,17,6,6,5,198
9,17,6,6,8,64
9,17,6,7,3,40
9,17,6,7,5,53
9,17,6,7,6,62
9,17,7,6,6,61
9,17,7,7,5,61
9,17,7,7,6,96
9,18,0,6,0,5
9,18,0,7,6,24
9,18,0,8,12,15
9,18,0,9,18,20
9,18,4,5,2,26
9,18,4,5,6,26
9,18,4,6,6,90
9,18,5,5,6,134
9,18,5,6,4,82
9,18,5,7,7,52
9,18,6,5,4,96
9,18,6,6,5,81
9,18,6,6,7,96
9,18,6,6,8,61
9,18,6,7,5,61
9,18,7,5,6,64
9,18,7,6,5,51
9,18,7,7,5,64
9,18,8,7,6,91
9,18,10,7,8,42
9,19,3,7,12,40
9,19,5,5,6,34
9,19,6,5,6,30
9,19,6,6,4,30
9,19,6,7,6,25
9,19,6,8,12,25
9,19,8,6,6,57
9,19,8,7,10,57
9,19,10,5,6,24
9,19,10,6,8,25
9,20,4,6,8,30
9,20,6,5,4,42
9,20,6,6,9,100
9,20,6,7,10,42
9,20,8,5,6,72
9,20,8,6,7,34
9,20,10,7,8,40
9,20,12,5,6,6
9,20,12,8,12,32
9,21,4,6,8,30
9,21,4,7,12,60
9,21,8,6,6,40
9,21,8,6,8,66
9,21,8,7,10,26
9,22,8,6,8,70
9,22,8,8,16,40
9,22,10,7,12,35
10,6,0,8,3,28
10,6,0,10,6,12
10,7,0,6,1,21
10,7,0,7,2,42
10,7,0,10,7,70
10,9,0,6,0,30
10,9,0,7,3,42
10,9,0,9,3,30
10,9,0,10,9,166
10,10,0,4,0,6
10,10,0,5,0,2
10,10,0,6,2,28
10,10,0,8,6,29
10,10,0,9,6,6
10,10,0,10,10,48
10,11,0,6,1,21
10,11,0,8,5,30
10,11,0,10,11,166
10,11,1,5,2,48
10,11,1,7,3,48
10,11,1,8,6,96
10,12,1,5,1,40
10,12,1,6,3,88
10,12,1,7,3,24
10,12,1,7,5,216
10,12,1,8,5,32
10,12,1,9,7,40
10,12,3,7,6,36
10,12,3,9,3,72
10,13,1,6,1,77
10,13,1,7,5,98
10,13,1,8,3,49
10,13,1,8,7,126
10,13,1,9,7,77
10,13,2,6,2,72
10,13,2,6,4,72
10,13,2,7,5,72
10,13,2,9,7,72
10,13,3,5,3,18
10,13,3,7,3,18
10,13,3,9,6,18
10,14,0,4,0,10
10,14,0,7,6,10
10,14,0,9,10,30
10,14,1,5,1,40
10,14,1,5,3,56
10,14,1,6,4,120
10,14,1,7,6,112
10,14,1,8,6,80
10,14,1,8,7,56
10,14,1,9,9,40
10,14,2,4,1,45
10,14,2,5,2,96
10,14,2,6,3,72
10,14,2,6,4,106
10,14,2,7,5,45
10,14,2,8,7,130
10,14,2,8,8,45
10,14,2,9,9,96
10,14,3,7,3,63
10,14,3,7,5,63
10,14,3,9,7,63
10,15,0,4,0,10
10,15,0,9,11,30
10,15,2,4,1,15
10,15,2,5,1,25
10,15,2,5,2,56
10,15,2,5,3,88
10,15,2,6,1,19
10,15,2,6,3,88
10,15,2,6,4,240
10,15,2,6,5,136
10,15,2,7,5,161
10,15,2,7,6,126
10,15,2,7,7,50
10,15,2,8,6,88
10,15,2,8,8,88
10,15,2,8,9,38
10,15,2,9,10,56
10,15,3,4,2,54
10,15,3,5,2,66
10,15,3,6,3,66
10,15,3,7,5,54
10,15,3,7,6,66
10,15,4,6,3,15
10,15,4,7,6,30
10,16,0,4,0,6
10,16,0,5,0,6
10,16,0,9,12,6
10,16,2,4,1,45
10,16,2,5,1,40
10,16,2,5,2,48
10,16,2,6,3,45
10,16,2,6,5,144
10,16,2,7,6,104
10,16,2,8,8,40
10,16,3,4,3,15
10,16,3,5,3,80
10,16,3,5,4,72
10,16,3,6,3,24
10,16,3,6,4,56
10,16,3,6,6,49
10,16,3,7,3,49
10,16,3,7,5,72
10,16,3,7,6,152
10,16,3,8,6,15
10,16,3,9,9,49
10,16,4,5,2,26
10,16,4,5,3,138
10,16,4,6,3,161
10,16,4,6,4,26
10,16,4,6,5,108
10,16,4,8,6,79
10,16,4,9,10,26
10,16,5,6,4,93
10,16,6,7,5,66
10,16,7,9,7,132
10,17,2,5,4,114
10,17,2,6,5,72
10,17,2,6,6,56
10,17,2,7,8,42
10,17,2,8,6,98
10,17,2,8,8,72
10,17,3,5,2,87
10,17,4,4,2,54
10,17,4,4,3,48
10,17,4,5,2,57
10,17,4,5,3,62
10,17,4,5,4,47
10,17,4,6,3,101
10,17,4,6,5,25
10,17,4,7,5,62
10,17,4,7,6,57
10,17,4,8,3,35
10,17,4,8,9,86
10,17,5,5,3,52
10,17,5,6,4,153
10,17,5,7,7,153
10,17,6,5,4,69
10,17,6,7,5,123
10,18,3,5,4,42
10,18,3,6,6,56
10,18,3,7,5,56
10,18,3,7,8,56
10,18,3,8,7,42
10,18,4,4,4,10
10,18,4,5,2,51
10,18,4,5,3,51
10,18,4,5,5,50
10,18,4,6,2,31
10,18,4,6,3,56
10,18,4,6,5,56
10,18,4,6,6,90
10,18,4,6,7,31
10,18,4,7,3,48
10,18,4,7,6,84
10,18,4,7,7,31
10,18,4,8,6,50
10,18,4,8,9,51
10,18,5,4,3,60
10,18,5,5,3,215
10,18,5,6,5,215
10,18,5,7,6,106
10,18,5,7,7,109
10,18,5,8,8,60
10,18,6,4,3,48
10,18,6,5,4,42
10,18,6,6,4,174
10,18,6,6,5,112
10,18,6,6,6,24
10,18,6,7,5,114
10,18,6,7,6,96
10,18,6,8,5,38
10,18,6,8,6,42
10,18,6,9,10,42
10,18,7,7,6,84
10,18,7,8,6,60
10,18,9,9,9,102
10,19,2,6,1,16
10,19,2,7,10,32
10,19,4,5,5,55
10,19,4,7,5,55
10,19,5,5,4,79
10,19,6,4,3,15
10,19,6,4,4,40
10,19,6,5,3,19
10,19,6,5,4,187
10,19,6,6,3,15
10,19,6,6,4,100
10,19,6,6,5,170
10,19,6,6,6,100
10,19,6,7,5,71
10,19,6,7,6,29
10,19,6,7,7,84
10,19,6,8,8,74
10,19,6,8,9,34
10,19,7,5,4,42
10,19,7,6,6,57
10,19,7,7,5,57
10,19,7,8,6,58
10,19,7,8,7,42
10,19,7,9,11,42
10,19,8,6,6,40
10,19,8,8,6,40
10,19,8,8,7,20
10,19,10,9,10,30
10,20,4,5,6,28
10,20,4,6,8,19
10,20,4,7,2,19
10,20,4,7,8,28
10,20,4,7,10,19
10,20,5,5,4,42
10,20,5,6,7,81
10,20,5,7,7,50
10,20,5,8,9,42
10,20,6,6,4,79
10,20,6,6,5,52
10,20,6,6,6,26
10,20,6,6,7,79
10,20,7,5,5,86
10,20,7,6,4,86
10,20,7,6,5,214
10,20,7,7,6,77
10,20,7,7,7,86
10,20,8,4,4,36
10,20,8,5,5,44
10,20,8,6,5,44
10,20,8,7,6,171
10,20,8,8,6,53
10,20,9,8,7,90
10,20,9,8,8,60
10,21,2,6,8,30
10,21,2,8,12,30
10,21,5,5,6,30
10,21,6,5,6,9
10,21,6,6,8,19
10,21,6,7,3,19
10,21,6,7,6,9
10,21,7,5,6,80
10,21,7,6,7,62
10,21,7,7,5,112
10,21,7,7,6,70
10,21,7,8,8,30
10,21,8,5,5,45
10,21,8,6,5,45
10,21,8,6,8,35
10,21,8,7,7,45
10,21,8,8,6,35
10,21,8,8,7,26
10,21,10,8,5,10
10,22,6,6,8,66
10,22,6,7,5,40
10,22,6,8,9,26
10,22,8,5,6,81
10,22,8,6,4,19
10,22,8,7,7,30
10,22,9,7,8,35
10,22,10,6,8,35
10,22,10,7,8,33
10,22,10,8,7,35
10,22,12,6,8,15
10,23,6,6,9,26
10,23,6,7,12,20
10,23,8,6,6,33
10,23,8,7,10,24
10,23,10,6,7,33
10,23,14,6,8,15
10,24,0,8,12,15
10,24,0,10,24,24
10,24,7,7,12,35
10,24,9,6,9,34
10,24,9,7,12,20
10,24,10,7,8,30
10,24,16,8,12,9
10,25,4,8,16,40
10,25,6,7,6,15
10,25,6,8,12,25
10,25,6,9,18,15
10,25,8,6,8,14
10,26,8,7,12,30
10,26,10,7,12,26
10,26,12,6,8,32
10,26,12,7,10,14
10,28,16,8,16,8
11,10,0,5,0,1
11,10,0,9,6,5
11,11,0,7,2,21
11,11,0,7,3,21
11,11,0,11,11,70
11,12,1,7,3,16
11,12,1,8,3,42
11,12,1,8,5,24
11,12,1,9,7,84
11,13,0,7,3,21
11,13,0,11,13,70
11,13,1,6,1,28
11,13,1,8,6,56
11,13,1,10,7,28
11,14,1,6,3,32
11,14,1,8,6,64
11,14,1,9,7,32
11,14,2,7,2,49
11,14,2,7,5,49
11,14,2,8,6,49
11,14,2,10,7,49
11,14,3,8,3,14
11,14,3,10,6,14
11,15,0,6,0,18
11,15,0,10,9,36
11,15,0,11,15,30
11,15,1,6,3,8
11,15,1,8,3,14
11,15,1,8,7,66
11,16,2,6,2,40
11,16,2,6,4,53
11,16,2,7,3,32
11,16,2,7,5,208
11,16,2,8,6,72
11,16,2,9,7,32
11,16,2,9,9,74
11,16,2,10,10,40
11,16,3,5,2,36
11,16,3,6,3,20
11,16,3,7,3,49
11,16,3,8,6,46
11,16,3,8,7,49
11,16,3,10,9,49
11,17,1,6,1,28
11,17,1,7,5,49
11,17,1,9,7,49
11,17,1,9,9,49
11,17,1,10,11,28
11,17,2,5,1,15
11,17,2,7,5,40
11,17,2,7,6,80
11,17,2,8,7,40
11,17,2,8,8,30
11,17,3,5,3,14
11,17,3,6,5,24
11,17,3,8,6,62
11,17,7,10,7,30
11,18,2,6,4,56
11,18,2,7,6,56
11,18,2,9,9,56
11,18,3,6,3,8
11,18,3,6,4,56
11,18,3,7,5,112
11,18,3,7,6,46
11,18,3,8,7,56
11,18,3,8,8,56
11,18,3,9,3,30
11,18,3,9,7,56
11,18,3,10,9,30
11,18,4,6,3,61
11,18,4,6,5,54
11,18,4,7,3,32
11,18,4,7,5,44
11,18,4,7,6,26
11,18,4,8,6,30
11,18,4,9,6,22
11,19,2,5,1,15
11,19,2,6,1,26
11,19,2,7,6,15
11,19,2,9,11,26
11,19,3,6,3,32
11,19,3,6,4,32
11,19,3,6,5,64
11,19,3,7,6,64
11,19,3,8,8,64
11,19,4,5,2,35
11,19,4,5,3,42
11,19,4,6,2,25
11,19,4,7,3,15
11,19,4,7,5,15
11,19,4,7,6,15
11,19,4,7,7,25
11,19,4,8,8,25
11,19,4,9,11,20
11,19,5,8,5,30
11,19,5,10,11,30
11,19,6,6,4,52
11,19,6,7,5,138
11,19,7,8,6,54
11,19,9,7,6,20
11,19,9,10,9,70
11,20,0,5,0,1
11,20,3,7,8,42
11,20,3,8,7,21
11,20,4,5,2,20
11,20,4,6,4,21
11,20,4,6,5,26
11,20,4,7,5,26
11,20,4,7,6,20
11,20,5,5,3,66
11,20,5,6,3,52
11,20,5,6,4,86
11,20,5,7,5,66
11,20,5,7,7,90
11,20,6,6,4,71
11,20,6,7,5,57
11,20,6,7,6,115
11,20,6,8,5,18
11,20,6,8,9,57
11,20,7,7,5,48
11,20,10,10,10,21
11,21,2,6,6,35
11,21,2,7,8,35
11,21,2,9,10,35
11,21,3,6,5,24
11,21,4,5,2,36
11,21,4,5,5,35
11,21,4,6,3,36
11,21,4,6,6,45
11,21,4,8,3,30
11,21,4,8,6,45
11,21,5,6,3,63
11,21,5,6,5,63
11,21,5,6,6,35
11,21,5,8,7,35
11,21,6,5,3,42
11,21,6,5,4,19
11,21,6,6,4,167
11,21,6,6,5,46
11,21,6,7,3,19
11,21,6,7,5,19
11,21,6,7,6,134
11,21,6,7,7,67
11,21,6,8,8,62
11,21,6,8,9,61
11,21,6,8,12,35
11,21,6,9,3,20
11,21,7,5,4,54
11,21,7,6,5,96
11,21,7,7,6,71
11,21,7,8,8,54
11,21,8,7,5,40
11,21,8,8,7,66
11,21,8,9,7,20
11,21,11,10,11,70
11,22,6,5,3,14
11,22,6,5,4,84
11,22,6,6,3,14
11,22,6,9,10,30
11,22,6,9,12,14
11,22,7,6,4,39
11,22,7,6,5,112
11,22,7,7,5,88
11,22,7,7,7,56
11,22,7,8,6,48
11,22,7,8,9,39
11,22,8,7,6,63
11,22,8,8,7,33
11,22,8,9,7,40
11,22,9,6,6,33
11,22,9,8,7,75
11,22,9,9,7,38
11,23,5,6,7,28
11,23,6,5,6,5
11,23,6,7,3,16
11,23,6,7,10,16
11,23,7,5,4,30
11,23,7,6,5,51
11,23,7,9,11,30
11,23,8,6,5,82
11,23,8,6,6,37
11,23,8,6,7,47
11,23,8,7,5,47
11,23,8,7,6,67
11,23,8,8,6,51
11,23,8,8,9,41
11,23,8,9,10,37
11,23,9,6,6,37
11,23,9,7,6,86
11,23,9,7,7,37
11,23,10,8,8,51
11,23,10,9,7,35
11,23,10,9,9,20
11,23,11,9,9,48
11,24,4,6,8,18
11,24,4,8,12,18
11,24,7,5,6,20
11,24,7,6,7,29
11,24,7,8,8,29
11,24,9,6,6,75
11,24,9,7,7,76
11,24,9,8,9,37
11,24,10,5,5,35
11,24,10,7,6,35
11,24,10,7,8,26
11,24,10,8,9,35
11,24,12,9,10,28
11,25,6,6,8,18
11,25,8,6,8,42
11,25,8,7,5,37
11,25,8,7,10,70
11,25,8,8,6,59
11,25,8,9,10,16
11,25,10,5,6,40
11,25,10,6,7,29
11,25,10,7,7,29
11,25,10,8,8,64
11,25,11,7,8,33
11,25,12,9,9,26
11,26,6,6,8,14
11,26,10,6,8,42
11,26,10,8,7,26
11,26,10,9,11,16
11,26,12,5,6,5
11,26,12,7,6,5
11,27,8,7,10,12
11,27,9,6,9,30
11,27,10,6,8,32
11,27,10,8,9,14
11,27,12,7,8,19
11,28,7,7,12,26
11,28,10,7,12,19
11,29,13,7,12,19
11,29,14,8,12,16
11,30,8,8,16,20
11,31,6,8,12,5
11,31,6,9,18,10
11,31,12,8,16,36
11,31,14,7,12,14
11,32,12,8,12,13
11,32,12,10,24,8
12,6,0,12,6,20
12,9,0,9,3,30
12,9,0,12,9,48
12,10,0,10,6,5
12,15,0,8,5,15
12,15,0,12,15,48
12,15,1,7,3,8
12,15,1,9,7,24
12,16,1,9,7,56
12,16,1,10,9,28
12,17,0,12,17,24
12,17,2,8,5,24
12,17,2,8,6,48
12,17,2,9,7,24
12,17,3,6,3,10
12,17,3,9,6,10
12,18,2,7,2,28
12,18,2,8,3,28
12,18,2,8,6,42
12,18,2,8,7,49
12,18,2,10,7,21
12,18,2,10,11,64
12,18,2,11,11,28
12,18,3,7,3,28
12,18,3,8,6,28
12,18,3,11,11,28
12,18,4,8,6,3
12,19,2,6,1,10
12,19,2,7,5,32
12,19,2,8,6,32
12,19,2,8,7,16
12,19,2,9,10,20
12,19,2,10,10,32
12,19,4,7,3,11
12,19,4,8,6,11
12,19,4,9,7,42
12,20,3,7,3,28
12,20,3,7,5,59
12,20,3,7,6,40
12,20,3,8,6,75
12,20,3,8,7,108
12,20,3,9,7,42
12,20,3,9,9,106
12,20,3,9,10,35
12,20,3,10,9,21
12,20,3,11,13,28
12,20,4,6,3,24
12,20,4,7,5,20
12,20,4,8,3,26
12,20,4,10,6,16
12,20,6,8,5,15
12,21,0,6,0,4
12,21,0,11,15,12
12,21,1,10,11,30
12,21,3,7,3,8
12,21,3,7,5,24
12,21,3,7,6,8
12,21,3,8,8,48
12,21,4,6,3,6
12,21,4,7,2,16
12,21,4,7,6,13
12,21,4,8,9,16
12,21,4,9,6,13
12,21,4,9,10,16
12,21,7,7,5,33
12,21,7,8,6,33
12,21,8,9,7,42
12,22,3,7,5,35
12,22,3,10,11,35
12,22,4,6,2,15
12,22,4,6,5,16
12,22,4,7,5,32
12,22,4,7,6,14
12,22,4,8,6,14
12,22,4,8,8,15
12,22,6,6,4,39
12,22,6,7,6,28
12,22,6,8,6,34
12,22,7,8,6,41
12,22,8,8,6,30
12,22,11,11,11,30
12,23,2,6,1,10
12,23,4,7,6,40
12,23,4,8,3,9
12,23,5,7,3,23
12,23,5,7,7,45
12,23,5,7,8,21
12,23,5,9,9,21
12,23,6,6,5,26
12,23,6,7,3,16
12,23,6,8,6,26
12,23,6,9,11,16
12,23,7,7,5,147
12,23,7,8,8,44
12,23,8,6,5,18
12,23,8,8,7,39
12,23,8,9,7,18
12,23,8,10,7,14
12,24,3,7,6,18
12,24,3,10,9,18
12,24,4,6,6,15
12,24,6,6,3,6
12,24,6,6,4,42
12,24,6,7,5,33
12,24,6,8,9,36
12,24,7,6,4,42
12,24,7,7,5,28
12,24,7,8,8,42
12,24,8,7,6,55
12,24,8,8,6,45
12,24,9,10,7,26
12,24,10,8,7,30
12,24,13,11,13,30
12,25,6,6,3,24
12,25,6,7,6,24
12,25,7,6,4,24
12,25,7,7,5,24
12,25,7,7,7,26
12,25,7,8,8,26
12,25,8,6,5,48
12,25,8,7,5,76
12,25,8,7,6,40
12,25,8,7,7,39
12,25,8,9,11,37
12,25,9,7,6,40
12,25,9,8,6,32
12,25,9,8,7,26
12,25,9,8,9,11
12,25,9,9,7,18
12,25,9,10,9,18
12,25,9,11,15,18
12,25,11,9,9,42
12,26,4,7,8,21
12,26,4,8,12,12
12,26,6,6,3,10
12,26,8,6,4,15
12,26,8,6,5,26
12,26,8,7,5,26
12,26,8,7,6,15
12,26,8,9,7,30
12,26,9,7,6,79
12,26,9,7,7,34
12,26,9,8,9,34
12,26,10,8,7,33
12,26,10,8,9,33
12,26,10,9,9,26
12,26,11,8,8,37
12,26,12,10,9,26
12,26,12,10,10,20
12,27,6,8,12,9
12,27,6,9,3,9
12,27,7,6,7,19
12,27,8,6,5,18
12,27,8,6,6,25
12,27,10,6,5,16
12,27,10,7,6,16
12,27,10,7,7,25
12,27,10,8,5,9
12,27,10,9,7,33
12,27,10,9,12,16
12,27,11,6,6,25
12,27,11,7,8,27
12,27,11,8,8,41
12,27,11,9,9,33
12,27,11,9,11,25
12,27,12,10,11,14
12,28,10,7,8,23
12,28,10,8,7,14
12,28,12,6,6,15
12,28,12,6,7,19
12,28,12,8,8,19
12,28,12,8,9,30
12,28,12,8,12,16
12,28,12,10,9,16
12,29,8,6,8,10
12,29,8,7,10,15
12,29,8,9,10,15
12,29,12,7,10,23
12,29,12,8,7,23
12,29,16,10,11,16
12,29,18,8,12,8
12,30,9,9,18,10
12,30,10,6,8,10
12,30,12,6,8,22
12,30,12,9,10,31
12,31,12,6,9,10
12,31,14,6,8,22
12,31,14,7,10,13
12,31,14,8,9,13
12,31,14,9,11,10
12,32,10,7,12,16
12,32,16,8,12,11
12,33,11,7,12,14
12,33,13,7,12,16
12,34,8,8,16,8
12,36,0,12,36,3
12,36,16,8,16,9
12,37,6,10,24,8
12,37,20,8,16,9
12,38,12,9,18,5
13,12,0,9,3,15
13,12,0,13,12,24
13,15,0,9,3,15
13,15,0,13,15,48
13,15,1,8,3,7
13,15,1,10,7,21
13,18,1,10,9,21
13,18,3,9,3,30
13,18,3,10,6,10
13,18,3,10,9,30
13,18,3,12,9,30
13,18,6,12,6,15
13,19,2,9,7,16
13,21,3,8,6,24
13,21,3,9,7,24
13,21,3,10,10,24
13,21,9,12,9,20
13,22,2,8,6,21
13,22,2,9,7,28
13,22,2,9,9,21
13,22,2,11,11,21
13,22,2,11,13,28
13,22,3,8,5,8
13,22,3,9,9,44
13,22,3,10,9,14
13,22,4,7,3,6
13,22,4,7,5,10
13,22,4,8,6,13
13,22,4,9,6,3
13,23,3,8,7,8
13,23,3,9,9,16
13,23,4,9,7,35
13,23,4,10,11,35
13,23,5,8,5,18
13,23,5,12,15,18
13,24,3,8,3,7
13,24,3,8,7,35
13,24,3,9,10,28
13,24,3,11,13,21
13,24,4,10,6,9
13,24,6,7,6,14
13,24,6,9,6,10
13,24,8,9,7,15
13,25,4,7,2,10
13,25,4,7,6,9
13,25,4,8,6,24
13,25,4,8,8,24
13,25,4,9,11,10
13,25,5,8,6,21
13,25,5,8,7,43
13,25,5,10,11,38
13,25,6,7,3,10
13,25,6,9,10,10
13,25,7,8,5,17
13,25,8,8,6,33
13,25,8,9,7,33
13,26,5,8,3,19
13,26,7,7,5,24
13,26,7,8,8,20
13,26,7,10,11,18
13,26,8,8,6,27
13,26,8,9,10,27
13,26,9,8,6,19
13,26,9,8,7,33
13,26,9,9,7,15
13,26,10,10,9,14
13,27,6,7,3,10
13,27,8,7,5,43
13,27,8,8,6,23
13,27,8,9,10,25
13,27,9,7,6,30
13,27,9,8,7,11
13,27,15,12,15,20
13,28,6,7,3,6
13,28,6,8,9,18
13,28,7,7,7,16
13,28,8,7,5,18
13,28,9,7,6,6
13,28,9,8,6,62
13,28,9,8,9,33
13,28,9,10,7,12
13,28,10,8,7,72
13,28,10,9,11,27
13,28,11,9,7,26
13,28,13,10,11,32
13,29,8,7,5,25
13,29,9,7,5,24
13,29,9,7,7,19
13,29,9,8,6,19
13,29,9,8,8,24
13,29,10,9,7,27
13,29,11,8,8,33
13,29,12,9,9,65
13,29,12,10,10,18
13,29,13,9,10,21
13,29,13,11,11,14
13,29,14,11,11,14
13,29,17,12,17,10
13,30,8,8,12,6
13,30,10,7,6,30
13,30,10,8,9,15
13,30,10,9,11,15
13,30,12,10,9,12
13,30,13,7,8,15
13,31,9,7,6,12
13,31,9,11,15,12
13,31,10,7,5,10
13,31,10,7,6,10
13,31,12,7,6,9
13,31,12,7,7,16
13,31,12,8,8,16
13,31,12,8,9,9
13,31,12,9,12,9
13,31,12,10,11,16
13,31,16,11,13,14
13,32,4,8,12,6
13,32,12,7,6,4
13,32,14,9,9,14
13,32,14,10,11,21
13,33,6,8,12,10
13,33,8,7,10,9
13,33,12,7,8,15
13,34,12,8,12,18
13,34,12,10,9,11
13,34,12,11,15,7
13,34,16,8,12,7
13,35,18,7,10,9
13,35,18,9,11,9
13,37,14,7,12,10
13,37,15,9,18,9
13,38,17,7,12,10
13,39,12,8,16,9
13,39,12,10,24,12
13,40,16,8,16,9
13,44,12,10,24,4
13,45,18,10,24,4
14,19,2,10,7,14
14,21,0,14,21,30
14,21,3,9,3,18
14,21,3,10,9,18
14,21,3,13,12,18
14,22,3,9,7,21
14,22,3,10,7,21
14,22,3,11,11,21
14,22,4,9,6,2
14,23,4,8,3,5
14,24,3,9,3,18
14,24,3,9,7,8
14,24,3,10,9,24
14,24,3,10,10,16
14,24,3,12,9,12
14,24,3,13,15,18
14,25,4,8,6,5
14,25,4,10,9,21
14,25,4,11,13,21
14,25,8,10,7,12
14,25,12,13,12,10
14,26,2,10,11,18
14,26,2,12,15,18
14,26,4,8,6,1
14,26,4,10,6,2
14,26,6,10,6,10
14,27,4,10,11,14
14,27,5,9,7,8
14,27,5,9,9,22
14,27,5,11,13,14
14,27,6,9,3,9
14,27,6,11,15,9
14,28,3,12,17,18
14,28,4,9,9,8
14,28,9,9,7,11
14,28,10,10,9,12
14,28,12,10,9,16
14,28,15,13,15,20
14,29,5,9,7,21
14,29,5,9,9,14
14,29,5,9,10,14
14,29,7,8,8,10
14,29,9,8,6,18
14,30,8,8,5,6
14,30,8,8,6,15
14,30,8,9,10,12
14,30,10,9,7,17
14,30,12,12,6,4
14,30,12,12,9,16
14,31,9,8,9,5
14,31,9,9,6,5
14,31,9,9,7,19
14,31,10,8,5,6
14,31,10,8,7,6
14,31,11,9,9,14
14,31,12,9,9,29
14,31,13,10,10,15
14,32,6,8,3,5
14,32,10,8,7,25
14,32,10,9,11,12
14,32,11,9,7,23
14,32,12,9,9,11
14,32,12,10,9,9
14,33,10,8,6,18
14,33,11,8,6,15
14,33,11,9,11,15
14,33,12,8,7,31
14,33,12,8,8,18
14,33,12,9,10,15
14,33,13,9,10,18
14,33,13,11,11,12
14,33,15,10,11,21
14,33,15,11,13,14
14,34,10,8,9,9
14,34,12,8,6,1
14,34,12,9,12,2
14,35,12,8,6,5
14,35,12,8,9,5
14,35,14,8,9,9
14,35,14,9,10,9
14,35,16,10,11,23
14,35,16,11,13,12
14,35,20,12,15,9
14,36,14,8,8,10
14,36,18,10,11,11
14,38,20,8,12,4
14,40,12,8,12,4
14,40,16,8,12,4
14,41,18,8,12,10
14,41,18,11,15,4
14,43,15,9,18,7
14,44,16,8,16,3
14,45,20,8,16,6
14,46,24,8,16,3
14,47,24,10,24,5
15,18,1,12,9,18
15,25,3,10,7,7
15,25,3,11,11,14
15,26,3,10,9,7
15,26,3,11,11,14
15,26,4,9,6,1
15,29,4,11,13,14
15,29,5,10,7,7
15,29,5,10,11,19
15,29,5,12,15,12
15,29,9,10,7,9
15,30,3,10,9,12
15,30,3,13,15,12
15,30,5,10,10,8
15,30,6,9,3,6
15,30,6,10,9,12
15,30,6,11,15,6
15,31,10,9,7,15
15,31,12,10,9,11
15,32,7,10,9,7
15,32,7,12,17,12
15,32,10,10,7,14
15,33,5,10,11,7
15,33,6,9,3,6
15,33,10,9,7,6
15,33,14,11,11,12
15,34,7,10,11,12
15,34,8,9,10,6
15,34,9,10,6,5
15,34,12,10,9,14
15,34,12,11,15,14
15,34,13,10,10,11
15,34,15,13,12,9
15,35,13,10,9,14
15,35,21,14,21,12
15,36,10,9,11,6
15,36,12,9,7,6
15,36,12,12,9,7
15,36,13,10,11,11
15,36,14,9,9,16
15,36,17,11,13,12
15,37,13,9,9,6
15,37,15,10,11,9
15,37,18,13,15,9
15,38,12,9,6,1
15,38,12,9,7,15
15,38,12,9,12,1
15,38,14,9,9,10
15,38,15,9,10,10
15,38,17,12,15,9
15,38,18,11,13,9
15,40,20,12,17,9
15,41,18,9,10,6
15,41,18,9,11,6
15,50,21,9,18,4
15,52,18,10,24,5
15,57,18,12,36,3
16,18,0,12,6,10
16,18,0,16,18,30
16,26,4,10,6,1
16,27,4,12,9,18
16,27,4,13,15,18
16,30,10,12,9,9
16,31,4,12,15,12
16,32,6,11,11,7
16,33,5,11,11,7
16,33,5,11,13,7
16,35,10,10,7,5
16,36,3,14,21,10
16,36,7,11,13,7
16,36,12,10,9,5
16,36,14,11,11,9
16,37,14,11,11,9
16,39,12,10,7,5
16,39,16,10,11,13
16,40,12,10,9,8
16,40,12,11,15,6
16,40,15,10,9,8
16,40,15,10,10,6
16,40,15,11,15,8
16,40,17,11,13,9
16,41,20,12,15,7
16,42,12,10,6,1
16,42,16,10,9,5
16,43,16,10,11,5
16,43,18,13,15,7
16,44,18,10,11,8
16,44,24,12,17,7
16,59,24,10,24,3
16,60,30,10,24,3
17,27,3,12,9,6
17,27,3,13,12,12
17,30,6,12,6,10
17,30,6,16,18,10
17,33,4,13,15,12
17,34,18,16,18,12
17,36,7,12,9,6
17,36,7,14,21,10
17,37,5,12,15,6
17,39,9,12,15,6
17,39,13,12,9,11
17,40,7,12,17,6
17,40,19,13,15,9
17,43,17,11,11,5
17,43,19,12,15,7
17,44,16,11,11,5
17,44,18,11,13,5
17,46,12,11,15,3
17,47,20,11,13,5
17,50,24,11,15,3
17,50,24,14,21,5
18,36,6,13,12,6
18,36,6,13,15,6
18,39,12,12,9,4
18,40,15,13,12,7
18,42,7,13,15,6
18,42,12,12,6,3
18,46,19,13,15,7
18,46,24,16,18,5
18,48,16,12,9,4
18,49,20,12,15,4
18,50,28,14,21,5
18,51,24,12,15,4
18,52,24,12,17,4
18,78,36,12,36,1
19,45,9,14,21,5
19,48,7,14,21,5
19,49,18,13,12,4
19,49,21,13,15,4
19,55,22,13,15,4
20,30,0,20,30,8
20,36,4,16,18,10
20,59,30,14,21,3
20,62,28,14,21,3
21,42,6,16,18,5
21,48,10,16,18,5
21,50,30,20,30,3
21,52,22,16,18,5
22,58,24,16,18,3
22,64,28,16,18,3
25,60,10,20,30,4
26,80,40,20,30,2

1 1 1 1
2 2 3 3
3 7 12 16
4 40 68 115
5 357 568 1160
6 4824 7090 16786
7 96428 131645 180388
