{
  "scope": "Exact finite-field incidence and endpoint-set regressions; the universal theorem is proved separately",
  "plane_configurations": 320,
  "endpoint_profile_coefficient_checks": 400,
  "top_gap_checks": 100,
  "all_pass": true
}
{
  "source": "Choe-Wagner, Rayleigh Matroids, Proposition 5.9, arXiv:math/0307096",
  "presentation_masks": [
    9,
    9,
    9,
    1,
    10,
    10,
    2,
    12,
    12,
    4,
    8,
    15
  ],
  "independent_four_subset_tests": 495,
  "neither": 126,
  "e_only": 36,
  "f_only": 114,
  "both": 33,
  "total_bases": 309,
  "derivative_e": 69,
  "derivative_f": 147,
  "rayleigh_difference": -54,
  "printed_counts_reproduced": false,
  "scope": "The printed presentation gives a valid negative Rayleigh difference with corrected counts; this is not a shifted ULC counterexample"
}
All exact incidence, endpoint and seed checks passed.
