BEST {"case": 0, "a": 4, "b": 3, "core": [7, 7, 7, 7], "left_counts": {"1": 1001, "2": 101, "4": 1, "3": 5, "5": 100, "6": 5, "7": 1}, "populations": [100000, 100000, 100000, 1, 100000, 100000, 2, 1, 3, 3, 2, 10, 2, 2, 1], "right_totals": [16.933467829968915, 17.579684292415113, 8.858352335629945e-07, 17.514723997381715, 0.20860973212387499, 1.613002137121512e-06, 8.934303897328955e-07, 16.50739931374722, 0.3891719397927096, 0.2196484791909072, 0.12330185139301317, 0.3132371531404136, 9.234508720001258e-07, 8.320176407096487e-07, 9.991284488222258e-07], "C": [13591746.0, 950247252.4624355, 24908577096.09584, 290133947807.48566, 1267066889181.364], "gap": 2, "normalized_ratio": 1.2502307120967093}
PROGRESS 0 seconds 0.6237962245941162 cache CacheInfo(hits=7508, misses=3496, maxsize=None, currsize=3496)
BEST {"case": 1, "a": 4, "b": 3, "core": [4, 7, 5, 7], "left_counts": {"1": 101, "2": 21, "4": 1, "3": 1, "5": 1000, "6": 100, "7": 1}, "populations": [2, 2, 100000, 10, 1, 100000, 2, 10, 10, 3, 10, 3, 1, 3, 2], "right_totals": [177.61376271322408, 177.38124142932242, 2.2583214601402267e-06, 175.11365236098757, 1.0570646927721883e-05, 3.829123319621208e-05, 9.173216037365521e-07, 170.12015649297678, 1.9625748783201583e-06, 2.3109354281632495, 1.250863336755462e-06, 2.1746892869913914, 1.8527589317381097e-06, 1.0910463832905203e-06, 1.0053888122516605e-06], "C": [83812494.0, 59122406820.42246, 15638620651307.914, 1838372886566747.0, 8.10346899132905e+16], "gap": 2, "normalized_ratio": 1.2500824936533015}
PROGRESS 10 seconds 3.788933277130127 cache CacheInfo(hits=116757, misses=4177, maxsize=None, currsize=4177)
PROGRESS 20 seconds 8.374859809875488 cache CacheInfo(hits=226701, misses=4177, maxsize=None, currsize=4177)
PROGRESS 30 seconds 11.764747142791748 cache CacheInfo(hits=336601, misses=4177, maxsize=None, currsize=4177)
BEST {"case": 35, "a": 4, "b": 3, "core": [5, 0, 7, 4], "left_counts": {"1": 1, "2": 1, "4": 3, "3": 1, "5": 1000, "6": 20, "7": 2}, "populations": [3, 100000, 100000, 3, 1, 100000, 1, 1, 3, 100000, 1, 1, 3, 2, 10], "right_totals": [19.542761436660204, 18.775901665248465, 9.989193933309714e-07, 20.176901089544465, 1.3643886470736584e-06, 0.2750540804286955, 1.2226827584676686e-06, 19.667181302628116, 1.4457599378946938e-06, 0.11199511589941402, 8.863570240322983e-07, 6.200467013918213e-06, 9.532353253183334e-07, 9.158145826914019e-07, 8.557475479023349e-07], "C": [12939654.0, 1009583691.1412779, 29537066890.811752, 384046448359.40894, 1872427549475.4844], "gap": 2, "normalized_ratio": 1.2500752261445485}
BEST {"case": 36, "a": 4, "b": 3, "core": [5, 0, 3, 4], "left_counts": {"1": 6, "2": 1001, "4": 101, "3": 5, "5": 1000, "6": 5, "7": 2}, "populations": [3, 100000, 3, 10, 1, 1, 1, 2, 2, 3, 100000, 1, 1, 2, 2], "right_totals": [9.666844688788261, 9.580234706604877, 3.769156555275941e-06, 9.708600227844821, 2.892555291073537e-06, 9.896872731384737e-07, 8.384719582953179e-07, 9.331818881399066, 0.06477013561276157, 0.09019158539373669, 9.131973561514834e-07, 9.846235845716196e-07, 1.919778913461896e-06, 8.945307698884056e-07, 9.612668879432024e-07], "C": [631772652.0, 24347094992.206383, 351839281442.5409, 2259635057765.715, 5441800432341.521], "gap": 2, "normalized_ratio": 1.250059516688153}
PROGRESS 40 seconds 16.354520320892334 cache CacheInfo(hits=446559, misses=4177, maxsize=None, currsize=4177)
BEST {"case": 43, "a": 4, "b": 3, "core": [0, 1, 7, 6], "left_counts": {"1": 2, "2": 101, "4": 21, "3": 1000, "5": 5, "6": 1000, "7": 1000}, "populations": [1, 2, 10, 100000, 10, 10, 100000, 1, 2, 2, 100000, 100000, 2, 1, 100000], "right_totals": [75.32247070237878, 76.97059330943964, 1.0193855911459472e-06, 75.53809142023228, 1.1276285730769805e-06, 5.83978383581409e-06, 1.183709783303901e-06, 74.77671948892569, 0.4829278778299831, 3.915773987104962e-06, 1.2691017154595287e-06, 0.5339960808374227, 1.0850678521909414e-06, 9.076190470106947e-07, 1.029066328674469e-06], "C": [4651209246.0, 1415924191226.9604, 161635349077981.56, 8200514765319307.0, 1.5601562227147987e+17], "gap": 2, "normalized_ratio": 1.2500260660151974}
PROGRESS 50 seconds 19.419700860977173 cache CacheInfo(hits=556434, misses=4177, maxsize=None, currsize=4177)
PROGRESS 60 seconds 23.232887029647827 cache CacheInfo(hits=666227, misses=4177, maxsize=None, currsize=4177)
PROGRESS 70 seconds 26.955092906951904 cache CacheInfo(hits=776181, misses=4177, maxsize=None, currsize=4177)
PROGRESS 80 seconds 30.36189913749695 cache CacheInfo(hits=885971, misses=4297, maxsize=None, currsize=4297)
PROGRESS 90 seconds 33.55105996131897 cache CacheInfo(hits=995927, misses=4297, maxsize=None, currsize=4297)
PROGRESS 100 seconds 38.10300970077515 cache CacheInfo(hits=1105931, misses=4297, maxsize=None, currsize=4297)
BEST {"case": 104, "a": 4, "b": 3, "core": [0, 7, 0, 2], "left_counts": {"1": 1, "2": 1, "4": 6, "5": 5, "6": 5, "7": 20}, "populations": [1, 1, 3, 10, 100000, 3, 2, 1, 1, 100000, 10, 1, 10, 10, 1], "right_totals": [8.197005532294265, 8.17419162665172, 1.0262397926630919e-06, 7.9234374508441645, 0.0567606474349374, 0.10200288603013247, 8.790283917707579e-07, 8.300114191755842, 9.861725789723915e-07, 0.6334401060683389, 8.440551808621156e-07, 0.014471294638187589, 8.936479049901134e-07, 8.320884130512164e-07, 8.705647487039545e-07], "C": [9052.0, 297007.0255306821, 3654715.2888423977, 19988972.332379952, 41000621.65917759], "gap": 2, "normalized_ratio": 1.249906152008629}
PROGRESS 110 seconds 41.673643589019775 cache CacheInfo(hits=1215860, misses=4297, maxsize=None, currsize=4297)
PROGRESS 120 seconds 45.11700892448425 cache CacheInfo(hits=1325720, misses=4297, maxsize=None, currsize=4297)
PROGRESS 130 seconds 48.365493059158325 cache CacheInfo(hits=1435670, misses=4297, maxsize=None, currsize=4297)
PROGRESS 140 seconds 52.12382507324219 cache CacheInfo(hits=1545549, misses=4297, maxsize=None, currsize=4297)
PROGRESS 150 seconds 55.63725161552429 cache CacheInfo(hits=1655462, misses=4297, maxsize=None, currsize=4297)
PROGRESS 160 seconds 59.590359687805176 cache CacheInfo(hits=1765443, misses=4297, maxsize=None, currsize=4297)
PROGRESS 170 seconds 63.48259663581848 cache CacheInfo(hits=1875365, misses=4297, maxsize=None, currsize=4297)
PROGRESS 180 seconds 66.96869039535522 cache CacheInfo(hits=1985275, misses=4297, maxsize=None, currsize=4297)
PROGRESS 190 seconds 71.2557692527771 cache CacheInfo(hits=2095161, misses=4297, maxsize=None, currsize=4297)
PROGRESS 200 seconds 74.61509561538696 cache CacheInfo(hits=2205161, misses=4297, maxsize=None, currsize=4297)
PROGRESS 210 seconds 79.0782322883606 cache CacheInfo(hits=2315045, misses=4297, maxsize=None, currsize=4297)
PROGRESS 220 seconds 81.95511054992676 cache CacheInfo(hits=2424765, misses=4297, maxsize=None, currsize=4297)
PROGRESS 230 seconds 86.20887303352356 cache CacheInfo(hits=2534750, misses=4297, maxsize=None, currsize=4297)
PROGRESS 240 seconds 90.0808310508728 cache CacheInfo(hits=2644595, misses=4297, maxsize=None, currsize=4297)
PROGRESS 250 seconds 93.03044056892395 cache CacheInfo(hits=2754507, misses=4297, maxsize=None, currsize=4297)
PROGRESS 260 seconds 96.7507107257843 cache CacheInfo(hits=2864547, misses=4297, maxsize=None, currsize=4297)
PROGRESS 270 seconds 100.97807717323303 cache CacheInfo(hits=2974516, misses=4297, maxsize=None, currsize=4297)
PROGRESS 280 seconds 105.2492778301239 cache CacheInfo(hits=3084305, misses=4297, maxsize=None, currsize=4297)
PROGRESS 290 seconds 109.4416127204895 cache CacheInfo(hits=3194164, misses=4297, maxsize=None, currsize=4297)
PROGRESS 300 seconds 117.31000089645386 cache CacheInfo(hits=3304074, misses=4297, maxsize=None, currsize=4297)
PROGRESS 310 seconds 123.27202844619751 cache CacheInfo(hits=3413857, misses=4297, maxsize=None, currsize=4297)
PROGRESS 320 seconds 127.00959181785583 cache CacheInfo(hits=3523770, misses=4297, maxsize=None, currsize=4297)
PROGRESS 330 seconds 130.37602305412292 cache CacheInfo(hits=3633750, misses=4297, maxsize=None, currsize=4297)
PROGRESS 340 seconds 134.29980659484863 cache CacheInfo(hits=3743613, misses=4297, maxsize=None, currsize=4297)
PROGRESS 350 seconds 140.25744032859802 cache CacheInfo(hits=3853498, misses=4297, maxsize=None, currsize=4297)
PROGRESS 360 seconds 145.1957769393921 cache CacheInfo(hits=3963272, misses=4297, maxsize=None, currsize=4297)
PROGRESS 370 seconds 148.80149054527283 cache CacheInfo(hits=4073154, misses=4312, maxsize=None, currsize=4312)
PROGRESS 380 seconds 152.30909729003906 cache CacheInfo(hits=4183069, misses=4312, maxsize=None, currsize=4312)
PROGRESS 390 seconds 156.22866225242615 cache CacheInfo(hits=4293003, misses=4312, maxsize=None, currsize=4312)
PROGRESS 400 seconds 159.46040225028992 cache CacheInfo(hits=4402897, misses=4312, maxsize=None, currsize=4312)
PROGRESS 410 seconds 162.99926376342773 cache CacheInfo(hits=4512746, misses=4312, maxsize=None, currsize=4312)
PROGRESS 420 seconds 167.86978006362915 cache CacheInfo(hits=4622791, misses=4312, maxsize=None, currsize=4312)
PROGRESS 430 seconds 172.14827632904053 cache CacheInfo(hits=4732617, misses=4312, maxsize=None, currsize=4312)
PROGRESS 440 seconds 175.2681953907013 cache CacheInfo(hits=4842540, misses=4312, maxsize=None, currsize=4312)
PROGRESS 450 seconds 179.54421997070312 cache CacheInfo(hits=4952462, misses=4312, maxsize=None, currsize=4312)
PROGRESS 460 seconds 191.77436518669128 cache CacheInfo(hits=5062391, misses=4312, maxsize=None, currsize=4312)
PROGRESS 470 seconds 208.53704118728638 cache CacheInfo(hits=5172391, misses=4312, maxsize=None, currsize=4312)
BEST {"case": 473, "a": 4, "b": 3, "core": [7, 7, 7, 7], "left_counts": {"1": 1, "2": 2, "4": 6, "3": 5, "5": 5, "6": 5, "7": 20}, "populations": [100000, 1, 3, 100000, 100000, 100000, 3, 3, 1, 2, 10, 2, 2, 1, 10], "right_totals": [7.705992760500086, 7.076899582353505, 0.22590788418343968, 7.889745111625016, 6.8155096221642776e-06, 0.27981171553944967, 0.02329293180520495, 7.693271803309642, 0.008757559257397357, 0.2058555112480126, 0.12969892485159712, 2.6528447669602632e-05, 0.09434533313509647, 0.023391642678875328, 0.2976314833585848], "C": [16290.0, 511431.47927582747, 6022357.6938212495, 31525262.318295408, 61899964.794718295], "gap": 2, "normalized_ratio": 1.2497249005400717}
PROGRESS 480 seconds 221.66670966148376 cache CacheInfo(hits=5282256, misses=4312, maxsize=None, currsize=4312)
PROGRESS 490 seconds 241.69017124176025 cache CacheInfo(hits=5392195, misses=4312, maxsize=None, currsize=4312)
PROGRESS 500 seconds 253.37833619117737 cache CacheInfo(hits=5502148, misses=4312, maxsize=None, currsize=4312)
PROGRESS 510 seconds 264.21422696113586 cache CacheInfo(hits=5612159, misses=4312, maxsize=None, currsize=4312)
PROGRESS 520 seconds 271.4892506599426 cache CacheInfo(hits=5721993, misses=4312, maxsize=None, currsize=4312)
PROGRESS 530 seconds 278.033673286438 cache CacheInfo(hits=5831890, misses=4312, maxsize=None, currsize=4312)
PROGRESS 540 seconds 286.2791793346405 cache CacheInfo(hits=5941905, misses=4312, maxsize=None, currsize=4312)
PROGRESS 550 seconds 292.49302530288696 cache CacheInfo(hits=6051829, misses=4312, maxsize=None, currsize=4312)
PROGRESS 560 seconds 300.7517375946045 cache CacheInfo(hits=6161719, misses=4312, maxsize=None, currsize=4312)
PROGRESS 570 seconds 308.1299817562103 cache CacheInfo(hits=6271658, misses=4312, maxsize=None, currsize=4312)
PROGRESS 580 seconds 316.4874355792999 cache CacheInfo(hits=6381516, misses=4312, maxsize=None, currsize=4312)
PROGRESS 590 seconds 323.5008726119995 cache CacheInfo(hits=6491567, misses=4312, maxsize=None, currsize=4312)
PROGRESS 600 seconds 329.74587178230286 cache CacheInfo(hits=6601359, misses=4312, maxsize=None, currsize=4312)
PROGRESS 610 seconds 335.25766921043396 cache CacheInfo(hits=6711012, misses=4312, maxsize=None, currsize=4312)
PROGRESS 620 seconds 342.59252309799194 cache CacheInfo(hits=6820946, misses=4312, maxsize=None, currsize=4312)
PROGRESS 630 seconds 348.6480224132538 cache CacheInfo(hits=6930821, misses=4312, maxsize=None, currsize=4312)
PROGRESS 640 seconds 354.919114112854 cache CacheInfo(hits=7040824, misses=4312, maxsize=None, currsize=4312)
PROGRESS 650 seconds 363.269802570343 cache CacheInfo(hits=7150815, misses=4312, maxsize=None, currsize=4312)
PROGRESS 660 seconds 369.58533096313477 cache CacheInfo(hits=7260641, misses=4312, maxsize=None, currsize=4312)
PROGRESS 670 seconds 376.1073799133301 cache CacheInfo(hits=7370525, misses=4312, maxsize=None, currsize=4312)
PROGRESS 680 seconds 383.44106698036194 cache CacheInfo(hits=7480501, misses=4312, maxsize=None, currsize=4312)
PROGRESS 690 seconds 391.18242740631104 cache CacheInfo(hits=7590434, misses=4312, maxsize=None, currsize=4312)
PROGRESS 700 seconds 398.07879877090454 cache CacheInfo(hits=7700319, misses=4312, maxsize=None, currsize=4312)
PROGRESS 710 seconds 403.98696541786194 cache CacheInfo(hits=7810236, misses=4312, maxsize=None, currsize=4312)
PROGRESS 720 seconds 409.6603727340698 cache CacheInfo(hits=7920222, misses=4312, maxsize=None, currsize=4312)
PROGRESS 730 seconds 417.052880525589 cache CacheInfo(hits=8030116, misses=4312, maxsize=None, currsize=4312)
PROGRESS 740 seconds 424.47179794311523 cache CacheInfo(hits=8140121, misses=4312, maxsize=None, currsize=4312)
PROGRESS 750 seconds 429.90824818611145 cache CacheInfo(hits=8250110, misses=4312, maxsize=None, currsize=4312)
PROGRESS 760 seconds 440.6516304016113 cache CacheInfo(hits=8359990, misses=4312, maxsize=None, currsize=4312)
PROGRESS 770 seconds 447.2969696521759 cache CacheInfo(hits=8469949, misses=4312, maxsize=None, currsize=4312)
PROGRESS 780 seconds 452.77268052101135 cache CacheInfo(hits=8579875, misses=4312, maxsize=None, currsize=4312)
PROGRESS 790 seconds 460.0620985031128 cache CacheInfo(hits=8689752, misses=4312, maxsize=None, currsize=4312)
PROGRESS 800 seconds 466.1944360733032 cache CacheInfo(hits=8799651, misses=4312, maxsize=None, currsize=4312)
PROGRESS 810 seconds 475.75031781196594 cache CacheInfo(hits=8909476, misses=4312, maxsize=None, currsize=4312)
PROGRESS 820 seconds 481.75556993484497 cache CacheInfo(hits=9019354, misses=4312, maxsize=None, currsize=4312)
PROGRESS 830 seconds 489.1656060218811 cache CacheInfo(hits=9129177, misses=4312, maxsize=None, currsize=4312)
PROGRESS 840 seconds 496.184312582016 cache CacheInfo(hits=9239000, misses=4312, maxsize=None, currsize=4312)
PROGRESS 850 seconds 504.63221859931946 cache CacheInfo(hits=9348879, misses=4312, maxsize=None, currsize=4312)
PROGRESS 860 seconds 514.9541122913361 cache CacheInfo(hits=9458681, misses=4312, maxsize=None, currsize=4312)
PROGRESS 870 seconds 522.9766256809235 cache CacheInfo(hits=9568685, misses=4312, maxsize=None, currsize=4312)
PROGRESS 880 seconds 530.4956572055817 cache CacheInfo(hits=9678786, misses=4312, maxsize=None, currsize=4312)
PROGRESS 890 seconds 539.3630149364471 cache CacheInfo(hits=9788630, misses=4312, maxsize=None, currsize=4312)
PROGRESS 900 seconds 551.5655930042267 cache CacheInfo(hits=9898529, misses=4312, maxsize=None, currsize=4312)
PROGRESS 910 seconds 557.4721915721893 cache CacheInfo(hits=10008457, misses=4312, maxsize=None, currsize=4312)
PROGRESS 920 seconds 564.8626236915588 cache CacheInfo(hits=10118455, misses=4312, maxsize=None, currsize=4312)
PROGRESS 930 seconds 571.0417747497559 cache CacheInfo(hits=10228407, misses=4312, maxsize=None, currsize=4312)
PROGRESS 940 seconds 577.6682896614075 cache CacheInfo(hits=10338251, misses=4312, maxsize=None, currsize=4312)
PROGRESS 950 seconds 583.6672027111053 cache CacheInfo(hits=10448103, misses=4312, maxsize=None, currsize=4312)
PROGRESS 960 seconds 589.8631184101105 cache CacheInfo(hits=10557964, misses=4312, maxsize=None, currsize=4312)
PROGRESS 970 seconds 598.0338227748871 cache CacheInfo(hits=10667909, misses=4312, maxsize=None, currsize=4312)
PROGRESS 980 seconds 603.894912481308 cache CacheInfo(hits=10777796, misses=4312, maxsize=None, currsize=4312)
PROGRESS 990 seconds 611.4045715332031 cache CacheInfo(hits=10887787, misses=4312, maxsize=None, currsize=4312)
DONE 1000 1.2497249005400717 616.44087433815
