BEST {"case": 0, "a": 4, "b": 3, "core": [7, 7, 7, 7], "left": [7, 7, 7, 7, 7, 7, 7, 7, 7, 7, 7, 7], "populations": [10, 1, 10, 2, 100000, 100000, 100000, 1, 100000, 100000, 2, 1, 3, 3, 2], "right_totals": [36.26278304275692, 30.982819076447992, 0.5414082577248925, 33.85903336501419, 1.108126640286958e-05, 1.7309180499202574, 5.17519575954952, 33.71473865149198, 1.5851516569529136, 3.9490196090923515, 1.5861927838173513, 1.2074256240348855, 2.5097828029249185, 1.951928642876317, 2.0312632590117405], "C": [560.0, 83818.17671246405, 4703753.829149645, 117456909.37805793, 1102481027.0029242], "gap": 2, "normalized_ratio": 1.2485325985727824}
PROGRESS 0 seconds 0.49096202850341797 cache CacheInfo(hits=7717, misses=3482, maxsize=None, currsize=3482)
BEST {"case": 10, "a": 4, "b": 3, "core": [2, 6, 7, 7], "left": [7, 7, 7, 7, 7, 7, 7, 7, 7], "populations": [10, 3, 2, 10, 2, 100000, 100000, 2, 3, 100000, 3, 100000, 1, 2, 100000], "right_totals": [13.267766408638645, 12.564619486548278, 3.787587744023717e-06, 12.26670610487815, 0.06187344272226957, 0.3574102683092308, 0.24415696829244668, 12.512204943371227, 8.479184477807673e-07, 0.30686566812707966, 0.16071826093831587, 0.5377169416425912, 0.06017915017406463, 1.746959171069371e-06, 5.094265786272523], "C": [286.0, 14856.451537662653, 289629.290007169, 2517699.3769840114, 8254859.343722386], "gap": 2, "normalized_ratio": 1.2459295641433268}
PROGRESS 10 seconds 6.387228488922119 cache CacheInfo(hits=117478, misses=3495, maxsize=None, currsize=3495)
PROGRESS 20 seconds 12.744690418243408 cache CacheInfo(hits=229817, misses=4177, maxsize=None, currsize=4177)
PROGRESS 30 seconds 18.659274339675903 cache CacheInfo(hits=342349, misses=4177, maxsize=None, currsize=4177)
PROGRESS 40 seconds 24.97462773323059 cache CacheInfo(hits=452448, misses=4177, maxsize=None, currsize=4177)
PROGRESS 50 seconds 31.53155517578125 cache CacheInfo(hits=562044, misses=4177, maxsize=None, currsize=4177)
BEST {"case": 55, "a": 4, "b": 3, "core": [7, 7, 7, 7], "left": [7, 7, 7, 7, 7, 7, 7, 7, 7, 7, 7, 7], "populations": [1, 3, 10, 3, 1, 100000, 100000, 10, 1, 10, 100000, 2, 100000, 1, 100000], "right_totals": [2.2597769158172816, 2.1698355615867997, 8.915538770464512e-07, 2.2084023274346336, 8.546192053763364e-07, 0.027116161257581317, 0.03925060770286446, 2.0983234581816683, 0.009556981215594897, 0.07592641311608862, 0.037818603212267154, 0.04119503879756055, 0.04675300482008754, 0.006092433795646221, 0.5772650682802926], "C": [560.0, 5009.425015795833, 16839.013733480977, 25239.52824156289, 14249.476093494288], "gap": 2, "normalized_ratio": 1.2459243792430794}
PROGRESS 60 seconds 37.10448336601257 cache CacheInfo(hits=675189, misses=4177, maxsize=None, currsize=4177)
PROGRESS 70 seconds 40.630539417266846 cache CacheInfo(hits=791652, misses=4177, maxsize=None, currsize=4177)
PROGRESS 80 seconds 43.506858110427856 cache CacheInfo(hits=904770, misses=4177, maxsize=None, currsize=4177)
PROGRESS 90 seconds 47.485602140426636 cache CacheInfo(hits=1015514, misses=4177, maxsize=None, currsize=4177)
PROGRESS 100 seconds 55.6329448223114 cache CacheInfo(hits=1129053, misses=4177, maxsize=None, currsize=4177)
PROGRESS 110 seconds 61.62715816497803 cache CacheInfo(hits=1239391, misses=4177, maxsize=None, currsize=4177)
PROGRESS 120 seconds 67.66129493713379 cache CacheInfo(hits=1352457, misses=4297, maxsize=None, currsize=4297)
PROGRESS 130 seconds 74.29833269119263 cache CacheInfo(hits=1464660, misses=4297, maxsize=None, currsize=4297)
PROGRESS 140 seconds 80.5955102443695 cache CacheInfo(hits=1574686, misses=4297, maxsize=None, currsize=4297)
PROGRESS 150 seconds 86.93673276901245 cache CacheInfo(hits=1686478, misses=4297, maxsize=None, currsize=4297)
PROGRESS 160 seconds 93.66332936286926 cache CacheInfo(hits=1796836, misses=4297, maxsize=None, currsize=4297)
PROGRESS 170 seconds 100.01092267036438 cache CacheInfo(hits=1907893, misses=4297, maxsize=None, currsize=4297)
PROGRESS 180 seconds 105.61048412322998 cache CacheInfo(hits=2020776, misses=4297, maxsize=None, currsize=4297)
PROGRESS 190 seconds 110.66262030601501 cache CacheInfo(hits=2132521, misses=4297, maxsize=None, currsize=4297)
PROGRESS 200 seconds 115.95636773109436 cache CacheInfo(hits=2246370, misses=4297, maxsize=None, currsize=4297)
PROGRESS 210 seconds 120.06760215759277 cache CacheInfo(hits=2357905, misses=4297, maxsize=None, currsize=4297)
PROGRESS 220 seconds 123.35086226463318 cache CacheInfo(hits=2471778, misses=4297, maxsize=None, currsize=4297)
PROGRESS 230 seconds 127.86993885040283 cache CacheInfo(hits=2585022, misses=4297, maxsize=None, currsize=4297)
PROGRESS 240 seconds 131.70282101631165 cache CacheInfo(hits=2700967, misses=4297, maxsize=None, currsize=4297)
PROGRESS 250 seconds 136.14321422576904 cache CacheInfo(hits=2812314, misses=4297, maxsize=None, currsize=4297)
PROGRESS 260 seconds 139.52619242668152 cache CacheInfo(hits=2922619, misses=4297, maxsize=None, currsize=4297)
PROGRESS 270 seconds 143.27815437316895 cache CacheInfo(hits=3032612, misses=4297, maxsize=None, currsize=4297)
PROGRESS 280 seconds 146.52090644836426 cache CacheInfo(hits=3143625, misses=4297, maxsize=None, currsize=4297)
PROGRESS 290 seconds 151.05652856826782 cache CacheInfo(hits=3255219, misses=4297, maxsize=None, currsize=4297)
PROGRESS 300 seconds 154.62972688674927 cache CacheInfo(hits=3365839, misses=4297, maxsize=None, currsize=4297)
PROGRESS 310 seconds 158.90035343170166 cache CacheInfo(hits=3476574, misses=4297, maxsize=None, currsize=4297)
PROGRESS 320 seconds 165.66956281661987 cache CacheInfo(hits=3588916, misses=4297, maxsize=None, currsize=4297)
PROGRESS 330 seconds 172.34539937973022 cache CacheInfo(hits=3701431, misses=4297, maxsize=None, currsize=4297)
PROGRESS 340 seconds 176.8823699951172 cache CacheInfo(hits=3814023, misses=4297, maxsize=None, currsize=4297)
PROGRESS 350 seconds 180.96539568901062 cache CacheInfo(hits=3927851, misses=4297, maxsize=None, currsize=4297)
PROGRESS 360 seconds 186.474041223526 cache CacheInfo(hits=4038383, misses=4297, maxsize=None, currsize=4297)
PROGRESS 370 seconds 191.1910479068756 cache CacheInfo(hits=4150711, misses=4297, maxsize=None, currsize=4297)
PROGRESS 380 seconds 196.86206793785095 cache CacheInfo(hits=4261559, misses=4297, maxsize=None, currsize=4297)
BEST {"case": 385, "a": 4, "b": 3, "core": [7, 7, 7, 7], "left": [7, 7, 7, 7, 7, 7, 7, 7, 7, 7, 7], "populations": [3, 3, 2, 3, 100000, 1, 1, 2, 3, 100000, 10, 1, 100000, 2, 100000], "right_totals": [144.6613018756225, 142.4146053166628, 2.662599773553, 147.58207781465254, 1.1333353042492198, 1.7980785039277085, 0.9161526037488975, 150.04011093513313, 1.7857404894509437e-06, 5.850795540181278e-06, 2.9411632911751764, 9.557644523674291e-05, 2.698906575172531, 1.8305789776810562, 43.51573488369494], "C": [455.0, 268801.58570366696, 59662107.65338445, 5905508748.905125, 220284778398.0263], "gap": 2, "normalized_ratio": 1.2457633046286671}
PROGRESS 390 seconds 203.68635511398315 cache CacheInfo(hits=4371812, misses=4297, maxsize=None, currsize=4297)
PROGRESS 400 seconds 210.36975002288818 cache CacheInfo(hits=4481531, misses=4297, maxsize=None, currsize=4297)
PROGRESS 410 seconds 216.12870860099792 cache CacheInfo(hits=4593437, misses=4297, maxsize=None, currsize=4297)
PROGRESS 420 seconds 221.55268502235413 cache CacheInfo(hits=4705041, misses=4297, maxsize=None, currsize=4297)
PROGRESS 430 seconds 227.31349349021912 cache CacheInfo(hits=4816870, misses=4297, maxsize=None, currsize=4297)
PROGRESS 440 seconds 233.75689363479614 cache CacheInfo(hits=4932355, misses=4297, maxsize=None, currsize=4297)
PROGRESS 450 seconds 240.90378165245056 cache CacheInfo(hits=5044223, misses=4297, maxsize=None, currsize=4297)
PROGRESS 460 seconds 246.45788478851318 cache CacheInfo(hits=5155177, misses=4297, maxsize=None, currsize=4297)
PROGRESS 470 seconds 251.9169099330902 cache CacheInfo(hits=5265142, misses=4297, maxsize=None, currsize=4297)
PROGRESS 480 seconds 257.5353162288666 cache CacheInfo(hits=5374809, misses=4297, maxsize=None, currsize=4297)
PROGRESS 490 seconds 261.87448620796204 cache CacheInfo(hits=5485537, misses=4297, maxsize=None, currsize=4297)
PROGRESS 500 seconds 265.66524934768677 cache CacheInfo(hits=5596313, misses=4297, maxsize=None, currsize=4297)
PROGRESS 510 seconds 270.0594437122345 cache CacheInfo(hits=5709543, misses=4297, maxsize=None, currsize=4297)
PROGRESS 520 seconds 275.3108868598938 cache CacheInfo(hits=5819764, misses=4297, maxsize=None, currsize=4297)
PROGRESS 530 seconds 281.5251433849335 cache CacheInfo(hits=5931810, misses=4297, maxsize=None, currsize=4297)
PROGRESS 540 seconds 287.9223029613495 cache CacheInfo(hits=6044811, misses=4297, maxsize=None, currsize=4297)
PROGRESS 550 seconds 293.74459290504456 cache CacheInfo(hits=6155088, misses=4297, maxsize=None, currsize=4297)
PROGRESS 560 seconds 300.1832592487335 cache CacheInfo(hits=6265981, misses=4297, maxsize=None, currsize=4297)
PROGRESS 570 seconds 305.53032898902893 cache CacheInfo(hits=6377460, misses=4297, maxsize=None, currsize=4297)
PROGRESS 580 seconds 311.6200976371765 cache CacheInfo(hits=6487606, misses=4297, maxsize=None, currsize=4297)
PROGRESS 590 seconds 317.78171610832214 cache CacheInfo(hits=6599929, misses=4297, maxsize=None, currsize=4297)
PROGRESS 600 seconds 324.07348680496216 cache CacheInfo(hits=6710855, misses=4297, maxsize=None, currsize=4297)
PROGRESS 610 seconds 330.94314432144165 cache CacheInfo(hits=6825160, misses=4297, maxsize=None, currsize=4297)
PROGRESS 620 seconds 336.4548032283783 cache CacheInfo(hits=6936842, misses=4297, maxsize=None, currsize=4297)
PROGRESS 630 seconds 342.0184214115143 cache CacheInfo(hits=7048530, misses=4297, maxsize=None, currsize=4297)
PROGRESS 640 seconds 347.50458812713623 cache CacheInfo(hits=7162547, misses=4297, maxsize=None, currsize=4297)
PROGRESS 650 seconds 354.9916319847107 cache CacheInfo(hits=7272434, misses=4297, maxsize=None, currsize=4297)
PROGRESS 660 seconds 361.18690371513367 cache CacheInfo(hits=7385075, misses=4297, maxsize=None, currsize=4297)
PROGRESS 670 seconds 367.0695230960846 cache CacheInfo(hits=7495173, misses=4297, maxsize=None, currsize=4297)
PROGRESS 680 seconds 372.9097864627838 cache CacheInfo(hits=7609687, misses=4297, maxsize=None, currsize=4297)
PROGRESS 690 seconds 378.6580367088318 cache CacheInfo(hits=7722654, misses=4297, maxsize=None, currsize=4297)
PROGRESS 700 seconds 384.06340503692627 cache CacheInfo(hits=7833009, misses=4297, maxsize=None, currsize=4297)
PROGRESS 710 seconds 389.9908859729767 cache CacheInfo(hits=7945883, misses=4297, maxsize=None, currsize=4297)
PROGRESS 720 seconds 396.1446883678436 cache CacheInfo(hits=8056510, misses=4297, maxsize=None, currsize=4297)
PROGRESS 730 seconds 402.7190716266632 cache CacheInfo(hits=8166383, misses=4297, maxsize=None, currsize=4297)
PROGRESS 740 seconds 408.5676383972168 cache CacheInfo(hits=8276569, misses=4297, maxsize=None, currsize=4297)
PROGRESS 750 seconds 415.7557547092438 cache CacheInfo(hits=8389493, misses=4297, maxsize=None, currsize=4297)
PROGRESS 760 seconds 421.958251953125 cache CacheInfo(hits=8502570, misses=4297, maxsize=None, currsize=4297)
PROGRESS 770 seconds 428.4303081035614 cache CacheInfo(hits=8614894, misses=4297, maxsize=None, currsize=4297)
PROGRESS 780 seconds 433.8225317001343 cache CacheInfo(hits=8725114, misses=4297, maxsize=None, currsize=4297)
PROGRESS 790 seconds 439.7296612262726 cache CacheInfo(hits=8836835, misses=4297, maxsize=None, currsize=4297)
PROGRESS 800 seconds 444.86541628837585 cache CacheInfo(hits=8948165, misses=4297, maxsize=None, currsize=4297)
PROGRESS 810 seconds 449.7383794784546 cache CacheInfo(hits=9061591, misses=4297, maxsize=None, currsize=4297)
PROGRESS 820 seconds 456.3179032802582 cache CacheInfo(hits=9175491, misses=4297, maxsize=None, currsize=4297)
PROGRESS 830 seconds 462.3672375679016 cache CacheInfo(hits=9286397, misses=4297, maxsize=None, currsize=4297)
PROGRESS 840 seconds 468.5934946537018 cache CacheInfo(hits=9398587, misses=4297, maxsize=None, currsize=4297)
PROGRESS 850 seconds 475.3814744949341 cache CacheInfo(hits=9510782, misses=4297, maxsize=None, currsize=4297)
PROGRESS 860 seconds 481.309800863266 cache CacheInfo(hits=9626791, misses=4297, maxsize=None, currsize=4297)
PROGRESS 870 seconds 487.4887843132019 cache CacheInfo(hits=9739817, misses=4297, maxsize=None, currsize=4297)
PROGRESS 880 seconds 503.8793535232544 cache CacheInfo(hits=9849917, misses=4297, maxsize=None, currsize=4297)
PROGRESS 890 seconds 508.5580563545227 cache CacheInfo(hits=9960628, misses=4297, maxsize=None, currsize=4297)
PROGRESS 900 seconds 514.9432957172394 cache CacheInfo(hits=10072055, misses=4297, maxsize=None, currsize=4297)
PROGRESS 910 seconds 520.9628343582153 cache CacheInfo(hits=10182489, misses=4297, maxsize=None, currsize=4297)
PROGRESS 920 seconds 524.6842753887177 cache CacheInfo(hits=10294724, misses=4297, maxsize=None, currsize=4297)
PROGRESS 930 seconds 530.1620881557465 cache CacheInfo(hits=10405051, misses=4297, maxsize=None, currsize=4297)
PROGRESS 940 seconds 534.295007944107 cache CacheInfo(hits=10515056, misses=4297, maxsize=None, currsize=4297)
PROGRESS 950 seconds 547.738744020462 cache CacheInfo(hits=10627997, misses=4297, maxsize=None, currsize=4297)
PROGRESS 960 seconds 557.9349491596222 cache CacheInfo(hits=10737798, misses=4297, maxsize=None, currsize=4297)
PROGRESS 970 seconds 563.6009383201599 cache CacheInfo(hits=10847321, misses=4297, maxsize=None, currsize=4297)
PROGRESS 980 seconds 570.0628190040588 cache CacheInfo(hits=10957498, misses=4297, maxsize=None, currsize=4297)
PROGRESS 990 seconds 576.6231129169464 cache CacheInfo(hits=11068943, misses=4297, maxsize=None, currsize=4297)
PROGRESS 1000 seconds 583.6416230201721 cache CacheInfo(hits=11180174, misses=4297, maxsize=None, currsize=4297)
PROGRESS 1010 seconds 596.1910347938538 cache CacheInfo(hits=11291552, misses=4297, maxsize=None, currsize=4297)
PROGRESS 1020 seconds 601.9915277957916 cache CacheInfo(hits=11401249, misses=4297, maxsize=None, currsize=4297)
PROGRESS 1030 seconds 608.3679518699646 cache CacheInfo(hits=11511466, misses=4297, maxsize=None, currsize=4297)
PROGRESS 1040 seconds 615.7371888160706 cache CacheInfo(hits=11625218, misses=4297, maxsize=None, currsize=4297)
PROGRESS 1050 seconds 623.3940632343292 cache CacheInfo(hits=11735878, misses=4297, maxsize=None, currsize=4297)
PROGRESS 1060 seconds 629.7874293327332 cache CacheInfo(hits=11848365, misses=4297, maxsize=None, currsize=4297)
PROGRESS 1070 seconds 639.4624390602112 cache CacheInfo(hits=11961829, misses=4297, maxsize=None, currsize=4297)
PROGRESS 1080 seconds 648.5625867843628 cache CacheInfo(hits=12074331, misses=4297, maxsize=None, currsize=4297)
PROGRESS 1090 seconds 654.9931833744049 cache CacheInfo(hits=12185695, misses=4297, maxsize=None, currsize=4297)
PROGRESS 1100 seconds 662.3631627559662 cache CacheInfo(hits=12296476, misses=4297, maxsize=None, currsize=4297)
PROGRESS 1110 seconds 668.7784731388092 cache CacheInfo(hits=12409719, misses=4297, maxsize=None, currsize=4297)
PROGRESS 1120 seconds 676.1766147613525 cache CacheInfo(hits=12525164, misses=4297, maxsize=None, currsize=4297)
PROGRESS 1130 seconds 684.3889427185059 cache CacheInfo(hits=12637686, misses=4297, maxsize=None, currsize=4297)
PROGRESS 1140 seconds 691.2876281738281 cache CacheInfo(hits=12750400, misses=4297, maxsize=None, currsize=4297)
PROGRESS 1150 seconds 698.2083146572113 cache CacheInfo(hits=12862889, misses=4297, maxsize=None, currsize=4297)
PROGRESS 1160 seconds 705.9297995567322 cache CacheInfo(hits=12975356, misses=4297, maxsize=None, currsize=4297)
PROGRESS 1170 seconds 712.5822989940643 cache CacheInfo(hits=13085530, misses=4297, maxsize=None, currsize=4297)
PROGRESS 1180 seconds 719.5467808246613 cache CacheInfo(hits=13197487, misses=4297, maxsize=None, currsize=4297)
PROGRESS 1190 seconds 727.6322326660156 cache CacheInfo(hits=13308339, misses=4297, maxsize=None, currsize=4297)
PROGRESS 1200 seconds 733.3791265487671 cache CacheInfo(hits=13420346, misses=4297, maxsize=None, currsize=4297)
PROGRESS 1210 seconds 740.0501832962036 cache CacheInfo(hits=13533275, misses=4297, maxsize=None, currsize=4297)
PROGRESS 1220 seconds 747.6633861064911 cache CacheInfo(hits=13644082, misses=4297, maxsize=None, currsize=4297)
PROGRESS 1230 seconds 754.4568979740143 cache CacheInfo(hits=13757242, misses=4297, maxsize=None, currsize=4297)
PROGRESS 1240 seconds 759.7395122051239 cache CacheInfo(hits=13870514, misses=4297, maxsize=None, currsize=4297)
PROGRESS 1250 seconds 766.7487936019897 cache CacheInfo(hits=13980383, misses=4297, maxsize=None, currsize=4297)
PROGRESS 1260 seconds 773.255931854248 cache CacheInfo(hits=14092945, misses=4297, maxsize=None, currsize=4297)
PROGRESS 1270 seconds 786.2493116855621 cache CacheInfo(hits=14204277, misses=4297, maxsize=None, currsize=4297)
PROGRESS 1280 seconds 793.5532512664795 cache CacheInfo(hits=14315098, misses=4297, maxsize=None, currsize=4297)
PROGRESS 1290 seconds 800.2258009910583 cache CacheInfo(hits=14426911, misses=4297, maxsize=None, currsize=4297)
PROGRESS 1300 seconds 806.8054525852203 cache CacheInfo(hits=14536758, misses=4297, maxsize=None, currsize=4297)
PROGRESS 1310 seconds 812.5486171245575 cache CacheInfo(hits=14647453, misses=4297, maxsize=None, currsize=4297)
PROGRESS 1320 seconds 818.7281837463379 cache CacheInfo(hits=14757685, misses=4297, maxsize=None, currsize=4297)
PROGRESS 1330 seconds 825.9529166221619 cache CacheInfo(hits=14870475, misses=4297, maxsize=None, currsize=4297)
PROGRESS 1340 seconds 834.8410487174988 cache CacheInfo(hits=14982220, misses=4297, maxsize=None, currsize=4297)
PROGRESS 1350 seconds 840.4743504524231 cache CacheInfo(hits=15092510, misses=4297, maxsize=None, currsize=4297)
PROGRESS 1360 seconds 850.5739004611969 cache CacheInfo(hits=15204697, misses=4297, maxsize=None, currsize=4297)
PROGRESS 1370 seconds 855.825850725174 cache CacheInfo(hits=15314709, misses=4297, maxsize=None, currsize=4297)
PROGRESS 1380 seconds 869.77033162117 cache CacheInfo(hits=15429898, misses=4297, maxsize=None, currsize=4297)
PROGRESS 1390 seconds 875.746823310852 cache CacheInfo(hits=15541563, misses=4297, maxsize=None, currsize=4297)
PROGRESS 1400 seconds 881.5286071300507 cache CacheInfo(hits=15654499, misses=4297, maxsize=None, currsize=4297)
PROGRESS 1410 seconds 889.7386770248413 cache CacheInfo(hits=15767615, misses=4297, maxsize=None, currsize=4297)
PROGRESS 1420 seconds 896.1290326118469 cache CacheInfo(hits=15880582, misses=4297, maxsize=None, currsize=4297)
PROGRESS 1430 seconds 903.3098745346069 cache CacheInfo(hits=15992275, misses=4297, maxsize=None, currsize=4297)
PROGRESS 1440 seconds 910.3581430912018 cache CacheInfo(hits=16103471, misses=4297, maxsize=None, currsize=4297)
PROGRESS 1450 seconds 915.9657118320465 cache CacheInfo(hits=16213228, misses=4297, maxsize=None, currsize=4297)
PROGRESS 1460 seconds 921.59379529953 cache CacheInfo(hits=16325284, misses=4297, maxsize=None, currsize=4297)
PROGRESS 1470 seconds 928.4305820465088 cache CacheInfo(hits=16436034, misses=4297, maxsize=None, currsize=4297)
PROGRESS 1480 seconds 935.1912825107574 cache CacheInfo(hits=16546392, misses=4297, maxsize=None, currsize=4297)
PROGRESS 1490 seconds 943.4758868217468 cache CacheInfo(hits=16658309, misses=4297, maxsize=None, currsize=4297)
PROGRESS 1500 seconds 950.363499879837 cache CacheInfo(hits=16768379, misses=4297, maxsize=None, currsize=4297)
PROGRESS 1510 seconds 956.629417181015 cache CacheInfo(hits=16882379, misses=4297, maxsize=None, currsize=4297)
PROGRESS 1520 seconds 961.8931183815002 cache CacheInfo(hits=16992014, misses=4297, maxsize=None, currsize=4297)
PROGRESS 1530 seconds 968.3898959159851 cache CacheInfo(hits=17102334, misses=4297, maxsize=None, currsize=4297)
PROGRESS 1540 seconds 975.7300279140472 cache CacheInfo(hits=17212932, misses=4297, maxsize=None, currsize=4297)
PROGRESS 1550 seconds 982.4992408752441 cache CacheInfo(hits=17322830, misses=4297, maxsize=None, currsize=4297)
PROGRESS 1560 seconds 988.3798878192902 cache CacheInfo(hits=17432794, misses=4297, maxsize=None, currsize=4297)
PROGRESS 1570 seconds 995.4367234706879 cache CacheInfo(hits=17544221, misses=4297, maxsize=None, currsize=4297)
PROGRESS 1580 seconds 1001.6300284862518 cache CacheInfo(hits=17654384, misses=4297, maxsize=None, currsize=4297)
PROGRESS 1590 seconds 1008.7028186321259 cache CacheInfo(hits=17765327, misses=4297, maxsize=None, currsize=4297)
PROGRESS 1600 seconds 1015.1752951145172 cache CacheInfo(hits=17877963, misses=4297, maxsize=None, currsize=4297)
PROGRESS 1610 seconds 1021.1857478618622 cache CacheInfo(hits=17988141, misses=4297, maxsize=None, currsize=4297)
PROGRESS 1620 seconds 1030.2402517795563 cache CacheInfo(hits=18100278, misses=4297, maxsize=None, currsize=4297)
PROGRESS 1630 seconds 1038.7971625328064 cache CacheInfo(hits=18214964, misses=4297, maxsize=None, currsize=4297)
PROGRESS 1640 seconds 1045.4937579631805 cache CacheInfo(hits=18326931, misses=4297, maxsize=None, currsize=4297)
PROGRESS 1650 seconds 1050.6738550662994 cache CacheInfo(hits=18436894, misses=4297, maxsize=None, currsize=4297)
PROGRESS 1660 seconds 1057.7417016029358 cache CacheInfo(hits=18552126, misses=4297, maxsize=None, currsize=4297)
PROGRESS 1670 seconds 1063.9791224002838 cache CacheInfo(hits=18662647, misses=4297, maxsize=None, currsize=4297)
PROGRESS 1680 seconds 1070.678940296173 cache CacheInfo(hits=18775685, misses=4297, maxsize=None, currsize=4297)
PROGRESS 1690 seconds 1077.2079424858093 cache CacheInfo(hits=18889324, misses=4297, maxsize=None, currsize=4297)
PROGRESS 1700 seconds 1083.8333015441895 cache CacheInfo(hits=18999197, misses=4297, maxsize=None, currsize=4297)
PROGRESS 1710 seconds 1090.105943441391 cache CacheInfo(hits=19113410, misses=4297, maxsize=None, currsize=4297)
PROGRESS 1720 seconds 1095.948646068573 cache CacheInfo(hits=19224242, misses=4297, maxsize=None, currsize=4297)
PROGRESS 1730 seconds 1103.4771440029144 cache CacheInfo(hits=19336781, misses=4297, maxsize=None, currsize=4297)
PROGRESS 1740 seconds 1111.1679556369781 cache CacheInfo(hits=19450823, misses=4297, maxsize=None, currsize=4297)
PROGRESS 1750 seconds 1118.734608888626 cache CacheInfo(hits=19561564, misses=4297, maxsize=None, currsize=4297)
PROGRESS 1760 seconds 1126.8476066589355 cache CacheInfo(hits=19672537, misses=4297, maxsize=None, currsize=4297)
PROGRESS 1770 seconds 1134.436006784439 cache CacheInfo(hits=19782801, misses=4297, maxsize=None, currsize=4297)
PROGRESS 1780 seconds 1141.1066987514496 cache CacheInfo(hits=19893212, misses=4297, maxsize=None, currsize=4297)
PROGRESS 1790 seconds 1147.5494456291199 cache CacheInfo(hits=20003361, misses=4297, maxsize=None, currsize=4297)
PROGRESS 1800 seconds 1154.7993657588959 cache CacheInfo(hits=20114290, misses=4297, maxsize=None, currsize=4297)
PROGRESS 1810 seconds 1161.3549826145172 cache CacheInfo(hits=20226082, misses=4297, maxsize=None, currsize=4297)
PROGRESS 1820 seconds 1167.5956382751465 cache CacheInfo(hits=20336064, misses=4297, maxsize=None, currsize=4297)
PROGRESS 1830 seconds 1174.1735622882843 cache CacheInfo(hits=20445774, misses=4297, maxsize=None, currsize=4297)
PROGRESS 1840 seconds 1181.29554605484 cache CacheInfo(hits=20558415, misses=4297, maxsize=None, currsize=4297)
PROGRESS 1850 seconds 1186.5776996612549 cache CacheInfo(hits=20670509, misses=4297, maxsize=None, currsize=4297)
PROGRESS 1860 seconds 1193.1951270103455 cache CacheInfo(hits=20780301, misses=4297, maxsize=None, currsize=4297)
PROGRESS 1870 seconds 1201.5698599815369 cache CacheInfo(hits=20891140, misses=4297, maxsize=None, currsize=4297)
PROGRESS 1880 seconds 1209.2273979187012 cache CacheInfo(hits=21002231, misses=4297, maxsize=None, currsize=4297)
PROGRESS 1890 seconds 1215.4808814525604 cache CacheInfo(hits=21112725, misses=4297, maxsize=None, currsize=4297)
PROGRESS 1900 seconds 1220.1570179462433 cache CacheInfo(hits=21225212, misses=4297, maxsize=None, currsize=4297)
PROGRESS 1910 seconds 1227.0957219600677 cache CacheInfo(hits=21337009, misses=4297, maxsize=None, currsize=4297)
PROGRESS 1920 seconds 1232.8488986492157 cache CacheInfo(hits=21447377, misses=4297, maxsize=None, currsize=4297)
PROGRESS 1930 seconds 1239.9563734531403 cache CacheInfo(hits=21557417, misses=4297, maxsize=None, currsize=4297)
PROGRESS 1940 seconds 1246.886004447937 cache CacheInfo(hits=21671112, misses=4297, maxsize=None, currsize=4297)
PROGRESS 1950 seconds 1253.9119477272034 cache CacheInfo(hits=21782957, misses=4297, maxsize=None, currsize=4297)
PROGRESS 1960 seconds 1260.5939922332764 cache CacheInfo(hits=21893976, misses=4297, maxsize=None, currsize=4297)
PROGRESS 1970 seconds 1267.2042996883392 cache CacheInfo(hits=22008092, misses=4297, maxsize=None, currsize=4297)
PROGRESS 1980 seconds 1273.606458902359 cache CacheInfo(hits=22118686, misses=4297, maxsize=None, currsize=4297)
PROGRESS 1990 seconds 1280.2357127666473 cache CacheInfo(hits=22230301, misses=4297, maxsize=None, currsize=4297)
DONE 2000 1.2457633046286671 1287.1590867042542
