BEST {"case": 0, "core": [1, 1, 3, 7], "left_counts": {"1": 2, "2": 21, "4": 1, "3": 20, "5": 100, "6": 5, "7": 100}, "right_types": [1, 2, 4, 9, 10, 12], "right_populations": [1, 1, 1, 3, 2, 2], "right_totals": [2.559620369100985, 2.6371324661603777, 2.641498510857666, 0.9543642449965537, 0.8367276827653564, 0.8428010634708221], "normalized_ratio": 1.2988798649413826, "optimizer_success": false}
BEST {"case": 0, "core": [1, 1, 3, 7], "left_counts": {"1": 2, "2": 21, "4": 1, "3": 20, "5": 100, "6": 5, "7": 100}, "right_types": [1, 2, 4, 9, 10, 12], "right_populations": [1, 1, 1, 3, 2, 2], "right_totals": [0.750391058377042, 0.7731148999074176, 0.7743948493444636, 0.27978620086268996, 0.24529923463900227, 0.24707974109054712], "normalized_ratio": 1.298879864941378, "optimizer_success": true}
PROGRESS 0 0.05762338638305664
BEST {"case": 1, "core": [1, 1, 1, 3], "left_counts": {"1": 5, "2": 4, "4": 5, "5": 3, "3": 3, "6": 4, "7": 1}, "right_types": [1, 2, 4, 9, 10, 12], "right_populations": [1, 1, 1, 3, 2, 2], "right_totals": [2.4118305128595243, 2.4941443203486275, 2.4941443203486235, 1.014458751607515, 0.8879294369276325, 0.8879294369276388], "normalized_ratio": 1.296989765974384, "optimizer_success": true}
BEST {"case": 1, "core": [1, 1, 1, 3], "left_counts": {"1": 5, "2": 4, "4": 5, "5": 3, "3": 3, "6": 4, "7": 1}, "right_types": [1, 2, 4, 9, 10, 12], "right_populations": [1, 1, 1, 3, 2, 2], "right_totals": [0.5457815222925916, 0.5644085952937629, 0.5644085960817298, 0.22956540109907547, 0.20093264163230562, 0.20093264466721159], "normalized_ratio": 1.296989765974383, "optimizer_success": true}
BEST {"case": 1, "core": [1, 1, 1, 3], "left_counts": {"1": 5, "2": 4, "4": 5, "5": 3, "3": 3, "6": 4, "7": 1}, "right_types": [1, 2, 4, 9, 10, 12], "right_populations": [1, 1, 1, 3, 2, 2], "right_totals": [1.8386911930994116, 1.901444220266545, 1.9014442172341974, 0.7733861426653327, 0.6769248662898166, 0.6769248406086584], "normalized_ratio": 1.2969897659743772, "optimizer_success": true}
BEST {"case": 2, "core": [1, 1, 1, 3], "left_counts": {"1": 5, "2": 3, "4": 3, "7": 5, "6": 4, "5": 3, "3": 3}, "right_types": [1, 2, 4, 9, 10, 12], "right_populations": [1, 1, 1, 3, 2, 2], "right_totals": [2.4356754170847332, 2.517230420195183, 2.5172304201951863, 1.0047380386293705, 0.8796937831675744, 0.8796937831675705], "normalized_ratio": 1.2958498632772983, "optimizer_success": true}
BEST {"case": 5, "core": [1, 1, 1, 3], "left_counts": {"1": 5, "2": 4, "4": 2, "3": 6, "5": 2, "6": 4, "7": 1}, "right_types": [1, 2, 4, 9, 10, 12], "right_populations": [1, 1, 1, 3, 2, 2], "right_totals": [2.4383631605400065, 2.519783670965668, 2.5197836709656656, 1.0037001572886781, 0.8787719288819277, 0.8787719288819257], "normalized_ratio": 1.2957863884689658, "optimizer_success": true}
BEST {"case": 5, "core": [1, 1, 1, 3], "left_counts": {"1": 5, "2": 4, "4": 2, "3": 6, "5": 2, "6": 4, "7": 1}, "right_types": [1, 2, 4, 9, 10, 12], "right_populations": [1, 1, 1, 3, 2, 2], "right_totals": [1.131645376088121, 1.1694324651384593, 1.1694324604462665, 0.4658176176896735, 0.4078384360105224, 0.40783843700023686], "normalized_ratio": 1.2957863884689613, "optimizer_success": true}
BEST {"case": 11, "core": [1, 1, 3, 7], "left_counts": {"1": 3, "2": 5, "4": 5, "7": 4, "6": 2, "3": 4, "5": 2}, "right_types": [1, 2, 4, 9, 10, 12], "right_populations": [1, 1, 1, 3, 2, 2], "right_totals": [2.387251753550549, 2.4690929948727987, 2.5079110672149696, 0.9944260395392234, 0.8711720699412369, 0.9370375923582145], "normalized_ratio": 1.29258150033122, "optimizer_success": true}
BEST {"case": 11, "core": [1, 1, 3, 7], "left_counts": {"1": 3, "2": 5, "4": 5, "7": 4, "6": 2, "3": 4, "5": 2}, "right_types": [1, 2, 4, 9, 10, 12], "right_populations": [1, 1, 1, 3, 2, 2], "right_totals": [4.074143495942954, 4.21381579377621, 4.2800636776233825, 1.697112314969474, 1.4867640286691437, 1.5991717589553063], "normalized_ratio": 1.2925815003312178, "optimizer_success": true}
PROGRESS 50 1.7858173847198486
BEST {"case": 88, "core": [1, 1, 3, 7], "left_counts": {"1": 4, "2": 4, "4": 2, "5": 5, "7": 5, "6": 1, "3": 2}, "right_types": [1, 2, 4, 9, 10, 12], "right_populations": [1, 1, 1, 3, 2, 2], "right_totals": [2.373718775088865, 2.4548139489912275, 2.5273015837432453, 0.9777225781045825, 0.8570153334351943, 0.972460774979209], "normalized_ratio": 1.2919169798580368, "optimizer_success": true}
PROGRESS 100 3.6550400257110596
BEST {"case": 143, "core": [1, 1, 3, 7], "left_counts": {"1": 2, "2": 4, "4": 4, "7": 4, "5": 4, "6": 2, "3": 2}, "right_types": [1, 2, 4, 9, 10, 12], "right_populations": [1, 1, 1, 3, 2, 2], "right_totals": [2.3728874372729085, 2.454579048001494, 2.5051394395434183, 0.9907744607286073, 0.867992325825368, 0.9563227628329791], "normalized_ratio": 1.2915304488707178, "optimizer_success": true}
PROGRESS 150 5.259491920471191
PROGRESS 200 6.894682168960571
PROGRESS 250 8.829048871994019
PROGRESS 300 10.354658842086792
BEST {"case": 341, "core": [1, 1, 3, 7], "left_counts": {"1": 3, "2": 1, "4": 6, "6": 6, "7": 5, "5": 2, "3": 2}, "right_types": [1, 2, 4, 9, 10, 12], "right_populations": [1, 1, 1, 3, 2, 2], "right_totals": [2.3952516643930273, 2.4763410400454466, 2.5264734852318926, 0.982482251272488, 0.8609876525775491, 0.9466365280271585], "normalized_ratio": 1.290970029189117, "optimizer_success": true}
BEST {"case": 341, "core": [1, 1, 3, 7], "left_counts": {"1": 3, "2": 1, "4": 6, "6": 6, "7": 5, "5": 2, "3": 2}, "right_types": [1, 2, 4, 9, 10, 12], "right_populations": [1, 1, 1, 3, 2, 2], "right_totals": [8.430057354485106, 8.715450406938524, 8.891890851472873, 3.4578336667344263, 3.030234929519296, 3.331675062465524], "normalized_ratio": 1.2909700291891124, "optimizer_success": true}
PROGRESS 350 11.863945245742798
PROGRESS 400 13.33962631225586
PROGRESS 450 14.986723899841309
PROGRESS 500 16.537904739379883
PROGRESS 550 17.99804949760437
DONE 600 1.2909700291891124 19.50275444984436
