fraction-free inverse and contraction 5.381037712097168
{'all_pass': True, 'matrix_dimension': 7, 'quadratic_coefficient_identities': 10, 'method': 'fresh assignment counts and fraction-free inverse, no cached matrix', 'seconds': 11.146713495254517}
130 (1, 2) PASS
130 (1, 3) PASS
130 (1, 6) PASS
130 (1, 7) PASS
130 (2, 3) PASS
130 (2, 5) PASS
130 (2, 7) PASS
130 (3, 3) PASS
130 (3, 5) PASS
130 (3, 6) PASS
130 (3, 7) PASS
130 (5, 6) PASS
130 (5, 7) PASS
130 (6, 7) PASS
130 (7, 7) PASS
ALL PASS 211 53828
fraction-free inverse and contraction 9.273313522338867
{'all_pass': True, 'matrix_dimension': 7, 'quadratic_coefficient_identities': 10, 'method': 'fresh assignment counts and fraction-free inverse, no cached matrix', 'seconds': 29.033753871917725}
170 fresh Boolean numerator PASS 19888
170 (1, 2) PASS
170 (1, 3) PASS
170 (1, 6) PASS
170 (1, 7) PASS
170 (2, 3) PASS
170 (2, 5) PASS
170 (2, 7) PASS
170 (3, 3) PASS
170 (3, 5) PASS
170 (3, 6) PASS
170 (3, 7) PASS
170 (5, 6) PASS
170 (5, 7) PASS
170 (6, 7) PASS
170 (7, 7) PASS
ALL PASS 277 317512
All nested BB matrix identities, support polynomials, SOS and rational repairs pass.
