Checking exact symbolic identities...
Checking periods and sharp asymptotics numerically...
{
  "status": "PASS",
  "symbolic": {
    "closedness_h": [
      1,
      8
    ],
    "real_monomial_Hermite_cases": 60,
    "real_monomial_range": "1 <= h <= 5; 0 <= k <= 2h+5",
    "imaginary_monomial_cases": [
      [
        1,
        0
      ],
      [
        1,
        1
      ],
      [
        1,
        2
      ],
      [
        1,
        3
      ],
      [
        2,
        0
      ],
      [
        2,
        1
      ],
      [
        2,
        2
      ],
      [
        2,
        3
      ],
      [
        2,
        4
      ],
      [
        2,
        5
      ],
      [
        3,
        0
      ],
      [
        3,
        1
      ],
      [
        3,
        3
      ]
    ],
    "normalization_h": [
      1,
      8
    ]
  },
  "period_errors": [
    "2.9400411811e-50",
    "6.94918824624e-50",
    "3.10040706371e-49",
    "3.46390306428e-48"
  ],
  "elapsed_seconds": 7.743
}
Saved /mnt/data/fueter_periods/data/verification.json
