{
  "status": "PASS",
  "scope": "finite diagnostics, not formal theorem verification",
  "versions": {
    "python": "3.13.5",
    "sympy": "1.14.0",
    "mpmath": "1.3.0"
  },
  "exact": {
    "closedness": 8,
    "reflection": 16,
    "injectivity_evaluations": 16,
    "normalization": 8,
    "imaginary_constant": 8,
    "monomial_Hermite_identities": 55,
    "axis_confluence": 55,
    "calibration_monomials": 40,
    "reflection_homology_matrices": 49,
    "tangent_norm_identity": 1
  },
  "numerical": [
    {
      "h": 1,
      "loop": "upper",
      "nodes": 192,
      "observed_max_abs_error": "4.6672614584e-61",
      "period_coefficients": [
        "1.0",
        "1.0"
      ]
    },
    {
      "h": 1,
      "loop": "lower",
      "nodes": 192,
      "observed_max_abs_error": "7.77876909733e-62",
      "period_coefficients": [
        "-1.0",
        "-1.0"
      ]
    },
    {
      "h": 1,
      "loop": "real_center",
      "nodes": 192,
      "observed_max_abs_error": "3.79520556089e-60",
      "period_coefficients": [
        "2.586906239686558817e-60",
        "-3.7952055608854916645e-60"
      ]
    },
    {
      "h": 2,
      "loop": "upper",
      "nodes": 192,
      "observed_max_abs_error": "9.33452291679e-61",
      "period_coefficients": [
        "1.0",
        "1.0",
        "1.7564614017282382794e-61",
        "-4.4547934101803144767e-61"
      ]
    },
    {
      "h": 2,
      "loop": "lower",
      "nodes": 192,
      "observed_max_abs_error": "3.88938454866e-61",
      "period_coefficients": [
        "-1.0",
        "-1.0",
        "-7.8913483266051285017e-62",
        "-2.7619719143117949756e-61"
      ]
    },
    {
      "h": 2,
      "loop": "real_center",
      "nodes": 192,
      "observed_max_abs_error": "1.20549743346e-54",
      "period_coefficients": [
        "2.5117192368512478375e-56",
        "-9.1983067437021358674e-57",
        "1.2054974334606171314e-54",
        "-4.9064462319972260001e-56"
      ]
    },
    {
      "h": 3,
      "loop": "upper",
      "nodes": 192,
      "observed_max_abs_error": "8.56593132872e-61",
      "period_coefficients": [
        "1.0",
        "1.0",
        "-3.2583631800176014458e-61",
        "5.1166484311213897704e-61",
        "4.9639126570580647027e-61",
        "8.565931328718147551e-61"
      ]
    },
    {
      "h": 3,
      "loop": "lower",
      "nodes": 192,
      "observed_max_abs_error": "2.47559233794e-60",
      "period_coefficients": [
        "-1.0",
        "-1.0",
        "-1.6291815900088007229e-61",
        "2.4755923379430604735e-60",
        "-1.5273577406332506777e-62",
        "4.4166094666644832098e-61"
      ]
    },
    {
      "h": 3,
      "loop": "real_center",
      "nodes": 192,
      "observed_max_abs_error": "2.69028152518e-49",
      "period_coefficients": [
        "2.1020438848416222824e-52",
        "3.8999033036703787858e-52",
        "3.3628608232865599338e-50",
        "1.247962720270291812e-50",
        "2.690281525181849406e-49",
        "1.9966545036032052289e-50"
      ]
    }
  ],
  "max_h_monomials": 5,
  "runtime_seconds": 3.837
}
