audited 50/1275 cases; 0 failures
audited 100/1275 cases; 0 failures
audited 150/1275 cases; 0 failures
audited 200/1275 cases; 0 failures
audited 250/1275 cases; 0 failures
audited 300/1275 cases; 0 failures
audited 350/1275 cases; 0 failures
audited 400/1275 cases; 0 failures
audited 450/1275 cases; 0 failures
audited 500/1275 cases; 0 failures
audited 550/1275 cases; 0 failures
audited 600/1275 cases; 0 failures
audited 650/1275 cases; 0 failures
audited 700/1275 cases; 0 failures
audited 750/1275 cases; 0 failures
audited 800/1275 cases; 0 failures
audited 850/1275 cases; 0 failures
audited 900/1275 cases; 0 failures
audited 950/1275 cases; 0 failures
audited 1000/1275 cases; 0 failures
audited 1050/1275 cases; 0 failures
audited 1100/1275 cases; 0 failures
audited 1150/1275 cases; 0 failures
audited 1200/1275 cases; 0 failures
audited 1250/1275 cases; 0 failures
{
  "schema": "regina-weighted-normal-audit-v1",
  "regina_version": "7.4",
  "seed": 20261009,
  "cases": 1275,
  "triangulations": 45,
  "checks": 3825,
  "certificate_replays": 3825,
  "normalized_count_checks": 1275,
  "normalized_count_certificate_replays": 1275,
  "failures": [],
  "modes": [
    "disk",
    "summary",
    "coordinates"
  ],
  "category_counts": {
    "empty": 15,
    "vertex_surface_multiple": 504,
    "parallel_meridians": 37,
    "meridians_plus_vertex_links": 99,
    "relabelled_empty": 30,
    "relabelled_vertex_surface_multiple": 202,
    "relabelled_parallel_meridians": 16,
    "relabelled_meridians_plus_vertex_links": 32,
    "compatible_mixture": 75,
    "relabelled_compatible_mixture": 22,
    "sphere_disc_mobius_mixture": 168,
    "relabelled_sphere_disc_mobius_mixture": 28,
    "sphere_plus_negative_chi": 39,
    "relabelled_sphere_plus_negative_chi": 8
  },
  "max_normal_discs": 1004,
  "max_tetrahedra": 10,
  "critical_cases": {
    "disconnected_inputs": 976,
    "nonorientable_component_inputs": 252,
    "essential_discs_with_total_homology_cancellation": 198,
    "positive_total_chi_without_any_disc": 72,
    "chi_one_nonzero_boundary_class_without_any_disc": 10,
    "orientable_chi_one_nonzero_boundary_class_without_any_disc": 6
  },
  "normalization_cases": {
    "zero_quadrilateral_inputs": 152,
    "nontrivial_quadrilateral_divisor": 778,
    "strict_coordinate_bit_reduction": 943,
    "positive_vertex_link_peel": 537
  },
  "seconds": 16.261547449001228,
  "corpus_file": "normal_audit_20261009_corpus.json"
}
