{
  "status": "exact symbolic identities plus numerical diagnostics; analytic proof is in section fragment",
  "baseline_commit": "570b0567f311cf1890865065896be2665f469e4f",
  "precision_digits": 240,
  "A": 2,
  "theta": "1.1326724976048811459063950909021793537758788263513",
  "u_star": {
    "real": "0.46935363565827386211173511191747373534046302317703",
    "imag": "1.1326724976048811459063950909021793537758788263513"
  },
  "C1": {
    "real": "-0.84354878811390871262942162936084208821984565894099",
    "imag": "0.37755749920162704863546503030072645125862627545044"
  },
  "C2": {
    "real": "0.14539607251317271856241928467865646799151960866834",
    "imag": "-0.34605385743801291772700624180214230948811969275676"
  },
  "even_puiseux_polynomials": {
    "1": "(u - 3)/3",
    "2": "-(2*u**2 - 45*u + 90)/135",
    "3": "-(4*u**3 + 252*u**2 - 2961*u + 4725)/8505",
    "4": "(2*u**4 - 36*u**3 - 1116*u**2 + 9387*u - 12852)/25515"
  },
  "finite_constant_polynomials": {
    "1": "(u - 3)/3",
    "2": "(4*u**2 - 45*u + 45)/135",
    "3": "-(8*u**3 + 252*u**2 - 1197*u + 945)/2835",
    "4": "-(16*u**4 - 144*u**3 - 1620*u**2 + 5355*u - 3591)/8505"
  },
  "independent_coefficient_max_relative_error": "4.60896690294e-222",
  "partial_sum_diagnostics": [
    {
      "N": 40,
      "first_finite_part_estimate": {
        "real": "-0.852798449373759115976731974508",
        "imag": "0.379529610889532458936026467942"
      },
      "first_scaled_error": "0.05981486702536434706",
      "second_finite_part_estimate": {
        "real": "0.146292123528803897978399174388",
        "imag": "-0.318205570581533302682690774613"
      },
      "second_scaled_error": "0.17621918037074045448",
      "second_error_without_conjugate_subtraction": "1.55494051981501613"
    },
    {
      "N": 100,
      "first_finite_part_estimate": {
        "real": "-0.809812849021379540690731408848",
        "imag": "0.398754228075700520563026444909"
      },
      "first_scaled_error": "0.3984237569994814009",
      "second_finite_part_estimate": {
        "real": "0.126454648495983932138626026279",
        "imag": "-0.32284489894388691455199043524"
      },
      "second_scaled_error": "0.29957191092974650527",
      "second_error_without_conjugate_subtraction": "2.4543064684958667477"
    },
    {
      "N": 200,
      "first_finite_part_estimate": {
        "real": "-0.824694283956076525418011854971",
        "imag": "0.395422511840725147532436139346"
      },
      "first_scaled_error": "0.36732846435658809574",
      "second_finite_part_estimate": {
        "real": "0.132826996055526903353543346711",
        "imag": "-0.332145289642795620335038643681"
      },
      "second_scaled_error": "0.26511504714455648089",
      "second_error_without_conjugate_subtraction": "3.4646725244791566622"
    },
    {
      "N": 400,
      "first_finite_part_estimate": {
        "real": "-0.838320085453820160682725249372",
        "imag": "0.390253501382072633188355519774"
      },
      "first_scaled_error": "0.27461085402692744731",
      "second_finite_part_estimate": {
        "real": "0.139270206829569373444311777455",
        "imag": "-0.338713777546699305869003172561"
      },
      "second_scaled_error": "0.19120983571397735277",
      "second_error_without_conjugate_subtraction": "4.8916585895826780663"
    },
    {
      "N": 600,
      "first_finite_part_estimate": {
        "real": "-0.844467722841362288448309995735",
        "imag": "0.383794803028455358708488743681"
      },
      "first_scaled_error": "0.15443134408821402042",
      "second_finite_part_estimate": {
        "real": "0.143439224545115290816330431373",
        "imag": "-0.340226551855524383894222284539"
      },
      "second_scaled_error": "0.15057239651767354602",
      "second_error_without_conjugate_subtraction": "5.9829717982329773248"
    }
  ],
  "general_formula_diagnostics": [
    {
      "p": 2,
      "N": 100,
      "finite_part_estimate": {
        "real": "0.126454648495983932138626026279",
        "imag": "-0.32284489894388691455199043524"
      },
      "sqrt_N_times_error": "0.29957191092974650527"
    },
    {
      "p": 2,
      "N": 200,
      "finite_part_estimate": {
        "real": "0.132826996055526903353543346711",
        "imag": "-0.332145289642795620335038643681"
      },
      "sqrt_N_times_error": "0.26511504714455648089"
    },
    {
      "p": 2,
      "N": 400,
      "finite_part_estimate": {
        "real": "0.139270206829569373444311777455",
        "imag": "-0.338713777546699305869003172561"
      },
      "sqrt_N_times_error": "0.19120983571397735277"
    },
    {
      "p": 2,
      "N": 600,
      "finite_part_estimate": {
        "real": "0.143439224545115290816330431373",
        "imag": "-0.340226551855524383894222284539"
      },
      "sqrt_N_times_error": "0.15057239651767354602"
    },
    {
      "p": 3,
      "N": 100,
      "finite_part_estimate": {
        "real": "-0.0376755374598250802098807113512",
        "imag": "0.358865357129742735990192816901"
      },
      "sqrt_N_times_error": "0.26910289478963777963"
    },
    {
      "p": 3,
      "N": 200,
      "finite_part_estimate": {
        "real": "-0.0380009383899842825296993903933",
        "imag": "0.367396410467645812838921691197"
      },
      "sqrt_N_times_error": "0.26079192442115854125"
    },
    {
      "p": 3,
      "N": 400,
      "finite_part_estimate": {
        "real": "-0.0388810207731320374707817370169",
        "imag": "0.373040090719777439425015438421"
      },
      "sqrt_N_times_error": "0.26046122716719323756"
    },
    {
      "p": 3,
      "N": 600,
      "finite_part_estimate": {
        "real": "-0.0394305992977748899071965587409",
        "imag": "0.37478295808039964395966772117"
      },
      "sqrt_N_times_error": "0.28145789441889292725"
    },
    {
      "p": 4,
      "N": 100,
      "finite_part_estimate": {
        "real": "-0.0830057418124771085790124518803",
        "imag": "-0.493554085387812127415834038087"
      },
      "sqrt_N_times_error": "0.32818191146488344012"
    },
    {
      "p": 4,
      "N": 200,
      "finite_part_estimate": {
        "real": "-0.0872509013028857984576637905387",
        "imag": "-0.499593150529207767190481722985"
      },
      "sqrt_N_times_error": "0.36043757808527067243"
    },
    {
      "p": 4,
      "N": 400,
      "finite_part_estimate": {
        "real": "-0.0906475292697562733351564280244",
        "imag": "-0.502281525785658880571525476687"
      },
      "sqrt_N_times_error": "0.42436153764687468759"
    },
    {
      "p": 4,
      "N": 600,
      "finite_part_estimate": {
        "real": "-0.0935718086436420430439144702333",
        "imag": "-0.502611495665336680567096813717"
      },
      "sqrt_N_times_error": "0.46927616788877708617"
    }
  ],
  "max_same_sign_run_in_100_to_600": 3,
  "example_same_sign_triples": [
    {
      "start": 101,
      "end": 103,
      "sign": -1
    },
    {
      "start": 106,
      "end": 108,
      "sign": -1
    },
    {
      "start": 109,
      "end": 111,
      "sign": 1
    },
    {
      "start": 112,
      "end": 114,
      "sign": -1
    },
    {
      "start": 115,
      "end": 117,
      "sign": 1
    },
    {
      "start": 120,
      "end": 122,
      "sign": 1
    },
    {
      "start": 123,
      "end": 125,
      "sign": -1
    },
    {
      "start": 126,
      "end": 128,
      "sign": 1
    }
  ]
}
