{
  "exact_residual_through": 8,
  "exact_sign_certificates": 6,
  "numerical_cases": 76,
  "all_checks_passed": true,
  "direct": [
    {
      "X": 4,
      "N": 12,
      "sigma": "0.433629385640827046149426466882",
      "normalized_error": "0.9180683137840369690043603508997237418487",
      "through_B2": "0.9185311807733326992467770525033814072226",
      "X3_residual": "-0.0296234873149267355146689",
      "comparison_ratio": "1.04815277083337172266884029165"
    },
    {
      "X": 8,
      "N": 25,
      "sigma": "0.867258771281654092298852933764",
      "normalized_error": "0.9573226104155166319441719223647803993423",
      "through_B2": "0.9573811151930944135992320417167242366467",
      "X3_residual": "-0.02995444611982420739078111",
      "comparison_ratio": "1.0200661350082393646182662917"
    },
    {
      "X": 12,
      "N": 37,
      "sigma": "0.300888156922481138448279400646",
      "normalized_error": "0.9758754943648619774575605229903932022776",
      "through_B2": "0.9758879979558807015780824544315198035449",
      "X3_residual": "-0.02160620528035528026189753",
      "comparison_ratio": "1.0182378610416900859738068501"
    },
    {
      "X": 20,
      "N": 62,
      "sigma": "0.16814692820413523074713233441",
      "normalized_error": "0.9877449175326807683294604829364780165273",
      "through_B2": "0.9877479997370339483353735831589146705291",
      "X3_residual": "-0.02465763482544004730480178",
      "comparison_ratio": "1.01309910772546940928638421724"
    },
    {
      "X": 30,
      "N": 94,
      "sigma": "0.752220392306202846120698501615",
      "normalized_error": "0.9884110335543773665920284276789606265619",
      "through_B2": "0.9884119586982666098446263993535509232451",
      "X3_residual": "-0.02497888500956782014523521",
      "comparison_ratio": "1.0051101728122037970712432996"
    },
    {
      "X": 40,
      "N": 125,
      "sigma": "0.33629385640827046149426466882",
      "normalized_error": "0.9926247019131914882475310951252176826289",
      "through_B2": "0.9926249934388569933967331906853488450614",
      "X3_residual": "-0.01865764259232954893411585",
      "comparison_ratio": "1.00518856602891397428141424647"
    }
  ]
}
