{
  "order": 3,
  "density": [
    "1",
    "-pi/12",
    "-1/24 + pi**2/288",
    "-17*pi/2880 - pi**3/10368"
  ],
  "B_minus": [
    "1",
    "sigma**2/pi - 3*sigma/(2*pi) - pi/12 + 7/(24*pi)",
    "sigma**4/(2*pi**2) - 11*sigma**3/(6*pi**2) - sigma**2/12 + 5*sigma**2/(3*pi**2) + sigma/(48*pi**2) + 5*sigma/24 - 43/288 - 203/(1152*pi**2) + pi**2/288",
    "sigma**6/(6*pi**3) - 13*sigma**5/(12*pi**3) - sigma**4/(24*pi) + 35*sigma**4/(16*pi**3) - 73*sigma**3/(72*pi**3) + 17*sigma**3/(72*pi) - 17*sigma**2/(36*pi) - 917*sigma**2/(1152*pi**3) + pi*sigma**2/288 - 7*pi*sigma/576 + 341*sigma/(2304*pi**3) + 241*sigma/(576*pi) - 2173/(13824*pi) - pi**3/10368 + 80951/(414720*pi**3) + 131*pi/34560"
  ],
  "B_minus_latex": [
    "1",
    "\\frac{\\sigma^{2}}{\\pi} - \\frac{3 \\sigma}{2 \\pi} - \\frac{\\pi}{12} + \\frac{7}{24 \\pi}",
    "\\frac{\\sigma^{4}}{2 \\pi^{2}} - \\frac{11 \\sigma^{3}}{6 \\pi^{2}} - \\frac{\\sigma^{2}}{12} + \\frac{5 \\sigma^{2}}{3 \\pi^{2}} + \\frac{\\sigma}{48 \\pi^{2}} + \\frac{5 \\sigma}{24} - \\frac{43}{288} - \\frac{203}{1152 \\pi^{2}} + \\frac{\\pi^{2}}{288}",
    "\\frac{\\sigma^{6}}{6 \\pi^{3}} - \\frac{13 \\sigma^{5}}{12 \\pi^{3}} - \\frac{\\sigma^{4}}{24 \\pi} + \\frac{35 \\sigma^{4}}{16 \\pi^{3}} - \\frac{73 \\sigma^{3}}{72 \\pi^{3}} + \\frac{17 \\sigma^{3}}{72 \\pi} - \\frac{17 \\sigma^{2}}{36 \\pi} - \\frac{917 \\sigma^{2}}{1152 \\pi^{3}} + \\frac{\\pi \\sigma^{2}}{288} - \\frac{7 \\pi \\sigma}{576} + \\frac{341 \\sigma}{2304 \\pi^{3}} + \\frac{241 \\sigma}{576 \\pi} - \\frac{2173}{13824 \\pi} - \\frac{\\pi^{3}}{10368} + \\frac{80951}{414720 \\pi^{3}} + \\frac{131 \\pi}{34560}"
  ],
  "checked_displayed_coefficients_through": 2,
  "all_checks_passed": true
}
