ordinary_exponential_moment 1.13992e-56
fractional_mean 5.09789e-57
digamma_Lerch_first_moment 1.00756e-57
ordinary_exponential_moment 2.89072e-37
fractional_mean 4.10216e-37
digamma_Lerch_first_moment 1.52397e-37
ordinary_exponential_moment 5.69962e-57
fractional_mean 1.36114e-57
digamma_Lerch_first_moment 3.40285e-58
Bernoulli_Gamma_moment 2.8237e-31
Bernoulli_Gamma_moment 9.41234e-32
Bernoulli_Gamma_moment 5.63243e-59
Bernoulli_Gamma_moment 2.81622e-59
Hurwitz_spectral_transform 3.78359e-58
Hurwitz_spectral_transform 2.98855e-44
finitepart_log_resolvent 4.07832e-56
finitepart_log_resolvent 4.20383e-56
finitepart_log_resolvent 2.03916e-56
ordinary_reflected_gamma_integral 0.0
{
  "status": "PASS",
  "precision_decimal_digits": 55,
  "exact": {
    "independent_symbolic_coefficients": 9,
    "corruption_control": "PASS"
  },
  "numeric_comparisons": 19,
  "max_absolute_error": "2.823702029345504724702127967458941220551722024285283081e-31",
  "resonance_canary": {
    "p": 2,
    "s": 1,
    "lambda": 1,
    "ordinary_integral": 0,
    "spectral_continuation": -1,
    "explanation": "Endpoint contact; boundary Re(s+lambda)=p."
  },
  "scope": "Symbolic identities and independent numerical diagnostics; no interval claim."
}
