{
  "exact_passed": 44,
  "numeric": {
    "mpmath_dps": 100,
    "records": [
      {
        "method": "harmonic_Binet_tail",
        "N": 48,
        "K": 26,
        "value": "13.51012037601582741160624071283044844193279853330191860098609643719635796899378928607557075",
        "series": "-0.925782961086671658825924473454742739797117415367898355191589202469752391964799916128391142",
        "analytic_truncation_bound": "1.4135239e-63"
      },
      {
        "method": "harmonic_Binet_tail",
        "N": 64,
        "K": 34,
        "value": "13.51012037601582741160624071283044844193279853330191860098609643617575811532010335892080018",
        "series": "-0.925782961086671658825924473454742739797117415367898355191589202554802379770940410057955356",
        "analytic_truncation_bound": "1.8799611e-83"
      },
      {
        "method": "local_Taylor_and_quadrature",
        "delta": "0.125",
        "order": 100,
        "value": "13.51012037601582741160624071283044844193279853330191860098609643617575811532010335890681026"
      },
      {
        "method": "local_Taylor_and_quadrature",
        "delta": "0.0625",
        "order": 90,
        "value": "13.51012037601582741160624071283044844193279853330191860098609643617575811532010335890681025"
      }
    ],
    "max_quadrature_discrepancy": "1.3989928e-83",
    "arithmetic_stability": "1.0205999e-63",
    "warning": "Floating point results; analytic truncation error excludes rounding."
  },
  "output": "/workspace/scratch/b2d37f5e8dd7/output/ProveIt_Quartic_Tails_Resolvents_2026-10-11/verification/quartic_results.json"
}
