{
  "b": [
    1,
    2,
    6,
    26,
    162,
    1442,
    18306,
    330626,
    8488962
  ],
  "bipartite_graphs": 66067,
  "c": [
    0,
    2,
    2,
    6,
    38,
    390,
    6062,
    134526,
    4172198
  ],
  "closure_tables": 66066,
  "exact_fourth_power_majorant_checks": 4225,
  "exact_rational_threshold_checks": 1012,
  "exponentiated_inverse_residual_zero": true,
  "log_inverse_residual_zero": true,
  "order": 8,
  "ordinary_graphs": 33868,
  "polynomial_values": 585,
  "sequence_indices": 65,
  "zero_polynomial_grid_checks": 44298
}
