Title:           Zero auxiliary clipping tables and all orders asymptotics of A196460
Subject:         Exact classification, counting, sharp asymptotics, and threshold inversion
Keywords:        
Author:          
Creator:         LaTeX with hyperref
Producer:        pdfTeX-1.40.26
CreationDate:    Sun Oct  4 00:00:00 2026 UTC
ModDate:         Sun Oct  4 00:00:00 2026 UTC
Custom Metadata: yes
Metadata Stream: no
Tagged:          no
UserProperties:  no
Suspects:        no
Form:            none
JavaScript:      no
Pages:           16
Encrypted:       no
Page size:       612 x 792 pts (letter)
Page rot:        0
File size:       377313 bytes
Optimized:       no
PDF version:     1.7
