{
  "dyadic_precision_bits": 1024,
  "source_coefficient_families_compared": 21,
  "source_sequence_values_compared": 33,
  "rigorous_signed_sequence_point_cases": 36,
  "no_floating_point_assertions": true
}
a 16 1 ['1.057106335697', '1.057106335698']
a 16 2 ['0.990974165168', '0.990974165169']
a 16 3 ['0.893719133773', '0.893719133774']
a 16 4 ['0.773794502124', '0.773794502125']
a 16 5 ['0.652524528483', '0.652524528484']
a 16 6 ['0.532599538158', '0.532599538159']
C 16 1 ['1.057106335697', '1.057106335698']
C 16 2 ['0.990974165168', '0.990974165169']
C 16 3 ['0.893719133773', '0.893719133774']
C 16 4 ['0.773794502124', '0.773794502125']
C 16 5 ['0.652524528483', '0.652524528484']
C 16 6 ['0.532599538158', '0.532599538159']
a 32 1 ['1.029841125557', '1.029841125558']
a 32 2 ['0.997745233989', '0.997745233990']
a 32 3 ['0.948737227650', '0.948737227651']
a 32 4 ['0.885280473591', '0.885280473592']
a 32 5 ['0.816036532816', '0.816036532817']
a 32 6 ['0.741284482732', '0.741284482733']
C 32 1 ['1.029841125557', '1.029841125558']
C 32 2 ['0.997745233989', '0.997745233990']
C 32 3 ['0.948737227650', '0.948737227651']
C 32 4 ['0.885280473591', '0.885280473592']
C 32 5 ['0.816036532816', '0.816036532817']
C 32 6 ['0.741284482732', '0.741284482733']
a 64 1 ['1.015272779531', '1.015272779532']
a 64 2 ['0.999447312589', '0.999447312590']
a 64 3 ['0.974858114102', '0.974858114103']
a 64 4 ['0.942277270698', '0.942277270699']
a 64 5 ['0.905436052570', '0.905436052571']
a 64 6 ['0.864003938458', '0.864003938459']
C 64 1 ['1.015272779531', '1.015272779532']
C 64 2 ['0.999447312589', '0.999447312590']
C 64 3 ['0.974858114102', '0.974858114103']
C 64 4 ['0.942277270698', '0.942277270699']
C 64 5 ['0.905436052570', '0.905436052571']
C 64 6 ['0.864003938458', '0.864003938459']
