This is pdfTeX, Version 3.141592653-2.6-1.40.26 (TeX Live 2025/dev/Debian) (preloaded format=pdflatex)
entering extended mode
(./article.tex
LaTeX2e <2024-11-01> patch level 2
L3 programming layer <2025-01-18>
(/usr/share/texlive/texmf-dist/tex/latex/base/article.cls
Document Class: article 2024/06/29 v1.4n Standard LaTeX document class
(/usr/share/texlive/texmf-dist/tex/latex/base/size11.clo))
(/usr/share/texlive/texmf-dist/tex/latex/base/fontenc.sty)
(/usr/share/texmf/tex/latex/lm/lmodern.sty)
(/usr/share/texlive/texmf-dist/tex/latex/geometry/geometry.sty
(/usr/share/texlive/texmf-dist/tex/latex/graphics/keyval.sty)
(/usr/share/texlive/texmf-dist/tex/generic/iftex/ifvtex.sty
(/usr/share/texlive/texmf-dist/tex/generic/iftex/iftex.sty)))
(/usr/share/texlive/texmf-dist/tex/latex/amsmath/amsmath.sty
For additional information on amsmath, use the `?' option.
(/usr/share/texlive/texmf-dist/tex/latex/amsmath/amstext.sty
(/usr/share/texlive/texmf-dist/tex/latex/amsmath/amsgen.sty))
(/usr/share/texlive/texmf-dist/tex/latex/amsmath/amsbsy.sty)
(/usr/share/texlive/texmf-dist/tex/latex/amsmath/amsopn.sty))
(/usr/share/texlive/texmf-dist/tex/latex/amsfonts/amssymb.sty
(/usr/share/texlive/texmf-dist/tex/latex/amsfonts/amsfonts.sty))
(/usr/share/texlive/texmf-dist/tex/latex/amscls/amsthm.sty)
(/usr/share/texlive/texmf-dist/tex/latex/microtype/microtype.sty
(/usr/share/texlive/texmf-dist/tex/latex/etoolbox/etoolbox.sty)
(/usr/share/texlive/texmf-dist/tex/latex/microtype/microtype-pdftex.def)
(/usr/share/texlive/texmf-dist/tex/latex/microtype/microtype.cfg))
(/usr/share/texlive/texmf-dist/tex/latex/booktabs/booktabs.sty)
(/usr/share/texlive/texmf-dist/tex/latex/tools/array.sty)
(/usr/share/texlive/texmf-dist/tex/latex/enumitem/enumitem.sty)
(/usr/share/texlive/texmf-dist/tex/latex/xcolor/xcolor.sty
(/usr/share/texlive/texmf-dist/tex/latex/graphics-cfg/color.cfg)
(/usr/share/texlive/texmf-dist/tex/latex/graphics-def/pdftex.def)
(/usr/share/texlive/texmf-dist/tex/latex/graphics/mathcolor.ltx))
(/usr/share/texlive/texmf-dist/tex/latex/fancyhdr/fancyhdr.sty)
(/usr/share/texlive/texmf-dist/tex/latex/hyperref/hyperref.sty
(/usr/share/texlive/texmf-dist/tex/latex/kvsetkeys/kvsetkeys.sty)
(/usr/share/texlive/texmf-dist/tex/generic/kvdefinekeys/kvdefinekeys.sty)
(/usr/share/texlive/texmf-dist/tex/generic/pdfescape/pdfescape.sty
(/usr/share/texlive/texmf-dist/tex/generic/ltxcmds/ltxcmds.sty)
(/usr/share/texlive/texmf-dist/tex/generic/pdftexcmds/pdftexcmds.sty
(/usr/share/texlive/texmf-dist/tex/generic/infwarerr/infwarerr.sty)))
(/usr/share/texlive/texmf-dist/tex/latex/hycolor/hycolor.sty)
(/usr/share/texlive/texmf-dist/tex/latex/hyperref/nameref.sty
(/usr/share/texlive/texmf-dist/tex/latex/refcount/refcount.sty)
(/usr/share/texlive/texmf-dist/tex/generic/gettitlestring/gettitlestring.sty
(/usr/share/texlive/texmf-dist/tex/latex/kvoptions/kvoptions.sty)))
(/usr/share/texlive/texmf-dist/tex/generic/stringenc/stringenc.sty)
(/usr/share/texlive/texmf-dist/tex/latex/hyperref/pd1enc.def)
(/usr/share/texlive/texmf-dist/tex/generic/intcalc/intcalc.sty)
(/usr/share/texlive/texmf-dist/tex/latex/hyperref/puenc.def)
(/usr/share/texlive/texmf-dist/tex/latex/url/url.sty)
(/usr/share/texlive/texmf-dist/tex/generic/bitset/bitset.sty
(/usr/share/texlive/texmf-dist/tex/generic/bigintcalc/bigintcalc.sty))
(/usr/share/texlive/texmf-dist/tex/latex/base/atbegshi-ltx.sty))
(/usr/share/texlive/texmf-dist/tex/latex/hyperref/hpdftex.def
(/usr/share/texlive/texmf-dist/tex/latex/base/atveryend-ltx.sty)
(/usr/share/texlive/texmf-dist/tex/latex/rerunfilecheck/rerunfilecheck.sty
(/usr/share/texlive/texmf-dist/tex/generic/uniquecounter/uniquecounter.sty)))
(/usr/share/texmf/tex/latex/lm/t1lmr.fd)
(/usr/share/texlive/texmf-dist/tex/latex/l3backend/l3backend-pdftex.def)
No file article.aux.
*geometry* driver: auto-detecting
*geometry* detected driver: pdftex
(/usr/share/texlive/texmf-dist/tex/latex/microtype/mt-cmr.cfg)
(/usr/share/texlive/texmf-dist/tex/context/base/mkii/supp-pdf.mkii
[Loading MPS to PDF converter (version 2006.09.02).]
) (/usr/share/texmf/tex/latex/lm/ot1lmr.fd)
(/usr/share/texmf/tex/latex/lm/omllmm.fd)
(/usr/share/texmf/tex/latex/lm/omslmsy.fd)
(/usr/share/texmf/tex/latex/lm/omxlmex.fd)
(/usr/share/texlive/texmf-dist/tex/latex/amsfonts/umsa.fd)
(/usr/share/texlive/texmf-dist/tex/latex/microtype/mt-msa.cfg)
(/usr/share/texlive/texmf-dist/tex/latex/amsfonts/umsb.fd)
(/usr/share/texlive/texmf-dist/tex/latex/microtype/mt-msb.cfg)

LaTeX Warning: Citation `oeis' on page 1 undefined on input line 66.


LaTeX Warning: Reference `eq:an' on page 1 undefined on input line 73.


[1{/workspace/shared/oeis-uniform-article-v2-locked-20261004/uniform_article-ty
peset-uaycga6q/cache/pdftex.map}{/usr/share/texmf/fonts/enc/dvips/lm/lm-ec.enc}
{/usr/share/texmf/fonts/enc/dvips/lm/lm-rm.enc}{/usr/share/texmf/fonts/enc/dvip
s/lm/lm-mathit.enc}{/usr/share/texmf/fonts/enc/dvips/lm/lm-mathsy.enc}{/usr/sha
re/texmf/fonts/enc/dvips/lm/lm-mathex.enc}]

LaTeX Warning: Citation `fixed' on page 2 undefined on input line 83.


LaTeX Warning: Reference `eq:normalization' on page 2 undefined on input line 8
8.


LaTeX Warning: Citation `svatos' on page 2 undefined on input line 98.


LaTeX Warning: Reference `thm:merged' on page 2 undefined on input line 149.


[2]

LaTeX Warning: Reference `eq:merged' on page 3 undefined on input line 165.


LaTeX Warning: Reference `eq:raising' on page 3 undefined on input line 185.


LaTeX Warning: Reference `eq:raise-lower' on page 3 undefined on input line 197
.


LaTeX Warning: Reference `eq:raising' on page 3 undefined on input line 214.


[3]

LaTeX Warning: Reference `eq:hyperbolic' on page 4 undefined on input line 258.



LaTeX Warning: Reference `lem:reweight' on page 4 undefined on input line 281.


[4]

LaTeX Warning: Reference `eq:complement' on page 5 undefined on input line 302.



LaTeX Warning: Reference `eq:complement' on page 5 undefined on input line 316.



LaTeX Warning: Reference `eq:all-ratios' on page 5 undefined on input line 323.



[5]

LaTeX Warning: Reference `eq:Kcorrection' on page 6 undefined on input line 376
.


LaTeX Warning: Reference `eq:large-l' on page 6 undefined on input line 388.


LaTeX Warning: Reference `eq:low-tail' on page 6 undefined on input line 398.


LaTeX Warning: Reference `thm:sharp' on page 6 undefined on input line 398.


LaTeX Warning: Reference `eq:Kcorrection' on page 6 undefined on input line 402
.


[6]

LaTeX Warning: Reference `thm:sharp' on page 7 undefined on input line 420.


LaTeX Warning: Reference `thm:merged' on page 7 undefined on input line 430.


LaTeX Warning: Reference `thm:sharp' on page 7 undefined on input line 441.


LaTeX Warning: Citation `audit' on page 7 undefined on input line 469.


LaTeX Warning: Citation `audit' on page 7 undefined on input line 469.


[7]

LaTeX Warning: Citation `colored' on page 8 undefined on input line 484.


LaTeX Warning: Citation `connected' on page 8 undefined on input line 485.


LaTeX Warning: Reference `eq:exponential-upper' on page 8 undefined on input li
ne 522.


LaTeX Warning: Reference `eq:crude-leading' on page 8 undefined on input line 5
35.


LaTeX Warning: Reference `eq:exponential-upper' on page 8 undefined on input li
ne 538.


[8]

LaTeX Warning: Reference `lem:reweight' on page 9 undefined on input line 583.


LaTeX Warning: Reference `eq:B' on page 9 undefined on input line 604.


LaTeX Warning: Reference `eq:logbound' on page 9 undefined on input line 612.


[9]

LaTeX Warning: Reference `eq:corrected' on page 10 undefined on input line 625.



LaTeX Warning: Reference `eq:Uepsilon' on page 10 undefined on input line 627.


LaTeX Warning: Reference `eq:explicit-error' on page 10 undefined on input line
 633.


LaTeX Warning: Reference `eq:central-asymptotic' on page 10 undefined on input 
line 636.


LaTeX Warning: Reference `eq:sqrt-transition' on page 10 undefined on input lin
e 638.


LaTeX Warning: Reference `thm:sharp' on page 10 undefined on input line 643.


LaTeX Warning: Reference `thm:merged' on page 10 undefined on input line 643.


LaTeX Warning: Reference `thm:iff' on page 10 undefined on input line 654.


LaTeX Warning: Reference `thm:corrected' on page 10 undefined on input line 654
.


LaTeX Warning: Reference `eq:corrected' on page 10 undefined on input line 670.



LaTeX Warning: Citation `colored' on page 10 undefined on input line 674.


[10]

LaTeX Warning: Citation `source' on page 11 undefined on input line 683.


LaTeX Warning: Citation `audit' on page 11 undefined on input line 684.


LaTeX Warning: Reference `tab:exact' on page 11 undefined on input line 714.

(/usr/share/texmf/tex/latex/lm/t1lmtt.fd)
[11]

LaTeX Warning: Reference `sec:evidence' on page 12 undefined on input line 803.



LaTeX Warning: Reference `sec:evidence' on page 12 undefined on input line 809.



[12] (./article.aux)

LaTeX Warning: There were undefined references.


LaTeX Warning: Label(s) may have changed. Rerun to get cross-references right.


Package rerunfilecheck Warning: File `article.out' has changed.
(rerunfilecheck)                Rerun to get outlines right
(rerunfilecheck)                or use package `bookmark'.

 )</usr/share/texmf/fonts/type1/public/lm/lmbx10.pfb></usr/share/texmf/fonts/ty
pe1/public/lm/lmbx12.pfb></usr/share/texmf/fonts/type1/public/lm/lmex10.pfb></u
sr/share/texmf/fonts/type1/public/lm/lmmi10.pfb></usr/share/texmf/fonts/type1/p
ublic/lm/lmmi7.pfb></usr/share/texmf/fonts/type1/public/lm/lmmi8.pfb></usr/shar
e/texmf/fonts/type1/public/lm/lmr10.pfb></usr/share/texmf/fonts/type1/public/lm
/lmr12.pfb></usr/share/texmf/fonts/type1/public/lm/lmr5.pfb></usr/share/texmf/f
onts/type1/public/lm/lmr6.pfb></usr/share/texmf/fonts/type1/public/lm/lmr7.pfb>
</usr/share/texmf/fonts/type1/public/lm/lmr8.pfb></usr/share/texmf/fonts/type1/
public/lm/lmri10.pfb></usr/share/texmf/fonts/type1/public/lm/lmsy10.pfb></usr/s
hare/texmf/fonts/type1/public/lm/lmsy7.pfb></usr/share/texmf/fonts/type1/public
/lm/lmsy8.pfb></usr/share/texmf/fonts/type1/public/lm/lmtt10.pfb></usr/share/te
xlive/texmf-dist/fonts/type1/public/amsfonts/symbols/msbm10.pfb>
Output written on article.pdf (12 pages, 348551 bytes).
Transcript written on article.log.
