{
  "all_png_crc_and_rasters_verified": true,
  "dependency_lock_verified": false,
  "dependency_receipt_sha256": "6964ca362be513db5f8fb8bd7f4ea06432456f2941f364780d898bda52bddbd5",
  "fresh_format": true,
  "manuscript_pins": {
    "article.tex": "056bd5b1314adf39cfa97f0c7f6f690cd3c74d9415165a0a393dca6a9eaedb90"
  },
  "manuscript_pins_sha256": "768e2ce0916588d5e06832c91a24d7f79ec2a01b1b8baf7f8ba09bc873951f76",
  "packaged_pdf_match": false,
  "page_count": 1,
  "pdf_sha256": "23e6338f9a82219b73fb68f449c1d7d0ec97cbf18ce43d574a1ed9e33a378fc5",
  "recorded_passes": 4,
  "recorder_union_complete": true,
  "release_preserved": true,
  "render_dpi": 120,
  "scope": "Typesetting and presentation only; no scientific executable",
  "shell_escape": false,
  "source_date_epoch": 1791072000,
  "standalone_sha256": "056bd5b1314adf39cfa97f0c7f6f690cd3c74d9415165a0a393dca6a9eaedb90",
  "status": "BOOTSTRAP"
}

