Title:           Sharp uniform finite sector truncations of A196460
Subject:         Exact all-order tail bounds and growing-sector coefficient asymptotics
Keywords:        
Author:          
Creator:         LaTeX with hyperref
Producer:        pdfTeX-1.40.26
CreationDate:    Sun Oct  4 00:00:00 2026 UTC
ModDate:         Sun Oct  4 00:00:00 2026 UTC
Custom Metadata: yes
Metadata Stream: no
Tagged:          no
UserProperties:  no
Suspects:        no
Form:            none
JavaScript:      no
Pages:           12
Encrypted:       no
Page size:       612 x 792 pts (letter)
Page rot:        0
File size:       351485 bytes
Optimized:       no
PDF version:     1.7
