{
  "artifact_pins": {
    "INPUT_PINS.json": "a235911032a7d93a59ecb48b3ec2d27d91d863fb9f4b4a373f1f5b58beb7a44c",
    "article.pdf": "e1689dc2ba86b8a1c01ac33897007bcafa3e6454f197b87920e56af87235b1df",
    "article.tex": "d0770c2f36b214204b13f7487f3d7299b2da96844de47f954cd717f5f78b3191",
    "manuscript/MANUSCRIPT_PINS.json": "10ddbdee2fc822c63b437b3e4b84c57717d3ed7934f63aa05952f0e1aac19164",
    "manuscript/article.tex": "d0770c2f36b214204b13f7487f3d7299b2da96844de47f954cd717f5f78b3191",
    "tools/BUILD_DEPENDENCIES_LOCK.json": "6ee7f579ad072c7c57d76341d35c51742f8b976c40816ad305b12a9836f35d07",
    "tools/build_article.py": "881cdd3aa3658bed29b2ed70014285143f0ef1f2315eb1065b1f6aeef3f65072",
    "tools/freeze_inputs.py": "30a5224ed75eb0a8b86f2f58b6dd7c4d508e824c63a6e2048472dcbd9e861782",
    "tools/release.py": "b98817cf30ce60dfb7aaac85b1633176225dec27b29698b25be95c065176ce87",
    "tools/selftest.py": "ea9ac2939a676bb2082966d979ed52cb3b4e6b4b909ce329bd201ccdebefbf53"
  },
  "authenticated_restoration_bytes_modes_mtime_ns_equal": true,
  "deterministic_zip_bytes_equal": true,
  "relocated_pdf_and_all_raster_bytes_equal": true,
  "replays": {
    "candidate-replay": {
      "all_raster_bytes_pinned": true,
      "dependency_lock_sha256": "6ee7f579ad072c7c57d76341d35c51742f8b976c40816ad305b12a9836f35d07",
      "local_inputs": [
        "article.aux",
        "article.out",
        "article.tex",
        "cache/pdflatex.fmt",
        "cache/pdftex.map",
        "cache/texsys.aux"
      ],
      "page_count": 12,
      "pdf_sha256": "e1689dc2ba86b8a1c01ac33897007bcafa3e6454f197b87920e56af87235b1df",
      "recorders_independently_parsed": [
        {
          "pass": "format",
          "raw_fls_sha256": "267421e0f1d1320ee5bf7dfc6c6511bbaa666b310d0dc35ed75885957d912bac",
          "raw_system_input_count": 64
        },
        {
          "pass": "compile-1",
          "raw_fls_sha256": "ee648488166096b41f81961941110f0736f8669dd6e2305fb646895259957d15",
          "raw_system_input_count": 128
        },
        {
          "pass": "compile-2",
          "raw_fls_sha256": "70226f3b25e7f07ee9d43547c47d407760d7edbf45255183b074d7501bad7ff8",
          "raw_system_input_count": 128
        },
        {
          "pass": "compile-3",
          "raw_fls_sha256": "70226f3b25e7f07ee9d43547c47d407760d7edbf45255183b074d7501bad7ff8",
          "raw_system_input_count": 128
        }
      ],
      "status": "PASS",
      "system_input_union_count": 190,
      "typesetting_warnings": false
    },
    "relocated-replay": {
      "all_raster_bytes_pinned": true,
      "dependency_lock_sha256": "6ee7f579ad072c7c57d76341d35c51742f8b976c40816ad305b12a9836f35d07",
      "local_inputs": [
        "article.aux",
        "article.out",
        "article.tex",
        "cache/pdflatex.fmt",
        "cache/pdftex.map",
        "cache/texsys.aux"
      ],
      "page_count": 12,
      "pdf_sha256": "e1689dc2ba86b8a1c01ac33897007bcafa3e6454f197b87920e56af87235b1df",
      "recorders_independently_parsed": [
        {
          "pass": "format",
          "raw_fls_sha256": "11c07b34b157e48aef2c65e1316f46b466448d23edfb10c329aa2e650975243c",
          "raw_system_input_count": 64
        },
        {
          "pass": "compile-1",
          "raw_fls_sha256": "c09079a3a5abeb523b0175b283db21f373aaada04dd38929f354c6398aca28af",
          "raw_system_input_count": 128
        },
        {
          "pass": "compile-2",
          "raw_fls_sha256": "d327ed1b8d4bf808716e2e9bd8c2e3397c3789f7ad46ddc55cb600dc82890a9d",
          "raw_system_input_count": 128
        },
        {
          "pass": "compile-3",
          "raw_fls_sha256": "d327ed1b8d4bf808716e2e9bd8c2e3397c3789f7ad46ddc55cb600dc82890a9d",
          "raw_system_input_count": 128
        }
      ],
      "status": "PASS",
      "system_input_union_count": 190,
      "typesetting_warnings": false
    }
  },
  "review_boundary": "V2 stable artifact/tool/input pins plus external pre-final-QA review snapshot; not the root final release seal",
  "review_candidate_directories": 35,
  "review_candidate_files_excluding_manifest": 340,
  "review_candidate_manifest_sha256": "1e30b1208e143ca62d608dad28411d32fa89d3cc9ebecbe8cdf2f7f56e2dbff6",
  "review_candidate_zip_bytes": 16289848,
  "review_candidate_zip_sha256": "bacc81510a251f259ec97a7cf998d2fcfea40c81dce20e0b77a5388cd1fccb93",
  "scientific_execution": false,
  "status": "PASS"
}

