3.65 T 2 (np.float64(2.7492932828801564), [0.9997577509527648, 0.000500226708842829])
3.65 T 3 (np.float64(3.235319732875701), [2.425535000092269e-07, 0.9999999987128066, 8.09945144474695e-05])
3.65 T 4 (np.float64(3.593268262866113), [0.9990475384271812, 0.00033713024583173864, 0.03763069885014295, 0.9963010087379695])
3.65 T 5 (np.float64(4.592667362692876), [0.0019828738275682357, 5.537130497096604e-05, 0.9956722478252489, 0.9999986448561887, 0.0007687413381480008])
3.65 T 8 (np.float64(4.592667362692876), [0.0019828738275682357, 5.537130497096604e-05, 0.9956722478252489, 0.9999986448561887, 0.0007687413381480008])
3.65 T 12 (np.float64(4.592667362692876), [0.0019828738275682357, 5.537130497096604e-05, 0.9956722478252489, 0.9999986448561887, 0.0007687413381480008])
3.65 T 20 (np.float64(4.592667362692876), [0.0019828738275682357, 5.537130497096604e-05, 0.9956722478252489, 0.9999986448561887, 0.0007687413381480008])
3.5 T 2 (np.float64(2.7993070258871695), [9.54877682183154e-09, 0.9999012556105927])
3.5 T 3 (np.float64(3.2810247512420565), [0.0006178957807306165, 0.9999106680947171, 0.9996141715719788])
3.5 T 4 (np.float64(4.046038587529727), [0.005160788534494053, 0.9977519035389494, 0.002843962770837929, 0.9980740471620383])
3.5 T 5 (np.float64(4.663655638907772), [0.0002503755015825197, 6.004383620543559e-08, 1.757875273485789e-08, 0.9990186710675276, 0.9928147875554196])
3.5 T 8 (np.float64(4.734946386689433), [0.9580648079777823, 0.0002449894326477525, 0.9990878621428023, 0.9849868023755546, 0.015367108171748795, 0.9801108886188254, 0.01672088643731864, 0.001958248288437077])
3.5 T 12 (np.float64(4.734946386689433), [0.9580648079777823, 0.0002449894326477525, 0.9990878621428023, 0.9849868023755546, 0.015367108171748795, 0.9801108886188254, 0.01672088643731864, 0.001958248288437077])
3.5 T 20 (np.float64(4.734946386689433), [0.9580648079777823, 0.0002449894326477525, 0.9990878621428023, 0.9849868023755546, 0.015367108171748795, 0.9801108886188254, 0.01672088643731864, 0.001958248288437077])
3.0 T 2 (np.float64(2.9988452910629766), [1.2223997756355651e-05, 0.9998582635518313])
3.0 T 3 (np.float64(3.52739233479872), [3.069068290917399e-06, 0.9999999996039673, 8.499806862017428e-05])
3.0 T 4 (np.float64(4.3648391322330164), [0.9916857223971818, 0.0002924752130861236, 0.9999986610109268, 0.000979291921773276])
3.0 T 5 (np.float64(4.389616182779895), [0.9992744589763556, 0.9987317093049057, 0.0012387258946144138, 0.011868605715960068, 0.970936259115637])
3.0 T 8 (np.float64(6.408215186391061), [0.9992182870359323, 0.01998917629673093, 0.9983170093093914, 0.006498020745234112, 0.0002115592261758066, 0.9955102762804355, 0.9897212390689932, 9.594930901252396e-05])
3.0 T 12 (np.float64(6.408215186391061), [0.9992182870359323, 0.01998917629673093, 0.9983170093093914, 0.006498020745234112, 0.0002115592261758066, 0.9955102762804355, 0.9897212390689932, 9.594930901252396e-05])
3.0 T 20 (np.float64(6.408215186391061), [0.9992182870359323, 0.01998917629673093, 0.9983170093093914, 0.006498020745234112, 0.0002115592261758066, 0.9955102762804355, 0.9897212390689932, 9.594930901252396e-05])
2.0 R 2 (np.float64(1.9999656230559932), [2.726169692939681e-07, 1.6914276460624207e-05])
2.0 R 3 (np.float64(1.9999656230559932), [2.726169692939681e-07, 1.6914276460624207e-05])
2.0 R 4 (np.float64(1.9999656230559932), [2.726169692939681e-07, 1.6914276460624207e-05])
2.0 R 5 (np.float64(1.9999656230559932), [2.726169692939681e-07, 1.6914276460624207e-05])
2.0 R 8 (np.float64(1.9999656230559932), [2.726169692939681e-07, 1.6914276460624207e-05])
2.0 R 12 (np.float64(1.9999656230559932), [2.726169692939681e-07, 1.6914276460624207e-05])
2.0 R 20 (np.float64(1.9999656230559932), [2.726169692939681e-07, 1.6914276460624207e-05])
