scan-00 baseline ok 0.000899170999900889
scan-00 optimized ok 0.0008701070000824984
scan-01 optimized ok 0.0023252109999702952
scan-01 baseline ok 0.002946169000097143
scan-02 baseline ok 0.008298916000057943
scan-02 optimized ok 0.003578242000003229
scan-03 optimized ok 0.006513158999950974
scan-03 baseline ok 0.022251967000102013
scan-04 baseline ok 0.08328226399999039
scan-04 optimized ok 0.015604499000119176
scan-05 optimized ok 0.02650546400013809
scan-05 baseline ok 0.3008252229999471
scan-06 baseline ok 0.0035740199998599564
scan-06 optimized ok 0.001573603999986517
scan-07 optimized ok 0.005226487000072666
scan-07 baseline ok 0.014198083999872324
scan-08 baseline ok 0.04294513700006064
scan-08 optimized ok 0.015061401000139085
scan-09 optimized ok 0.03360350599996309
scan-09 baseline ok 0.21626273299989407
scan-10 baseline ok 0.012190792999945188
scan-10 optimized ok 0.008233568000150626
scan-11 optimized ok 0.01844378400005553
scan-11 baseline ok 0.013332069999933083
scan-12 baseline ok 0.03838730899997245
scan-12 optimized ok 0.02606424700002208
scan-13 optimized ok 0.03137167599993518
scan-13 baseline ok 0.0374373199999809
scan-14 baseline ok 0.06531322599994382
scan-14 optimized ok 0.06167124800003876
scan-15 optimized ok 0.0636537129998942
scan-15 baseline ok 0.17077454300010686
scan-16 baseline ok 0.21159385600003588
scan-16 optimized ok 0.0718740219999745
scan-17 optimized ok 0.21409963900009643
scan-17 baseline ok 0.962326910999991
scan-18 baseline ok 0.01859649400012131
scan-18 optimized ok 0.008930979999831834
scan-19 optimized ok 0.1388983399999688
scan-19 baseline ok 0.7308573190000516
scan-20 baseline ok 0.3964793139998619
scan-20 optimized ok 0.12548144400011552
scan-21 optimized ok 0.44470794799985924
scan-21 baseline ok 1.6626224940000611
scan-22 baseline ok 0.06701713799998288
scan-22 optimized ok 0.04350487700003214
scan-23 optimized ok 2.2332995610001944
scan-23 baseline limit 30.155614574000083
scan-24 baseline ok 1.0083942609999212
scan-24 optimized ok 0.12454893099993569
pipeline-conway optimized ok 0.00162179200015089
pipeline-conway baseline ok 0.047693266999885964
pipeline-figure_eight baseline ok 0.00013703199988412962
pipeline-figure_eight optimized ok 0.00016180300008272752
pipeline-grid_determinant_one_knot optimized ok 0.0008071500001278764
pipeline-grid_determinant_one_knot baseline ok 0.0007590220000111003
pipeline-grid_scrambled_unknot baseline ok 0.0003763639999760926
pipeline-grid_scrambled_unknot optimized ok 0.00023372700002255442
pipeline-hard_unknot_8 optimized ok 0.0021462130000600155
pipeline-hard_unknot_8 baseline ok 0.002698610999914308
pipeline-kinoshita_terasaka baseline ok 0.048490886000081446
pipeline-kinoshita_terasaka optimized ok 0.0010043869999663002
pipeline-torus_3_5 optimized ok 0.0010058170000775135
pipeline-torus_3_5 baseline ok 0.0007056479998936993
pipeline-trefoil baseline ok 0.00011681099999805156
pipeline-trefoil optimized ok 0.00015303400004995638
pipeline-unknot optimized ok 7.330800008276128e-05
pipeline-unknot baseline ok 2.2959000034461496e-05
pipeline-unknot_braid40 baseline ok 0.007049932999962039
pipeline-unknot_braid40 optimized ok 0.0004036319999158877
order-128 optimized ok 0.0026310309999644232
order-128 baseline ok 0.0699816890000875
simplify-128 baseline ok 0.07329841900013889
simplify-128 optimized ok 0.0008525660000486823
order-256 optimized ok 0.005172055000002729
order-256 baseline ok 0.26939708400004747
simplify-256 baseline ok 0.7270214360000864
simplify-256 optimized ok 0.0016267000000880216
order-512 optimized ok 0.024769709000111106
order-512 baseline ok 1.0881011250000938
simplify-512 baseline ok 1.107091796999839
simplify-512 optimized ok 0.0032268990000829945
order-1024 optimized ok 0.021133845999884215
order-1024 baseline ok 4.201375660999929
simplify-1024 baseline ok 4.883431480000127
simplify-1024 optimized ok 0.007828469000060068
order-2048 optimized ok 0.053118579999818394
order-2048 baseline ok 20.20194556799993
simplify-2048 baseline ok 25.05728811699987
simplify-2048 optimized ok 0.01377970099997583
