Exact assertions passed: 43
High-precision normal-form cases: 24
Coefficient cases: 9; cutoff cases: 9
coefficient {'lambda': 0.25, 'n': 128, 'delta': 0.009172190819635892, 'c': 0.21293985683537395, 'normalized_coefficient': 0.6771575091985758, 'relative_error_0': 0.000780145268898691, 'relative_error_1': -2.5082649352304262e-05, 'relative_error_2': -1.520226015062223e-07}
coefficient {'lambda': 0.25, 'n': 512, 'delta': 0.0028604519223039957, 'c': 0.17070073654889686, 'normalized_coefficient': 0.6767979109221773, 'relative_error_0': 0.0002486901636922223, 'relative_error_1': -2.4293116814003896e-06, 'relative_error_2': -4.621021801390135e-09}
coefficient {'lambda': 0.25, 'n': 2048, 'delta': 0.0008614848401691685, 'c': 0.14169757470837124, 'normalized_coefficient': 0.6766806643054396, 'relative_error_0': 7.540981969977878e-05, 'relative_error_1': -2.2005522280501747e-07, 'relative_error_2': -1.2631725646714687e-10}
coefficient {'lambda': 1.0, 'n': 128, 'delta': 0.028033812922403083, 'c': 0.2786813203621216, 'normalized_coefficient': 0.15325764139857942, 'relative_error_0': 0.012323841203557562, 'relative_error_1': 6.965911214530005e-06, 'relative_error_2': -1.4649893066017283e-06}
coefficient {'lambda': 1.0, 'n': 512, 'delta': 0.009172190819635892, 'c': 0.21293985683537395, 'normalized_coefficient': 0.1520021307725561, 'relative_error_0': 0.004030725584595718, 'relative_error_1': 8.517035173011306e-07, 'relative_error_2': -5.0814302949102334e-08}
coefficient {'lambda': 1.0, 'n': 2048, 'delta': 0.0028604519223039957, 'c': 0.17070073654889686, 'normalized_coefficient': 0.15158218817267266, 'relative_error_0': 0.0012568481979968738, 'relative_error_1': 8.624041782631749e-08, 'relative_error_2': -1.5362173444103653e-09}
coefficient {'lambda': 4.0, 'n': 128, 'delta': 0.08012414469291494, 'c': 0.3900197639521676, 'normalized_coefficient': 0.004068493767469013, 'relative_error_0': 0.1031799640388229, 'relative_error_1': 0.004270478815866819, 'relative_error_2': 8.606493759168784e-05}
coefficient {'lambda': 4.0, 'n': 512, 'delta': 0.028033812922403083, 'c': 0.2786813203621216, 'normalized_coefficient': 0.003817499362125943, 'relative_error_0': 0.03512234495770361, 'relative_error_1': 0.0005159224415113655, 'relative_error_2': 3.684005975438171e-06}
coefficient {'lambda': 4.0, 'n': 2048, 'delta': 0.009172190819635892, 'c': 0.21293985683537395, 'normalized_coefficient': 0.003729929478169406, 'relative_error_0': 0.011377601336244325, 'relative_error_1': 5.496349949837835e-05, 'relative_error_2': 1.2898744008442303e-07}
cutoff {'lambda': 0.25, 'n': 2048, 'M': 580, 'M_delta': 0.49966120729811775, 'ratio': 0.9563140118605693, 'limiting_ratio': 0.9560422562666931, 'quadrature_error_estimate': 4.526171361321063e-13}
cutoff {'lambda': 0.25, 'n': 2048, 'M': 1161, 'M_delta': 1.0001838994364047, 'ratio': 0.9999999635584715, 'limiting_ratio': 0.9999999562601681, 'quadrature_error_estimate': 1.4623996694066556e-11}
cutoff {'lambda': 0.25, 'n': 2048, 'M': 2322, 'M_delta': 2.0003677988728095, 'ratio': 1.0, 'limiting_ratio': 1.0, 'quadrature_error_estimate': 1.0529552281408206e-11}
cutoff {'lambda': 1.0, 'n': 2048, 'M': 175, 'M_delta': 0.5005790864031993, 'ratio': 0.4846011843374798, 'limiting_ratio': 0.48226497765476434, 'quadrature_error_estimate': 1.911319806970162e-12}
cutoff {'lambda': 1.0, 'n': 2048, 'M': 350, 'M_delta': 1.0011581728063985, 'ratio': 0.9375041762213805, 'limiting_ratio': 0.93702678311456, 'quadrature_error_estimate': 1.8753579859886653e-12}
cutoff {'lambda': 1.0, 'n': 2048, 'M': 699, 'M_delta': 1.999455893690493, 'ratio': 0.9998767556808151, 'limiting_ratio': 0.9998716454089773, 'quadrature_error_estimate': 1.891412713030005e-12}
cutoff {'lambda': 4.0, 'n': 2048, 'M': 55, 'M_delta': 0.5044704950799741, 'ratio': 0.02721126168452612, 'limiting_ratio': 0.025511021374979036, 'quadrature_error_estimate': 4.3319855319964304e-13}
cutoff {'lambda': 4.0, 'n': 2048, 'M': 109, 'M_delta': 0.9997687993403123, 'ratio': 0.5577569649545376, 'limiting_ratio': 0.5533841417725103, 'quadrature_error_estimate': 4.823564587555932e-13}
cutoff {'lambda': 4.0, 'n': 2048, 'M': 218, 'M_delta': 1.9995375986806245, 'ratio': 0.9631578504390553, 'limiting_ratio': 0.96262223104537, 'quadrature_error_estimate': 3.9357034989060467e-13}
Palm {'lambda': 1.0, 'm': 2.0, 'exact_first_Palm_moment_over_asymptotic': 0.8529572709792516}
Palm {'lambda': 1.0, 'm': 3.0, 'exact_first_Palm_moment_over_asymptotic': 0.9496008298159266}
Palm {'lambda': 1.0, 'm': 4.0, 'exact_first_Palm_moment_over_asymptotic': 0.9830888003538967}
Palm {'lambda': 1.0, 'm': 5.0, 'exact_first_Palm_moment_over_asymptotic': 0.9942918334928087}
Wrote data/verification_results.json
