{
  "symbolic": {
    "integer_density_specializations": 64,
    "coefficient_groupings": 8,
    "status": "PASS"
  },
  "crossing": [
    [
      1,
      [
        "-0.324097778243393804658141",
        "-0.324097778243393804658140"
      ],
      -1
    ],
    [
      8,
      [
        "-0.015731327705618764138412",
        "-0.015731327705618764138411"
      ],
      -1
    ],
    [
      16,
      [
        "-0.002351554583180168576269",
        "-0.002351554583180168576268"
      ],
      -1
    ],
    [
      32,
      [
        "0.001999520010508290970853",
        "0.001999520010508290970854"
      ],
      1
    ],
    [
      64,
      [
        "0.002856035510546919150105",
        "0.002856035510546919150106"
      ],
      1
    ],
    [
      128,
      [
        "0.002540045225887648621932",
        "0.002540045225887648621933"
      ],
      1
    ],
    [
      256,
      [
        "0.001952284331435495348912",
        "0.001952284331435495348913"
      ],
      1
    ]
  ]
}
