RHS -570*A**4 + 720*A**3*B - 540*A**2*B**2 + 1800*A**2*Z2 + 360*A*B**3 - 2160*A*B*Z2 - 90*B**4 + 540*B**2*Z2 + 1710*Z4
Expected difference 0
{
  "status": "PASS",
  "proof": "exact beta4 tensor certificate plus elementary endpoint descent",
  "rows": 42,
  "nonzero_tensor_residual": false,
  "tensor_coordinates": 230,
  "factor_coordinates": 10,
  "rational_prime_factors": [
    2
  ],
  "specialization_image": {
    "3/4": "540",
    "1/2": "720",
    "2/3": "2160",
    "1/3": "-2160",
    "1/9": "135",
    "1/4": "270"
  },
  "endpoint_rhs": "-450*A**4 + 210*A**3*B + 225*A**2*B**2 + 1890*A**2*Z2 - 150*A*B**3 + 720*A*B*Z2 + 60*B**4 - 1440*B**2*Z2",
  "Li4_inversion_polynomial": "120*A**4 - 510*A**3*B + 765*A**2*B**2 + 90*A**2*Z2 - 510*A*B**3 + 2880*A*B*Z2 + 150*B**4 - 1980*B**2*Z2 - 1710*Z4",
  "final_rhs": "-570*A**4 + 720*A**3*B - 540*A**2*B**2 + 1800*A**2*Z2 + 360*A*B**3 - 2160*A*B*Z2 - 90*B**4 + 540*B**2*Z2 + 1710*Z4",
  "matches_conjecture_exactly": true,
  "general_functional_identity_exact": true,
  "general_polynomial_P4": "A**4/4 - A**3*(Y + Z)/6 + A**2*(Y**2 + Z**2)/4 + 5*A*(Y**3 + Z**3)/6 - X*Y*(Y + Z)*(3*Y + Z) + 17*Y**4/6 + 4*Y**3*Z/3 + 3*Y**2*Z**2/2 + Y*Z**3/3 + Z**4/3",
  "general_polynomial_P2": "-6*A**2 - 4*A*(Y + Z) + 5*Y**2/2 + 8*Y*Z - 8*Z**2",
  "general_functional_rhs": "A**4/4 - A**3*Y/6 - A**3*Z/6 + A**2*Y**2/4 + A**2*Z**2/4 - 6*A**2*Z2 + 5*A*Y**3/6 - 4*A*Y*Z2 + 5*A*Z**3/6 - 4*A*Z*Z2 - 3*X*Y**3 - 4*X*Y**2*Z - X*Y*Z**2 + 17*Y**4/6 + 4*Y**3*Z/3 + 3*Y**2*Z**2/2 + 5*Y**2*Z2/2 + Y*Z**3/3 + 8*Y*Z*Z2 + Z**4/3 - 8*Z**2*Z2 - 71*Z4/4",
  "numerical_audit": {
    "working_decimal_digits": 90,
    "role": "independent numerical audit only",
    "functional_identity_checks": [
      {
        "t": "1/5",
        "absolute_residual": "3.92727477224e-90"
      },
      {
        "t": "37/100",
        "absolute_residual": "3.92727477224e-90"
      },
      {
        "t": "1/2",
        "absolute_residual": "7.85454954448e-90"
      },
      {
        "t": "4/5",
        "absolute_residual": "3.92727477224e-90"
      }
    ]
  },
  "additional_specializations": [
    {
      "parameter": "1/3",
      "status": "PASS",
      "terms": 25,
      "primitive_integer_coefficients": true,
      "positive_Li4_image": {
        "1/1024": "1",
        "9/1024": "-1",
        "1/81": "1",
        "1/64": "-4",
        "1/36": "-6",
        "1/32": "-8",
        "4/81": "3",
        "1/16": "9",
        "1/12": "-24",
        "64/729": "-1",
        "3/32": "8",
        "1/9": "-14",
        "1/8": "64",
        "9/64": "-6",
        "1/6": "16",
        "2/9": "8",
        "1/4": "-107",
        "8/27": "8",
        "1/3": "80",
        "3/8": "64",
        "4/9": "24",
        "1/2": "-200",
        "16/27": "-8",
        "3/4": "112",
        "8/9": "32"
      },
      "rhs": "109*A**4/3 - 116*A**3*B + 54*A**2*B**2 + 316*A**2*Z2 + 36*A*B**3 - 408*A*B*Z2 - 21*B**4 + 132*B**2*Z2 + 53*Z4",
      "exact_polynomial_difference": 0,
      "numerical_audit_working_digits": 90,
      "numerical_audit_absolute_residual": "7.85454954448e-90"
    }
  ]
}
