direct remainder checked at X = 3
direct remainder checked at X = 5
direct remainder checked at X = 8
direct remainder checked at X = 10
direct remainder checked at X = 15
direct remainder checked at X = 20
direct remainder checked at X = 30
direct remainder checked at X = 40
{
  "exact_h": [
    "-1/24",
    "3/640",
    "-1525/580608",
    "615881/199065600",
    "-3058641/504627200",
    "38800188510523/2191186722816000",
    "-3213747182969063/44497945755648000",
    "100462329712125/255806104666112",
    "-43865443313064357090353257/15953645581139831685120000",
    "4543042335221166932765440567147/188420950968830433165312000000",
    "-103986681387361620043171941/401521614736326656000000",
    "37663828939016305700212181431082246950667/11258950725219726222664012922880000000",
    "-239442054203898930271617308362092578125/4679484837888970446991461747523584",
    "34045944108377198462878176637576299763659/37217088579807636838206668800000000"
  ],
  "density_coefficients_a": [
    "1",
    "-a/24",
    "(a**2 - 48)/1152",
    "-a*(5*a**2 + 1224)/414720",
    "(5*a**4 + 6336*a**2 - 559872)/39813120",
    "-a*(7*a**4 + 23856*a**2 + 12342528)/6688604160",
    "(35*a**6 + 246960*a**4 + 481970304*a**2 - 63244800000)/4815794995200"
  ],
  "B1": "-(-24*sigma**2 + 36*sigma - 7 + 2*pi**2)/(24*pi)",
  "B2": "(576*sigma**4 - 2112*sigma**3 - 96*pi**2*sigma**2 + 1920*sigma**2 + 24*sigma + 240*pi**2*sigma - 172*pi**2 - 203 + 4*pi**4)/(1152*pi**2)",
  "B2_latex": "\\frac{\\sigma^{4}}{2 \\pi^{2}} - \\frac{11 \\sigma^{3}}{6 \\pi^{2}} - \\frac{\\sigma^{2}}{12} + \\frac{5 \\sigma^{2}}{3 \\pi^{2}} + \\frac{\\sigma}{48 \\pi^{2}} + \\frac{5 \\sigma}{24} - \\frac{43}{288} - \\frac{203}{1152 \\pi^{2}} + \\frac{\\pi^{2}}{288}",
  "residual_order_checked": 8,
  "first_coefficients_match": true
}
