{
  "date": "2026-09-19",
  "python_version": "3.13.5",
  "scope": "Naturally labelled posets with at most five vertices; not isomorphism classes.",
  "posets_by_size": {
    "0": 1,
    "1": 1,
    "2": 2,
    "3": 7,
    "4": 40,
    "5": 357
  },
  "finite_map_cases": 2040,
  "finite_map_rank_checks": 130736,
  "symbolic_direct_dp_cases": 2040,
  "finite_hoare_cases": 153,
  "finite_subsets_enumerated": 11483,
  "finite_downset_classes": 2043,
  "arithmetic_random_triples": 400,
  "failed_assertions": 0,
  "caveat": "Finite checks and implementation agreement do not prove transfinite theorems.",
  "elapsed_seconds": 12.047
}
