m 2 F signs [1, 1, 1, -1] G signs [0, 1, 1, -1] E signs [1, 1, 1] seconds 0.02
m 3 F signs [1, 1, 1, 1, 1, -1] G signs [0, 1, 1, 1, 1, -1] E signs [1, 1, 1, 1, 1] seconds 0.04
m 4 F signs [1, 1, 1, 1, 1, 1, 1, -1] G signs [0, 1, 1, 1, 1, 1, 1, -1] E signs [1, 1, 1, 1, 1, 1, 1] seconds 0.11
m 5 F signs [1, 1, 1, 1, 1, 1, 1, 1, -1, -1] G signs [0, 1, 1, 1, 1, 1, 1, 1, -1, -1] E signs [1, 1, 1, 1, 1, 1, 1, 1, 1] seconds 0.23
m 6 F signs [1, 1, 1, 1, 1, 1, 1, 1, 1, 1, -1, -1] G signs [0, 1, 1, 1, 1, 1, 1, 1, 1, 1, -1, -1] E signs [1, 1, 1, 1, 1, 1, 1, 1, 1, 1, 1] seconds 0.46
m 7 F signs [1, 1, 1, 1, 1, 1, 1, 1, 1, 1, 1, 1, -1, -1] G signs [0, 1, 1, 1, 1, 1, 1, 1, 1, 1, 1, 1, -1, -1] E signs [1, 1, 1, 1, 1, 1, 1, 1, 1, 1, 1, 1, 1] seconds 0.86
m 8 F signs [1, 1, 1, 1, 1, 1, 1, 1, 1, 1, 1, 1, 1, -1, -1, -1] G signs [0, 1, 1, 1, 1, 1, 1, 1, 1, 1, 1, 1, 1, -1, -1, -1] E signs [1, 1, 1, 1, 1, 1, 1, 1, 1, 1, 1, 1, 1, 1, 1] seconds 1.85
m 9 F signs [1, 1, 1, 1, 1, 1, 1, 1, 1, 1, 1, 1, 1, 1, 1, -1, -1, -1] G signs [0, 1, 1, 1, 1, 1, 1, 1, 1, 1, 1, 1, 1, 1, 1, -1, -1, -1] E signs [1, 1, 1, 1, 1, 1, 1, 1, 1, 1, 1, 1, 1, 1, 1, 1, 1] seconds 3.64
m 10 F signs [1, 1, 1, 1, 1, 1, 1, 1, 1, 1, 1, 1, 1, 1, 1, 1, 1, -1, -1, -1] G signs [0, 1, 1, 1, 1, 1, 1, 1, 1, 1, 1, 1, 1, 1, 1, 1, -1, -1, -1, -1] E signs [1, 1, 1, 1, 1, 1, 1, 1, 1, 1, 1, 1, 1, 1, 1, 1, 1, 1, 1] seconds 7.09
m 11 F signs [1, 1, 1, 1, 1, 1, 1, 1, 1, 1, 1, 1, 1, 1, 1, 1, 1, 1, -1, -1, -1, -1] G signs [0, 1, 1, 1, 1, 1, 1, 1, 1, 1, 1, 1, 1, 1, 1, 1, 1, 1, -1, -1, -1, -1] E signs [1, 1, 1, 1, 1, 1, 1, 1, 1, 1, 1, 1, 1, 1, 1, 1, 1, 1, 1, 1, 1] seconds 10.61
m 12 F signs [1, 1, 1, 1, 1, 1, 1, 1, 1, 1, 1, 1, 1, 1, 1, 1, 1, 1, 1, 1, -1, -1, -1, -1] G signs [0, 1, 1, 1, 1, 1, 1, 1, 1, 1, 1, 1, 1, 1, 1, 1, 1, 1, 1, 1, -1, -1, -1, -1] E signs [1, 1, 1, 1, 1, 1, 1, 1, 1, 1, 1, 1, 1, 1, 1, 1, 1, 1, 1, 1, 1, 1, 1] seconds 16.82
m 13 F signs [1, 1, 1, 1, 1, 1, 1, 1, 1, 1, 1, 1, 1, 1, 1, 1, 1, 1, 1, 1, 1, -1, -1, -1, -1, -1] G signs [0, 1, 1, 1, 1, 1, 1, 1, 1, 1, 1, 1, 1, 1, 1, 1, 1, 1, 1, 1, 1, -1, -1, -1, -1, -1] E signs [1, 1, 1, 1, 1, 1, 1, 1, 1, 1, 1, 1, 1, 1, 1, 1, 1, 1, 1, 1, 1, 1, 1, 1, 1] seconds 17.39
m 14 F signs [1, 1, 1, 1, 1, 1, 1, 1, 1, 1, 1, 1, 1, 1, 1, 1, 1, 1, 1, 1, 1, 1, 1, -1, -1, -1, -1, -1] G signs [0, 1, 1, 1, 1, 1, 1, 1, 1, 1, 1, 1, 1, 1, 1, 1, 1, 1, 1, 1, 1, 1, 1, -1, -1, -1, -1, -1] E signs [1, 1, 1, 1, 1, 1, 1, 1, 1, 1, 1, 1, 1, 1, 1, 1, 1, 1, 1, 1, 1, 1, 1, 1, 1, 1, 1] seconds 26.83
m 2 all 2 offset identities pass
m 3 all 3 offset identities pass
m 4 all 4 offset identities pass
m 5 all 5 offset identities pass
m 6 all 6 offset identities pass
m 7 all 7 offset identities pass
m 8 all 8 offset identities pass
Exact cutoff inequalities pass; saddle is between4/5 and5/6; m>=70 suffices
All 21 exact side conditions pass
All 2632 marked-pair profiles pass
All 195 stored Schur pressure coefficients and 35 restoration identities pass
All rational matrix computations reproduced
