{
  "accepting_witness": {
    "generator_word_length": 189,
    "inner_tiles": 94,
    "rewrite_steps": 14
  },
  "bounded_simulation_inputs": 225,
  "cleanup_edges": 3557,
  "cleanup_start_cases": 225,
  "compared_prefix_steps": 64036,
  "determinant_checks": 229,
  "independent_table_cells": 30,
  "invalid_inputs_rejected": 8,
  "local_machine_rewrite_cases": 6750,
  "long_cli_input_bits": 8192,
  "long_cli_output_bytes": 35459,
  "marker_exhaustion": {
    "maximum_generator_word_length": 8,
    "tested_words": 488281,
    "tile_indices": [
      1,
      2
    ],
    "words_equal_to_marker": 15
  },
  "maximum_prefix_steps_per_input": 300,
  "nonhalting_caveat": "Failure to halt in a tested prefix is not evidence of nonhalting",
  "observed_halts": 12,
  "optimization_mode": true,
  "random_encoder_cases": 100,
  "semigroup_json_sha256": "506144b361b2bea634d468a94921644d91868dc089a257fe289a0bf51b74cec9",
  "status": "pass"
}
