{
  "actual_maps": 97,
  "actual_radix_threshold": 18510406623962009412894903228521,
  "all_195_matrices_verified_against_lift_recipe": true,
  "all_9555_entries_verified": true,
  "all_source_gates_and_variables_live": true,
  "article_sha256": {
    "Report55.pdf": "b5b78e9b1d485ea1fc5d09d028805e4c6d2c0abbfedfa25c367bc0449fc6d417",
    "Report55.tex": "1846c0d191ff167602fb252ff3375a3809782ada03f786ae9bdea20f34b803d9"
  },
  "author_upstream_saved_schedule_or_lean_code_executed": false,
  "body_counts": {
    "*": 48475,
    "+": 40494,
    "-": 24194
  },
  "body_gate_count": 113163,
  "checker_sha256": "8f6ebe592a27e58450fde9d82ff770aebbf7f94ab9f288d459f6633a1416a8f0",
  "counts": {
    "*": 72093,
    "+": 64111,
    "-": 47812
  },
  "degree_upper_bound": 12,
  "exact_total_degree": 12,
  "finalizer_verified_gate_by_gate": true,
  "fixed_contexts": {
    "U": "[110",
    "V": "A0]"
  },
  "frozen_science_manifest_entries": 18,
  "full_gate_count": 184016,
  "macro_counts": {
    "power": 1475,
    "subset": 491
  },
  "matrix_rank_counts": {
    "5": 194,
    "6": 1
  },
  "ordinary_input_unshifted": true,
  "port_count": 506,
  "positive_witness_count": 41309,
  "preserved_file_count": 31,
  "principal_pins": {
    "dependencies/group_directed_semigroup193.md": "75f7e527b62717f21394750842a5569adc56231f1f6d6fab5e359e63b71ce56e",
    "dependencies/matrix193_gamma1_recode.md": "6349644283548af96f4a9582ee32d959a123c81bf1c2f902c45874ae45c96742",
    "dependencies/matrix193_kernel_row_projection.md": "400aab15caa9462808cc2dc2ef68f013797a9bc656c97acecdd610de81a13c6e",
    "dependencies/pell-source.lean": "993760c797ad0ff66fa77064a616fce779550bc745cbf6c44e04f392fd0bed0a",
    "dependencies/u15_unary_block_interface.md": "cdc686700af3545609796034e0a2c906bd0438b6bcabc0c0b267954cc9d20452",
    "science/sources/matrix193_context_absorption.json": "73f8cae212c6c1917e73cc76c7bf3c43b8c587748bbf4327eddf4c82e726a436",
    "science/sources/matrix193_countdown_rows.json": "f365eb9b62242b395b33766d00a246f0ebcd1a28d867cbcf1173037552b916e0",
    "science/sources/matrix195_counted_suffix.json": "3c803a9a219eebf299a40dcece8958e905b3c59f8ba8b5cb1e60d9c52812c5bd"
  },
  "pure_monomial": "bounds.offset.w^8 bounds.offset.g^4",
  "pure_monomial_coefficient": 1,
  "radix_factor": 20282409603651670423947251286016,
  "residual_count": 23618,
  "scope": "Fresh manuscript claim cross-check; does not replace the full semantic source audit",
  "status": "PASS",
  "tile_guards": "n=next_n=0"
}
