Rc files read (in order):
  NONE
Latexmk: This is Latexmk, John Collins, 9 March 2026. Version 4.88.
No existing .aux file, so I'll make a simple one, and require run of *latex.
Latexmk: applying rule 'pdflatex'...
Rule 'pdflatex':  Reasons for rerun
Category 'other':
  Rerun of 'pdflatex' forced or previously required:
    Reason or flag: 'Initial setup'

------------
Run number 1 of rule 'pdflatex'
------------
------------
Running 'pdflatex  -interaction=nonstopmode -recorder  "article.tex"'
------------
This is pdfTeX, Version 3.141592653-2.6-1.40.29 (MiKTeX 26.2) (preloaded format=pdflatex.fmt)
 restricted \write18 enabled.
entering extended mode
(article.tex
LaTeX2e <2025-11-01>
L3 programming layer <2026-03-20>
(C:\Users\vresh\AppData\Local\Programs\MiKTeX\tex/latex/base\article.cls
Document Class: article 2025/01/22 v1.4n Standard LaTeX document class
(C:\Users\vresh\AppData\Local\Programs\MiKTeX\tex/latex/base\size11.clo))
(C:\Users\vresh\AppData\Local\Programs\MiKTeX\tex/latex/base\fontenc.sty)
(C:\Users\vresh\AppData\Local\Programs\MiKTeX\tex/latex/base\inputenc.sty)
(C:\Users\vresh\AppData\Local\Programs\MiKTeX\tex/latex/lm\lmodern.sty)
(C:\Users\vresh\AppData\Local\Programs\MiKTeX\tex/latex/geometry\geometry.sty
(C:\Users\vresh\AppData\Local\Programs\MiKTeX\tex/latex/graphics\keyval.sty)
(C:\Users\vresh\AppData\Local\Programs\MiKTeX\tex/generic/iftex\ifvtex.sty
(C:\Users\vresh\AppData\Local\Programs\MiKTeX\tex/generic/iftex\iftex.sty))
(C:\Users\vresh\AppData\Local\Programs\MiKTeX\tex/latex/geometry\geometry.cfg))
(C:\Users\vresh\AppData\Local\Programs\MiKTeX\tex/latex/amsmath\amsmath.sty
For additional information on amsmath, use the `?' option.
(C:\Users\vresh\AppData\Local\Programs\MiKTeX\tex/latex/amsmath\amstext.sty
(C:\Users\vresh\AppData\Local\Programs\MiKTeX\tex/latex/amsmath\amsgen.sty))
(C:\Users\vresh\AppData\Local\Programs\MiKTeX\tex/latex/amsmath\amsbsy.sty)
(C:\Users\vresh\AppData\Local\Programs\MiKTeX\tex/latex/amsmath\amsopn.sty))
(C:\Users\vresh\AppData\Local\Programs\MiKTeX\tex/latex/amsfonts\amssymb.sty
(C:\Users\vresh\AppData\Local\Programs\MiKTeX\tex/latex/amsfonts\amsfonts.sty))
 (C:\Users\vresh\AppData\Local\Programs\MiKTeX\tex/latex/amscls\amsthm.sty)
(C:\Users\vresh\AppData\Local\Programs\MiKTeX\tex/latex/mathtools\mathtools.sty
(C:\Users\vresh\AppData\Local\Programs\MiKTeX\tex/latex/tools\calc.sty)
(C:\Users\vresh\AppData\Local\Programs\MiKTeX\tex/latex/mathtools\mhsetup.sty))

(C:\Users\vresh\AppData\Local\Programs\MiKTeX\tex/latex/microtype\microtype.sty
(C:\Users\vresh\AppData\Local\Programs\MiKTeX\tex/latex/etoolbox\etoolbox.sty)
(C:\Users\vresh\AppData\Local\Programs\MiKTeX\tex/latex/microtype\microtype-pdf
tex.def)
(C:\Users\vresh\AppData\Local\Programs\MiKTeX\tex/latex/microtype\microtype.cfg
))
(C:\Users\vresh\AppData\Local\Programs\MiKTeX\tex/latex/booktabs\booktabs.sty)
(C:\Users\vresh\AppData\Local\Programs\MiKTeX\tex/latex/tools\array.sty)
(C:\Users\vresh\AppData\Local\Programs\MiKTeX\tex/latex/tools\longtable.sty)
(C:\Users\vresh\AppData\Local\Programs\MiKTeX\tex/latex/xcolor\xcolor.sty
(C:\Users\vresh\AppData\Local\Programs\MiKTeX\tex/latex/graphics-cfg\color.cfg)

(C:\Users\vresh\AppData\Local\Programs\MiKTeX\tex/latex/graphics-def\pdftex.def
)
(C:\Users\vresh\AppData\Local\Programs\MiKTeX\tex/latex/graphics\mathcolor.ltx)
) (C:\Users\vresh\AppData\Local\Programs\MiKTeX\tex/latex/graphics\dvipsnam.def
) (C:\Users\vresh\AppData\Local\Programs\MiKTeX\tex/latex/enumitem\enumitem.sty
) (C:\Users\vresh\AppData\Local\Programs\MiKTeX\tex/latex/fancyhdr\fancyhdr.sty
) (C:\Users\vresh\AppData\Local\Programs\MiKTeX\tex/latex/hyperref\hyperref.sty

(C:\Users\vresh\AppData\Local\Programs\MiKTeX\tex/latex/kvsetkeys\kvsetkeys.sty
)
(C:\Users\vresh\AppData\Local\Programs\MiKTeX\tex/generic/kvdefinekeys\kvdefine
keys.sty)
(C:\Users\vresh\AppData\Local\Programs\MiKTeX\tex/generic/pdfescape\pdfescape.s
ty
(C:\Users\vresh\AppData\Local\Programs\MiKTeX\tex/generic/ltxcmds\ltxcmds.sty)
(C:\Users\vresh\AppData\Local\Programs\MiKTeX\tex/generic/pdftexcmds\pdftexcmds
.sty
(C:\Users\vresh\AppData\Local\Programs\MiKTeX\tex/generic/infwarerr\infwarerr.s
ty)))
(C:\Users\vresh\AppData\Local\Programs\MiKTeX\tex/latex/hycolor\hycolor.sty)
(C:\Users\vresh\AppData\Local\Programs\MiKTeX\tex/latex/hyperref\nameref.sty
(C:\Users\vresh\AppData\Local\Programs\MiKTeX\tex/latex/refcount\refcount.sty)
(C:\Users\vresh\AppData\Local\Programs\MiKTeX\tex/generic/gettitlestring\gettit
lestring.sty
(C:\Users\vresh\AppData\Local\Programs\MiKTeX\tex/latex/kvoptions\kvoptions.sty
)))
(C:\Users\vresh\AppData\Local\Programs\MiKTeX\tex/generic/stringenc\stringenc.s
ty) (C:\Users\vresh\AppData\Local\Programs\MiKTeX\tex/latex/hyperref\pd1enc.def
) (C:\Users\vresh\AppData\Local\Programs\MiKTeX\tex/generic/intcalc\intcalc.sty
) (C:\Users\vresh\AppData\Local\Programs\MiKTeX\tex/latex/hyperref\puenc.def)
(C:\Users\vresh\AppData\Local\Programs\MiKTeX\tex/latex/url\url.sty)
(C:\Users\vresh\AppData\Local\Programs\MiKTeX\tex/generic/bitset\bitset.sty
(C:\Users\vresh\AppData\Local\Programs\MiKTeX\tex/generic/bigintcalc\bigintcalc
.sty)))
(C:\Users\vresh\AppData\Local\Programs\MiKTeX\tex/latex/hyperref\hpdftex.def
(C:\Users\vresh\AppData\Local\Programs\MiKTeX\tex/latex/rerunfilecheck\rerunfil
echeck.sty
(C:\Users\vresh\AppData\Local\Programs\MiKTeX\tex/generic/uniquecounter\uniquec
ounter.sty)))
(C:\Users\vresh\AppData\Local\Programs\MiKTeX\tex/latex/listings\listings.sty
(C:\Users\vresh\AppData\Local\Programs\MiKTeX\tex/latex/listings\lstpatch.sty)
(C:\Users\vresh\AppData\Local\Programs\MiKTeX\tex/latex/listings\lstmisc.sty)
(C:\Users\vresh\AppData\Local\Programs\MiKTeX\tex/latex/listings\listings.cfg))
==> First Aid for listings.sty no longer applied!
    Expected:
        2024/09/23 1.10c (Carsten Heinz)
    but found:
        2025/11/14 1.11b (Carsten Heinz)
    so I'm assuming it got fixed.
(C:\Users\vresh\AppData\Local\Programs\MiKTeX\tex/latex/lm\t1lmr.fd)
(C:\Users\vresh\AppData\Local\Programs\MiKTeX\tex/latex/l3backend\l3backend-pdf
tex.def) (article.aux)
*geometry* driver: auto-detecting
*geometry* detected driver: pdftex
(C:\Users\vresh\AppData\Local\Programs\MiKTeX\tex/latex/graphics\graphicx.sty
(C:\Users\vresh\AppData\Local\Programs\MiKTeX\tex/latex/graphics\graphics.sty
(C:\Users\vresh\AppData\Local\Programs\MiKTeX\tex/latex/graphics\trig.sty)
(C:\Users\vresh\AppData\Local\Programs\MiKTeX\tex/latex/graphics-cfg\graphics.c
fg)))
(C:\Users\vresh\AppData\Local\Programs\MiKTeX\tex/latex/microtype\mt-cmr.cfg)
(C:\Users\vresh\AppData\Local\Programs\MiKTeX\tex/context/base/mkii\supp-pdf.mk
ii
[Loading MPS to PDF converter (version 2006.09.02).]
)
(C:\Users\vresh\AppData\Local\Programs\MiKTeX\tex/latex/epstopdf-pkg\epstopdf-b
ase.sty
(C:\Users\vresh\AppData\Local\Programs\MiKTeX\tex/latex/00miktex\epstopdf-sys.c
fg)) (C:\Users\vresh\AppData\Local\Programs\MiKTeX\tex/latex/lm\ot1lmr.fd)
(C:\Users\vresh\AppData\Local\Programs\MiKTeX\tex/latex/lm\omllmm.fd)
(C:\Users\vresh\AppData\Local\Programs\MiKTeX\tex/latex/lm\omslmsy.fd)
(C:\Users\vresh\AppData\Local\Programs\MiKTeX\tex/latex/lm\omxlmex.fd)
(C:\Users\vresh\AppData\Local\Programs\MiKTeX\tex/latex/amsfonts\umsa.fd)
(C:\Users\vresh\AppData\Local\Programs\MiKTeX\tex/latex/microtype\mt-msa.cfg)
(C:\Users\vresh\AppData\Local\Programs\MiKTeX\tex/latex/amsfonts\umsb.fd)
(C:\Users\vresh\AppData\Local\Programs\MiKTeX\tex/latex/microtype\mt-msb.cfg)
No file article.toc.
[1{C:/Users/vresh/AppData/Local/MiKTeX/fonts/map/pdftex/pdftex.map}{C:/Users/vr
esh/AppData/Local/Programs/MiKTeX/fonts/enc/dvips/lm/lm-ec.enc}{C:/Users/vresh/
AppData/Local/Programs/MiKTeX/fonts/enc/dvips/lm/lm-mathit.enc}{C:/Users/vresh/
AppData/Local/Programs/MiKTeX/fonts/enc/dvips/lm/lm-rm.enc}{C:/Users/vresh/AppD
ata/Local/Programs/MiKTeX/fonts/enc/dvips/lm/lm-mathsy.enc}]

LaTeX Warning: Citation `AC' on page 2 undefined on input line 148.


LaTeX Warning: Citation `Chapoton' on page 2 undefined on input line 149.


LaTeX Warning: Citation `AC' on page 2 undefined on input line 151.


LaTeX Warning: Reference `eq:covers-support' on page 2 undefined on input line 
164.


LaTeX Warning: Reference `sec:transport' on page 2 undefined on input line 165.



LaTeX Warning: Reference `eq:target' on page 2 undefined on input line 165.


LaTeX Warning: Reference `eq:target' on page 2 undefined on input line 206.

[2{C:/Users/vresh/AppData/Local/Programs/MiKTeX/fonts/enc/dvips/lm/lm-mathex.en
c}]

LaTeX Warning: Reference `thm:allnegative' on page 3 undefined on input line 24
0.


LaTeX Warning: Reference `eq:target' on page 3 undefined on input line 241.


LaTeX Warning: Citation `Chapoton' on page 3 undefined on input line 246.


LaTeX Warning: Reference `eq:qzeta-def' on page 3 undefined on input line 247.


LaTeX Warning: Reference `thm:main' on page 3 undefined on input line 264.


LaTeX Warning: Reference `sec:incidence' on page 3 undefined on input line 269.



LaTeX Warning: Reference `sec:private' on page 3 undefined on input line 269.


LaTeX Warning: Reference `thm:height-intro' on page 3 undefined on input line 2
74.

(C:\Users\vresh\AppData\Local\Programs\MiKTeX\tex/latex/lm\ts1lmr.fd)

LaTeX Warning: Reference `sec:interior' on page 3 undefined on input line 277.


LaTeX Warning: Reference `sec:private' on page 3 undefined on input line 283.


LaTeX Warning: Reference `sec:transfer' on page 3 undefined on input line 293.


LaTeX Warning: Reference `thm:allnegative' on page 3 undefined on input line 30
5.

[3{C:/Users/vresh/AppData/Local/Programs/MiKTeX/fonts/enc/dvips/lm/lm-ts1.enc}]

LaTeX Warning: Reference `sec:transport' on page 4 undefined on input line 310.



LaTeX Warning: Reference `sec:transfer' on page 4 undefined on input line 311.


LaTeX Warning: Reference `sec:consequences' on page 4 undefined on input line 3
11.


LaTeX Warning: Reference `thm:main' on page 4 undefined on input line 325.


LaTeX Warning: Reference `sec:incidence' on page 4 undefined on input line 326.



LaTeX Warning: Reference `sec:private' on page 4 undefined on input line 326.


LaTeX Warning: Reference `sec:transfer' on page 4 undefined on input line 327.


LaTeX Warning: Reference `sec:interior' on page 4 undefined on input line 331.


LaTeX Warning: Reference `sec:private' on page 4 undefined on input line 331.


LaTeX Warning: Reference `imp:duality' on page 4 undefined on input line 333.


LaTeX Warning: Reference `eq:exact-support' on page 4 undefined on input line 3
35.


LaTeX Warning: Reference `sec:completion' on page 4 undefined on input line 335
.


LaTeX Warning: Reference `sec:private' on page 4 undefined on input line 335.


LaTeX Warning: Reference `sec:proofB-support' on page 4 undefined on input line
 336.


LaTeX Warning: Reference `lem:continuation' on page 4 undefined on input line 3
39.


LaTeX Warning: Reference `prop:endpoint' on page 4 undefined on input line 340.



LaTeX Warning: Reference `rem:two-constructions' on page 4 undefined on input l
ine 343.


LaTeX Warning: Reference `sec:limits' on page 4 undefined on input line 345.


LaTeX Warning: Reference `prop:matroid' on page 4 undefined on input line 348.


LaTeX Warning: Reference `eq:h-polynomial' on page 4 undefined on input line 34
8.


LaTeX Warning: Reference `sec:computation' on page 4 undefined on input line 35
1.


LaTeX Warning: Reference `prop:support-feasible' on page 4 undefined on input l
ine 355.


LaTeX Warning: Reference `lem:minsupp' on page 4 undefined on input line 356.


LaTeX Warning: Reference `prop:degrees' on page 4 undefined on input line 356.


LaTeX Warning: Reference `thm:allnegative' on page 4 undefined on input line 35
9.


LaTeX Warning: Reference `prop:top' on page 4 undefined on input line 361.


LaTeX Warning: Reference `sec:consequences' on page 4 undefined on input line 3
61.


LaTeX Warning: Reference `eq:next-coefficient' on page 4 undefined on input lin
e 362.


LaTeX Warning: Reference `sec:shadow' on page 4 undefined on input line 366.


LaTeX Warning: Citation `PriorReciprocity' on page 4 undefined on input line 36
9.

[4]

LaTeX Warning: Reference `sec:imports-ehrhart' on page 5 undefined on input lin
e 371.


LaTeX Warning: Reference `rem:seam-table' on page 5 undefined on input line 374
.


LaTeX Warning: Reference `rem:seam-matroid' on page 5 undefined on input line 3
74.


LaTeX Warning: Reference `eq:target' on page 5 undefined on input line 385.


LaTeX Warning: Reference `eq:exact-support' on page 5 undefined on input line 3
86.

(C:\Users\vresh\AppData\Local\Programs\MiKTeX\tex/latex/lm\t1lmtt.fd)

LaTeX Warning: Reference `eq:main' on page 5 undefined on input line 390.


LaTeX Warning: Reference `eq:exact-support' on page 5 undefined on input line 3
98.


LaTeX Warning: Reference `eq:target' on page 5 undefined on input line 406.


LaTeX Warning: Reference `eq:exact-support' on page 5 undefined on input line 4
06.


LaTeX Warning: Reference `thm:allnegative' on page 5 undefined on input line 40
9.


LaTeX Warning: Reference `sec:audit' on page 5 undefined on input line 415.


LaTeX Warning: Reference `app:ledger' on page 5 undefined on input line 416.


LaTeX Warning: Citation `Manifest' on page 5 undefined on input line 421.


LaTeX Warning: Citation `PriorReciprocity' on page 5 undefined on input line 42
4.


LaTeX Warning: Reference `eq:target' on page 5 undefined on input line 432.


LaTeX Warning: Reference `thm:main' on page 5 undefined on input line 434.


LaTeX Warning: Reference `thm:allnegative' on page 5 undefined on input line 43
6.

[5]

LaTeX Warning: Citation `PriorReciprocity' on page 6 undefined on input line 43
8.


LaTeX Warning: Reference `prop:reciprocity' on page 6 undefined on input line 4
42.


LaTeX Warning: Citation `PriorReciprocity' on page 6 undefined on input line 44
3.


LaTeX Warning: Reference `eq:L-formula' on page 6 undefined on input line 446.


LaTeX Warning: Citation `PriorReciprocity' on page 6 undefined on input line 44
8.


LaTeX Warning: Citation `AC' on page 6 undefined on input line 450.


LaTeX Warning: Reference `sec:shadow' on page 6 undefined on input line 453.


LaTeX Warning: Citation `PriorReciprocity' on page 6 undefined on input line 45
4.


LaTeX Warning: Citation `PriorReciprocity' on page 6 undefined on input line 45
8.


LaTeX Warning: Citation `AC' on page 6 undefined on input line 466.


LaTeX Warning: Reference `app:hall' on page 6 undefined on input line 472.

[6]

LaTeX Warning: Reference `eq:minkowski' on page 7 undefined on input line 534.


LaTeX Warning: Reference `eq:hall-demand' on page 7 undefined on input line 562
.


LaTeX Warning: Reference `app:hall' on page 7 undefined on input line 567.


LaTeX Warning: Reference `eq:hall-demand' on page 7 undefined on input line 586
.


LaTeX Warning: Reference `eq:covers-support' on page 7 undefined on input line 
601.


LaTeX Warning: Reference `lem:allocation' on page 7 undefined on input line 608
.

[7]

LaTeX Warning: Reference `eq:covers-support' on page 8 undefined on input line 
615.


LaTeX Warning: Citation `Chapoton' on page 8 undefined on input line 650.

(C:\Users\vresh\AppData\Local\Programs\MiKTeX\tex/latex/lm\ot1lmss.fd)

LaTeX Warning: Reference `eq:qzeta-def' on page 8 undefined on input line 674.


LaTeX Warning: Reference `eq:positive-matrix' on page 8 undefined on input line
 674.

[8]

LaTeX Warning: Reference `eq:qzeta-def' on page 9 undefined on input line 711.


LaTeX Warning: Citation `Chapoton' on page 9 undefined on input line 720.


LaTeX Warning: Reference `lem:max' on page 9 undefined on input line 728.


LaTeX Warning: Reference `eq:negative-matrix' on page 9 undefined on input line
 773.


LaTeX Warning: Reference `eq:mobius' on page 9 undefined on input line 779.


LaTeX Warning: Reference `eq:reduction' on page 9 undefined on input line 781.


LaTeX Warning: Reference `eq:local' on page 9 undefined on input line 781.


LaTeX Warning: Reference `eq:ternary' on page 9 undefined on input line 782.

[9]

LaTeX Warning: Reference `eq:main' on page 10 undefined on input line 788.


LaTeX Warning: Reference `eq:target' on page 10 undefined on input line 788.


LaTeX Warning: Reference `eq:covers-support' on page 10 undefined on input line
 789.


LaTeX Warning: Reference `eq:main' on page 10 undefined on input line 790.


LaTeX Warning: Reference `eq:reduction' on page 10 undefined on input line 790.



LaTeX Warning: Reference `thm:height-intro' on page 10 undefined on input line 
791.


LaTeX Warning: Reference `sec:imports' on page 10 undefined on input line 795.


LaTeX Warning: Reference `sec:private' on page 10 undefined on input line 795.


LaTeX Warning: Reference `eq:local' on page 10 undefined on input line 797.


LaTeX Warning: Reference `sec:limits' on page 10 undefined on input line 800.


LaTeX Warning: Reference `sec:imports-lattice' on page 10 undefined on input li
ne 809.


LaTeX Warning: Reference `sec:imports-ehrhart' on page 10 undefined on input li
ne 809.


LaTeX Warning: Reference `sec:imports-duality' on page 10 undefined on input li
ne 810.


LaTeX Warning: Citation `Hall' on page 10 undefined on input line 825.


LaTeX Warning: Reference `lem:transport' on page 10 undefined on input line 826
.


LaTeX Warning: Reference `lem:allocation' on page 10 undefined on input line 82
6.


LaTeX Warning: Reference `lem:euler' on page 10 undefined on input line 826.


LaTeX Warning: Reference `lem:residual' on page 10 undefined on input line 827.



LaTeX Warning: Reference `lem:private' on page 10 undefined on input line 827.


LaTeX Warning: Reference `prop:matroid' on page 10 undefined on input line 827.



LaTeX Warning: Reference `app:hall' on page 10 undefined on input line 829.

[10]

LaTeX Warning: Citation `Postnikov' on page 11 undefined on input line 854.


LaTeX Warning: Citation `AC' on page 11 undefined on input line 855.


LaTeX Warning: Citation `Postnikov' on page 11 undefined on input line 864.


LaTeX Warning: Citation `Postnikov' on page 11 undefined on input line 887.


LaTeX Warning: Reference `sec:interior' on page 11 undefined on input line 890.



LaTeX Warning: Reference `imp:duality' on page 11 undefined on input line 895.


LaTeX Warning: Reference `sec:private' on page 11 undefined on input line 896.


LaTeX Warning: Reference `imp:lattice' on page 11 undefined on input line 897.


LaTeX Warning: Citation `Postnikov' on page 11 undefined on input line 900.


LaTeX Warning: Reference `thm:main' on page 11 undefined on input line 901.


LaTeX Warning: Citation `Macdonald' on page 11 undefined on input line 915.


LaTeX Warning: Citation `BeckRobins' on page 11 undefined on input line 916.


LaTeX Warning: Citation `BeckDevelin' on page 11 undefined on input line 918.

[11]

LaTeX Warning: Reference `eq:minkowski' on page 12 undefined on input line 951.



LaTeX Warning: Reference `imp:lattice' on page 12 undefined on input line 960.


LaTeX Warning: Reference `eq:draconian-conditions' on page 12 undefined on inpu
t line 961.


LaTeX Warning: Reference `eq:draconian-filter' on page 12 undefined on input li
ne 969.


LaTeX Warning: Reference `eq:postnikov' on page 12 undefined on input line 973.



LaTeX Warning: Reference `eq:E' on page 12 undefined on input line 973.


LaTeX Warning: Citation `AC' on page 12 undefined on input line 978.


LaTeX Warning: Reference `prop:count' on page 12 undefined on input line 995.


LaTeX Warning: Reference `eq:L-formula' on page 12 undefined on input line 1004
.


LaTeX Warning: Citation `PriorReciprocity' on page 12 undefined on input line 1
005.


LaTeX Warning: Citation `AC' on page 12 undefined on input line 1008.


LaTeX Warning: Reference `sec:interior' on page 12 undefined on input line 1014
.


LaTeX Warning: Reference `eq:E' on page 12 undefined on input line 1019.

[12]

LaTeX Warning: Reference `lem:transport' on page 13 undefined on input line 102
9.


LaTeX Warning: Reference `eq:ehrhart-reciprocity' on page 13 undefined on input
 line 1047.


LaTeX Warning: Reference `prop:count' on page 13 undefined on input line 1048.


LaTeX Warning: Reference `eq:reciprocity' on page 13 undefined on input line 10
48.


LaTeX Warning: Citation `PriorReciprocity' on page 13 undefined on input line 1
057.


LaTeX Warning: Reference `eq:reciprocity' on page 13 undefined on input line 10
58.


LaTeX Warning: Reference `eq:reciprocity' on page 13 undefined on input line 10
61.


LaTeX Warning: Reference `sec:transfer' on page 13 undefined on input line 1062
.


LaTeX Warning: Reference `lem:transport' on page 13 undefined on input line 107
9.


LaTeX Warning: Reference `eq:ehrhart-reciprocity' on page 13 undefined on input
 line 1082.

[13]

LaTeX Warning: Reference `eq:left-drac' on page 14 undefined on input line 1134
.


LaTeX Warning: Reference `eq:left-drac' on page 14 undefined on input line 1137
.


LaTeX Warning: Reference `lem:max' on page 14 undefined on input line 1139.


LaTeX Warning: Reference `eq:right-subsets' on page 14 undefined on input line 
1154.


LaTeX Warning: Reference `eq:right-filters' on page 14 undefined on input line 
1161.


LaTeX Warning: Reference `lem:transport' on page 14 undefined on input line 117
0.


LaTeX Warning: Reference `eq:right-filters' on page 14 undefined on input line 
1173.


LaTeX Warning: Reference `imp:duality' on page 14 undefined on input line 1187.



LaTeX Warning: Reference `eq:left-identification' on page 14 undefined on input
 line 1188.


LaTeX Warning: Reference `eq:right-identification' on page 14 undefined on inpu
t line 1189.


LaTeX Warning: Reference `eq:interior-identity' on page 14 undefined on input l
ine 1189.


LaTeX Warning: Reference `eq:restricted-negative' on page 14 undefined on input
 line 1193.


LaTeX Warning: Reference `cor:L-reciprocity' on page 14 undefined on input line
 1194.

[14]

LaTeX Warning: Reference `prop:local' on page 15 undefined on input line 1216.


LaTeX Warning: Reference `thm:main' on page 15 undefined on input line 1216.


LaTeX Warning: Reference `eq:L-formula' on page 15 undefined on input line 1220
.


LaTeX Warning: Reference `eq:L-formula' on page 15 undefined on input line 1230
.


LaTeX Warning: Reference `eq:binomial-polynomial' on page 15 undefined on input
 line 1236.


LaTeX Warning: Reference `eq:two-value' on page 15 undefined on input line 1253
.


LaTeX Warning: Reference `sec:two-capacity' on page 15 undefined on input line 
1259.


LaTeX Warning: Reference `eq:binomial' on page 15 undefined on input line 1260.



LaTeX Warning: Reference `thm:main' on page 15 undefined on input line 1268.


LaTeX Warning: Reference `lem:interpolation' on page 15 undefined on input line
 1269.


LaTeX Warning: Reference `thm:interior' on page 15 undefined on input line 1269
.


LaTeX Warning: Reference `eq:main' on page 15 undefined on input line 1282.


LaTeX Warning: Reference `eq:exact-support' on page 15 undefined on input line 
1283.

[15]

LaTeX Warning: Reference `prop:local' on page 16 undefined on input line 1286.


LaTeX Warning: Reference `lem:max' on page 16 undefined on input line 1287.


LaTeX Warning: Reference `eq:target' on page 16 undefined on input line 1289.


LaTeX Warning: Reference `eq:exact-support' on page 16 undefined on input line 
1290.


LaTeX Warning: Reference `eq:reduction' on page 16 undefined on input line 1290
.


LaTeX Warning: Reference `thm:height-intro' on page 16 undefined on input line 
1291.


LaTeX Warning: Reference `eq:bernstein-collapse' on page 16 undefined on input 
line 1307.


LaTeX Warning: Reference `eq:bernstein-collapse' on page 16 undefined on input 
line 1307.


LaTeX Warning: Reference `sec:incidence' on page 16 undefined on input line 130
9.


LaTeX Warning: Citation `PriorReciprocity' on page 16 undefined on input line 1
330.


LaTeX Warning: Reference `eq:exact-support' on page 16 undefined on input line 
1334.


LaTeX Warning: Reference `imp:lattice' on page 16 undefined on input line 1345.



LaTeX Warning: Reference `rem:import-trade' on page 16 undefined on input line 
1348.

[16]

LaTeX Warning: Reference `lem:transport' on page 17 undefined on input line 137
9.


LaTeX Warning: Reference `eq:draconian-conditions' on page 17 undefined on inpu
t line 1432.


LaTeX Warning: Reference `imp:lattice' on page 17 undefined on input line 1435.


[17]

LaTeX Warning: Reference `eq:K' on page 18 undefined on input line 1455.


LaTeX Warning: Reference `lem:inequalities' on page 18 undefined on input line 
1456.


LaTeX Warning: Reference `imp:lattice' on page 18 undefined on input line 1482.



LaTeX Warning: Reference `eq:interior-y' on page 18 undefined on input line 148
5.


LaTeX Warning: Reference `eq:degree-vectors' on page 18 undefined on input line
 1493.


LaTeX Warning: Reference `eq:alt-ehrhart' on page 18 undefined on input line 14
99.


LaTeX Warning: Reference `eq:ehrhart-reciprocity' on page 18 undefined on input
 line 1500.


LaTeX Warning: Reference `eq:interior-dual' on page 18 undefined on input line 
1500.


LaTeX Warning: Reference `eq:euler' on page 18 undefined on input line 1501.


LaTeX Warning: Reference `eq:interior-dual' on page 18 undefined on input line 
1505.


LaTeX Warning: Reference `imp:lattice' on page 18 undefined on input line 1507.



LaTeX Warning: Reference `lem:euler' on page 18 undefined on input line 1509.


LaTeX Warning: Reference `sec:computation' on page 18 undefined on input line 1
512.

[18]

LaTeX Warning: Reference `lem:allocation' on page 19 undefined on input line 15
37.


LaTeX Warning: Reference `lem:residual' on page 19 undefined on input line 1574
.


LaTeX Warning: Reference `lem:private' on page 19 undefined on input line 1575.



LaTeX Warning: Reference `lem:max' on page 19 undefined on input line 1588.


LaTeX Warning: Reference `lem:residual' on page 19 undefined on input line 1590
.


LaTeX Warning: Reference `thm:main' on page 19 undefined on input line 1600.


LaTeX Warning: Reference `eq:eta-independent' on page 19 undefined on input lin
e 1601.


LaTeX Warning: Reference `lem:euler' on page 19 undefined on input line 1601.


LaTeX Warning: Reference `lem:max-degrees' on page 19 undefined on input line 1
605.


LaTeX Warning: Reference `eq:exact-support' on page 19 undefined on input line 
1606.


LaTeX Warning: Reference `lem:euler' on page 19 undefined on input line 1607.


LaTeX Warning: Reference `eq:main' on page 19 undefined on input line 1608.


LaTeX Warning: Reference `eq:reduction' on page 19 undefined on input line 1609
.


LaTeX Warning: Reference `eq:target' on page 19 undefined on input line 1609.


LaTeX Warning: Reference `thm:height-intro' on page 19 undefined on input line 
1610.

[19]

LaTeX Warning: Reference `eq:exact-support' on page 20 undefined on input line 
1617.


LaTeX Warning: Reference `prop:matroid' on page 20 undefined on input line 1617
.


LaTeX Warning: Reference `sec:roadmap' on page 20 undefined on input line 1622.



LaTeX Warning: Reference `sec:weighted' on page 20 undefined on input line 1631
.


LaTeX Warning: Reference `prop:reciprocity' on page 20 undefined on input line 
1649.


LaTeX Warning: Reference `eq:E' on page 20 undefined on input line 1650.


LaTeX Warning: Reference `eq:reciprocity' on page 20 undefined on input line 16
51.


LaTeX Warning: Reference `eq:E' on page 20 undefined on input line 1651.


LaTeX Warning: Reference `lem:max' on page 20 undefined on input line 1659.


LaTeX Warning: Reference `eq:binomial' on page 20 undefined on input line 1661.



LaTeX Warning: Reference `eq:binomial-polynomial' on page 20 undefined on input
 line 1662.

[20]

LaTeX Warning: Reference `eq:transfer' on page 21 undefined on input line 1711.



LaTeX Warning: Reference `eq:binomial' on page 21 undefined on input line 1711.



LaTeX Warning: Reference `thm:transfer' on page 21 undefined on input line 1715
.


LaTeX Warning: Reference `thm:main' on page 21 undefined on input line 1718.


LaTeX Warning: Reference `thm:allnegative' on page 21 undefined on input line 1
718.


LaTeX Warning: Reference `thm:main' on page 21 undefined on input line 1737.


LaTeX Warning: Reference `eq:transfer' on page 21 undefined on input line 1744.



LaTeX Warning: Reference `eq:R' on page 21 undefined on input line 1750.


LaTeX Warning: Reference `eq:main' on page 21 undefined on input line 1753.


LaTeX Warning: Reference `eq:exact-support' on page 21 undefined on input line 
1754.


LaTeX Warning: Reference `eq:exact-support' on page 21 undefined on input line 
1766.

[21]

LaTeX Warning: Reference `eq:fixedsupport' on page 22 undefined on input line 1
770.


LaTeX Warning: Reference `eq:main' on page 22 undefined on input line 1780.


LaTeX Warning: Reference `sec:incidence' on page 22 undefined on input line 178
1.


LaTeX Warning: Reference `eq:gaussian' on page 22 undefined on input line 1816.



LaTeX Warning: Reference `eq:endpoint' on page 22 undefined on input line 1817.



LaTeX Warning: Reference `eq:qzeta-def' on page 22 undefined on input line 1819
.


LaTeX Warning: Reference `prop:endpoint' on page 22 undefined on input line 182
7.


LaTeX Warning: Reference `lem:continuation' on page 22 undefined on input line 
1827.


LaTeX Warning: Reference `lem:kernel' on page 22 undefined on input line 1830.


LaTeX Warning: Reference `thm:height-intro' on page 22 undefined on input line 
1834.


LaTeX Warning: Reference `eq:gaussian' on page 22 undefined on input line 1848.


[22]

LaTeX Warning: Reference `eq:target' on page 23 undefined on input line 1859.


LaTeX Warning: Reference `prop:endpoint' on page 23 undefined on input line 186
0.


LaTeX Warning: Reference `lem:kernel' on page 23 undefined on input line 1860.


LaTeX Warning: Reference `eq:target' on page 23 undefined on input line 1861.


LaTeX Warning: Reference `eq:transfer' on page 23 undefined on input line 1861.



LaTeX Warning: Reference `thm:transfer' on page 23 undefined on input line 1864
.


LaTeX Warning: Reference `lem:max' on page 23 undefined on input line 1870.


LaTeX Warning: Reference `sec:incidence' on page 23 undefined on input line 187
1.


LaTeX Warning: Reference `eq:binomial' on page 23 undefined on input line 1882.



LaTeX Warning: Reference `rem:seam-table' on page 23 undefined on input line 18
89.


LaTeX Warning: Reference `lem:interpolation' on page 23 undefined on input line
 1891.


LaTeX Warning: Reference `eq:T' on page 23 undefined on input line 1901.


LaTeX Warning: Reference `eq:Cdefinition' on page 23 undefined on input line 19
16.


LaTeX Warning: Reference `thm:allnegative' on page 23 undefined on input line 1
923.


LaTeX Warning: Reference `prop:endpoint' on page 23 undefined on input line 192
4.


LaTeX Warning: Reference `lem:kernel' on page 23 undefined on input line 1924.


LaTeX Warning: Reference `eq:transfer' on page 23 undefined on input line 1925.



LaTeX Warning: Reference `eq:TF' on page 23 undefined on input line 1926.


LaTeX Warning: Reference `eq:allnegative' on page 23 undefined on input line 19
27.


LaTeX Warning: Reference `eq:Cdefinition' on page 23 undefined on input line 19
28.


LaTeX Warning: Reference `prop:degrees' on page 23 undefined on input line 1929
.

[23]

LaTeX Warning: Reference `thm:allnegative' on page 24 undefined on input line 1
932.


LaTeX Warning: Reference `eq:TF' on page 24 undefined on input line 1958.


LaTeX Warning: Reference `eq:gaussian' on page 24 undefined on input line 1964.



LaTeX Warning: Citation `PriorReciprocity' on page 24 undefined on input line 1
973.


LaTeX Warning: Reference `sec:shadow' on page 24 undefined on input line 1973.


LaTeX Warning: Reference `eq:binomial' on page 24 undefined on input line 1975.


[24]

LaTeX Warning: Reference `lem:minsupp' on page 25 undefined on input line 2014.



LaTeX Warning: Reference `thm:allnegative' on page 25 undefined on input line 2
027.


LaTeX Warning: Reference `eq:matroid-independent' on page 25 undefined on input
 line 2056.


LaTeX Warning: Reference `eq:exact-support' on page 25 undefined on input line 
2071.


LaTeX Warning: Reference `rem:seam-matroid' on page 25 undefined on input line 
2075.

[25]

LaTeX Warning: Reference `eq:tutte' on page 26 undefined on input line 2084.


LaTeX Warning: Reference `eq:h-polynomial' on page 26 undefined on input line 2
084.


LaTeX Warning: Reference `eq:h-polynomial' on page 26 undefined on input line 2
086.


LaTeX Warning: Reference `eq:tutte' on page 26 undefined on input line 2087.


LaTeX Warning: Reference `sec:interior' on page 26 undefined on input line 2092
.


LaTeX Warning: Reference `sec:private' on page 26 undefined on input line 2092.



LaTeX Warning: Reference `lem:max-degrees' on page 26 undefined on input line 2
121.


LaTeX Warning: Reference `thm:main' on page 26 undefined on input line 2124.


LaTeX Warning: Reference `lem:minsupp' on page 26 undefined on input line 2127.



LaTeX Warning: Reference `prop:degrees' on page 26 undefined on input line 2128
.


LaTeX Warning: Reference `prop:degrees' on page 26 undefined on input line 2131
.


LaTeX Warning: Reference `thm:allnegative' on page 26 undefined on input line 2
132.

[26]

LaTeX Warning: Reference `eq:next-coefficient' on page 27 undefined on input li
ne 2175.


LaTeX Warning: Reference `lem:max-degrees' on page 27 undefined on input line 2
175.


LaTeX Warning: Reference `eq:next-coefficient' on page 27 undefined on input li
ne 2185.


LaTeX Warning: Reference `eq:top-coefficients' on page 27 undefined on input li
ne 2195.


LaTeX Warning: Reference `thm:height-intro' on page 27 undefined on input line 
2223.


LaTeX Warning: Reference `sec:completion' on page 27 undefined on input line 22
23.


LaTeX Warning: Reference `eq:height-intro' on page 27 undefined on input line 2
238.


LaTeX Warning: Reference `eq:reduction' on page 27 undefined on input line 2239
.

[27]

LaTeX Warning: Reference `eq:mobius' on page 28 undefined on input line 2258.


LaTeX Warning: Reference `thm:main' on page 28 undefined on input line 2260.


LaTeX Warning: Reference `eq:multi' on page 28 undefined on input line 2263.


LaTeX Warning: Reference `sec:shadow' on page 28 undefined on input line 2267.

[28]

LaTeX Warning: Reference `thm:height-intro' on page 29 undefined on input line 
2332.


LaTeX Warning: Citation `DaiEtAl' on page 29 undefined on input line 2369.


LaTeX Warning: Citation `AC' on page 29 undefined on input line 2384.

[29]

LaTeX Warning: Reference `thm:main' on page 30 undefined on input line 2415.


LaTeX Warning: Citation `AC' on page 30 undefined on input line 2421.


LaTeX Warning: Reference `eq:source-multivariate' on page 30 undefined on input
 line 2423.


LaTeX Warning: Reference `thm:allnegative' on page 30 undefined on input line 2
425.


LaTeX Warning: Reference `prop:degrees' on page 30 undefined on input line 2432
.


LaTeX Warning: Reference `eq:target' on page 30 undefined on input line 2473.


LaTeX Warning: Reference `eq:transfer' on page 30 undefined on input line 2474.



LaTeX Warning: Reference `eq:reduction' on page 30 undefined on input line 2487
.

[30]

LaTeX Warning: Reference `eq:transfer' on page 31 undefined on input line 2495.



LaTeX Warning: Reference `thm:main' on page 31 undefined on input line 2501.


LaTeX Warning: Reference `thm:transfer' on page 31 undefined on input line 2502
.


LaTeX Warning: Reference `sec:pure-downset' on page 31 undefined on input line 
2514.


LaTeX Warning: Reference `eq:local' on page 31 undefined on input line 2530.

[31]

LaTeX Warning: Reference `lem:private' on page 32 undefined on input line 2545.



LaTeX Warning: Reference `prop:count' on page 32 undefined on input line 2546.


LaTeX Warning: Reference `eq:ternary' on page 32 undefined on input line 2553.


LaTeX Warning: Reference `eq:allnegative' on page 32 undefined on input line 25
67.


LaTeX Warning: Reference `sec:nonduplication' on page 32 undefined on input lin
e 2569.


LaTeX Warning: Citation `AC' on page 32 undefined on input line 2570.


LaTeX Warning: Reference `eq:exact-support' on page 32 undefined on input line 
2577.


LaTeX Warning: Reference `sec:negative' on page 32 undefined on input line 2580
.


LaTeX Warning: Reference `eq:transfer' on page 32 undefined on input line 2585.



LaTeX Warning: Reference `sec:pure-downset' on page 32 undefined on input line 
2586.


LaTeX Warning: Reference `eq:exact-support' on page 32 undefined on input line 
2588.

[32] [33]

LaTeX Warning: Reference `sec:nontransitive' on page 34 undefined on input line
 2698.


LaTeX Warning: Reference `sec:proofB-support' on page 34 undefined on input lin
e 2702.


LaTeX Warning: Reference `eq:transfer' on page 34 undefined on input line 2703.



LaTeX Warning: Reference `lem:kernel' on page 34 undefined on input line 2707.


LaTeX Warning: Reference `prop:degrees' on page 34 undefined on input line 2709
.


LaTeX Warning: Reference `eq:allnegative' on page 34 undefined on input line 27
17.


LaTeX Warning: Reference `lem:euler' on page 34 undefined on input line 2750.


LaTeX Warning: Reference `eq:interior-y' on page 34 undefined on input line 275
6.

[34]

LaTeX Warning: Reference `eq:exact-support' on page 35 undefined on input line 
2760.


LaTeX Warning: Reference `eq:ternary' on page 35 undefined on input line 2784.

[35]

LaTeX Warning: Citation `AC' on page 36 undefined on input line 2835.


LaTeX Warning: Reference `sec:incidence' on page 36 undefined on input line 284
0.


LaTeX Warning: Reference `sec:negative' on page 36 undefined on input line 2840
.


LaTeX Warning: Reference `imp:lattice' on page 36 undefined on input line 2848.



LaTeX Warning: Reference `eq:ehrhart-reciprocity' on page 36 undefined on input
 line 2849.


LaTeX Warning: Reference `imp:duality' on page 36 undefined on input line 2850.



LaTeX Warning: Reference `app:hall' on page 36 undefined on input line 2852.


LaTeX Warning: Citation `AC' on page 36 undefined on input line 2859.


LaTeX Warning: Citation `PriorReciprocity' on page 36 undefined on input line 2
860.


LaTeX Warning: Reference `sec:nonduplication' on page 36 undefined on input lin
e 2861.


LaTeX Warning: Reference `rem:prior-enumerator' on page 36 undefined on input l
ine 2862.


LaTeX Warning: Reference `rem:prior-reciprocity' on page 36 undefined on input 
line 2862.

[36]

LaTeX Warning: Reference `prop:count' on page 37 undefined on input line 2892.


LaTeX Warning: Reference `sec:interior' on page 37 undefined on input line 2893
.


LaTeX Warning: Reference `sec:computation' on page 37 undefined on input line 2
912.


LaTeX Warning: Reference `lem:interpolation' on page 37 undefined on input line
 2915.


LaTeX Warning: Reference `thm:main' on page 37 undefined on input line 2929.


LaTeX Warning: Reference `thm:allnegative' on page 37 undefined on input line 2
930.


LaTeX Warning: Reference `thm:height-intro' on page 37 undefined on input line 
2930.


LaTeX Warning: Reference `app:ledger' on page 37 undefined on input line 2944.


LaTeX Warning: Reference `sec:problem' on page 37 undefined on input line 2951.


[37]

LaTeX Warning: Reference `eq:exact-support' on page 38 undefined on input line 
2993.


LaTeX Warning: Reference `sec:limits' on page 38 undefined on input line 2995.


LaTeX Warning: Citation `Hall' on page 38 undefined on input line 3006.

[38] [39]

LaTeX Warning: Reference `eq:E' on page 40 undefined on input line 3080.


LaTeX Warning: Reference `eq:Tcoeff' on page 40 undefined on input line 3082.


LaTeX Warning: Reference `sec:completion' on page 40 undefined on input line 30
93.


LaTeX Warning: Reference `eq:E' on page 40 undefined on input line 3095.


LaTeX Warning: Reference `lem:residual' on page 40 undefined on input line 3116
.


LaTeX Warning: Reference `lem:private' on page 40 undefined on input line 3116.



LaTeX Warning: Reference `sec:provenance' on page 40 undefined on input line 31
28.


LaTeX Warning: Reference `sec:discrepancy' on page 40 undefined on input line 3
139.

[40]

LaTeX Warning: Reference `sec:incidence' on page 41 undefined on input line 314
4.


LaTeX Warning: Reference `rem:two-constructions' on page 41 undefined on input 
line 3148.


LaTeX Warning: Citation `Macdonald' on page 41 undefined on input line 3160.


LaTeX Warning: Citation `BeckRobins' on page 41 undefined on input line 3161.


LaTeX Warning: Citation `BeckDevelin' on page 41 undefined on input line 3162.


LaTeX Warning: Reference `app:hall' on page 41 undefined on input line 3168.


LaTeX Warning: Reference `sec:examples' on page 41 undefined on input line 3173
.


LaTeX Warning: Citation `PriorReciprocity' on page 41 undefined on input line 3
177.


LaTeX Warning: Reference `sec:nonduplication' on page 41 undefined on input lin
e 3178.

[41]

LaTeX Warning: Citation `AC' on page 42 undefined on input line 3270.

[42] [43] (article.aux)

LaTeX Warning: There were undefined references.


LaTeX Warning: Label(s) may have changed. Rerun to get cross-references right.


Package rerunfilecheck Warning: File `article.out' has changed.
(rerunfilecheck)                Rerun to get outlines right
(rerunfilecheck)                or use package `bookmark'.

 )<C:/Users/vresh/AppData/Local/Programs/MiKTeX/fonts/type1/public/lm/lmbx10.pf
b><C:/Users/vresh/AppData/Local/Programs/MiKTeX/fonts/type1/public/lm/lmbx12.pf
b><C:/Users/vresh/AppData/Local/Programs/MiKTeX/fonts/type1/public/lm/lmbx8.pfb
><C:/Users/vresh/AppData/Local/Programs/MiKTeX/fonts/type1/public/lm/lmex10.pfb
><C:/Users/vresh/AppData/Local/Programs/MiKTeX/fonts/type1/public/lm/lmmi10.pfb
><C:/Users/vresh/AppData/Local/Programs/MiKTeX/fonts/type1/public/lm/lmmi12.pfb
><C:/Users/vresh/AppData/Local/Programs/MiKTeX/fonts/type1/public/lm/lmmi6.pfb>
<C:/Users/vresh/AppData/Local/Programs/MiKTeX/fonts/type1/public/lm/lmmi7.pfb><
C:/Users/vresh/AppData/Local/Programs/MiKTeX/fonts/type1/public/lm/lmmi8.pfb><C
:/Users/vresh/AppData/Local/Programs/MiKTeX/fonts/type1/public/lm/lmr10.pfb><C:
/Users/vresh/AppData/Local/Programs/MiKTeX/fonts/type1/public/lm/lmr12.pfb><C:/
Users/vresh/AppData/Local/Programs/MiKTeX/fonts/type1/public/lm/lmr6.pfb><C:/Us
ers/vresh/AppData/Local/Programs/MiKTeX/fonts/type1/public/lm/lmr7.pfb><C:/User
s/vresh/AppData/Local/Programs/MiKTeX/fonts/type1/public/lm/lmr8.pfb><C:/Users/
vresh/AppData/Local/Programs/MiKTeX/fonts/type1/public/lm/lmri10.pfb><C:/Users/
vresh/AppData/Local/Programs/MiKTeX/fonts/type1/public/lm/lmss8.pfb><C:/Users/v
resh/AppData/Local/Programs/MiKTeX/fonts/type1/public/lm/lmsy10.pfb><C:/Users/v
resh/AppData/Local/Programs/MiKTeX/fonts/type1/public/lm/lmsy6.pfb><C:/Users/vr
esh/AppData/Local/Programs/MiKTeX/fonts/type1/public/lm/lmsy7.pfb><C:/Users/vre
sh/AppData/Local/Programs/MiKTeX/fonts/type1/public/lm/lmsy8.pfb><C:/Users/vres
h/AppData/Local/Programs/MiKTeX/fonts/type1/public/lm/lmtk10.pfb><C:/Users/vres
h/AppData/Local/Programs/MiKTeX/fonts/type1/public/lm/lmtt10.pfb><C:/Users/vres
h/AppData/Local/Programs/MiKTeX/fonts/type1/public/amsfonts/symbols/msbm10.pfb>
Output written on article.pdf (43 pages, 681719 bytes).
Transcript written on article.log.
Latexmk: Getting log file 'article.log'
Latexmk: Examining 'article.fls'
Latexmk: Examining 'article.log'
Latexmk: Missing input file 'article.toc' message in .log file:
  No file article.toc.
Latexmk: References changed.
Latexmk: References changed.
Latexmk: Log file says output to 'article.pdf'
Latexmk: applying rule 'pdflatex'...
Rule 'pdflatex':  Reasons for rerun
Changed files or newly in use/created:
  article.aux
  article.out
  article.toc

------------
Run number 2 of rule 'pdflatex'
------------
------------
Running 'pdflatex  -interaction=nonstopmode -recorder  "article.tex"'
------------
This is pdfTeX, Version 3.141592653-2.6-1.40.29 (MiKTeX 26.2) (preloaded format=pdflatex.fmt)
 restricted \write18 enabled.
entering extended mode
(article.tex
LaTeX2e <2025-11-01>
L3 programming layer <2026-03-20>
(C:\Users\vresh\AppData\Local\Programs\MiKTeX\tex/latex/base\article.cls
Document Class: article 2025/01/22 v1.4n Standard LaTeX document class
(C:\Users\vresh\AppData\Local\Programs\MiKTeX\tex/latex/base\size11.clo))
(C:\Users\vresh\AppData\Local\Programs\MiKTeX\tex/latex/base\fontenc.sty)
(C:\Users\vresh\AppData\Local\Programs\MiKTeX\tex/latex/base\inputenc.sty)
(C:\Users\vresh\AppData\Local\Programs\MiKTeX\tex/latex/lm\lmodern.sty)
(C:\Users\vresh\AppData\Local\Programs\MiKTeX\tex/latex/geometry\geometry.sty
(C:\Users\vresh\AppData\Local\Programs\MiKTeX\tex/latex/graphics\keyval.sty)
(C:\Users\vresh\AppData\Local\Programs\MiKTeX\tex/generic/iftex\ifvtex.sty
(C:\Users\vresh\AppData\Local\Programs\MiKTeX\tex/generic/iftex\iftex.sty))
(C:\Users\vresh\AppData\Local\Programs\MiKTeX\tex/latex/geometry\geometry.cfg))
(C:\Users\vresh\AppData\Local\Programs\MiKTeX\tex/latex/amsmath\amsmath.sty
For additional information on amsmath, use the `?' option.
(C:\Users\vresh\AppData\Local\Programs\MiKTeX\tex/latex/amsmath\amstext.sty
(C:\Users\vresh\AppData\Local\Programs\MiKTeX\tex/latex/amsmath\amsgen.sty))
(C:\Users\vresh\AppData\Local\Programs\MiKTeX\tex/latex/amsmath\amsbsy.sty)
(C:\Users\vresh\AppData\Local\Programs\MiKTeX\tex/latex/amsmath\amsopn.sty))
(C:\Users\vresh\AppData\Local\Programs\MiKTeX\tex/latex/amsfonts\amssymb.sty
(C:\Users\vresh\AppData\Local\Programs\MiKTeX\tex/latex/amsfonts\amsfonts.sty))
 (C:\Users\vresh\AppData\Local\Programs\MiKTeX\tex/latex/amscls\amsthm.sty)
(C:\Users\vresh\AppData\Local\Programs\MiKTeX\tex/latex/mathtools\mathtools.sty
(C:\Users\vresh\AppData\Local\Programs\MiKTeX\tex/latex/tools\calc.sty)
(C:\Users\vresh\AppData\Local\Programs\MiKTeX\tex/latex/mathtools\mhsetup.sty))

(C:\Users\vresh\AppData\Local\Programs\MiKTeX\tex/latex/microtype\microtype.sty
(C:\Users\vresh\AppData\Local\Programs\MiKTeX\tex/latex/etoolbox\etoolbox.sty)
(C:\Users\vresh\AppData\Local\Programs\MiKTeX\tex/latex/microtype\microtype-pdf
tex.def)
(C:\Users\vresh\AppData\Local\Programs\MiKTeX\tex/latex/microtype\microtype.cfg
))
(C:\Users\vresh\AppData\Local\Programs\MiKTeX\tex/latex/booktabs\booktabs.sty)
(C:\Users\vresh\AppData\Local\Programs\MiKTeX\tex/latex/tools\array.sty)
(C:\Users\vresh\AppData\Local\Programs\MiKTeX\tex/latex/tools\longtable.sty)
(C:\Users\vresh\AppData\Local\Programs\MiKTeX\tex/latex/xcolor\xcolor.sty
(C:\Users\vresh\AppData\Local\Programs\MiKTeX\tex/latex/graphics-cfg\color.cfg)

(C:\Users\vresh\AppData\Local\Programs\MiKTeX\tex/latex/graphics-def\pdftex.def
)
(C:\Users\vresh\AppData\Local\Programs\MiKTeX\tex/latex/graphics\mathcolor.ltx)
) (C:\Users\vresh\AppData\Local\Programs\MiKTeX\tex/latex/graphics\dvipsnam.def
) (C:\Users\vresh\AppData\Local\Programs\MiKTeX\tex/latex/enumitem\enumitem.sty
) (C:\Users\vresh\AppData\Local\Programs\MiKTeX\tex/latex/fancyhdr\fancyhdr.sty
) (C:\Users\vresh\AppData\Local\Programs\MiKTeX\tex/latex/hyperref\hyperref.sty

(C:\Users\vresh\AppData\Local\Programs\MiKTeX\tex/latex/kvsetkeys\kvsetkeys.sty
)
(C:\Users\vresh\AppData\Local\Programs\MiKTeX\tex/generic/kvdefinekeys\kvdefine
keys.sty)
(C:\Users\vresh\AppData\Local\Programs\MiKTeX\tex/generic/pdfescape\pdfescape.s
ty
(C:\Users\vresh\AppData\Local\Programs\MiKTeX\tex/generic/ltxcmds\ltxcmds.sty)
(C:\Users\vresh\AppData\Local\Programs\MiKTeX\tex/generic/pdftexcmds\pdftexcmds
.sty
(C:\Users\vresh\AppData\Local\Programs\MiKTeX\tex/generic/infwarerr\infwarerr.s
ty)))
(C:\Users\vresh\AppData\Local\Programs\MiKTeX\tex/latex/hycolor\hycolor.sty)
(C:\Users\vresh\AppData\Local\Programs\MiKTeX\tex/latex/hyperref\nameref.sty
(C:\Users\vresh\AppData\Local\Programs\MiKTeX\tex/latex/refcount\refcount.sty)
(C:\Users\vresh\AppData\Local\Programs\MiKTeX\tex/generic/gettitlestring\gettit
lestring.sty
(C:\Users\vresh\AppData\Local\Programs\MiKTeX\tex/latex/kvoptions\kvoptions.sty
)))
(C:\Users\vresh\AppData\Local\Programs\MiKTeX\tex/generic/stringenc\stringenc.s
ty) (C:\Users\vresh\AppData\Local\Programs\MiKTeX\tex/latex/hyperref\pd1enc.def
) (C:\Users\vresh\AppData\Local\Programs\MiKTeX\tex/generic/intcalc\intcalc.sty
) (C:\Users\vresh\AppData\Local\Programs\MiKTeX\tex/latex/hyperref\puenc.def)
(C:\Users\vresh\AppData\Local\Programs\MiKTeX\tex/latex/url\url.sty)
(C:\Users\vresh\AppData\Local\Programs\MiKTeX\tex/generic/bitset\bitset.sty
(C:\Users\vresh\AppData\Local\Programs\MiKTeX\tex/generic/bigintcalc\bigintcalc
.sty)))
(C:\Users\vresh\AppData\Local\Programs\MiKTeX\tex/latex/hyperref\hpdftex.def
(C:\Users\vresh\AppData\Local\Programs\MiKTeX\tex/latex/rerunfilecheck\rerunfil
echeck.sty
(C:\Users\vresh\AppData\Local\Programs\MiKTeX\tex/generic/uniquecounter\uniquec
ounter.sty)))
(C:\Users\vresh\AppData\Local\Programs\MiKTeX\tex/latex/listings\listings.sty
(C:\Users\vresh\AppData\Local\Programs\MiKTeX\tex/latex/listings\lstpatch.sty)
(C:\Users\vresh\AppData\Local\Programs\MiKTeX\tex/latex/listings\lstmisc.sty)
(C:\Users\vresh\AppData\Local\Programs\MiKTeX\tex/latex/listings\listings.cfg))
==> First Aid for listings.sty no longer applied!
    Expected:
        2024/09/23 1.10c (Carsten Heinz)
    but found:
        2025/11/14 1.11b (Carsten Heinz)
    so I'm assuming it got fixed.
(C:\Users\vresh\AppData\Local\Programs\MiKTeX\tex/latex/lm\t1lmr.fd)
(C:\Users\vresh\AppData\Local\Programs\MiKTeX\tex/latex/l3backend\l3backend-pdf
tex.def) (article.aux)
*geometry* driver: auto-detecting
*geometry* detected driver: pdftex
(C:\Users\vresh\AppData\Local\Programs\MiKTeX\tex/latex/graphics\graphicx.sty
(C:\Users\vresh\AppData\Local\Programs\MiKTeX\tex/latex/graphics\graphics.sty
(C:\Users\vresh\AppData\Local\Programs\MiKTeX\tex/latex/graphics\trig.sty)
(C:\Users\vresh\AppData\Local\Programs\MiKTeX\tex/latex/graphics-cfg\graphics.c
fg)))
(C:\Users\vresh\AppData\Local\Programs\MiKTeX\tex/latex/microtype\mt-cmr.cfg)
(C:\Users\vresh\AppData\Local\Programs\MiKTeX\tex/context/base/mkii\supp-pdf.mk
ii
[Loading MPS to PDF converter (version 2006.09.02).]
)
(C:\Users\vresh\AppData\Local\Programs\MiKTeX\tex/latex/epstopdf-pkg\epstopdf-b
ase.sty
(C:\Users\vresh\AppData\Local\Programs\MiKTeX\tex/latex/00miktex\epstopdf-sys.c
fg)) (article.out) (article.out)
(C:\Users\vresh\AppData\Local\Programs\MiKTeX\tex/latex/lm\ot1lmr.fd)
(C:\Users\vresh\AppData\Local\Programs\MiKTeX\tex/latex/lm\omllmm.fd)
(C:\Users\vresh\AppData\Local\Programs\MiKTeX\tex/latex/lm\omslmsy.fd)
(C:\Users\vresh\AppData\Local\Programs\MiKTeX\tex/latex/lm\omxlmex.fd)
(C:\Users\vresh\AppData\Local\Programs\MiKTeX\tex/latex/amsfonts\umsa.fd)
(C:\Users\vresh\AppData\Local\Programs\MiKTeX\tex/latex/microtype\mt-msa.cfg)
(C:\Users\vresh\AppData\Local\Programs\MiKTeX\tex/latex/amsfonts\umsb.fd)
(C:\Users\vresh\AppData\Local\Programs\MiKTeX\tex/latex/microtype\mt-msb.cfg)
(article.toc [1{C:/Users/vresh/AppData/Local/MiKTeX/fonts/map/pdftex/pdftex.map
}{C:/Users/vresh/AppData/Local/Programs/MiKTeX/fonts/enc/dvips/lm/lm-ec.enc}{C:
/Users/vresh/AppData/Local/Programs/MiKTeX/fonts/enc/dvips/lm/lm-mathit.enc}{C:
/Users/vresh/AppData/Local/Programs/MiKTeX/fonts/enc/dvips/lm/lm-rm.enc}{C:/Use
rs/vresh/AppData/Local/Programs/MiKTeX/fonts/enc/dvips/lm/lm-mathsy.enc}]
[2]) [3] [4{C:/Users/vresh/AppData/Local/Programs/MiKTeX/fonts/enc/dvips/lm/lm-
mathex.enc}]
(C:\Users\vresh\AppData\Local\Programs\MiKTeX\tex/latex/lm\ts1lmr.fd) [5{C:/Use
rs/vresh/AppData/Local/Programs/MiKTeX/fonts/enc/dvips/lm/lm-ts1.enc}] [6]
(C:\Users\vresh\AppData\Local\Programs\MiKTeX\tex/latex/lm\t1lmtt.fd) [7]
[8] [9] (C:\Users\vresh\AppData\Local\Programs\MiKTeX\tex/latex/lm\ot1lmss.fd)
[10] [11] [12] [13] [14] [15] [16] [17] [18] [19] [20] [21] [22] [23] [24]
[25] [26] [27] [28] [29] [30] [31] [32] [33] [34] [35] [36] [37] [38] [39]
[40] [41] [42] [43] [44] [45] (article.aux)

LaTeX Warning: Label(s) may have changed. Rerun to get cross-references right.

 )<C:/Users/vresh/AppData/Local/Programs/MiKTeX/fonts/type1/public/lm/lmbx10.pf
b><C:/Users/vresh/AppData/Local/Programs/MiKTeX/fonts/type1/public/lm/lmbx12.pf
b><C:/Users/vresh/AppData/Local/Programs/MiKTeX/fonts/type1/public/lm/lmbx8.pfb
><C:/Users/vresh/AppData/Local/Programs/MiKTeX/fonts/type1/public/lm/lmex10.pfb
><C:/Users/vresh/AppData/Local/Programs/MiKTeX/fonts/type1/public/lm/lmmi10.pfb
><C:/Users/vresh/AppData/Local/Programs/MiKTeX/fonts/type1/public/lm/lmmi12.pfb
><C:/Users/vresh/AppData/Local/Programs/MiKTeX/fonts/type1/public/lm/lmmi6.pfb>
<C:/Users/vresh/AppData/Local/Programs/MiKTeX/fonts/type1/public/lm/lmmi7.pfb><
C:/Users/vresh/AppData/Local/Programs/MiKTeX/fonts/type1/public/lm/lmmi8.pfb><C
:/Users/vresh/AppData/Local/Programs/MiKTeX/fonts/type1/public/lm/lmr10.pfb><C:
/Users/vresh/AppData/Local/Programs/MiKTeX/fonts/type1/public/lm/lmr12.pfb><C:/
Users/vresh/AppData/Local/Programs/MiKTeX/fonts/type1/public/lm/lmr6.pfb><C:/Us
ers/vresh/AppData/Local/Programs/MiKTeX/fonts/type1/public/lm/lmr7.pfb><C:/User
s/vresh/AppData/Local/Programs/MiKTeX/fonts/type1/public/lm/lmr8.pfb><C:/Users/
vresh/AppData/Local/Programs/MiKTeX/fonts/type1/public/lm/lmri10.pfb><C:/Users/
vresh/AppData/Local/Programs/MiKTeX/fonts/type1/public/lm/lmss8.pfb><C:/Users/v
resh/AppData/Local/Programs/MiKTeX/fonts/type1/public/lm/lmsy10.pfb><C:/Users/v
resh/AppData/Local/Programs/MiKTeX/fonts/type1/public/lm/lmsy6.pfb><C:/Users/vr
esh/AppData/Local/Programs/MiKTeX/fonts/type1/public/lm/lmsy7.pfb><C:/Users/vre
sh/AppData/Local/Programs/MiKTeX/fonts/type1/public/lm/lmsy8.pfb><C:/Users/vres
h/AppData/Local/Programs/MiKTeX/fonts/type1/public/lm/lmtk10.pfb><C:/Users/vres
h/AppData/Local/Programs/MiKTeX/fonts/type1/public/lm/lmtt10.pfb><C:/Users/vres
h/AppData/Local/Programs/MiKTeX/fonts/type1/public/amsfonts/symbols/msbm10.pfb>
Output written on article.pdf (45 pages, 803914 bytes).
Transcript written on article.log.
Latexmk: Getting log file 'article.log'
Latexmk: Examining 'article.fls'
Latexmk: Examining 'article.log'
Latexmk: References changed.
Latexmk: Log file says output to 'article.pdf'
Latexmk: applying rule 'pdflatex'...
Rule 'pdflatex':  Reasons for rerun
Changed files or newly in use/created:
  article.aux
  article.toc

------------
Run number 3 of rule 'pdflatex'
------------
------------
Running 'pdflatex  -interaction=nonstopmode -recorder  "article.tex"'
------------
This is pdfTeX, Version 3.141592653-2.6-1.40.29 (MiKTeX 26.2) (preloaded format=pdflatex.fmt)
 restricted \write18 enabled.
entering extended mode
(article.tex
LaTeX2e <2025-11-01>
L3 programming layer <2026-03-20>
(C:\Users\vresh\AppData\Local\Programs\MiKTeX\tex/latex/base\article.cls
Document Class: article 2025/01/22 v1.4n Standard LaTeX document class
(C:\Users\vresh\AppData\Local\Programs\MiKTeX\tex/latex/base\size11.clo))
(C:\Users\vresh\AppData\Local\Programs\MiKTeX\tex/latex/base\fontenc.sty)
(C:\Users\vresh\AppData\Local\Programs\MiKTeX\tex/latex/base\inputenc.sty)
(C:\Users\vresh\AppData\Local\Programs\MiKTeX\tex/latex/lm\lmodern.sty)
(C:\Users\vresh\AppData\Local\Programs\MiKTeX\tex/latex/geometry\geometry.sty
(C:\Users\vresh\AppData\Local\Programs\MiKTeX\tex/latex/graphics\keyval.sty)
(C:\Users\vresh\AppData\Local\Programs\MiKTeX\tex/generic/iftex\ifvtex.sty
(C:\Users\vresh\AppData\Local\Programs\MiKTeX\tex/generic/iftex\iftex.sty))
(C:\Users\vresh\AppData\Local\Programs\MiKTeX\tex/latex/geometry\geometry.cfg))
(C:\Users\vresh\AppData\Local\Programs\MiKTeX\tex/latex/amsmath\amsmath.sty
For additional information on amsmath, use the `?' option.
(C:\Users\vresh\AppData\Local\Programs\MiKTeX\tex/latex/amsmath\amstext.sty
(C:\Users\vresh\AppData\Local\Programs\MiKTeX\tex/latex/amsmath\amsgen.sty))
(C:\Users\vresh\AppData\Local\Programs\MiKTeX\tex/latex/amsmath\amsbsy.sty)
(C:\Users\vresh\AppData\Local\Programs\MiKTeX\tex/latex/amsmath\amsopn.sty))
(C:\Users\vresh\AppData\Local\Programs\MiKTeX\tex/latex/amsfonts\amssymb.sty
(C:\Users\vresh\AppData\Local\Programs\MiKTeX\tex/latex/amsfonts\amsfonts.sty))
 (C:\Users\vresh\AppData\Local\Programs\MiKTeX\tex/latex/amscls\amsthm.sty)
(C:\Users\vresh\AppData\Local\Programs\MiKTeX\tex/latex/mathtools\mathtools.sty
(C:\Users\vresh\AppData\Local\Programs\MiKTeX\tex/latex/tools\calc.sty)
(C:\Users\vresh\AppData\Local\Programs\MiKTeX\tex/latex/mathtools\mhsetup.sty))

(C:\Users\vresh\AppData\Local\Programs\MiKTeX\tex/latex/microtype\microtype.sty
(C:\Users\vresh\AppData\Local\Programs\MiKTeX\tex/latex/etoolbox\etoolbox.sty)
(C:\Users\vresh\AppData\Local\Programs\MiKTeX\tex/latex/microtype\microtype-pdf
tex.def)
(C:\Users\vresh\AppData\Local\Programs\MiKTeX\tex/latex/microtype\microtype.cfg
))
(C:\Users\vresh\AppData\Local\Programs\MiKTeX\tex/latex/booktabs\booktabs.sty)
(C:\Users\vresh\AppData\Local\Programs\MiKTeX\tex/latex/tools\array.sty)
(C:\Users\vresh\AppData\Local\Programs\MiKTeX\tex/latex/tools\longtable.sty)
(C:\Users\vresh\AppData\Local\Programs\MiKTeX\tex/latex/xcolor\xcolor.sty
(C:\Users\vresh\AppData\Local\Programs\MiKTeX\tex/latex/graphics-cfg\color.cfg)

(C:\Users\vresh\AppData\Local\Programs\MiKTeX\tex/latex/graphics-def\pdftex.def
)
(C:\Users\vresh\AppData\Local\Programs\MiKTeX\tex/latex/graphics\mathcolor.ltx)
) (C:\Users\vresh\AppData\Local\Programs\MiKTeX\tex/latex/graphics\dvipsnam.def
) (C:\Users\vresh\AppData\Local\Programs\MiKTeX\tex/latex/enumitem\enumitem.sty
) (C:\Users\vresh\AppData\Local\Programs\MiKTeX\tex/latex/fancyhdr\fancyhdr.sty
) (C:\Users\vresh\AppData\Local\Programs\MiKTeX\tex/latex/hyperref\hyperref.sty

(C:\Users\vresh\AppData\Local\Programs\MiKTeX\tex/latex/kvsetkeys\kvsetkeys.sty
)
(C:\Users\vresh\AppData\Local\Programs\MiKTeX\tex/generic/kvdefinekeys\kvdefine
keys.sty)
(C:\Users\vresh\AppData\Local\Programs\MiKTeX\tex/generic/pdfescape\pdfescape.s
ty
(C:\Users\vresh\AppData\Local\Programs\MiKTeX\tex/generic/ltxcmds\ltxcmds.sty)
(C:\Users\vresh\AppData\Local\Programs\MiKTeX\tex/generic/pdftexcmds\pdftexcmds
.sty
(C:\Users\vresh\AppData\Local\Programs\MiKTeX\tex/generic/infwarerr\infwarerr.s
ty)))
(C:\Users\vresh\AppData\Local\Programs\MiKTeX\tex/latex/hycolor\hycolor.sty)
(C:\Users\vresh\AppData\Local\Programs\MiKTeX\tex/latex/hyperref\nameref.sty
(C:\Users\vresh\AppData\Local\Programs\MiKTeX\tex/latex/refcount\refcount.sty)
(C:\Users\vresh\AppData\Local\Programs\MiKTeX\tex/generic/gettitlestring\gettit
lestring.sty
(C:\Users\vresh\AppData\Local\Programs\MiKTeX\tex/latex/kvoptions\kvoptions.sty
)))
(C:\Users\vresh\AppData\Local\Programs\MiKTeX\tex/generic/stringenc\stringenc.s
ty) (C:\Users\vresh\AppData\Local\Programs\MiKTeX\tex/latex/hyperref\pd1enc.def
) (C:\Users\vresh\AppData\Local\Programs\MiKTeX\tex/generic/intcalc\intcalc.sty
) (C:\Users\vresh\AppData\Local\Programs\MiKTeX\tex/latex/hyperref\puenc.def)
(C:\Users\vresh\AppData\Local\Programs\MiKTeX\tex/latex/url\url.sty)
(C:\Users\vresh\AppData\Local\Programs\MiKTeX\tex/generic/bitset\bitset.sty
(C:\Users\vresh\AppData\Local\Programs\MiKTeX\tex/generic/bigintcalc\bigintcalc
.sty)))
(C:\Users\vresh\AppData\Local\Programs\MiKTeX\tex/latex/hyperref\hpdftex.def
(C:\Users\vresh\AppData\Local\Programs\MiKTeX\tex/latex/rerunfilecheck\rerunfil
echeck.sty
(C:\Users\vresh\AppData\Local\Programs\MiKTeX\tex/generic/uniquecounter\uniquec
ounter.sty)))
(C:\Users\vresh\AppData\Local\Programs\MiKTeX\tex/latex/listings\listings.sty
(C:\Users\vresh\AppData\Local\Programs\MiKTeX\tex/latex/listings\lstpatch.sty)
(C:\Users\vresh\AppData\Local\Programs\MiKTeX\tex/latex/listings\lstmisc.sty)
(C:\Users\vresh\AppData\Local\Programs\MiKTeX\tex/latex/listings\listings.cfg))
==> First Aid for listings.sty no longer applied!
    Expected:
        2024/09/23 1.10c (Carsten Heinz)
    but found:
        2025/11/14 1.11b (Carsten Heinz)
    so I'm assuming it got fixed.
(C:\Users\vresh\AppData\Local\Programs\MiKTeX\tex/latex/lm\t1lmr.fd)
(C:\Users\vresh\AppData\Local\Programs\MiKTeX\tex/latex/l3backend\l3backend-pdf
tex.def) (article.aux)
*geometry* driver: auto-detecting
*geometry* detected driver: pdftex
(C:\Users\vresh\AppData\Local\Programs\MiKTeX\tex/latex/graphics\graphicx.sty
(C:\Users\vresh\AppData\Local\Programs\MiKTeX\tex/latex/graphics\graphics.sty
(C:\Users\vresh\AppData\Local\Programs\MiKTeX\tex/latex/graphics\trig.sty)
(C:\Users\vresh\AppData\Local\Programs\MiKTeX\tex/latex/graphics-cfg\graphics.c
fg)))
(C:\Users\vresh\AppData\Local\Programs\MiKTeX\tex/latex/microtype\mt-cmr.cfg)
(C:\Users\vresh\AppData\Local\Programs\MiKTeX\tex/context/base/mkii\supp-pdf.mk
ii
[Loading MPS to PDF converter (version 2006.09.02).]
)
(C:\Users\vresh\AppData\Local\Programs\MiKTeX\tex/latex/epstopdf-pkg\epstopdf-b
ase.sty
(C:\Users\vresh\AppData\Local\Programs\MiKTeX\tex/latex/00miktex\epstopdf-sys.c
fg)) (article.out) (article.out)
(C:\Users\vresh\AppData\Local\Programs\MiKTeX\tex/latex/lm\ot1lmr.fd)
(C:\Users\vresh\AppData\Local\Programs\MiKTeX\tex/latex/lm\omllmm.fd)
(C:\Users\vresh\AppData\Local\Programs\MiKTeX\tex/latex/lm\omslmsy.fd)
(C:\Users\vresh\AppData\Local\Programs\MiKTeX\tex/latex/lm\omxlmex.fd)
(C:\Users\vresh\AppData\Local\Programs\MiKTeX\tex/latex/amsfonts\umsa.fd)
(C:\Users\vresh\AppData\Local\Programs\MiKTeX\tex/latex/microtype\mt-msa.cfg)
(C:\Users\vresh\AppData\Local\Programs\MiKTeX\tex/latex/amsfonts\umsb.fd)
(C:\Users\vresh\AppData\Local\Programs\MiKTeX\tex/latex/microtype\mt-msb.cfg)
(article.toc [1{C:/Users/vresh/AppData/Local/MiKTeX/fonts/map/pdftex/pdftex.map
}{C:/Users/vresh/AppData/Local/Programs/MiKTeX/fonts/enc/dvips/lm/lm-ec.enc}{C:
/Users/vresh/AppData/Local/Programs/MiKTeX/fonts/enc/dvips/lm/lm-mathit.enc}{C:
/Users/vresh/AppData/Local/Programs/MiKTeX/fonts/enc/dvips/lm/lm-rm.enc}{C:/Use
rs/vresh/AppData/Local/Programs/MiKTeX/fonts/enc/dvips/lm/lm-mathsy.enc}]
[2]) [3] [4{C:/Users/vresh/AppData/Local/Programs/MiKTeX/fonts/enc/dvips/lm/lm-
mathex.enc}]
(C:\Users\vresh\AppData\Local\Programs\MiKTeX\tex/latex/lm\ts1lmr.fd) [5{C:/Use
rs/vresh/AppData/Local/Programs/MiKTeX/fonts/enc/dvips/lm/lm-ts1.enc}] [6]
(C:\Users\vresh\AppData\Local\Programs\MiKTeX\tex/latex/lm\t1lmtt.fd) [7]
[8] [9] (C:\Users\vresh\AppData\Local\Programs\MiKTeX\tex/latex/lm\ot1lmss.fd)
[10] [11] [12] [13] [14] [15] [16] [17] [18] [19] [20] [21] [22] [23] [24]
[25] [26] [27] [28] [29] [30] [31] [32] [33] [34] [35] [36] [37] [38] [39]
[40] [41] [42] [43] [44] [45] (article.aux) )<C:/Users/vresh/AppData/Local/Prog
rams/MiKTeX/fonts/type1/public/lm/lmbx10.pfb><C:/Users/vresh/AppData/Local/Prog
rams/MiKTeX/fonts/type1/public/lm/lmbx12.pfb><C:/Users/vresh/AppData/Local/Prog
rams/MiKTeX/fonts/type1/public/lm/lmbx8.pfb><C:/Users/vresh/AppData/Local/Progr
ams/MiKTeX/fonts/type1/public/lm/lmex10.pfb><C:/Users/vresh/AppData/Local/Progr
ams/MiKTeX/fonts/type1/public/lm/lmmi10.pfb><C:/Users/vresh/AppData/Local/Progr
ams/MiKTeX/fonts/type1/public/lm/lmmi12.pfb><C:/Users/vresh/AppData/Local/Progr
ams/MiKTeX/fonts/type1/public/lm/lmmi6.pfb><C:/Users/vresh/AppData/Local/Progra
ms/MiKTeX/fonts/type1/public/lm/lmmi7.pfb><C:/Users/vresh/AppData/Local/Program
s/MiKTeX/fonts/type1/public/lm/lmmi8.pfb><C:/Users/vresh/AppData/Local/Programs
/MiKTeX/fonts/type1/public/lm/lmr10.pfb><C:/Users/vresh/AppData/Local/Programs/
MiKTeX/fonts/type1/public/lm/lmr12.pfb><C:/Users/vresh/AppData/Local/Programs/M
iKTeX/fonts/type1/public/lm/lmr6.pfb><C:/Users/vresh/AppData/Local/Programs/MiK
TeX/fonts/type1/public/lm/lmr7.pfb><C:/Users/vresh/AppData/Local/Programs/MiKTe
X/fonts/type1/public/lm/lmr8.pfb><C:/Users/vresh/AppData/Local/Programs/MiKTeX/
fonts/type1/public/lm/lmri10.pfb><C:/Users/vresh/AppData/Local/Programs/MiKTeX/
fonts/type1/public/lm/lmss8.pfb><C:/Users/vresh/AppData/Local/Programs/MiKTeX/f
onts/type1/public/lm/lmsy10.pfb><C:/Users/vresh/AppData/Local/Programs/MiKTeX/f
onts/type1/public/lm/lmsy6.pfb><C:/Users/vresh/AppData/Local/Programs/MiKTeX/fo
nts/type1/public/lm/lmsy7.pfb><C:/Users/vresh/AppData/Local/Programs/MiKTeX/fon
ts/type1/public/lm/lmsy8.pfb><C:/Users/vresh/AppData/Local/Programs/MiKTeX/font
s/type1/public/lm/lmtk10.pfb><C:/Users/vresh/AppData/Local/Programs/MiKTeX/font
s/type1/public/lm/lmtt10.pfb><C:/Users/vresh/AppData/Local/Programs/MiKTeX/font
s/type1/public/amsfonts/symbols/msbm10.pfb>
Output written on article.pdf (45 pages, 803907 bytes).
Transcript written on article.log.
Latexmk: Getting log file 'article.log'
Latexmk: Examining 'article.fls'
Latexmk: Examining 'article.log'
Latexmk: Log file says output to 'article.pdf'
Latexmk: All targets (article.pdf) are up-to-date

