survivor-00 {'baseline': 0.0008725259976927191, 'control': 0.00086871000166866, 'stamped': 0.0006377599966072012, 'candidate_only': 0.0007182479967013933, 'optimized': 0.0005933040010859258}
survivor-01 {'baseline': 0.000882440999703249, 'control': 0.0009025699982885271, 'stamped': 0.0005241530016064644, 'candidate_only': 0.00036120299773756415, 'optimized': 0.00029488400105037726}
survivor-02 {'baseline': 0.0005407270000432618, 'control': 0.0005419289991550613, 'stamped': 0.0005038929994043428, 'candidate_only': 0.00055527900258312, 'optimized': 0.0005461950022436213}
survivor-03 {'baseline': 0.00045267699897522107, 'control': 0.0004545299998426344, 'stamped': 0.00044015900130034424, 'candidate_only': 0.0004191370026092045, 'optimized': 0.00042148200009251013}
mirror-03 {'baseline': 0.000421982000261778, 'control': 0.00043272699986118823, 'stamped': 0.0004093429997737985, 'candidate_only': 0.0004272900005162228, 'optimized': 0.0004214510008750949}
survivor-04 {'baseline': 0.00042372499956400134, 'control': 0.00046424399988609366, 'stamped': 0.0004133500005991664, 'candidate_only': 0.00042265299998689443, 'optimized': 0.00041822600178420544}
survivor-05 {'baseline': 0.0006187420003698207, 'control': 0.0004613599994627293, 'stamped': 0.00046374299927265383, 'candidate_only': 0.0005035719987063203, 'optimized': 0.0004639039980247617}
survivor-06 {'baseline': 0.0004989950029994361, 'control': 0.0004685500025516376, 'stamped': 0.00041191700074705295, 'candidate_only': 0.0003983879978477489, 'optimized': 0.0004626720001397189}
survivor-07 {'baseline': 0.0004891809985565487, 'control': 0.0004729769971163478, 'stamped': 0.0004491619984037243, 'candidate_only': 0.0004393679992062971, 'optimized': 0.00042259299880242907}
survivor-08 {'baseline': 0.00035499300065566786, 'control': 0.0003698660002555698, 'stamped': 0.00034426699858158827, 'candidate_only': 0.00039241799822775647, 'optimized': 0.00034555899765109643}
mirror-08 {'baseline': 0.0005329060004441999, 'control': 0.0005320349991961848, 'stamped': 0.00047584099957020953, 'candidate_only': 0.0005123150003782939, 'optimized': 0.000533967002411373}
survivor-09 {'baseline': 0.00036600900057237595, 'control': 0.00034298600075999275, 'stamped': 0.00033105799957411364, 'candidate_only': 0.00036767200072063133, 'optimized': 0.0003435969993006438}
survivor-10 {'baseline': 0.0003514080017339438, 'control': 0.0003814830015471671, 'stamped': 0.0003198410013283137, 'candidate_only': 0.0003566960003809072, 'optimized': 0.0003514179988997057}
survivor-11 {'baseline': 0.0004760810006700922, 'control': 0.0003931200008082669, 'stamped': 0.0004581760003929958, 'candidate_only': 0.00037891900137765333, 'optimized': 0.0005529950030904729}
gordian {'baseline': 0.29734620900126174, 'control': 0.2999935820007522, 'stamped': 0.02757689400095842, 'candidate_only': 0.0035869269995600916, 'optimized': 0.003459821000433294}
trefoil {'baseline': 0.00011179499779245816, 'control': 0.00011173399980179965, 'stamped': 0.00011263600026722997, 'candidate_only': 0.00011830400035250932, 'optimized': 0.00011804400128312409}
figure_eight {'baseline': 0.00013646099978359416, 'control': 0.00013415700232144445, 'stamped': 0.00013488900003721938, 'candidate_only': 0.00014330100020742975, 'optimized': 0.00014330100020742975}
hard_unknot_8 {'baseline': 0.00025674800053820945, 'control': 0.0002603430002636742, 'stamped': 0.00026480999804334715, 'candidate_only': 0.0002682750018720981, 'optimized': 0.00027078899802290834}
conway {'baseline': 0.0004380160025903024, 'control': 0.0004305039983591996, 'stamped': 0.00030187499942258, 'candidate_only': 0.00024003400176297873, 'optimized': 0.0002355069991608616}
kinoshita_terasaka {'baseline': 0.00044852100108982995, 'control': 0.00043019300210289657, 'stamped': 0.00030931600122130476, 'candidate_only': 0.00024070499785011634, 'optimized': 0.0002379200013820082}
