query survivor-00 {'baseline': 0.013107079999826965, 'control': 0.012713630999314773, 'full': 0.012271089000023494}
query survivor-01 {'baseline': 0.010225426000033622, 'control': 0.009642067000640964, 'full': 0.009992033000344236}
query survivor-02 {'baseline': 0.010966977999487426, 'control': 0.011357844000485784, 'full': 0.011563257000489102}
query survivor-03 {'baseline': 0.007681131000026653, 'control': 0.007864359999985027, 'full': 0.007732246000159648}
query mirror-03 {'baseline': 0.01709374099937122, 'control': 0.017033019999871613, 'full': 0.01703548499972385}
query survivor-04 {'baseline': 0.00987747399994987, 'control': 0.0074857820000033826, 'full': 0.009358360000078392}
query survivor-05 {'baseline': 0.01434970899936161, 'control': 0.012201416000607423, 'full': 0.012773158000527474}
query survivor-06 {'baseline': 0.007599110000228393, 'control': 0.007542285000454285, 'full': 0.007463089999873773}
query survivor-07 {'baseline': 0.013755765000496467, 'control': 0.013583901999481895, 'full': 0.014198165999914636}
query survivor-08 {'baseline': 0.0051402380004219594, 'control': 0.004876109000178985, 'full': 0.0052421789996515145}
query mirror-08 {'baseline': 0.014004041000589496, 'control': 0.015032215000246651, 'full': 0.013600287000372191}
query survivor-09 {'baseline': 0.0053856499998801155, 'control': 0.005414803000348911, 'full': 0.005409625000538654}
query survivor-10 {'baseline': 0.005367344000660523, 'control': 0.004570621000311803, 'full': 0.005381824999858509}
query survivor-11 {'baseline': 0.004970760000105656, 'control': 0.007165631000134454, 'full': 0.007021699000688386}
query gordian {'baseline': 1.718717858000673, 'control': 1.6784840000000258, 'full': 1.6183740540000144}
kernel equal-bigrams 8 {'baseline': ('COMPLETE', 0.0045856319993617944), 'control': ('COMPLETE', 0.004593353000018396), 'generic-diagonals': ('COMPLETE', 0.012073247999978776), 'full': ('COMPLETE', 0.0012041429999953834)}
kernel equal-bigrams 32 {'baseline': ('COMPLETE', 0.05195352999999159), 'control': ('COMPLETE', 0.0759932929995557), 'generic-diagonals': ('COMPLETE', 0.21908346500003972), 'full': ('COMPLETE', 0.003964847999668564)}
kernel equal-bigrams 100 {'baseline': ('COMPLETE', 0.46642660799989244), 'control': ('COMPLETE', 0.4471293130000049), 'generic-diagonals': ('LIMIT', 1.7179606540003078), 'full': ('COMPLETE', 0.012947965000421391)}
kernel equal-bigrams 500 {'baseline': ('LIMIT', 1.123494090999884), 'control': ('LIMIT', 0.9999332940005843), 'generic-diagonals': ('LIMIT', 1.8113650469995264), 'full': ('COMPLETE', 0.09258009000041056)}
kernel positive-shift 8 {'baseline': ('COMPLETE', 0.001969911000742286), 'control': ('COMPLETE', 0.0018301049994988716), 'generic-diagonals': ('COMPLETE', 0.0011318870001559844), 'full': ('COMPLETE', 0.00011842399999295594)}
kernel positive-shift 32 {'baseline': ('COMPLETE', 0.037793988999510475), 'control': ('COMPLETE', 0.04624112700003025), 'generic-diagonals': ('COMPLETE', 0.02740057600021828), 'full': ('COMPLETE', 0.00044983199950365815)}
kernel positive-shift 100 {'baseline': ('COMPLETE', 0.3385819530003573), 'control': ('COMPLETE', 0.32158114000048954), 'generic-diagonals': ('COMPLETE', 0.266393698999309), 'full': ('COMPLETE', 0.0008188349993361044)}
kernel positive-shift 500 {'baseline': ('LIMIT', 0.8867134199999782), 'control': ('LIMIT', 0.9001126640005168), 'generic-diagonals': ('LIMIT', 1.536395232000359), 'full': ('COMPLETE', 0.003515235999657307)}
kernel large-deficit-control 8 {'baseline': ('COMPLETE', 0.01582604400027776), 'control': ('COMPLETE', 0.015890048000073875), 'full': ('COMPLETE', 0.01617392500065762)}
kernel large-deficit-control 32 {'baseline': ('COMPLETE', 0.19221543999992718), 'control': ('COMPLETE', 0.18765136999991228), 'full': ('COMPLETE', 0.23831574199994066)}
kernel large-deficit-control 100 {'baseline': ('LIMIT', 0.7697472069994546), 'control': ('LIMIT', 0.7595697769993421), 'full': ('LIMIT', 0.7548719059996074)}
kernel large-deficit-control 500 {'baseline': ('LIMIT', 0.8802450510002018), 'control': ('LIMIT', 0.9457614070006457), 'full': ('LIMIT', 0.8032115030000568)}
kernel interior-control 8 {'baseline': ('COMPLETE', 0.00016746599976613652), 'control': ('COMPLETE', 0.00010714800009736791), 'full': ('COMPLETE', 0.000105075000647048)}
kernel interior-control 32 {'baseline': ('COMPLETE', 0.0002656819997355342), 'control': ('COMPLETE', 0.0003272620006100624), 'full': ('COMPLETE', 0.0002700080003705807)}
kernel interior-control 100 {'baseline': ('COMPLETE', 0.0007455579998350004), 'control': ('COMPLETE', 0.0007658570002604392), 'full': ('COMPLETE', 0.0007463689998985501)}
kernel interior-control 500 {'baseline': ('COMPLETE', 0.004543920999822149), 'control': ('COMPLETE', 0.003930597999897145), 'full': ('COMPLETE', 0.004788850999830174)}
