PASS exact triangle, endpoint identity, support/parity, and transformed equation
PASS independent U/critical-jet constants at truncations 220 and 320
PASS symbolic finite-order generator, C1/C2, transfer, and Puiseux tests
PASS 16 exact/leading/C1/C2 numerical comparisons
PASS K2 W0/Newton model, 6320 monotonicity pairs, and both equality cases
{
  "result": "PASS",
  "python": "3.12.14",
  "mpmath": "1.3.0",
  "sympy": "1.14.0",
  "elapsed_seconds": 2.848,
  "network_or_external_workspace_dependencies": false,
  "checks": [
    "triangle through n=160",
    "13 first rows",
    "endpoint identity and parity",
    "transformed equation through w^16",
    "220/320 critical jets",
    "all-fixed-order symbolic generator and C1/C2",
    "16 C2-inclusive ratio cases",
    "K2 W0/Newton inversion models",
    "6320 exact monotonicity pairs and both equality cases"
  ]
}
