baseline recognize conway.json 0.035090s
fast recognize conway.json 0.000834s
baseline recognize kinoshita_terasaka.json 0.037594s
fast recognize kinoshita_terasaka.json 0.000904s
baseline recognize hard_unknot_8.json 0.001622s
fast recognize hard_unknot_8.json 0.002244s
baseline recognize trefoil.json 0.000092s
fast recognize trefoil.json 0.000229s
baseline recognize figure_eight.json 0.000125s
fast recognize figure_eight.json 0.000272s
baseline recognize torus_3_5.json 0.000588s
fast recognize torus_3_5.json 0.000860s
baseline recognize grid_scrambled_unknot.json 0.000320s
fast recognize grid_scrambled_unknot.json 0.000280s
baseline recognize unknot_braid40.json 0.006448s
fast recognize unknot_braid40.json 0.006264s
baseline scan conway.json 0.033941s
fast scan conway.json 0.014748s
baseline scan kinoshita_terasaka.json 0.044680s
fast scan kinoshita_terasaka.json 0.016376s
baseline scan hard_unknot_8.json 0.002314s
fast scan hard_unknot_8.json 0.002085s
baseline scan torus_3_5.json 0.010408s
fast scan torus_3_5.json 0.010216s
baseline recognize four_braid_41.json 0.010679s
fast recognize four_braid_41.json 0.005908s
baseline recognize five_braid_36.json 0.008626s
fast recognize five_braid_36.json 0.005043s
baseline recognize conway_sum2.json 1.372423s
fast recognize conway_sum2.json 0.001455s
baseline recognize conway_sum3.json UNKNOWN
fast recognize conway_sum3.json 0.001972s
baseline scan four_braid_41.json 0.923046s
fast scan four_braid_41.json 0.283327s
baseline scan five_braid_36.json LIMIT
fast scan five_braid_36.json 1.486835s
baseline scan conway_sum2.json 1.395421s
fast scan conway_sum2.json 0.235423s
fast factored conway_sum2.json 0.024783s
fast factored conway_sum3.json 0.025451s
fast factored conway_sum8.json 0.030007s
fast factored conway_sum16.json 0.047949s
fast factored trefoil_sum8.json 0.003374s
fast factored trefoil_sum16.json 0.007490s
baseline order unknot_chain128.json 0.055575s
fast order unknot_chain128.json 0.003078s
baseline order unknot_chain256.json 0.234410s
fast order unknot_chain256.json 0.005771s
baseline order unknot_chain512.json 0.890923s
fast order unknot_chain512.json 0.012638s
baseline order unknot_chain1024.json 3.742642s
fast order unknot_chain1024.json 0.081868s
baseline scan unknot_chain128.json 0.063771s
fast scan unknot_chain128.json 0.010912s
baseline scan unknot_chain256.json 0.250038s
fast scan unknot_chain256.json 0.022797s
Saved /mnt/data/Knots-accelerated/benchmarks/comparison.json and /mnt/data/Knots-accelerated/benchmarks/comparison.csv
