critical 2 0.01 0.905342376526587 1.1774100225154747
critical 2 0.001 1.0234725881761757 1.1774100225154747
critical 2 0.0001 1.1025959011459712 1.1774100225154747
critical 2 1e-05 1.1455656186722285 1.1774100225154747
critical 3 0.01 1.5877205696063261 2.09629414793641
critical 3 0.001 1.805423360338966 2.09629414793641
critical 3 0.0001 1.9525466335135238 2.09629414793641
critical 3 1e-05 2.0341236977062986 2.09629414793641
critical 5 0.01 2.666259744571047 3.588245155988203
critical 5 0.001 3.0517497435436156 3.588245155988203
critical 5 0.0001 3.316913291631838 3.588245155988203
critical 5 1e-05 3.46900367933782 3.588245155988203
subcritical 0.6 0.001 2.4819901828621593 2.5944187979316293
subcritical 0.6 0.0001 2.5778126590642048 2.5944187979316293
subcritical 0.6 1e-05 2.595232161717309 2.5944187979316293
subcritical 0.75 0.001 5.221746377264219 5.688356693811119
subcritical 0.75 0.0001 5.623473497025633 5.688356693811119
subcritical 0.75 1e-05 5.6832575637405505 5.688356693811119
subcritical 0.9 0.001 13.27770607850684 17.851711837585086
subcritical 0.9 0.0001 17.05939865160877 17.851711837585086
subcritical 0.9 1e-05 17.760481167347628 17.851711837585086
Saved /mnt/data/ProveIt_Critical_Pressure/data/verification.json
