Running code/verify_periodic_calculus.py
{"passed": true, "symbolic_groups": 9, "numerical_cases": 15, "output": "/workspace/scratch/14b49cc81d2f/deliverable/data/periodic_calculus_checks.json"}

Running code/verify_twisted_calculus.py
{"passed": true, "symbolic_groups": 3, "symbolic_cases": 27, "numerical_cases": 32, "maximum_scaled_residual": "2.04891092350372e-61", "output": "/workspace/scratch/14b49cc81d2f/deliverable/data/twisted_calculus_checks.json"}

Running verification/harmonic_coefficients.py
{
  "all_checks_passed": true,
  "direct_series_checks": 5,
  "bernoulli_checks": 5,
  "derivative_checks": 30,
  "reflection_checks": 30,
  "primitive_checks": 30,
  "multiplication_checks": 60,
  "half_shift_checks": 4,
  "odd_denominator_checks": 3,
  "output": "/workspace/scratch/14b49cc81d2f/deliverable/verification/harmonic_coefficients.json"
}

Running verification/harmonic_mellin_numeric.py
Checking r=1, m=0, a=0.0
  R(eps)/eps at eps=1e-6: 1.51712215009177623
Checking r=2, m=1, a=0.0
  R(eps)/eps at eps=1e-6: -1.232172782905898
Checking r=3, m=2, a=0.0
  R(eps)/eps at eps=1e-6: 1.13145507956187225
Checking r=2, m=1, a=0.333333333333
  R(eps)/eps at eps=1e-6: -1.93087147692671336
Wrote /workspace/scratch/14b49cc81d2f/deliverable/verification/harmonic_mellin_numeric.json

Running verification/additional_numeric.py
{"status": "passed", "count": 9, "decimal_precision": 60, "maximum_scaled_residual": "3.93942374181e-61"}

All five replay scripts passed.
