Rc files read:
  /etc/LatexMk
Latexmk: This is Latexmk, John Collins, 31 Jan. 2024. Version 4.83.
No existing .aux file, so I'll make a simple one, and require run of *latex.
Latexmk: applying rule 'pdflatex'...
Rule 'pdflatex':  Reasons for rerun
Category 'other':
  Rerun of 'pdflatex' forced or previously required:
    Reason or flag: 'Initial setup'

------------
Run number 1 of rule 'pdflatex'
------------
------------
Running 'pdflatex  -interaction=nonstopmode -halt-on-error -recorder  "article_standalone.tex"'
------------
This is pdfTeX, Version 3.141592653-2.6-1.40.25 (TeX Live 2023/Debian) (preloaded format=pdflatex)
 restricted \write18 enabled.
entering extended mode
(./article_standalone.tex
LaTeX2e <2023-11-01> patch level 1
L3 programming layer <2024-01-22>
(/usr/share/texlive/texmf-dist/tex/latex/base/article.cls
Document Class: article 2023/05/17 v1.4n Standard LaTeX document class
(/usr/share/texlive/texmf-dist/tex/latex/base/size11.clo))
(/usr/share/texlive/texmf-dist/tex/latex/base/fontenc.sty)
(/usr/share/texlive/texmf-dist/tex/latex/base/inputenc.sty)
(/usr/share/texmf/tex/latex/lm/lmodern.sty)
(/usr/share/texlive/texmf-dist/tex/latex/psnfss/mathpazo.sty)
(/usr/share/texlive/texmf-dist/tex/latex/amsmath/amsmath.sty
For additional information on amsmath, use the `?' option.
(/usr/share/texlive/texmf-dist/tex/latex/amsmath/amstext.sty
(/usr/share/texlive/texmf-dist/tex/latex/amsmath/amsgen.sty))
(/usr/share/texlive/texmf-dist/tex/latex/amsmath/amsbsy.sty)
(/usr/share/texlive/texmf-dist/tex/latex/amsmath/amsopn.sty))
(/usr/share/texlive/texmf-dist/tex/latex/amsfonts/amssymb.sty
(/usr/share/texlive/texmf-dist/tex/latex/amsfonts/amsfonts.sty))
(/usr/share/texlive/texmf-dist/tex/latex/amscls/amsthm.sty)
(/usr/share/texlive/texmf-dist/tex/latex/mathtools/mathtools.sty
(/usr/share/texlive/texmf-dist/tex/latex/graphics/keyval.sty)
(/usr/share/texlive/texmf-dist/tex/latex/tools/calc.sty)
(/usr/share/texlive/texmf-dist/tex/latex/mathtools/mhsetup.sty))
(/usr/share/texlive/texmf-dist/tex/latex/tools/bm.sty)
(/usr/share/texlive/texmf-dist/tex/latex/geometry/geometry.sty
(/usr/share/texlive/texmf-dist/tex/generic/iftex/ifvtex.sty
(/usr/share/texlive/texmf-dist/tex/generic/iftex/iftex.sty)))
(/usr/share/texlive/texmf-dist/tex/latex/microtype/microtype.sty
(/usr/share/texlive/texmf-dist/tex/latex/etoolbox/etoolbox.sty)
(/usr/share/texlive/texmf-dist/tex/latex/microtype/microtype-pdftex.def)
(/usr/share/texlive/texmf-dist/tex/latex/microtype/microtype.cfg))
(/usr/share/texlive/texmf-dist/tex/latex/graphics/graphicx.sty
(/usr/share/texlive/texmf-dist/tex/latex/graphics/graphics.sty
(/usr/share/texlive/texmf-dist/tex/latex/graphics/trig.sty)
(/usr/share/texlive/texmf-dist/tex/latex/graphics-cfg/graphics.cfg)
(/usr/share/texlive/texmf-dist/tex/latex/graphics-def/pdftex.def)))
(/usr/share/texlive/texmf-dist/tex/latex/xcolor/xcolor.sty
(/usr/share/texlive/texmf-dist/tex/latex/graphics-cfg/color.cfg)
(/usr/share/texlive/texmf-dist/tex/latex/graphics/mathcolor.ltx))
(/usr/share/texlive/texmf-dist/tex/latex/booktabs/booktabs.sty)
(/usr/share/texlive/texmf-dist/tex/latex/tools/longtable.sty)
(/usr/share/texlive/texmf-dist/tex/latex/tools/tabularx.sty
(/usr/share/texlive/texmf-dist/tex/latex/tools/array.sty))
(/usr/share/texlive/texmf-dist/tex/latex/enumitem/enumitem.sty)
(/usr/share/texlive/texmf-dist/tex/latex/listings/listings.sty
(/usr/share/texlive/texmf-dist/tex/latex/listings/lstmisc.sty)
(/usr/share/texlive/texmf-dist/tex/latex/listings/listings.cfg))
(/usr/share/texlive/texmf-dist/tex/latex/fancyhdr/fancyhdr.sty)
(/usr/share/texlive/texmf-dist/tex/latex/url/url.sty)
(/usr/share/texlive/texmf-dist/tex/latex/hyperref/hyperref.sty
(/usr/share/texlive/texmf-dist/tex/latex/kvsetkeys/kvsetkeys.sty)
(/usr/share/texlive/texmf-dist/tex/generic/kvdefinekeys/kvdefinekeys.sty)
(/usr/share/texlive/texmf-dist/tex/generic/pdfescape/pdfescape.sty
(/usr/share/texlive/texmf-dist/tex/generic/ltxcmds/ltxcmds.sty)
(/usr/share/texlive/texmf-dist/tex/generic/pdftexcmds/pdftexcmds.sty
(/usr/share/texlive/texmf-dist/tex/generic/infwarerr/infwarerr.sty)))
(/usr/share/texlive/texmf-dist/tex/latex/hycolor/hycolor.sty)
(/usr/share/texlive/texmf-dist/tex/latex/auxhook/auxhook.sty)
(/usr/share/texlive/texmf-dist/tex/latex/hyperref/nameref.sty
(/usr/share/texlive/texmf-dist/tex/latex/refcount/refcount.sty)
(/usr/share/texlive/texmf-dist/tex/generic/gettitlestring/gettitlestring.sty
(/usr/share/texlive/texmf-dist/tex/latex/kvoptions/kvoptions.sty)))
(/usr/share/texlive/texmf-dist/tex/latex/hyperref/pd1enc.def)
(/usr/share/texlive/texmf-dist/tex/generic/intcalc/intcalc.sty)
(/usr/share/texlive/texmf-dist/tex/latex/hyperref/puenc.def)
(/usr/share/texlive/texmf-dist/tex/generic/bitset/bitset.sty
(/usr/share/texlive/texmf-dist/tex/generic/bigintcalc/bigintcalc.sty))
(/usr/share/texlive/texmf-dist/tex/latex/base/atbegshi-ltx.sty))
(/usr/share/texlive/texmf-dist/tex/latex/hyperref/hpdftex.def
(/usr/share/texlive/texmf-dist/tex/latex/base/atveryend-ltx.sty)
(/usr/share/texlive/texmf-dist/tex/latex/rerunfilecheck/rerunfilecheck.sty
(/usr/share/texlive/texmf-dist/tex/generic/uniquecounter/uniquecounter.sty)))
(/usr/share/texlive/texmf-dist/tex/latex/bookmark/bookmark.sty
(/usr/share/texlive/texmf-dist/tex/latex/bookmark/bkm-pdftex.def))
(/usr/share/texlive/texmf-dist/tex/latex/psnfss/t1pplx.fd)
(/usr/share/texlive/texmf-dist/tex/latex/l3backend/l3backend-pdftex.def)
(./article_standalone.aux)
*geometry* driver: auto-detecting
*geometry* detected driver: pdftex
(/usr/share/texlive/texmf-dist/tex/latex/microtype/mt-ppl.cfg)
(/usr/share/texlive/texmf-dist/tex/context/base/mkii/supp-pdf.mkii
[Loading MPS to PDF converter (version 2006.09.02).]
) (/usr/share/texlive/texmf-dist/tex/latex/epstopdf-pkg/epstopdf-base.sty
(/usr/share/texlive/texmf-dist/tex/latex/latexconfig/epstopdf-sys.cfg))
(/usr/share/texlive/texmf-dist/tex/latex/psnfss/ot1pplx.fd)
(/usr/share/texlive/texmf-dist/tex/latex/psnfss/omlzplm.fd)
(/usr/share/texlive/texmf-dist/tex/latex/psnfss/omszplm.fd)
(/usr/share/texlive/texmf-dist/tex/latex/psnfss/omxzplm.fd)
(/usr/share/texlive/texmf-dist/tex/latex/psnfss/ot1zplm.fd)
(/usr/share/texlive/texmf-dist/tex/latex/microtype/mt-msa.cfg)
(/usr/share/texlive/texmf-dist/tex/latex/microtype/mt-msb.cfg)
(/usr/share/texmf/tex/latex/lm/t1lmtt.fd) [1{/var/lib/texmf/fonts/map/pdftex/up
dmap/pdftex.map}{/usr/share/texlive/texmf-dist/fonts/enc/dvips/base/8r.enc}{/us
r/share/texmf/fonts/enc/dvips/lm/lm-ec.enc}]
No file article_standalone.toc.

pdfTeX warning (ext4): destination with the same identifier (name{page.1}) has 
been already used, duplicate ignored
<to be read again> 
                   \relax 
l.112 \clearpage
                 [1]

LaTeX Warning: Citation `RepoManuscript' on page 2 undefined on input line 147.



LaTeX Warning: Citation `RepoIncoming' on page 2 undefined on input line 147.


LaTeX Warning: Citation `RepoConvolutionAlgebra' on page 2 undefined on input l
ine 152.


LaTeX Warning: Reference `tw:sec:main' on page 2 undefined on input line 153.


LaTeX Warning: Citation `RepoConvolutionAlgebra' on page 2 undefined on input l
ine 162.


LaTeX Warning: Citation `RepoConvolutionCalculus' on page 2 undefined on input 
line 162.


LaTeX Warning: Citation `RepoShiftedJets' on page 2 undefined on input line 162
.


LaTeX Warning: Citation `RepoIncoming' on page 2 undefined on input line 166.


LaTeX Warning: Citation `RepoAlternating' on page 2 undefined on input line 169
.


LaTeX Warning: Citation `RepoHarmonicGeometry' on page 2 undefined on input lin
e 169.


LaTeX Warning: Citation `DLMFHurwitz' on page 2 undefined on input line 183.


LaTeX Warning: Citation `DLMFBeta' on page 2 undefined on input line 183.


LaTeX Warning: Citation `per:Sun' on page 2 undefined on input line 186.


LaTeX Warning: Citation `per:GaySebbar' on page 2 undefined on input line 188.


LaTeX Warning: Citation `Kim2026' on page 2 undefined on input line 189.

[2]

LaTeX Warning: Citation `Young2026' on page 3 undefined on input line 192.


LaTeX Warning: Citation `Young2024' on page 3 undefined on input line 193.


LaTeX Warning: Citation `Young2023' on page 3 undefined on input line 193.


LaTeX Warning: Citation `HarmonicStieltjes2023' on page 3 undefined on input li
ne 195.

(/usr/share/texlive/texmf-dist/tex/latex/psnfss/ufplmbb.fd) [3]

LaTeX Warning: Citation `RepoConvolutionAlgebra' on page 4 undefined on input l
ine 299.


LaTeX Warning: Citation `RepoConvolutionCalculus' on page 4 undefined on input 
line 299.


LaTeX Warning: Citation `RepoShiftedJets' on page 4 undefined on input line 299
.


LaTeX Warning: Citation `per:Sun' on page 4 undefined on input line 306.


LaTeX Warning: Citation `per:GaySebbar' on page 4 undefined on input line 307.


LaTeX Warning: Citation `Kim2026' on page 4 undefined on input line 310.

[4]

LaTeX Warning: Reference `per:eq:W' on page 5 undefined on input line 369.


LaTeX Warning: Citation `DLMFHurwitz' on page 5 undefined on input line 379.


LaTeX Warning: Reference `per:eq:Z' on page 5 undefined on input line 379.


LaTeX Warning: Reference `per:eq:group' on page 5 undefined on input line 396.


LaTeX Warning: Reference `per:eq:meroconv' on page 5 undefined on input line 40
0.

[5]

LaTeX Warning: Reference `per:eq:Fcutoff' on page 6 undefined on input line 462
.


LaTeX Warning: Reference `per:eq:localcontinuation' on page 6 undefined on inpu
t line 467.


LaTeX Warning: Reference `per:eq:Tcutoff' on page 6 undefined on input line 472
.


LaTeX Warning: Reference `per:eq:W' on page 6 undefined on input line 473.


LaTeX Warning: Reference `per:eq:Z' on page 6 undefined on input line 478.

[6]

LaTeX Warning: Reference `per:eq:gammapole' on page 7 undefined on input line 5
12.


LaTeX Warning: Reference `per:eq:anomaly' on page 7 undefined on input line 516
.


LaTeX Warning: Reference `per:eq:Qcorrection' on page 7 undefined on input line
 520.

[7]

LaTeX Warning: Reference `per:eq:exp' on page 8 undefined on input line 592.


LaTeX Warning: Reference `per:thm:family' on page 8 undefined on input line 593
.


LaTeX Warning: Reference `per:eq:Bseries' on page 8 undefined on input line 596
.


LaTeX Warning: Reference `per:eq:Bell' on page 8 undefined on input line 596.


LaTeX Warning: Reference `per:eq:Bconv' on page 8 undefined on input line 597.


LaTeX Warning: Reference `per:eq:group' on page 8 undefined on input line 598.


LaTeX Warning: Reference `per:eq:C' on page 8 undefined on input line 599.

[8]

LaTeX Warning: Reference `per:eq:Bconv' on page 9 undefined on input line 649.


LaTeX Warning: Reference `per:eq:Brefconv' on page 9 undefined on input line 66
9.


LaTeX Warning: Reference `per:eq:T1' on page 9 undefined on input line 683.


LaTeX Warning: Reference `per:eq:T3' on page 9 undefined on input line 683.


LaTeX Warning: Reference `per:eq:Pdef' on page 9 undefined on input line 726.

[9]

LaTeX Warning: Reference `per:eq:PrefP' on page 10 undefined on input line 770.



LaTeX Warning: Reference `per:eq:reflected0' on page 10 undefined on input line
 781.


LaTeX Warning: Reference `per:eq:PP' on page 10 undefined on input line 789.

[10]

LaTeX Warning: Reference `per:eq:Imn' on page 11 undefined on input line 828.


LaTeX Warning: Reference `per:eq:Tcutoff' on page 11 undefined on input line 85
9.


LaTeX Warning: Reference `per:eq:Imn' on page 11 undefined on input line 871.


LaTeX Warning: Reference `per:eq:I00' on page 11 undefined on input line 872.


LaTeX Warning: Reference `per:eq:I11' on page 11 undefined on input line 873.


LaTeX Warning: Reference `per:eq:00' on page 11 undefined on input line 873.


LaTeX Warning: Reference `per:eq:11' on page 11 undefined on input line 874.

[11]

LaTeX Warning: Reference `per:eq:primitive' on page 12 undefined on input line 
952.

[12]

LaTeX Warning: Reference `per:eq:Pprimitive' on page 13 undefined on input line
 960.


LaTeX Warning: Reference `per:eq:Qprimitive' on page 13 undefined on input line
 968.


LaTeX Warning: Reference `per:eq:primitive' on page 13 undefined on input line 
971.


LaTeX Warning: Reference `per:eq:Qprimitive' on page 13 undefined on input line
 980.


LaTeX Warning: Reference `per:eq:Pprimitive' on page 13 undefined on input line
 981.


LaTeX Warning: Reference `per:eq:00' on page 13 undefined on input line 998.


LaTeX Warning: Reference `per:eq:primitive' on page 13 undefined on input line 
998.


LaTeX Warning: Citation `RepoConvolutionAlgebra' on page 13 undefined on input 
line 1014.


LaTeX Warning: Citation `DLMFLerch' on page 13 undefined on input line 1016.


LaTeX Warning: Citation `HuKim2022' on page 13 undefined on input line 1018.


LaTeX Warning: Citation `ZhuHuKim2026' on page 13 undefined on input line 1020.



LaTeX Warning: Reference `per:sec:main' on page 13 undefined on input line 1031
.

[13]

LaTeX Warning: Reference `tw:eq:Lerch' on page 14 undefined on input line 1079.



LaTeX Warning: Reference `tw:eq:group' on page 14 undefined on input line 1092.



LaTeX Warning: Reference `tw:eq:W' on page 14 undefined on input line 1097.


LaTeX Warning: Reference `tw:eq:residues' on page 14 undefined on input line 11
03.

[14]

LaTeX Warning: Reference `tw:eq:Lerch' on page 15 undefined on input line 1125.



LaTeX Warning: Reference `tw:eq:derivative' on page 15 undefined on input line 
1137.


LaTeX Warning: Reference `tw:eq:Lerch' on page 15 undefined on input line 1140.



LaTeX Warning: Reference `tw:eq:Z' on page 15 undefined on input line 1141.

[15]

LaTeX Warning: Reference `tw:eq:localLerch' on page 16 undefined on input line 
1190.


LaTeX Warning: Reference `tw:eq:Ucutoff' on page 16 undefined on input line 120
4.


LaTeX Warning: Reference `tw:eq:Pcutoff' on page 16 undefined on input line 120
6.


LaTeX Warning: Reference `tw:eq:residues' on page 16 undefined on input line 12
07.


LaTeX Warning: Reference `per:eq:Bconv' on page 16 undefined on input line 1232
.


LaTeX Warning: Reference `tw:eq:group' on page 16 undefined on input line 1263.


[16]

LaTeX Warning: Reference `tw:eq:Bellgenerator' on page 17 undefined on input li
ne 1271.


LaTeX Warning: Reference `tw:eq:Bproduct' on page 17 undefined on input line 12
74.


LaTeX Warning: Reference `tw:eq:table' on page 17 undefined on input line 1275.



LaTeX Warning: Reference `tw:eq:PFourier' on page 17 undefined on input line 13
44.


LaTeX Warning: Reference `tw:eq:00' on page 17 undefined on input line 1348.


LaTeX Warning: Reference `tw:eq:polygammaproduct' on page 17 undefined on input
 line 1348.


LaTeX Warning: Reference `tw:eq:allcontacts' on page 17 undefined on input line
 1350.


LaTeX Warning: Reference `tw:eq:testsubtraction' on page 17 undefined on input 
line 1353.


LaTeX Warning: Reference `tw:eq:derivative' on page 17 undefined on input line 
1356.

[17]

LaTeX Warning: Reference `tw:eq:allcontacts' on page 18 undefined on input line
 1369.


LaTeX Warning: Reference `tw:eq:Q' on page 18 undefined on input line 1374.


LaTeX Warning: Reference `tw:eq:Ucutoff' on page 18 undefined on input line 140
1.


LaTeX Warning: Reference `tw:eq:Pcutoff' on page 18 undefined on input line 140
1.


LaTeX Warning: Reference `tw:thm:normalform' on page 18 undefined on input line
 1402.


LaTeX Warning: Reference `tw:thm:contacts' on page 18 undefined on input line 1
403.


LaTeX Warning: Reference `tw:eq:rationalLerch' on page 18 undefined on input li
ne 1409.


LaTeX Warning: Reference `tw:eq:rationalStieltjes' on page 18 undefined on inpu
t line 1413.


LaTeX Warning: Reference `tw:eq:rationalPolygamma' on page 18 undefined on inpu
t line 1416.


LaTeX Warning: Reference `tw:eq:Bell' on page 18 undefined on input line 1423.


LaTeX Warning: Reference `tw:eq:table' on page 18 undefined on input line 1423.


[18]

LaTeX Warning: Citation `HuKim2022' on page 19 undefined on input line 1438.


LaTeX Warning: Reference `tw:eq:table' on page 19 undefined on input line 1480.



LaTeX Warning: Reference `tw:eq:Amn' on page 19 undefined on input line 1500.


LaTeX Warning: Citation `ZhuHuKim2026' on page 19 undefined on input line 1502.



LaTeX Warning: Reference `tw:eq:Ucutoff' on page 19 undefined on input line 150
5.


LaTeX Warning: Reference `tw:eq:Amn' on page 19 undefined on input line 1508.


LaTeX Warning: Reference `tw:eq:modifiedshift' on page 19 undefined on input li
ne 1509.


LaTeX Warning: Reference `tw:eq:Zconv' on page 19 undefined on input line 1519.



LaTeX Warning: Reference `tw:eq:A00' on page 19 undefined on input line 1520.


LaTeX Warning: Reference `tw:eq:A11' on page 19 undefined on input line 1520.


LaTeX Warning: Reference `tw:eq:00' on page 19 undefined on input line 1521.


LaTeX Warning: Reference `tw:eq:01' on page 19 undefined on input line 1521.


LaTeX Warning: Reference `tw:eq:11' on page 19 undefined on input line 1521.

[19]

LaTeX Warning: Reference `tw:eq:betaIntegral' on page 20 undefined on input lin
e 1537.


LaTeX Warning: Reference `tw:eq:betaIntegral' on page 20 undefined on input lin
e 1543.


LaTeX Warning: Reference `tw:eq:beta' on page 20 undefined on input line 1556.


LaTeX Warning: Citation `DLMFDirichlet' on page 20 undefined on input line 1564
.


LaTeX Warning: Reference `tw:eq:quarterGamma' on page 20 undefined on input lin
e 1588.


LaTeX Warning: Reference `tw:eq:betaIntegral' on page 20 undefined on input lin
e 1590.

[20]

LaTeX Warning: Reference `tw:eq:reflectedB' on page 21 undefined on input line 
1649.


LaTeX Warning: Reference `tw:eq:reflectedP' on page 21 undefined on input line 
1656.


LaTeX Warning: Reference `tw:eq:J' on page 21 undefined on input line 1660.

[21]

LaTeX Warning: Reference `tw:eq:primitive' on page 22 undefined on input line 1
728.


LaTeX Warning: Reference `tw:eq:PFourier' on page 22 undefined on input line 17
33.


LaTeX Warning: Reference `tw:eq:halfGamma' on page 22 undefined on input line 1
736.


LaTeX Warning: Reference `tw:eq:Eulerzeta' on page 22 undefined on input line 1
738.


LaTeX Warning: Reference `tw:eq:Blimit' on page 22 undefined on input line 1781
.


LaTeX Warning: Reference `tw:eq:Ulimit' on page 22 undefined on input line 1791
.


LaTeX Warning: Reference `tw:eq:meanjet' on page 22 undefined on input line 179
2.

[22]

LaTeX Warning: Reference `tw:eq:Blimit' on page 23 undefined on input line 1795
.


LaTeX Warning: Reference `tw:eq:A00' on page 23 undefined on input line 1799.


LaTeX Warning: Citation `Young2026' on page 23 undefined on input line 1819.


LaTeX Warning: Citation `Young2024' on page 23 undefined on input line 1820.


LaTeX Warning: Citation `Young2023' on page 23 undefined on input line 1821.


LaTeX Warning: Citation `HarmonicStieltjes2023' on page 23 undefined on input l
ine 1823.

[23]

LaTeX Warning: Reference `harm:eq:E' on page 24 undefined on input line 1857.


LaTeX Warning: Citation `Young2024' on page 24 undefined on input line 1870.


LaTeX Warning: Reference `harm:eq:mellinF' on page 24 undefined on input line 1
895.


LaTeX Warning: Reference `harm:eq:mellinE' on page 24 undefined on input line 1
896.


LaTeX Warning: Reference `harm:eq:mellinE' on page 24 undefined on input line 1
909.

[24]

LaTeX Warning: Reference `harm:eq:mellinF' on page 25 undefined on input line 1
966.


LaTeX Warning: Reference `harm:eq:primitive' on page 25 undefined on input line
 1980.


LaTeX Warning: Reference `harm:eq:positive' on page 25 undefined on input line 
1981.


LaTeX Warning: Reference `harm:eq:mellinE' on page 25 undefined on input line 1
984.


LaTeX Warning: Reference `harm:eq:betaG' on page 25 undefined on input line 199
2.


LaTeX Warning: Reference `harm:eq:R' on page 25 undefined on input line 1993.


LaTeX Warning: Reference `harm:eq:hrec' on page 25 undefined on input line 1994
.

[25]

LaTeX Warning: Reference `harm:eq:positive' on page 26 undefined on input line 
1997.


LaTeX Warning: Citation `Young2026' on page 26 undefined on input line 1999.


LaTeX Warning: Reference `harm:eq:second' on page 26 undefined on input line 20
18.


LaTeX Warning: Reference `harm:eq:E' on page 26 undefined on input line 2052.

[26]

LaTeX Warning: Reference `harm:eq:positive' on page 27 undefined on input line 
2061.


LaTeX Warning: Reference `harm:eq:fourierH' on page 27 undefined on input line 
2076.


LaTeX Warning: Reference `harm:eq:Hcomplex' on page 27 undefined on input line 
2076.


LaTeX Warning: Reference `harm:eq:hrec' on page 27 undefined on input line 2077
.


LaTeX Warning: Reference `harm:eq:positive' on page 27 undefined on input line 
2102.

[27]

LaTeX Warning: Reference `harm:eq:mellinF' on page 28 undefined on input line 2
145.


LaTeX Warning: Reference `harm:eq:subtraction' on page 28 undefined on input li
ne 2159.

[28]

LaTeX Warning: Reference `harm:eq:subtraction' on page 29 undefined on input li
ne 2196.


LaTeX Warning: Reference `harm:eq:primitive' on page 29 undefined on input line
 2221.

[29]

LaTeX Warning: Reference `harm:eq:negative' on page 30 undefined on input line 
2260.


LaTeX Warning: Reference `harm:lem:subtract' on page 30 undefined on input line
 2268.


LaTeX Warning: Reference `harm:eq:negative' on page 30 undefined on input line 
2293.


LaTeX Warning: Reference `harm:eq:leadingpole' on page 30 undefined on input li
ne 2308.


LaTeX Warning: Reference `harm:eq:FPnegative' on page 30 undefined on input lin
e 2319.

[30]

LaTeX Warning: Reference `harm:eq:b1' on page 31 undefined on input line 2327.


LaTeX Warning: Reference `harm:tab:FP' on page 31 undefined on input line 2335.



LaTeX Warning: Reference `harm:eq:FPnegative' on page 31 undefined on input lin
e 2351.


LaTeX Warning: Reference `harm:lem:subtract' on page 31 undefined on input line
 2384.


LaTeX Warning: Reference `harm:thm:one' on page 31 undefined on input line 2390
.


LaTeX Warning: Reference `harm:eq:zeroall' on page 31 undefined on input line 2
391.

[31]

LaTeX Warning: Reference `harm:eq:residuecorrection' on page 32 undefined on in
put line 2402.


LaTeX Warning: Reference `harm:eq:zeroall' on page 32 undefined on input line 2
403.


LaTeX Warning: Reference `harm:eq:residuecorrection' on page 32 undefined on in
put line 2405.


LaTeX Warning: Reference `harm:thm:one' on page 32 undefined on input line 2421
.


LaTeX Warning: Reference `harm:thm:beta' on page 32 undefined on input line 244
9.


LaTeX Warning: Reference `harm:eq:mellinE' on page 32 undefined on input line 2
453.


LaTeX Warning: Reference `harm:prop:mellin' on page 32 undefined on input line 
2463.


LaTeX Warning: Reference `harm:thm:negative' on page 32 undefined on input line
 2469.

[32]

LaTeX Warning: Reference `harm:eq:Stieltjes' on page 33 undefined on input line
 2481.


LaTeX Warning: Reference `harm:eq:FPreflection' on page 33 undefined on input l
ine 2535.

[33]

LaTeX Warning: Reference `harm:eq:primitiveh' on page 34 undefined on input lin
e 2585.


LaTeX Warning: Reference `harm:eq:FPprimitive' on page 34 undefined on input li
ne 2586.

[34] [35]

LaTeX Warning: Citation `DLMFPolylog' on page 36 undefined on input line 2753.


LaTeX Warning: Citation `DLMFHurwitz' on page 36 undefined on input line 2753.


LaTeX Warning: Citation `RepoConvolutionAlgebra' on page 36 undefined on input 
line 2756.


LaTeX Warning: Citation `RepoConvolutionCalculus' on page 36 undefined on input
 line 2756.


LaTeX Warning: Reference `scope:sec' on page 36 undefined on input line 2769.

[36]

LaTeX Warning: Reference `poly:N' on page 37 undefined on input line 2812.


LaTeX Warning: Reference `poly:N-fourier' on page 37 undefined on input line 28
23.

[37]

LaTeX Warning: Reference `poly:N' on page 38 undefined on input line 2880.


LaTeX Warning: Reference `poly:symmetric' on page 38 undefined on input line 28
92.


LaTeX Warning: Reference `poly:individual' on page 38 undefined on input line 2
900.


LaTeX Warning: Citation `RepoIncoming' on page 38 undefined on input line 2930.


[38]

LaTeX Warning: Reference `poly:N' on page 39 undefined on input line 2948.


LaTeX Warning: Reference `poly:rational-jets' on page 39 undefined on input lin
e 2948.


LaTeX Warning: Citation `RepoManuscript' on page 39 undefined on input line 295
6.

[39]

LaTeX Warning: Reference `audit:eq:arctanh-corrected' on page 40 undefined on i
nput line 3018.

[40]

LaTeX Warning: Citation `RepoConvolutionAlgebra' on page 41 undefined on input 
line 3088.


LaTeX Warning: Citation `RepoConvolutionCalculus' on page 41 undefined on input
 line 3088.


LaTeX Warning: Citation `RepoShiftedJets' on page 41 undefined on input line 30
88.


LaTeX Warning: Reference `tw:sec:main' on page 41 undefined on input line 3116.



LaTeX Warning: Reference `tw:thm:contacts' on page 41 undefined on input line 3
119.

[41] [42] [43]

LaTeX Warning: Reference `harm:eq:FPreflection' on page 44 undefined on input l
ine 3314.


LaTeX Warning: Reference `harm:eq:multiplication' on page 44 undefined on input
 line 3314.


LaTeX Warning: Citation `RepoManuscript' on page 44 undefined on input line 335
7.

[44]
Underfull \hbox (badness 1102) in paragraph at lines 3388--3394
[][]\T1/pplx/b/n/10.95 (+20) Question 8.7 \T1/pplx/m/n/10.95 (+20) (The re-main
-ing Gaus-sian can-di-dates)\T1/pplx/b/n/10.95 (+20) . []\T1/pplx/m/n/10.95 (+2
0) Can the level-four iterated-integral
[45] [46] [47] (./article_standalone.aux)

LaTeX Warning: There were undefined references.


LaTeX Warning: Label(s) may have changed. Rerun to get cross-references right.

 )
(see the transcript file for additional information)</usr/share/texlive/texmf-d
ist/fonts/type1/public/amsfonts/cm/cmex10.pfb></usr/share/texlive/texmf-dist/fo
nts/type1/public/amsfonts/cm/cmmi10.pfb></usr/share/texlive/texmf-dist/fonts/ty
pe1/public/amsfonts/cm/cmr10.pfb></usr/share/texlive/texmf-dist/fonts/type1/pub
lic/amsfonts/cm/cmsy10.pfb></usr/share/texlive/texmf-dist/fonts/type1/public/ma
thpazo/fplmbb.pfb></usr/share/texlive/texmf-dist/fonts/type1/public/mathpazo/fp
lmr.pfb></usr/share/texlive/texmf-dist/fonts/type1/public/mathpazo/fplmri.pfb><
/usr/share/texmf/fonts/type1/public/lm/lmtt10.pfb></usr/share/texlive/texmf-dis
t/fonts/type1/public/amsfonts/symbols/msbm10.pfb></usr/share/texlive/texmf-dist
/fonts/type1/urw/palatino/uplb8a.pfb></usr/share/texlive/texmf-dist/fonts/type1
/urw/palatino/uplr8a.pfb></usr/share/texlive/texmf-dist/fonts/type1/urw/palatin
o/uplri8a.pfb>
Output written on article_standalone.pdf (48 pages, 385585 bytes).
Transcript written on article_standalone.log.
Latexmk: Missing input file 'article_standalone.toc' (or dependence on it) from following:
  No file article_standalone.toc.
Latexmk: Getting log file 'article_standalone.log'
Latexmk: Examining 'article_standalone.fls'
Latexmk: Examining 'article_standalone.log'
Latexmk: References changed.
Latexmk: Log file says output to 'article_standalone.pdf'
Latexmk: applying rule 'pdflatex'...
Rule 'pdflatex':  Reasons for rerun
Changed files or newly in use/created:
  article_standalone.aux
  article_standalone.toc

------------
Run number 2 of rule 'pdflatex'
------------
------------
Running 'pdflatex  -interaction=nonstopmode -halt-on-error -recorder  "article_standalone.tex"'
------------
This is pdfTeX, Version 3.141592653-2.6-1.40.25 (TeX Live 2023/Debian) (preloaded format=pdflatex)
 restricted \write18 enabled.
entering extended mode
(./article_standalone.tex
LaTeX2e <2023-11-01> patch level 1
L3 programming layer <2024-01-22>
(/usr/share/texlive/texmf-dist/tex/latex/base/article.cls
Document Class: article 2023/05/17 v1.4n Standard LaTeX document class
(/usr/share/texlive/texmf-dist/tex/latex/base/size11.clo))
(/usr/share/texlive/texmf-dist/tex/latex/base/fontenc.sty)
(/usr/share/texlive/texmf-dist/tex/latex/base/inputenc.sty)
(/usr/share/texmf/tex/latex/lm/lmodern.sty)
(/usr/share/texlive/texmf-dist/tex/latex/psnfss/mathpazo.sty)
(/usr/share/texlive/texmf-dist/tex/latex/amsmath/amsmath.sty
For additional information on amsmath, use the `?' option.
(/usr/share/texlive/texmf-dist/tex/latex/amsmath/amstext.sty
(/usr/share/texlive/texmf-dist/tex/latex/amsmath/amsgen.sty))
(/usr/share/texlive/texmf-dist/tex/latex/amsmath/amsbsy.sty)
(/usr/share/texlive/texmf-dist/tex/latex/amsmath/amsopn.sty))
(/usr/share/texlive/texmf-dist/tex/latex/amsfonts/amssymb.sty
(/usr/share/texlive/texmf-dist/tex/latex/amsfonts/amsfonts.sty))
(/usr/share/texlive/texmf-dist/tex/latex/amscls/amsthm.sty)
(/usr/share/texlive/texmf-dist/tex/latex/mathtools/mathtools.sty
(/usr/share/texlive/texmf-dist/tex/latex/graphics/keyval.sty)
(/usr/share/texlive/texmf-dist/tex/latex/tools/calc.sty)
(/usr/share/texlive/texmf-dist/tex/latex/mathtools/mhsetup.sty))
(/usr/share/texlive/texmf-dist/tex/latex/tools/bm.sty)
(/usr/share/texlive/texmf-dist/tex/latex/geometry/geometry.sty
(/usr/share/texlive/texmf-dist/tex/generic/iftex/ifvtex.sty
(/usr/share/texlive/texmf-dist/tex/generic/iftex/iftex.sty)))
(/usr/share/texlive/texmf-dist/tex/latex/microtype/microtype.sty
(/usr/share/texlive/texmf-dist/tex/latex/etoolbox/etoolbox.sty)
(/usr/share/texlive/texmf-dist/tex/latex/microtype/microtype-pdftex.def)
(/usr/share/texlive/texmf-dist/tex/latex/microtype/microtype.cfg))
(/usr/share/texlive/texmf-dist/tex/latex/graphics/graphicx.sty
(/usr/share/texlive/texmf-dist/tex/latex/graphics/graphics.sty
(/usr/share/texlive/texmf-dist/tex/latex/graphics/trig.sty)
(/usr/share/texlive/texmf-dist/tex/latex/graphics-cfg/graphics.cfg)
(/usr/share/texlive/texmf-dist/tex/latex/graphics-def/pdftex.def)))
(/usr/share/texlive/texmf-dist/tex/latex/xcolor/xcolor.sty
(/usr/share/texlive/texmf-dist/tex/latex/graphics-cfg/color.cfg)
(/usr/share/texlive/texmf-dist/tex/latex/graphics/mathcolor.ltx))
(/usr/share/texlive/texmf-dist/tex/latex/booktabs/booktabs.sty)
(/usr/share/texlive/texmf-dist/tex/latex/tools/longtable.sty)
(/usr/share/texlive/texmf-dist/tex/latex/tools/tabularx.sty
(/usr/share/texlive/texmf-dist/tex/latex/tools/array.sty))
(/usr/share/texlive/texmf-dist/tex/latex/enumitem/enumitem.sty)
(/usr/share/texlive/texmf-dist/tex/latex/listings/listings.sty
(/usr/share/texlive/texmf-dist/tex/latex/listings/lstmisc.sty)
(/usr/share/texlive/texmf-dist/tex/latex/listings/listings.cfg))
(/usr/share/texlive/texmf-dist/tex/latex/fancyhdr/fancyhdr.sty)
(/usr/share/texlive/texmf-dist/tex/latex/url/url.sty)
(/usr/share/texlive/texmf-dist/tex/latex/hyperref/hyperref.sty
(/usr/share/texlive/texmf-dist/tex/latex/kvsetkeys/kvsetkeys.sty)
(/usr/share/texlive/texmf-dist/tex/generic/kvdefinekeys/kvdefinekeys.sty)
(/usr/share/texlive/texmf-dist/tex/generic/pdfescape/pdfescape.sty
(/usr/share/texlive/texmf-dist/tex/generic/ltxcmds/ltxcmds.sty)
(/usr/share/texlive/texmf-dist/tex/generic/pdftexcmds/pdftexcmds.sty
(/usr/share/texlive/texmf-dist/tex/generic/infwarerr/infwarerr.sty)))
(/usr/share/texlive/texmf-dist/tex/latex/hycolor/hycolor.sty)
(/usr/share/texlive/texmf-dist/tex/latex/auxhook/auxhook.sty)
(/usr/share/texlive/texmf-dist/tex/latex/hyperref/nameref.sty
(/usr/share/texlive/texmf-dist/tex/latex/refcount/refcount.sty)
(/usr/share/texlive/texmf-dist/tex/generic/gettitlestring/gettitlestring.sty
(/usr/share/texlive/texmf-dist/tex/latex/kvoptions/kvoptions.sty)))
(/usr/share/texlive/texmf-dist/tex/latex/hyperref/pd1enc.def)
(/usr/share/texlive/texmf-dist/tex/generic/intcalc/intcalc.sty)
(/usr/share/texlive/texmf-dist/tex/latex/hyperref/puenc.def)
(/usr/share/texlive/texmf-dist/tex/generic/bitset/bitset.sty
(/usr/share/texlive/texmf-dist/tex/generic/bigintcalc/bigintcalc.sty))
(/usr/share/texlive/texmf-dist/tex/latex/base/atbegshi-ltx.sty))
(/usr/share/texlive/texmf-dist/tex/latex/hyperref/hpdftex.def
(/usr/share/texlive/texmf-dist/tex/latex/base/atveryend-ltx.sty)
(/usr/share/texlive/texmf-dist/tex/latex/rerunfilecheck/rerunfilecheck.sty
(/usr/share/texlive/texmf-dist/tex/generic/uniquecounter/uniquecounter.sty)))
(/usr/share/texlive/texmf-dist/tex/latex/bookmark/bookmark.sty
(/usr/share/texlive/texmf-dist/tex/latex/bookmark/bkm-pdftex.def))
(/usr/share/texlive/texmf-dist/tex/latex/psnfss/t1pplx.fd)
(/usr/share/texlive/texmf-dist/tex/latex/l3backend/l3backend-pdftex.def)
(./article_standalone.aux)
*geometry* driver: auto-detecting
*geometry* detected driver: pdftex
(/usr/share/texlive/texmf-dist/tex/latex/microtype/mt-ppl.cfg)
(/usr/share/texlive/texmf-dist/tex/context/base/mkii/supp-pdf.mkii
[Loading MPS to PDF converter (version 2006.09.02).]
) (/usr/share/texlive/texmf-dist/tex/latex/epstopdf-pkg/epstopdf-base.sty
(/usr/share/texlive/texmf-dist/tex/latex/latexconfig/epstopdf-sys.cfg))
(/usr/share/texlive/texmf-dist/tex/latex/psnfss/ot1pplx.fd)
(/usr/share/texlive/texmf-dist/tex/latex/psnfss/omlzplm.fd)
(/usr/share/texlive/texmf-dist/tex/latex/psnfss/omszplm.fd)
(/usr/share/texlive/texmf-dist/tex/latex/psnfss/omxzplm.fd)
(/usr/share/texlive/texmf-dist/tex/latex/psnfss/ot1zplm.fd)
(/usr/share/texlive/texmf-dist/tex/latex/microtype/mt-msa.cfg)
(/usr/share/texlive/texmf-dist/tex/latex/microtype/mt-msb.cfg)
(/usr/share/texmf/tex/latex/lm/t1lmtt.fd) [1{/var/lib/texmf/fonts/map/pdftex/up
dmap/pdftex.map}{/usr/share/texlive/texmf-dist/fonts/enc/dvips/base/8r.enc}{/us
r/share/texmf/fonts/enc/dvips/lm/lm-ec.enc}] (./article_standalone.toc
pdfTeX warning (ext4): destination with the same identifier (name{page.1}) has 
been already used, duplicate ignored
<to be read again> 
                   \relax 
l.37 ... two-parameter kernel}{37}{subsection.6.1}
                                                  % [1]) [2] [3]
(/usr/share/texlive/texmf-dist/tex/latex/psnfss/ufplmbb.fd) [4] [5] [6]
[7] [8] [9] [10] [11] [12] [13] [14] [15] [16] [17] [18] [19] [20] [21]
[22] [23] [24] [25] [26] [27] [28] [29] [30] [31] [32] [33] [34] [35] [36]
[37] [38] [39] [40] [41] [42] [43] [44] [45]
Underfull \hbox (badness 1102) in paragraph at lines 3388--3394
[][]\T1/pplx/b/n/10.95 (+20) Question 8.7 \T1/pplx/m/n/10.95 (+20) (The re-main
-ing Gaus-sian can-di-dates)\T1/pplx/b/n/10.95 (+20) . []\T1/pplx/m/n/10.95 (+2
0) Can the level-four iterated-integral
[46] [47] [48] (./article_standalone.aux)

LaTeX Warning: Label(s) may have changed. Rerun to get cross-references right.

 )
(see the transcript file for additional information)</usr/share/texlive/texmf-d
ist/fonts/type1/public/amsfonts/cm/cmex10.pfb></usr/share/texlive/texmf-dist/fo
nts/type1/public/amsfonts/cm/cmmi10.pfb></usr/share/texlive/texmf-dist/fonts/ty
pe1/public/amsfonts/cm/cmr10.pfb></usr/share/texlive/texmf-dist/fonts/type1/pub
lic/amsfonts/cm/cmsy10.pfb></usr/share/texlive/texmf-dist/fonts/type1/public/ma
thpazo/fplmbb.pfb></usr/share/texlive/texmf-dist/fonts/type1/public/mathpazo/fp
lmr.pfb></usr/share/texlive/texmf-dist/fonts/type1/public/mathpazo/fplmri.pfb><
/usr/share/texmf/fonts/type1/public/lm/lmtt10.pfb></usr/share/texlive/texmf-dis
t/fonts/type1/public/amsfonts/symbols/msbm10.pfb></usr/share/texlive/texmf-dist
/fonts/type1/urw/palatino/uplb8a.pfb></usr/share/texlive/texmf-dist/fonts/type1
/urw/palatino/uplr8a.pfb></usr/share/texlive/texmf-dist/fonts/type1/urw/palatin
o/uplri8a.pfb>
Output written on article_standalone.pdf (49 pages, 399340 bytes).
Transcript written on article_standalone.log.
Latexmk: Getting log file 'article_standalone.log'
Latexmk: Examining 'article_standalone.fls'
Latexmk: Examining 'article_standalone.log'
Latexmk: References changed.
Latexmk: Log file says output to 'article_standalone.pdf'
Latexmk: applying rule 'pdflatex'...
Rule 'pdflatex':  Reasons for rerun
Changed files or newly in use/created:
  article_standalone.aux
  article_standalone.toc

------------
Run number 3 of rule 'pdflatex'
------------
------------
Running 'pdflatex  -interaction=nonstopmode -halt-on-error -recorder  "article_standalone.tex"'
------------
This is pdfTeX, Version 3.141592653-2.6-1.40.25 (TeX Live 2023/Debian) (preloaded format=pdflatex)
 restricted \write18 enabled.
entering extended mode
(./article_standalone.tex
LaTeX2e <2023-11-01> patch level 1
L3 programming layer <2024-01-22>
(/usr/share/texlive/texmf-dist/tex/latex/base/article.cls
Document Class: article 2023/05/17 v1.4n Standard LaTeX document class
(/usr/share/texlive/texmf-dist/tex/latex/base/size11.clo))
(/usr/share/texlive/texmf-dist/tex/latex/base/fontenc.sty)
(/usr/share/texlive/texmf-dist/tex/latex/base/inputenc.sty)
(/usr/share/texmf/tex/latex/lm/lmodern.sty)
(/usr/share/texlive/texmf-dist/tex/latex/psnfss/mathpazo.sty)
(/usr/share/texlive/texmf-dist/tex/latex/amsmath/amsmath.sty
For additional information on amsmath, use the `?' option.
(/usr/share/texlive/texmf-dist/tex/latex/amsmath/amstext.sty
(/usr/share/texlive/texmf-dist/tex/latex/amsmath/amsgen.sty))
(/usr/share/texlive/texmf-dist/tex/latex/amsmath/amsbsy.sty)
(/usr/share/texlive/texmf-dist/tex/latex/amsmath/amsopn.sty))
(/usr/share/texlive/texmf-dist/tex/latex/amsfonts/amssymb.sty
(/usr/share/texlive/texmf-dist/tex/latex/amsfonts/amsfonts.sty))
(/usr/share/texlive/texmf-dist/tex/latex/amscls/amsthm.sty)
(/usr/share/texlive/texmf-dist/tex/latex/mathtools/mathtools.sty
(/usr/share/texlive/texmf-dist/tex/latex/graphics/keyval.sty)
(/usr/share/texlive/texmf-dist/tex/latex/tools/calc.sty)
(/usr/share/texlive/texmf-dist/tex/latex/mathtools/mhsetup.sty))
(/usr/share/texlive/texmf-dist/tex/latex/tools/bm.sty)
(/usr/share/texlive/texmf-dist/tex/latex/geometry/geometry.sty
(/usr/share/texlive/texmf-dist/tex/generic/iftex/ifvtex.sty
(/usr/share/texlive/texmf-dist/tex/generic/iftex/iftex.sty)))
(/usr/share/texlive/texmf-dist/tex/latex/microtype/microtype.sty
(/usr/share/texlive/texmf-dist/tex/latex/etoolbox/etoolbox.sty)
(/usr/share/texlive/texmf-dist/tex/latex/microtype/microtype-pdftex.def)
(/usr/share/texlive/texmf-dist/tex/latex/microtype/microtype.cfg))
(/usr/share/texlive/texmf-dist/tex/latex/graphics/graphicx.sty
(/usr/share/texlive/texmf-dist/tex/latex/graphics/graphics.sty
(/usr/share/texlive/texmf-dist/tex/latex/graphics/trig.sty)
(/usr/share/texlive/texmf-dist/tex/latex/graphics-cfg/graphics.cfg)
(/usr/share/texlive/texmf-dist/tex/latex/graphics-def/pdftex.def)))
(/usr/share/texlive/texmf-dist/tex/latex/xcolor/xcolor.sty
(/usr/share/texlive/texmf-dist/tex/latex/graphics-cfg/color.cfg)
(/usr/share/texlive/texmf-dist/tex/latex/graphics/mathcolor.ltx))
(/usr/share/texlive/texmf-dist/tex/latex/booktabs/booktabs.sty)
(/usr/share/texlive/texmf-dist/tex/latex/tools/longtable.sty)
(/usr/share/texlive/texmf-dist/tex/latex/tools/tabularx.sty
(/usr/share/texlive/texmf-dist/tex/latex/tools/array.sty))
(/usr/share/texlive/texmf-dist/tex/latex/enumitem/enumitem.sty)
(/usr/share/texlive/texmf-dist/tex/latex/listings/listings.sty
(/usr/share/texlive/texmf-dist/tex/latex/listings/lstmisc.sty)
(/usr/share/texlive/texmf-dist/tex/latex/listings/listings.cfg))
(/usr/share/texlive/texmf-dist/tex/latex/fancyhdr/fancyhdr.sty)
(/usr/share/texlive/texmf-dist/tex/latex/url/url.sty)
(/usr/share/texlive/texmf-dist/tex/latex/hyperref/hyperref.sty
(/usr/share/texlive/texmf-dist/tex/latex/kvsetkeys/kvsetkeys.sty)
(/usr/share/texlive/texmf-dist/tex/generic/kvdefinekeys/kvdefinekeys.sty)
(/usr/share/texlive/texmf-dist/tex/generic/pdfescape/pdfescape.sty
(/usr/share/texlive/texmf-dist/tex/generic/ltxcmds/ltxcmds.sty)
(/usr/share/texlive/texmf-dist/tex/generic/pdftexcmds/pdftexcmds.sty
(/usr/share/texlive/texmf-dist/tex/generic/infwarerr/infwarerr.sty)))
(/usr/share/texlive/texmf-dist/tex/latex/hycolor/hycolor.sty)
(/usr/share/texlive/texmf-dist/tex/latex/auxhook/auxhook.sty)
(/usr/share/texlive/texmf-dist/tex/latex/hyperref/nameref.sty
(/usr/share/texlive/texmf-dist/tex/latex/refcount/refcount.sty)
(/usr/share/texlive/texmf-dist/tex/generic/gettitlestring/gettitlestring.sty
(/usr/share/texlive/texmf-dist/tex/latex/kvoptions/kvoptions.sty)))
(/usr/share/texlive/texmf-dist/tex/latex/hyperref/pd1enc.def)
(/usr/share/texlive/texmf-dist/tex/generic/intcalc/intcalc.sty)
(/usr/share/texlive/texmf-dist/tex/latex/hyperref/puenc.def)
(/usr/share/texlive/texmf-dist/tex/generic/bitset/bitset.sty
(/usr/share/texlive/texmf-dist/tex/generic/bigintcalc/bigintcalc.sty))
(/usr/share/texlive/texmf-dist/tex/latex/base/atbegshi-ltx.sty))
(/usr/share/texlive/texmf-dist/tex/latex/hyperref/hpdftex.def
(/usr/share/texlive/texmf-dist/tex/latex/base/atveryend-ltx.sty)
(/usr/share/texlive/texmf-dist/tex/latex/rerunfilecheck/rerunfilecheck.sty
(/usr/share/texlive/texmf-dist/tex/generic/uniquecounter/uniquecounter.sty)))
(/usr/share/texlive/texmf-dist/tex/latex/bookmark/bookmark.sty
(/usr/share/texlive/texmf-dist/tex/latex/bookmark/bkm-pdftex.def))
(/usr/share/texlive/texmf-dist/tex/latex/psnfss/t1pplx.fd)
(/usr/share/texlive/texmf-dist/tex/latex/l3backend/l3backend-pdftex.def)
(./article_standalone.aux)
*geometry* driver: auto-detecting
*geometry* detected driver: pdftex
(/usr/share/texlive/texmf-dist/tex/latex/microtype/mt-ppl.cfg)
(/usr/share/texlive/texmf-dist/tex/context/base/mkii/supp-pdf.mkii
[Loading MPS to PDF converter (version 2006.09.02).]
) (/usr/share/texlive/texmf-dist/tex/latex/epstopdf-pkg/epstopdf-base.sty
(/usr/share/texlive/texmf-dist/tex/latex/latexconfig/epstopdf-sys.cfg))
(/usr/share/texlive/texmf-dist/tex/latex/psnfss/ot1pplx.fd)
(/usr/share/texlive/texmf-dist/tex/latex/psnfss/omlzplm.fd)
(/usr/share/texlive/texmf-dist/tex/latex/psnfss/omszplm.fd)
(/usr/share/texlive/texmf-dist/tex/latex/psnfss/omxzplm.fd)
(/usr/share/texlive/texmf-dist/tex/latex/psnfss/ot1zplm.fd)
(/usr/share/texlive/texmf-dist/tex/latex/microtype/mt-msa.cfg)
(/usr/share/texlive/texmf-dist/tex/latex/microtype/mt-msb.cfg)
(/usr/share/texmf/tex/latex/lm/t1lmtt.fd) [1{/var/lib/texmf/fonts/map/pdftex/up
dmap/pdftex.map}{/usr/share/texlive/texmf-dist/fonts/enc/dvips/base/8r.enc}{/us
r/share/texmf/fonts/enc/dvips/lm/lm-ec.enc}] (./article_standalone.toc
pdfTeX warning (ext4): destination with the same identifier (name{page.1}) has 
been already used, duplicate ignored
<to be read again> 
                   \relax 
l.37 ... two-parameter kernel}{38}{subsection.6.1}
                                                  % [1]) [2] [3]
(/usr/share/texlive/texmf-dist/tex/latex/psnfss/ufplmbb.fd) [4] [5] [6]
[7] [8] [9] [10] [11] [12] [13] [14] [15] [16] [17] [18] [19] [20] [21]
[22] [23] [24] [25] [26] [27] [28] [29] [30] [31] [32] [33] [34] [35] [36]
[37] [38] [39] [40] [41] [42] [43] [44] [45]
Underfull \hbox (badness 1102) in paragraph at lines 3388--3394
[][]\T1/pplx/b/n/10.95 (+20) Question 8.7 \T1/pplx/m/n/10.95 (+20) (The re-main
-ing Gaus-sian can-di-dates)\T1/pplx/b/n/10.95 (+20) . []\T1/pplx/m/n/10.95 (+2
0) Can the level-four iterated-integral
[46] [47] [48] (./article_standalone.aux) )
(see the transcript file for additional information)</usr/share/texlive/texmf-d
ist/fonts/type1/public/amsfonts/cm/cmex10.pfb></usr/share/texlive/texmf-dist/fo
nts/type1/public/amsfonts/cm/cmmi10.pfb></usr/share/texlive/texmf-dist/fonts/ty
pe1/public/amsfonts/cm/cmr10.pfb></usr/share/texlive/texmf-dist/fonts/type1/pub
lic/amsfonts/cm/cmsy10.pfb></usr/share/texlive/texmf-dist/fonts/type1/public/ma
thpazo/fplmbb.pfb></usr/share/texlive/texmf-dist/fonts/type1/public/mathpazo/fp
lmr.pfb></usr/share/texlive/texmf-dist/fonts/type1/public/mathpazo/fplmri.pfb><
/usr/share/texmf/fonts/type1/public/lm/lmtt10.pfb></usr/share/texlive/texmf-dis
t/fonts/type1/public/amsfonts/symbols/msbm10.pfb></usr/share/texlive/texmf-dist
/fonts/type1/urw/palatino/uplb8a.pfb></usr/share/texlive/texmf-dist/fonts/type1
/urw/palatino/uplr8a.pfb></usr/share/texlive/texmf-dist/fonts/type1/urw/palatin
o/uplri8a.pfb>
Output written on article_standalone.pdf (49 pages, 399344 bytes).
Transcript written on article_standalone.log.
Latexmk: Getting log file 'article_standalone.log'
Latexmk: Examining 'article_standalone.fls'
Latexmk: Examining 'article_standalone.log'
Latexmk: Log file says output to 'article_standalone.pdf'
Latexmk: All targets (article_standalone.pdf) are up-to-date

