m 2 exact response and pressure signs pass
m 3 exact response and pressure signs pass
m 4 exact response and pressure signs pass
m 5 exact response and pressure signs pass
m 6 exact response and pressure signs pass
m 7 exact response and pressure signs pass
m 8 exact response and pressure signs pass
m 9 exact response and pressure signs pass
m 10 exact response and pressure signs pass
m 11 exact response and pressure signs pass
m 12 exact response and pressure signs pass
m 13 exact response and pressure signs pass
m 14 exact response and pressure signs pass
PASS: 91 exact response and pressure pairs; 28 independent direct pressure comparisons
36 exact exploratory basis responses match; no universal basis-positivity claim
{
  "variable": "u=t^2",
  "pressure_coefficients_through_u6": [
    "0",
    "-2",
    "0",
    "376/45",
    "6836/189",
    "105448/2025",
    "-35360872/93555"
  ],
  "cubic": "lambda^3-(3/4+C)lambda^2+(1/4+5C/8)lambda-1/8",
  "C": "cos(2t)",
  "residual_through_u6": [
    "0",
    "0",
    "0",
    "0",
    "0",
    "0",
    "0"
  ],
  "simple_root_derivative_at_lambda1_C1": "3/8",
  "coefficient_t12": "-35360872/93555",
  "all_checks_passed": true
}
All exact checks passed
