conway mod_q5=1.247x factored_mod_q5=1.374x exact_q5=1.731x exact_q6=1.574x factored_exact_q6=1.298x
conway_sum_2 mod_q5=1.438x factored_mod_q5=1.241x exact_q5=1.243x exact_q6=1.154x factored_exact_q6=1.127x
conway_sum_3 mod_q5=1.711x factored_mod_q5=1.056x exact_q5=1.457x exact_q6=1.457x factored_exact_q6=1.135x
conway_sum_8 mod_q5=2.527x factored_mod_q5=1.418x exact_q5=1.933x exact_q6=1.704x factored_exact_q6=1.215x
figure_eight mod_q5=0.807x factored_mod_q5=0.743x exact_q5=1.178x exact_q6=0.986x factored_exact_q6=0.835x
grid_determinant_one_knot mod_q5=1.246x factored_mod_q5=0.953x exact_q5=1.348x exact_q6=1.388x factored_exact_q6=0.763x
grid_scrambled_unknot mod_q5=0.883x factored_mod_q5=0.734x exact_q5=0.882x exact_q6=1.166x factored_exact_q6=0.756x
hard_unknot_8 mod_q5=1.151x factored_mod_q5=0.943x exact_q5=1.178x exact_q6=1.283x factored_exact_q6=0.754x
kinoshita_terasaka mod_q5=1.184x factored_mod_q5=0.955x exact_q5=1.134x exact_q6=1.286x factored_exact_q6=1.048x
stress_braid5_36 mod_q5=1.392x factored_mod_q5=0.899x exact_q5=0.931x exact_q6=1.224x factored_exact_q6=0.936x
torus_3_5 mod_q5=1.178x factored_mod_q5=0.889x exact_q5=0.954x exact_q6=1.384x factored_exact_q6=1.066x
trefoil mod_q5=0.742x factored_mod_q5=0.720x exact_q5=1.156x exact_q6=1.267x factored_exact_q6=0.954x
unknot mod_q5=0.166x factored_mod_q5=0.110x exact_q5=0.152x exact_q6=0.169x factored_exact_q6=0.106x
unknot_braid40 mod_q5=1.117x factored_mod_q5=0.935x exact_q5=1.296x exact_q6=1.215x factored_exact_q6=0.736x
random_order_01 mod_q5=2.082x factored_mod_q5=2.429x exact_q5=1.994x exact_q6=1.966x factored_exact_q6=2.027x
random_order_02 mod_q5=0.593x factored_mod_q5=0.656x exact_q5=0.575x exact_q6=0.488x factored_exact_q6=0.518x
random_order_03 mod_q5=0.336x factored_mod_q5=0.360x exact_q5=0.286x exact_q6=0.291x factored_exact_q6=0.261x
random_order_04 mod_q5=0.160x factored_mod_q5=0.422x exact_q5=0.128x exact_q6=0.118x factored_exact_q6=0.376x
random_order_05 mod_q5=0.105x factored_mod_q5=2.363x exact_q5=0.090x exact_q6=0.083x factored_exact_q6=2.054x
random_order_06 mod_q5=1.016x factored_mod_q5=1.167x exact_q5=0.886x exact_q6=0.920x factored_exact_q6=0.800x
random_order_07 mod_q5=0.733x factored_mod_q5=1.591x exact_q5=0.764x exact_q6=0.675x factored_exact_q6=1.447x
random_order_08 mod_q5=0.243x factored_mod_q5=0.292x exact_q5=0.196x exact_q6=0.232x factored_exact_q6=0.263x
random_order_09 mod_q5=2.334x factored_mod_q5=2.353x exact_q5=2.232x exact_q6=2.177x factored_exact_q6=2.513x
random_order_10 mod_q5=0.321x factored_mod_q5=0.389x exact_q5=0.281x exact_q6=0.240x factored_exact_q6=0.310x
random_order_11 mod_q5=9.821x factored_mod_q5=10.228x exact_q5=10.404x exact_q6=11.220x factored_exact_q6=11.855x
random_order_12 mod_q5=0.303x factored_mod_q5=0.676x exact_q5=0.247x exact_q6=0.213x factored_exact_q6=0.523x
weaving_W3_5 mod_q5=1.301x factored_mod_q5=1.188x exact_q5=1.178x exact_q6=1.288x factored_exact_q6=1.032x
weaving_W3_7 mod_q5=1.301x factored_mod_q5=1.048x exact_q5=1.172x exact_q6=0.968x factored_exact_q6=0.982x
weaving_W3_11 mod_q5=1.422x factored_mod_q5=1.094x exact_q5=1.234x exact_q6=1.196x factored_exact_q6=1.035x
