PASS nand/build_nand.py
PASS not/build_not.py
PASS copy/build_normalized_copy_family.py
PASS copy/build_delayed_copy.py
PASS copy/build_pair_instructions.py
PASS strip/build_periodic_benchmark.py
PASS strip/verify_periodic_benchmark.py
PASS copy/verify_copy_family.py
PASS copy/verify_delayed_copy.py
PASS copy/verify_pair_instructions.py
PASS copy/audit_atlas_compatibility.py
PASS copy/build_marker_variants.py
PASS copy/build_initial_anchor.py
PASS copy/verify_marker_variants.py
PASS copy/verify_marker_neighbors.py
PASS copy/verify_header_entry_only.py
PASS copy/translate_anchor.py
PASS ca/build_ca_circuit.py
PASS ca/verify_complete_tables.py
PASS ca/physical_program.py
PASS ca/verify_program_ledger.py
PASS copy/program_audit/verify_program_index_bounds.py
PASS copy/review_global_generator.py
PASS plans/boolean_word_programs.py
PASS atlas/check_initialization_observer.py
PASS atlas/verify_observer_polarity.py
PASS atlas/quantitative_ledger.py
PASS atlas/compile_input.py --selfcheck
{"status": "PASS_FRESH_FULL_PROOF_PACKET_REPLAY", "own_scripts": 28, "byte_exact_outputs": 39}
