{
  "status": "PASS",
  "serialized_dag_rechecked": true,
  "finite_histories_attempted": 768,
  "bounded_histories_verified": 264,
  "genuine_outer_equalities_per_history": 38,
  "all_positive_outer_witnesses": true,
  "packed_even_boolean_and_exact_valuation": true,
  "mutation_rejections": [
    "undeclared operand",
    "changed constant",
    "wrong arithmetic",
    "duplicate output",
    "forward reference",
    "changed equality",
    "changed numeral list",
    "changed witness domain",
    "Boolean instead of integer",
    "deleted operation"
  ],
  "samples": [
    {
      "initial": 0,
      "start": 0,
      "steps": 1,
      "final": 1,
      "end": 1,
      "valuation": 98
    },
    {
      "initial": 0,
      "start": 0,
      "steps": 2,
      "final": 4,
      "end": 4,
      "valuation": 194
    },
    {
      "initial": 0,
      "start": 0,
      "steps": 3,
      "final": 85,
      "end": 3,
      "valuation": 290
    },
    {
      "initial": 0,
      "start": 0,
      "steps": 4,
      "final": 112,
      "end": 0,
      "valuation": 386
    },
    {
      "initial": 0,
      "start": 4,
      "steps": 1,
      "final": 81,
      "end": 5,
      "valuation": 98
    },
    {
      "initial": 243,
      "start": 0,
      "steps": 1,
      "final": 244,
      "end": 1,
      "valuation": 98
    },
    {
      "initial": 243,
      "start": 0,
      "steps": 2,
      "final": 247,
      "end": 4,
      "valuation": 194
    },
    {
      "initial": 243,
      "start": 0,
      "steps": 3,
      "final": 328,
      "end": 3,
      "valuation": 290
    },
    {
      "initial": 243,
      "start": 0,
      "steps": 4,
      "final": 355,
      "end": 0,
      "valuation": 386
    },
    {
      "initial": 243,
      "start": 4,
      "steps": 1,
      "final": 324,
      "end": 5,
      "valuation": 98
    },
    {
      "initial": 243,
      "start": 4,
      "steps": 2,
      "final": 81,
      "end": 2,
      "valuation": 194
    },
    {
      "initial": 81,
      "start": 0,
      "steps": 1,
      "final": 82,
      "end": 1,
      "valuation": 98
    }
  ],
  "scope": "Finite exact regression and adversarial data validation, not an all-integer proof. No enormous Pell tuple is constructed; Pell completeness remains the pinned theorem dependency."
}
