{
  "status": "PASS",
  "operations": 174,
  "multiplications": 72,
  "additions": 78,
  "subtractions": 24,
  "additions_subtractions": 102,
  "equations": 48,
  "positive_parameters": 5,
  "positive_witnesses": 61,
  "fixed_numerals": [
    1,
    3,
    6,
    8,
    9
  ],
  "groups": {
    "positive adapters": 16,
    "extent geometry": 7,
    "checkerboard geometry": 17,
    "edge tests": 4,
    "initial interface": 4,
    "local and head sums": 14,
    "spatial shifts": 4,
    "head time wiring": 7,
    "memory time wiring": 4,
    "field bounds": 16,
    "packing": 30,
    "mask and Pell": 51
  },
  "maximum_actual_residual_degree": 104,
  "maximum_actual_residual_indices": [
    38
  ],
  "leading_homogeneous_certificate": [
    {
      "index": 38,
      "terms": [
        {
          "coefficient": 531441,
          "powers": {
            "q": 96,
            "k": 2,
            "s": 4,
            "w": 2
          }
        }
      ]
    }
  ],
  "sum_of_squares_degree": 208,
  "proof_scope": "Exact formal integer-polynomial identity, literal DAG acyclicity and counts. General positive-domain equivalence inherited from pinned theorem; no execution/import of upstream code or schedules."
}
EXACT RECOVERED history174.json SHA256 2075bb290f3f81d7c04a27b82f50c4f492638d55a3a27f434f66497ae9fb90ea
