{
  "H": {
    "all_columns_equal": true,
    "columns": 576000,
    "black_cells": 2935465,
    "colored_cells": 5859426,
    "distinct_masks": 108,
    "nonzero_columns": 575893,
    "intersecting_placements": 2880,
    "conflicts": 0
  },
  "B": {
    "all_columns_equal": true,
    "columns": 576000,
    "black_cells": 2695878,
    "colored_cells": 5386966,
    "distinct_masks": 93,
    "nonzero_columns": 574919,
    "intersecting_placements": 1920,
    "conflicts": 0
  },
  "F": {
    "all_columns_equal": true,
    "columns": 576000,
    "black_cells": 2936770,
    "colored_cells": 5862030,
    "distinct_masks": 246,
    "nonzero_columns": 576000,
    "intersecting_placements": 2879,
    "conflicts": 0
  },
  "cache": {
    "distinct_by_width": {
      "25": 21,
      "375": 81,
      "400": 736
    },
    "profiles": 838,
    "Horner_M": 324462,
    "Horner_A": 324462,
    "correction_columns": {
      "DUP": 763,
      "NAND": 1159,
      "MOVE_LEFT": 678,
      "MOVE_RIGHT": 772
    }
  },
  "method": "Finite geometric projections only; no upstream modules, row decoder, saved schedule, ant dynamics or color queries were executed",
  "synthetic_R": 2,
  "checker_sha256": "c1f6ad6bd4029c607ae56c78d268b6b7b19d96be5829415d2189d75e5ede4527"
}
