{
  "status": "PASS_BOTH_FUSED_LITERAL_SOURCES",
  "prefix": {
    "M": 5923373,
    "A": 8639993,
    "total": 14563366,
    "sha256": "4fc26b236689a78d8e2a1bc6f2eff6ef1e6bc62de337ce70b1f3c8041bc7020a"
  },
  "prefix_stages": {
    "occurrence_constants": {
      "M": 5469985,
      "A": 8186999,
      "total": 13656984
    },
    "small_profiles_and_basic_literals": {
      "M": 324462,
      "A": 324464,
      "total": 648926
    },
    "geometric_sum_and_fixed_shifts": {
      "M": 283,
      "A": 45,
      "total": 328
    },
    "anchor_rows": {
      "M": 128480,
      "A": 128480,
      "total": 256960
    },
    "remaining_named_constants": {
      "M": 163,
      "A": 5,
      "total": 168
    }
  },
  "joins": {
    "2": {
      "status": "PASS_FUSED_LITERAL_SOURCE",
      "arity": 2,
      "M": 5971120,
      "A": 8687814,
      "total": 14658934,
      "source_sha256": "62cf59e79cd5d3baf61b19ed50ccc8965e8fb4814bbdc33a6d7fad417d379667",
      "raw_positive_inputs": [
        "RawLeft",
        "RawRight"
      ],
      "positive_witnesses": 465,
      "positive_witness_names_sha256": "973837f2b13a940aace29a08f5621b1381d7ac55341357315028c2eea3f67626",
      "residual_metadata_records": 285,
      "final_equations": 1,
      "final_operands": [
        14658933,
        0
      ],
      "retained_old_main_gates": 3461,
      "removed_dense_horner_gates": 2303996,
      "removed_sections": [
        {
          "kind": "tile",
          "start": 1264,
          "step": 1151998,
          "end": 1153262
        },
        {
          "kind": "first",
          "start": 1153262,
          "step": 1151998,
          "end": 2305260
        }
      ],
      "old_main_source_sha256": "c16901162e09b07d1e0c27b28e29dcc12a9b6137391fce85e3f150a3fed37eac",
      "all_other_main_records_preserved": true,
      "bound_constant_labels": 598,
      "unresolved_coefficient_operands": 0,
      "literal_leaves": [
        1,
        3
      ],
      "variable_degree_preserved": 2304000,
      "fusion": {
        "stages": {
          "spatial_base_power": {
            "M": 12,
            "A": 0,
            "total": 12
          },
          "correction_short_horners": {
            "M": 7188,
            "A": 7188,
            "total": 14376
          },
          "rotated_occurrence_horners_and_products": {
            "M": 23040,
            "A": 23038,
            "total": 46078
          },
          "fixed_block_polynomials_and_weights": {
            "M": 15911,
            "A": 15714,
            "total": 31625
          },
          "fused_tile_assembly": {
            "M": 8,
            "A": 8,
            "total": 16
          }
        },
        "distinct_spatial_blocks": 26,
        "distinct_block_weights": 18,
        "cached_Y_powers": [
          0,
          1,
          2,
          3,
          39,
          40,
          479,
          480,
          481,
          482,
          483,
          519,
          520,
          959
        ],
        "cached_Y_geometric_lengths": [
          1,
          2,
          36,
          440,
          477,
          478,
          479,
          480,
          919,
          957
        ]
      }
    },
    "1": {
      "status": "PASS_FUSED_LITERAL_SOURCE",
      "arity": 1,
      "M": 5971124,
      "A": 8687820,
      "total": 14658944,
      "source_sha256": "722340689ce84f505af7d010db21d6b48178c5d6008b28966e9836aeca75b25b",
      "raw_positive_inputs": [
        "RawInput"
      ],
      "positive_witnesses": 467,
      "positive_witness_names_sha256": "19138549ceba00aaeac2309ec9bbd7f14e7272de8132bf91545911c3b587c9ac",
      "residual_metadata_records": 286,
      "final_equations": 1,
      "final_operands": [
        14658943,
        0
      ],
      "retained_old_main_gates": 3471,
      "removed_dense_horner_gates": 2303996,
      "removed_sections": [
        {
          "kind": "tile",
          "start": 1264,
          "step": 1151998,
          "end": 1153262
        },
        {
          "kind": "first",
          "start": 1153262,
          "step": 1151998,
          "end": 2305260
        }
      ],
      "old_main_source_sha256": "85a161972769207e4f5d4212214630535208f69d6736bca2b46a8aff8276a22a",
      "all_other_main_records_preserved": true,
      "bound_constant_labels": 598,
      "unresolved_coefficient_operands": 0,
      "literal_leaves": [
        1,
        3
      ],
      "variable_degree_preserved": 2304000,
      "fusion": {
        "stages": {
          "spatial_base_power": {
            "M": 12,
            "A": 0,
            "total": 12
          },
          "correction_short_horners": {
            "M": 7188,
            "A": 7188,
            "total": 14376
          },
          "rotated_occurrence_horners_and_products": {
            "M": 23040,
            "A": 23038,
            "total": 46078
          },
          "fixed_block_polynomials_and_weights": {
            "M": 15911,
            "A": 15714,
            "total": 31625
          },
          "fused_tile_assembly": {
            "M": 8,
            "A": 8,
            "total": 16
          }
        },
        "distinct_spatial_blocks": 26,
        "distinct_block_weights": 18,
        "cached_Y_powers": [
          0,
          1,
          2,
          3,
          39,
          40,
          479,
          480,
          481,
          482,
          483,
          519,
          520,
          959
        ],
        "cached_Y_geometric_lengths": [
          1,
          2,
          36,
          440,
          477,
          478,
          479,
          480,
          919,
          957
        ]
      }
    }
  }
}
