{
  "authenticated_input_files": 18,
  "science_release_bytes_match": true,
  "exponent_identities": 2296800,
  "formal_kind_term_identities": 9187200,
  "exact_profile_entries": 6912000,
  "block_counts": {
    "H": 5,
    "B": 4,
    "F": 6,
    "Hlow": 3,
    "Hhigh": 5,
    "first": 4
  },
  "appendix_groups_verified": 27,
  "paid_profile_inventory": {
    "400": 736,
    "375": 81,
    "25": 21
  },
  "all_profile_requests_prepaid": true,
  "weight_ledger": {
    "blocks": 26,
    "groups": 37,
    "weights": 18,
    "power_M": 119,
    "geometric_M": 168,
    "geometric_A": 104,
    "run_M": 13,
    "run_A": 7,
    "total_M": 15911,
    "total_A": 15714,
    "powers": [
      0,
      1,
      2,
      3,
      39,
      40,
      479,
      480,
      481,
      482,
      483,
      519,
      520,
      959
    ],
    "geometric_lengths": [
      1,
      2,
      36,
      440,
      477,
      478,
      479,
      480,
      919,
      957
    ]
  },
  "independent_occurrence_ledger": {
    "rows": 601547591,
    "runs": 5456442,
    "directional_runs": 2724814,
    "singleton_runs": 2731628,
    "M": 5469985,
    "A": 8186999
  },
  "complete_ledger": {
    "prefix_M": 5923373,
    "prefix_A": 8639993,
    "spatial_M": 46159,
    "spatial_A": 45948,
    "removed_gates": 2303996,
    "two_input_total": 14658934,
    "one_input_total": 14658944,
    "free_coefficient_two": 95568,
    "free_coefficient_one": 95578,
    "saving": 16729897
  },
  "preserved_files": 72,
  "status": "PASS_INDEPENDENT_MANUSCRIPT_DATA_AND_LEDGER_CHECKS",
  "checker_sha256": "e3d15fc639750f5e87af88fd61eeeaf39a9f625d2124a5be7486523dbeb77dcc"
}
