exhaustive instances 1344
huge jump repeat time 20000000000000000000000000000000000000000000000000000000000000000000000000000000000000000000000000002 compressed lanes 6
random instances 3000 certified no revisit 432
huge stencil first times 20000000000000000000000000000000000000000000000000000000000000000000000000000000000000000000000000000 20000000000000000000000000000000000000000000000000000000000000000000000000000000000000000000000000014
random Boolean expressions 1000
full query instances 350
projected relations 10000 point checks 400000
test_background_permutation (test_boundary_regression.TestExact.test_background_permutation) ... ok
test_defect_collision_tie (test_boundary_regression.TestExact.test_defect_collision_tie) ... ok
test_exhaustive_binary_small (test_boundary_regression.TestExact.test_exhaustive_binary_small) ... ok
test_huge_defect_jump_and_old_prefix_collision (test_boundary_regression.TestExact.test_huge_defect_jump_and_old_prefix_collision) ... ok
test_lane_arithmetic (test_boundary_regression.TestExact.test_lane_arithmetic) ... ok
test_query_domain_guard (test_boundary_regression.TestExact.test_query_domain_guard) ... ok
test_random_boards_and_colours (test_boundary_regression.TestExact.test_random_boards_and_colours) ... ok
test_unreached_defect_and_zero_drift (test_boundary_regression.TestExact.test_unreached_defect_and_zero_drift) ... ok
test_huge_sets (test_observations.ObservationTests.test_huge_sets) ... ok
test_huge_stencil_port (test_observations.ObservationTests.test_huge_stencil_port) ... ok
test_one_shot_query_iterables (test_observations.ObservationTests.test_one_shot_query_iterables) ... ok
test_query_endpoints_and_empty_forms (test_observations.ObservationTests.test_query_endpoints_and_empty_forms) ... ok
test_random_boolean_sets (test_observations.ObservationTests.test_random_boolean_sets) ... ok
test_random_full_queries (test_observations.ObservationTests.test_random_full_queries) ... ok
test_relation_projection (test_observations.ObservationTests.test_relation_projection) ... ok
test_validation_survives_optimization (test_observations.ObservationTests.test_validation_survives_optimization) ... ok

----------------------------------------------------------------------
Ran 16 tests in 4.664s

OK
