n=1: 1 labeled preorders; all checks passed
n=2: 4 labeled preorders; all checks passed
n=3: 29 labeled preorders; all checks passed
n=4: 355 labeled preorders; all checks passed
{
  "status": "PASS",
  "max_n": 4,
  "seed": 20260919,
  "preorders_by_size": {
    "1": 1,
    "2": 4,
    "3": 29,
    "4": 355
  },
  "total_preorders": 389,
  "checks": {
    "maximality_checks": 389,
    "direct_grid_values": 5642,
    "reciprocity_unisolvent_tests": 5642,
    "interior_set_bijection_checks": 1556,
    "hstar_word_checks": 389,
    "zeta_minus_one_checks": 389,
    "matrix_duality_checks": 6224,
    "heterogeneous_duality_checks": 3112,
    "heterogeneous_reciprocity_checks": 3112
  },
  "elapsed_seconds": 19.019,
  "arithmetic": "Exact Python integers; no floating-point decisions.",
  "scope": "Exhaustive relations through max_n; eight seeded heterogeneous cases per relation.",
  "caveat": "Finite checks supplement but do not replace the proofs."
}
