test_bit_composition_equals_set_composition (test_acceleration.AlgebraTests.test_bit_composition_equals_set_composition) ... ok
test_units_are_involutions (test_acceleration.AlgebraTests.test_units_are_involutions) ... ok
test_fast_parser_agrees_with_argparse_or_declines (test_acceleration.CommandLineTests.test_fast_parser_agrees_with_argparse_or_declines) ... ok
test_start_up_stays_light (test_acceleration.CommandLineTests.test_start_up_stays_light) ... ok
test_exact_polynomial_only_when_the_modular_test_did_not_run (test_acceleration.ExactAlexanderTests.test_exact_polynomial_only_when_the_modular_test_did_not_run) ... ok
test_conway_sums (test_acceleration.FactorTests.test_conway_sums) ... ok
test_recognition_of_sums (test_acceleration.FactorTests.test_recognition_of_sums) ... ok
test_filters_agree_with_khovanov (test_acceleration.FilterTests.test_filters_agree_with_khovanov)
A filter may only fire on knots whose reduced Khovanov rank exceeds one. ... ok
test_filters_never_flag_unknots (test_acceleration.FilterTests.test_filters_never_flag_unknots) ... ok
test_known_knots_and_budget (test_acceleration.FilterTests.test_known_knots_and_budget) ... ok
test_all_configurations_agree_with_reference (test_acceleration.ScannerTests.test_all_configurations_agree_with_reference) ... ok
test_circle_numbering_is_canonical (test_acceleration.ScannerTests.test_circle_numbering_is_canonical) ... ok
test_orders_are_identical_to_reference (test_acceleration.ScannerTests.test_orders_are_identical_to_reference) ... ok
test_shape_cache_is_transparent (test_acceleration.ScannerTests.test_shape_cache_is_transparent) ... ok
test_stress_case_that_timed_out_in_0_1 (test_acceleration.ScannerTests.test_stress_case_that_timed_out_in_0_1) ... ok
test_tie_rules_and_race (test_acceleration.ScannerTests.test_tie_rules_and_race) ... ok
test_half_turned_rows (test_acceleration.SignTests.test_half_turned_rows) ... ok
test_incremental_reduction (test_acceleration.SimplifyTests.test_incremental_reduction) ... ok
test_linear_descending_test (test_acceleration.SimplifyTests.test_linear_descending_test) ... ok
test_long_chain (test_acceleration.SimplifyTests.test_long_chain) ... ok
test_rebuild_checks_the_topology (test_acceleration.SimplifyTests.test_rebuild_checks_the_topology) ... ok
test_reidemeister_three (test_acceleration.SimplifyTests.test_reidemeister_three) ... ok
test_all_real_handoffs_pass_both_replayers (test_adaptive_group.AdaptiveGroupTests.test_all_real_handoffs_pass_both_replayers) ... ok
test_budget_not_refilled_and_global_cancellation_propagates (test_adaptive_group.AdaptiveGroupTests.test_budget_not_refilled_and_global_cancellation_propagates) ... ok
test_default_keeps_explicit_paths_and_never_constructs_an_arena (test_adaptive_group.AdaptiveGroupTests.test_default_keeps_explicit_paths_and_never_constructs_an_arena) ... ok
test_real_letter_cap_exhaustion_becomes_verified_success (test_adaptive_group.AdaptiveGroupTests.test_real_letter_cap_exhaustion_becomes_verified_success) ... ok
test_validation_cli_and_nontrivial_knots (test_adaptive_group.AdaptiveGroupTests.test_validation_cli_and_nontrivial_knots) ... ok
test_both_winners_and_direct_spin_match_independent_cube (test_adaptive_jones.AdaptiveJonesTests.test_both_winners_and_direct_spin_match_independent_cube) ... ok
test_default_measured_switch_reuses_certified_order_and_caps_total_work (test_adaptive_jones.AdaptiveJonesTests.test_default_measured_switch_reuses_certified_order_and_caps_total_work) ... ok
test_easy_potts_completion_avoids_spin_and_separator (test_adaptive_jones.AdaptiveJonesTests.test_easy_potts_completion_avoids_spin_and_separator) ... ok
test_exhausted_prelude_does_not_reset_budget_or_start_spin (test_adaptive_jones.AdaptiveJonesTests.test_exhausted_prelude_does_not_reset_budget_or_start_spin) ... ok
test_json_safe_witnesses_cli_and_recognition_identity_fallback (test_adaptive_jones.AdaptiveJonesTests.test_json_safe_witnesses_cli_and_recognition_identity_fallback) ... ok
test_state_limit_can_switch_to_a_smaller_representation (test_adaptive_jones.AdaptiveJonesTests.test_state_limit_can_switch_to_a_smaller_representation) ... ok
test_validation_empty_knot_and_global_cancellation_do_not_publish_values (test_adaptive_jones.AdaptiveJonesTests.test_validation_empty_knot_and_global_cancellation_do_not_publish_values) ... ok
test_actual_state_limit_can_reorder_but_unchanged_failure_is_not_retried (test_adaptive_potts.AdaptivePottsTests.test_actual_state_limit_can_reorder_but_unchanged_failure_is_not_retried) ... ok
test_cli_and_pipeline_keep_scalar_agreement_inconclusive (test_adaptive_potts.AdaptivePottsTests.test_cli_and_pipeline_keep_scalar_agreement_inconclusive) ... ok
test_easy_queries_skip_preparation_and_match_independent_cube (test_adaptive_potts.AdaptivePottsTests.test_easy_queries_skip_preparation_and_match_independent_cube) ... ok
test_measured_restart_preserves_values_and_exact_shared_budget (test_adaptive_potts.AdaptivePottsTests.test_measured_restart_preserves_values_and_exact_shared_budget) ... ok
test_no_preparation_without_remaining_budget_and_global_stop_is_atomic (test_adaptive_potts.AdaptivePottsTests.test_no_preparation_without_remaining_budget_and_global_stop_is_atomic) ... ok
test_unchanged_order_continues_without_repeating_any_work (test_adaptive_potts.AdaptivePottsTests.test_unchanged_order_continues_without_repeating_any_work) ... ok
test_connected_ladder_splits_and_shares (test_barcode_scan.NormalizerTests.test_connected_ladder_splits_and_shares) ... ok
test_decision_length_caps_do_not_claim_homotopy_equivalence (test_barcode_scan.NormalizerTests.test_decision_length_caps_do_not_claim_homotopy_equivalence) ... ok
test_dense_string_closures_and_sharp_caps (test_barcode_scan.NormalizerTests.test_dense_string_closures_and_sharp_caps) ... ok
test_raw_degree_shifts_and_singleton_sharing (test_barcode_scan.NormalizerTests.test_raw_degree_shifts_and_singleton_sharing) ... ok
test_reject_different_morphism_or_matching (test_barcode_scan.NormalizerTests.test_reject_different_morphism_or_matching) ... ok
test_saturated_weights_and_optional_size_skip (test_barcode_scan.NormalizerTests.test_saturated_weights_and_optional_size_skip) ... ok
test_arbitrary_quivers_and_dense_suffix_closures (test_barcode_scan.RankInvariantTests.test_arbitrary_quivers_and_dense_suffix_closures) ... ok
test_invalid_input (test_barcode_scan.RankInvariantTests.test_invalid_input) ... ok
test_known_intervals_under_independent_basis_changes (test_barcode_scan.RankInvariantTests.test_known_intervals_under_independent_basis_changes) ... ok
test_not_a_binary_chain_complex (test_barcode_scan.RankInvariantTests.test_not_a_binary_chain_complex) ... ok
test_named_knots_and_capped_decisions (test_barcode_scan.ScannerTests.test_named_knots_and_capped_decisions) ... ok
test_random_braid_orders (test_barcode_scan.ScannerTests.test_random_braid_orders) ... ok
test_adaptive_switch_cache_and_wide_frontier_guard (test_boundary_connectivity.BoundaryTests.test_adaptive_switch_cache_and_wide_frontier_guard) ... ok
test_counts_sign_and_recurrence_on_actual_completions (test_boundary_connectivity.BoundaryTests.test_counts_sign_and_recurrence_on_actual_completions) ... ok
test_empty_scalar_and_invalid_coverage (test_boundary_connectivity.BoundaryTests.test_empty_scalar_and_invalid_coverage) ... ok
test_interrupted_summary_is_not_published (test_boundary_connectivity.BoundaryTests.test_interrupted_summary_is_not_published) ... ok
test_query_limit_precedes_preparation_and_deadline_precedes_cache (test_boundary_connectivity.BoundaryTests.test_query_limit_precedes_preparation_and_deadline_precedes_cache) ... ok
test_diagram_reductions_precede_endpoint_descent (test_braid.BraidPipelineTests.test_diagram_reductions_precede_endpoint_descent) ... ok
test_early_dispatch_opt_out_and_resource_limit (test_braid.BraidPipelineTests.test_early_dispatch_opt_out_and_resource_limit) ... ok
test_elementary_cases_and_necessary_writhe_bound (test_braid.BraidPipelineTests.test_elementary_cases_and_necessary_writhe_bound) ... ok
test_invalid_and_unsupported_inputs (test_braid.BraidPipelineTests.test_invalid_and_unsupported_inputs) ... ok
test_mirrors_and_real_four_strand_fallback (test_braid.BraidPipelineTests.test_mirrors_and_real_four_strand_fallback) ... ok
test_provenance_is_checked_immutable_and_serializable (test_braid.BraidPipelineTests.test_provenance_is_checked_immutable_and_serializable) ... ok
test_all_words_through_eight_agree_between_backends (test_braid.BraidRepresentationTests.test_all_words_through_eight_agree_between_backends) ... ok
test_all_words_through_six_against_independent_khovanov_cube (test_braid.BraidRepresentationTests.test_all_words_through_six_against_independent_khovanov_cube) ... ok
test_artin_relations_and_conjugation (test_braid.BraidRepresentationTests.test_artin_relations_and_conjugation) ... ok
test_burau_determinant_against_exact_alexander (test_braid.BraidRepresentationTests.test_burau_determinant_against_exact_alexander) ... ok
test_long_word_exact_work_bound_and_large_integer_json (test_braid.BraidRepresentationTests.test_long_word_exact_work_bound_and_large_integer_json) ... ok
test_cancellation_callback_stops_producer_and_verifier (test_braid_descent.LinearDescentTests.test_cancellation_callback_stops_producer_and_verifier) ... ok
test_exhaustive_small_words_and_cyclic_cancellations (test_braid_descent.LinearDescentTests.test_exhaustive_small_words_and_cyclic_cancellations) ... ok
test_large_dispatch_both_signs_and_modes (test_braid_descent.LinearDescentTests.test_large_dispatch_both_signs_and_modes) ... ok
test_malformed_evidence_and_input_binding (test_braid_descent.LinearDescentTests.test_malformed_evidence_and_input_binding) ... ok
test_random_conjugated_mixed_stabilizations (test_braid_descent.LinearDescentTests.test_random_conjugated_mixed_stabilizations) ... ok
test_small_rank_and_sparse_inputs_keep_legacy_path (test_braid_descent.LinearDescentTests.test_small_rank_and_sparse_inputs_keep_legacy_path) ... ok
test_topology_on_small_stabilizations (test_braid_descent.LinearDescentTests.test_topology_on_small_stabilizations) ... ok
test_binary_exponents_without_expansion (test_braid_profile.BraidProfileTests.test_binary_exponents_without_expansion) ... ok
test_checked_source_option (test_braid_profile.BraidProfileTests.test_checked_source_option) ... ok
test_exhaustive_against_independent_pd_graph (test_braid_profile.BraidProfileTests.test_exhaustive_against_independent_pd_graph) ... ok
test_invalid_original_permutation_and_malformed_inputs (test_braid_profile.BraidProfileTests.test_invalid_original_permutation_and_malformed_inputs) ... ok
test_path_optimizer_against_all_subsets (test_braid_profile.BraidProfileTests.test_path_optimizer_against_all_subsets) ... ok
test_profile_replay_and_inconclusive (test_braid_profile.BraidProfileTests.test_profile_replay_and_inconclusive) ... ok
test_random_higher_braids_and_pipeline (test_braid_profile.BraidProfileTests.test_random_higher_braids_and_pipeline) ... ok
test_signature_domination (test_braid_profile.BraidProfileTests.test_signature_domination) ... ok
test_conjugated_repeated_stabilization (test_braid_reduction.BraidReductionTests.test_conjugated_repeated_stabilization) ... ok
test_morton_unknot_requires_a_more_general_operation (test_braid_reduction.BraidReductionTests.test_morton_unknot_requires_a_more_general_operation) ... ok
test_right_and_left_destabilizations_preserve_full_khovanov_rank (test_braid_reduction.BraidReductionTests.test_right_and_left_destabilizations_preserve_full_khovanov_rank) ... ok
test_tampering_is_rejected (test_braid_reduction.BraidReductionTests.test_tampering_is_rejected) ... ok
test_adaptive_allowance_and_precise_replay (test_causal_r3.CausalR3Tests.test_adaptive_allowance_and_precise_replay) ... ok
test_complete_against_unrestricted_small_oracle (test_causal_r3.CausalR3Tests.test_complete_against_unrestricted_small_oracle) ... ok
test_deeper_search_exposes_existing_hard_unknot (test_causal_r3.CausalR3Tests.test_deeper_search_exposes_existing_hard_unknot) ... ok
test_disjoint_births_commute_on_actual_darts (test_causal_r3.CausalR3Tests.test_disjoint_births_commute_on_actual_darts) ... ok
test_exception_during_mutation_restores_journal (test_causal_r3.CausalR3Tests.test_exception_during_mutation_restores_journal) ... ok
test_invalid_options_are_rejected_before_early_certificates (test_causal_r3.CausalR3Tests.test_invalid_options_are_rejected_before_early_certificates) ... ok
test_inverse_retained_when_previous_move_added_support (test_causal_r3.CausalR3Tests.test_inverse_retained_when_previous_move_added_support) ... ok
test_nested_cancellation_rolls_back_both_searches (test_causal_r3.CausalR3Tests.test_nested_cancellation_rolls_back_both_searches) ... ok
test_no_first_move_stops_deepening_and_switching (test_causal_r3.CausalR3Tests.test_no_first_move_stops_deepening_and_switching) ... ok
test_recognition_global_deadline_interrupts_trials (test_causal_r3.CausalR3Tests.test_recognition_global_deadline_interrupts_trials) ... ok
test_trial_limits_restore_failed_searches (test_causal_r3.CausalR3Tests.test_trial_limits_restore_failed_searches) ... ok
test_cli_dispatch_and_invalid_budget (test_closure_scan.ClosureTests.test_cli_dispatch_and_invalid_budget) ... ok
test_global_limits_and_validation (test_closure_scan.ClosureTests.test_global_limits_and_validation) ... ok
test_mixed_matrix_formula_against_completed_cube (test_closure_scan.ClosureTests.test_mixed_matrix_formula_against_completed_cube) ... ok
test_pure_even_bound_and_link_counterexample (test_closure_scan.ClosureTests.test_pure_even_bound_and_link_counterexample) ... ok
test_single_survivor_resets_and_budget_exhaustion (test_closure_scan.ClosureTests.test_single_survivor_resets_and_budget_exhaustion) ... ok
test_splices_and_decisions_against_independent_cube (test_closure_scan.ClosureTests.test_splices_and_decisions_against_independent_cube) ... ok
test_whole_block_domains (test_closure_scan.ClosureTests.test_whole_block_domains) ... ok
test_adapter_safety_and_stage_reset (test_component_algebra.UpstreamTests.test_adapter_safety_and_stage_reset) ... ok
test_all_four_arc_triples_random_polynomials (test_component_algebra.UpstreamTests.test_all_four_arc_triples_random_polynomials) ... ok
test_all_small_matching_triples_and_monomials (test_component_algebra.UpstreamTests.test_all_small_matching_triples_and_monomials) ... ok
test_existing_examples (test_component_algebra.UpstreamTests.test_existing_examples) ... ok
test_seeded_random_braids (test_component_algebra.UpstreamTests.test_seeded_random_braids) ... ok
test_upstream_bit_algebra (test_component_algebra.UpstreamTests.test_upstream_bit_algebra) ... ok
test_crossing_free_circle (test_component_scan.ComponentTests.test_crossing_free_circle) ... ok
test_existing_weights_are_shifted_and_added (test_component_scan.ComponentTests.test_existing_weights_are_shifted_and_added) ... ok
test_invalid_order_and_limits (test_component_scan.ComponentTests.test_invalid_order_and_limits) ... ok
test_key_records_every_morphism (test_component_scan.ComponentTests.test_key_records_every_morphism) ... ok
test_large_visible_sum_with_exact_rank_formula (test_component_scan.ComponentTests.test_large_visible_sum_with_exact_rank_formula) ... ok
test_multiplicities_are_integers (test_component_scan.ComponentTests.test_multiplicities_are_integers) ... ok
test_random_closures_and_scan_orders (test_component_scan.ComponentTests.test_random_closures_and_scan_orders) ... ok
test_saturated_weights_do_not_cancel_or_keep_grading (test_component_scan.ComponentTests.test_saturated_weights_do_not_cancel_or_keep_grading) ... ok
test_torus_knots_and_mirrors (test_component_scan.ComponentTests.test_torus_knots_and_mirrors) ... ok
test_allocation_limit_is_unknown_in_recognition (test_composition_integration.CompositionIntegrationTests.test_allocation_limit_is_unknown_in_recognition) ... ok
test_cli_selection_and_resource_result (test_composition_integration.CompositionIntegrationTests.test_cli_selection_and_resource_result) ... ok
test_invalid_options_rejected_before_early_verdict (test_composition_integration.CompositionIntegrationTests.test_invalid_options_rejected_before_early_verdict) ... ok
test_pipeline_evidence_and_rank_degrees (test_composition_integration.CompositionIntegrationTests.test_pipeline_evidence_and_rank_degrees) ... ok
test_exact_input_binding_rejects_boolean_alias (test_compressed_braid.AdditionalTests.test_exact_input_binding_rejects_boolean_alias) ... ok
test_forest_without_singletons_stays_inconclusive (test_compressed_braid.AdditionalTests.test_forest_without_singletons_stays_inconclusive) ... ok
test_matrix_growth_formula (test_compressed_braid.AdditionalTests.test_matrix_growth_formula) ... ok
test_no_producer_no_lcp_during_verify (test_compressed_braid.CertificateTests.test_no_producer_no_lcp_during_verify) ... ok
test_wrong_cancellation (test_compressed_braid.CertificateTests.test_wrong_cancellation) ... ok
test_wrong_cyclic_trim (test_compressed_braid.CertificateTests.test_wrong_cyclic_trim) ... ok
test_wrong_exponent (test_compressed_braid.CertificateTests.test_wrong_exponent) ... ok
test_wrong_grammar_letter (test_compressed_braid.CertificateTests.test_wrong_grammar_letter) ... ok
test_wrong_source (test_compressed_braid.CertificateTests.test_wrong_source) ... ok
test_wrong_verdict (test_compressed_braid.CertificateTests.test_wrong_verdict) ... ok
test_at_most_two (test_compressed_braid.ForestTests.test_at_most_two) ... ok
test_big_empty_strand_range (test_compressed_braid.ForestTests.test_big_empty_strand_range) ... ok
test_huge_forest_no_expansion (test_compressed_braid.ForestTests.test_huge_forest_no_expansion) ... ok
test_many_strands_negative (test_compressed_braid.ForestTests.test_many_strands_negative) ... ok
test_many_strands_positive (test_compressed_braid.ForestTests.test_many_strands_positive) ... ok
test_missing_root_support (test_compressed_braid.ForestTests.test_missing_root_support) ... ok
test_one_strand (test_compressed_braid.ForestTests.test_one_strand) ... ok
test_tampered_cut (test_compressed_braid.ForestTests.test_tampered_cut) ... ok
test_tampered_projection (test_compressed_braid.ForestTests.test_tampered_projection) ... ok
test_unresolved_four_strands (test_compressed_braid.ForestTests.test_unresolved_four_strands) ... ok
test_bad_generator (test_compressed_braid.GrammarTests.test_bad_generator) ... ok
test_bool_root (test_compressed_braid.GrammarTests.test_bool_root) ... ok
test_empty (test_compressed_braid.GrammarTests.test_empty) ... ok
test_foreign_strands (test_compressed_braid.GrammarTests.test_foreign_strands) ... ok
test_forward_reference (test_compressed_braid.GrammarTests.test_forward_reference) ... ok
test_power_inverse (test_compressed_braid.GrammarTests.test_power_inverse) ... ok
test_summary_multiplicity (test_compressed_braid.GrammarTests.test_summary_multiplicity) ... ok
test_artin_relation (test_compressed_braid.RecognitionTests.test_artin_relation) ... ok
test_conjugation_and_mirror (test_compressed_braid.RecognitionTests.test_conjugation_and_mirror) ... ok
test_huge_negative_no_expansion (test_compressed_braid.RecognitionTests.test_huge_negative_no_expansion) ... ok
test_huge_positive_no_expansion (test_compressed_braid.RecognitionTests.test_huge_positive_no_expansion) ... ok
test_limits (test_compressed_braid.RecognitionTests.test_limits) ... ok
test_reassociated_sleeve_forced_fallback (test_compressed_braid.RecognitionTests.test_reassociated_sleeve_forced_fallback) ... ok
test_small_complete_sweep (test_compressed_braid.RecognitionTests.test_small_complete_sweep) ... ok
test_all_slices (test_compressed_braid.StringTests.test_all_slices) ... ok
test_boundary_cascade (test_compressed_braid.StringTests.test_boundary_cascade) ... ok
test_boundary_merge (test_compressed_braid.StringTests.test_boundary_merge) ... ok
test_forced_polynomial_equal (test_compressed_braid.StringTests.test_forced_polynomial_equal) ... ok
test_inverse_involution (test_compressed_braid.StringTests.test_inverse_involution) ... ok
test_random_cyclic (test_compressed_braid.StringTests.test_random_cyclic) ... ok
test_random_equal_and_lcp (test_compressed_braid.StringTests.test_random_equal_and_lcp) ... ok
test_random_products (test_compressed_braid.StringTests.test_random_products) ... ok
test_all_trivial_factors_are_still_required_in_original_order (test_compressed_braid_adaptive.AdaptiveForestTests.test_all_trivial_factors_are_still_required_in_original_order) ... ok
test_compressed_negative_precedes_wider_cube (test_compressed_braid_adaptive.AdaptiveForestTests.test_compressed_negative_precedes_wider_cube) ... ok
test_elementary_reduction_avoids_cube (test_compressed_braid_adaptive.AdaptiveForestTests.test_elementary_reduction_avoids_cube) ... ok
test_external_valueerror_cancellation_is_not_reclassified (test_compressed_braid_adaptive.AdaptiveForestTests.test_external_valueerror_cancellation_is_not_reclassified) ... ok
test_later_finite_obstruction_precedes_any_cube (test_compressed_braid_adaptive.AdaptiveForestTests.test_later_finite_obstruction_precedes_any_cube) ... ok
test_legacy_complete_forest_proofs_still_replay (test_compressed_braid_adaptive.AdaptiveForestTests.test_legacy_complete_forest_proofs_still_replay) ... ok
test_reduction_mutations_and_version_downgrade_fail (test_compressed_braid_adaptive.AdaptiveForestTests.test_reduction_mutations_and_version_downgrade_fail) ... ok
test_replay_uses_no_reduction_or_rank_discovery (test_compressed_braid_adaptive.AdaptiveForestTests.test_replay_uses_no_reduction_or_rank_discovery) ... ok
test_selected_factor_cannot_prove_unknot_or_change_interval (test_compressed_braid_adaptive.AdaptiveForestTests.test_selected_factor_cannot_prove_unknot_or_change_interval) ... ok
test_shared_work_includes_reduction_and_replay (test_compressed_braid_adaptive.AdaptiveForestTests.test_shared_work_includes_reduction_and_replay) ... ok
test_shorter_wider_residual_has_bound_cube_proof (test_compressed_braid_adaptive.AdaptiveForestTests.test_shorter_wider_residual_has_bound_cube_proof) ... ok
test_stalled_reduction_retains_complete_cube (test_compressed_braid_adaptive.AdaptiveForestTests.test_stalled_reduction_retains_complete_cube) ... ok
test_both_verdicts_agree_with_independent_scanner (test_compressed_braid_fallback.ExceptionalCubeTests.test_both_verdicts_agree_with_independent_scanner) ... ok
test_cancellation_inside_cube_propagates (test_compressed_braid_fallback.ExceptionalCubeTests.test_cancellation_inside_cube_propagates) ... ok
test_crossing_preflight_and_legacy_residual_proofs (test_compressed_braid_fallback.ExceptionalCubeTests.test_crossing_preflight_and_legacy_residual_proofs) ... ok
test_empty_subgrammars_do_not_expand_exponentially (test_compressed_braid_fallback.ExceptionalCubeTests.test_empty_subgrammars_do_not_expand_exponentially) ... ok
test_huge_exceptional_factor_declines_before_expansion (test_compressed_braid_fallback.ExceptionalCubeTests.test_huge_exceptional_factor_declines_before_expansion) ... ok
test_only_exceptional_factor_expands (test_compressed_braid_fallback.ExceptionalCubeTests.test_only_exceptional_factor_expands) ... ok
test_random_cubes_against_planar_scanner (test_compressed_braid_fallback.ExceptionalCubeTests.test_random_cubes_against_planar_scanner) ... ok
test_rank_replay_rejects_nonspanning_and_dependent_witnesses (test_compressed_braid_fallback.ExceptionalCubeTests.test_rank_replay_rejects_nonspanning_and_dependent_witnesses) ... ok
test_rank_transcripts_match_exhaustive_small_matrices (test_compressed_braid_fallback.ExceptionalCubeTests.test_rank_transcripts_match_exhaustive_small_matrices) ... ok
test_replay_does_not_discover_rank_or_reduce_braids (test_compressed_braid_fallback.ExceptionalCubeTests.test_replay_does_not_discover_rank_or_reduce_braids) ... ok
test_shared_generator_and_work_limits_cover_replay (test_compressed_braid_fallback.ExceptionalCubeTests.test_shared_generator_and_work_limits_cover_replay) ... ok
test_source_and_rank_mutations_rejected (test_compressed_braid_fallback.ExceptionalCubeTests.test_source_and_rank_mutations_rejected) ... ok
test_actual_explicit_gateway_and_native_kernel (test_compressed_braid_host.CompressedBraidHostTests.test_actual_explicit_gateway_and_native_kernel) ... ok
test_boolean_certificate_aliases_are_rejected (test_compressed_braid_host.CompressedBraidHostTests.test_boolean_certificate_aliases_are_rejected) ... ok
test_cli_recognition_replay_and_bounded_file_read (test_compressed_braid_host.CompressedBraidHostTests.test_cli_recognition_replay_and_bounded_file_read) ... ok
test_forest_shares_all_leaf_and_replay_arenas (test_compressed_braid_host.CompressedBraidHostTests.test_forest_shares_all_leaf_and_replay_arenas) ... ok
test_global_cancellation_in_metadata_and_replay (test_compressed_braid_host.CompressedBraidHostTests.test_global_cancellation_in_metadata_and_replay) ... ok
test_huge_source_grammar_has_no_expansion (test_compressed_braid_host.CompressedBraidHostTests.test_huge_source_grammar_has_no_expansion) ... ok
test_input_certificate_and_time_caps (test_compressed_braid_host.CompressedBraidHostTests.test_input_certificate_and_time_caps) ... ok
test_invalid_source_and_producer_failure_are_not_verdicts (test_compressed_braid_host.CompressedBraidHostTests.test_invalid_source_and_producer_failure_are_not_verdicts) ... ok
test_legacy_delivery_certificates_and_large_strand_gap (test_compressed_braid_host.CompressedBraidHostTests.test_legacy_delivery_certificates_and_large_strand_gap) ... ok
test_native_replay_does_not_use_reducer_or_prefix_search (test_compressed_braid_host.CompressedBraidHostTests.test_native_replay_does_not_use_reducer_or_prefix_search) ... ok
test_unsupported_wider_leaf_stays_inconclusive (test_compressed_braid_host.CompressedBraidHostTests.test_unsupported_wider_leaf_stays_inconclusive) ... ok
test_work_and_nodes_are_shared_through_replay (test_compressed_braid_host.CompressedBraidHostTests.test_work_and_nodes_are_shared_through_replay) ... ok
test_disjoint_concatenations_do_not_distort_factor_cost (test_compressed_braid_lazy.LazyForestTests.test_disjoint_concatenations_do_not_distort_factor_cost) ... ok
test_duplicate_root_dependencies_propagate_full_weights (test_compressed_braid_lazy.LazyForestTests.test_duplicate_root_dependencies_propagate_full_weights) ... ok
test_links_are_checked_before_any_selected_negative_factor (test_compressed_braid_lazy.LazyForestTests.test_links_are_checked_before_any_selected_negative_factor) ... ok
test_only_obstructing_factor_is_projected_in_production_and_replay (test_compressed_braid_lazy.LazyForestTests.test_only_obstructing_factor_is_projected_in_production_and_replay) ... ok
test_plan_metadata_and_rule_bound_against_every_actual_projection (test_compressed_braid_lazy.LazyForestTests.test_plan_metadata_and_rule_bound_against_every_actual_projection) ... ok
test_positive_forests_need_all_factors_and_identical_complete_proofs (test_compressed_braid_lazy.LazyForestTests.test_positive_forests_need_all_factors_and_identical_complete_proofs) ... ok
test_replay_uses_no_planner_and_resource_failure_has_no_partial_proof (test_compressed_braid_lazy.LazyForestTests.test_replay_uses_no_planner_and_resource_failure_has_no_partial_proof) ... ok
test_single_strand_projection_is_exact_even_with_unreachable_rules (test_compressed_braid_lazy.LazyForestTests.test_single_strand_projection_is_exact_even_with_unreachable_rules) ... ok
test_all_four_strand_products_in_both_representations (test_compressed_braid_permutations.CompactPermutationTests.test_all_four_strand_products_in_both_representations) ... ok
test_cancellation_during_permutation_evaluation_propagates (test_compressed_braid_permutations.CompactPermutationTests.test_cancellation_during_permutation_evaluation_propagates) ... ok
test_dead_rules_validated_but_never_evaluated (test_compressed_braid_permutations.CompactPermutationTests.test_dead_rules_validated_but_never_evaluated) ... ok
test_huge_shared_powers_do_not_expand_and_cancel_exactly (test_compressed_braid_permutations.CompactPermutationTests.test_huge_shared_powers_do_not_expand_and_cancel_exactly) ... ok
test_link_component_check_survives_negative_factor (test_compressed_braid_permutations.CompactPermutationTests.test_link_component_check_survives_negative_factor) ... ok
test_public_proofs_match_dense_ablation_and_limits (test_compressed_braid_permutations.CompactPermutationTests.test_public_proofs_match_dense_ablation_and_limits) ... ok
test_shared_grammars_against_expanded_word_oracle (test_compressed_braid_permutations.CompactPermutationTests.test_shared_grammars_against_expanded_word_oracle) ... ok
test_support_guard_precedes_any_strand_sized_allocation (test_compressed_braid_permutations.CompactPermutationTests.test_support_guard_precedes_any_strand_sized_allocation) ... ok
test_all_short_signed_occurrence_summaries (test_compressed_endpoint.EndpointOverlapTests.test_all_short_signed_occurrence_summaries) ... ok
test_arbitrary_binary_period_and_count_with_dense_letters (test_compressed_endpoint.EndpointOverlapTests.test_arbitrary_binary_period_and_count_with_dense_letters) ... ok
test_cancellation_does_not_cache_partial_overlap_results (test_compressed_endpoint.EndpointOverlapTests.test_cancellation_does_not_cache_partial_overlap_results) ... ok
test_clipped_progressions_keep_critical_extension_complete (test_compressed_endpoint.EndpointOverlapTests.test_clipped_progressions_keep_critical_extension_complete) ... ok
test_eight_letter_anchor_and_deep_occurrence_grammar (test_compressed_endpoint.EndpointOverlapTests.test_eight_letter_anchor_and_deep_occurrence_grammar) ... ok
test_exact_period_rejection_and_singleton_zero_cases (test_compressed_endpoint.EndpointOverlapTests.test_exact_period_rejection_and_singleton_zero_cases) ... ok
test_exhaustive_signed_overlaps_and_complete_fallback (test_compressed_endpoint.EndpointOverlapTests.test_exhaustive_signed_overlaps_and_complete_fallback) ... ok
test_nonperiodic_opposite_word_and_both_directions (test_compressed_endpoint.EndpointOverlapTests.test_nonperiodic_opposite_word_and_both_directions) ... ok
test_random_parses_unequal_lengths_and_signed_qgrams (test_compressed_endpoint.EndpointOverlapTests.test_random_parses_unequal_lengths_and_signed_qgrams) ... ok
test_rank_cutoffs_and_allocation_bound (test_compressed_endpoint.EndpointOverlapTests.test_rank_cutoffs_and_allocation_bound) ... ok
test_rank_resource_exceptions_never_return_partial_progression (test_compressed_endpoint.EndpointOverlapTests.test_rank_resource_exceptions_never_return_partial_progression) ... ok
test_structural_failure_preserves_fallback_and_limits_interrupt (test_compressed_endpoint.EndpointOverlapTests.test_structural_failure_preserves_fallback_and_limits_interrupt) ... ok
test_complete_cyclic_overlap_against_literal_oracle (test_compressed_lcs.CompressedLCSTests.test_complete_cyclic_overlap_against_literal_oracle) ... ok
test_critical_alignments_against_every_progression_member (test_compressed_lcs.CompressedLCSTests.test_critical_alignments_against_every_progression_member) ... ok
test_cut_pair_lcs_witnesses_exhaustive_and_random (test_compressed_lcs.CompressedLCSTests.test_cut_pair_lcs_witnesses_exhaustive_and_random) ... ok
test_dyadic_overlap_progressions_exhaustive_and_random_parses (test_compressed_lcs.CompressedLCSTests.test_dyadic_overlap_progressions_exhaustive_and_random_parses) ... ok
test_exponential_progression_and_witness_without_expansion (test_compressed_lcs.CompressedLCSTests.test_exponential_progression_and_witness_without_expansion) ... ok
test_stalled_whole_donors_receive_partial_compressed_move (test_compressed_lcs.CompressedLCSTests.test_stalled_whole_donors_receive_partial_compressed_move) ... ok
test_budgets_global_cancellation_and_deep_grammar (test_compressed_match.CompressedMatchTests.test_budgets_global_cancellation_and_deep_grammar) ... ok
test_exhaustive_binary_pattern_matching (test_compressed_match.CompressedMatchTests.test_exhaustive_binary_pattern_matching) ... ok
test_exponential_stalled_presentations_and_no_false_success (test_compressed_match.CompressedMatchTests.test_exponential_stalled_presentations_and_no_false_success) ... ok
test_huge_occurrence_progression_and_failed_first_candidate (test_compressed_match.CompressedMatchTests.test_huge_occurrence_progression_and_failed_first_candidate) ... ok
test_progression_intersections_without_enumeration (test_compressed_match.CompressedMatchTests.test_progression_intersections_without_enumeration) ... ok
test_random_parses_all_cells_and_local_intervals (test_compressed_match.CompressedMatchTests.test_random_parses_all_cells_and_local_intervals) ... ok
test_real_knot_trace_independent_replay_and_forgery (test_compressed_match.CompressedMatchTests.test_real_knot_trace_independent_replay_and_forgery) ... ok
test_whole_donor_search_against_literal_cyclic_scan (test_compressed_match.CompressedMatchTests.test_whole_donor_search_against_literal_cyclic_scan) ... ok
test_fallback_never_rechecks_the_proved_prefix (test_compressed_prefix.CompressedPrefixTests.test_fallback_never_rechecks_the_proved_prefix) ... ok
test_random_prefixes_caps_and_interruption (test_compressed_prefix.CompressedPrefixTests.test_random_prefixes_caps_and_interruption) ... ok
test_shared_huge_prefix_and_caps_without_equality_queries (test_compressed_prefix.CompressedPrefixTests.test_shared_huge_prefix_and_caps_without_equality_queries) ... ok
test_huge_shared_graph_and_elimination_never_expand (test_compressed_search.CompressedSearchTests.test_huge_shared_graph_and_elimination_never_expand) ... ok
test_limits_cancellation_api_and_cli (test_compressed_search.CompressedSearchTests.test_limits_cancellation_api_and_cli) ... ok
test_oversize_overlap_is_skipped_without_false_verdict (test_compressed_search.CompressedSearchTests.test_oversize_overlap_is_skipped_without_false_verdict) ... ok
test_random_dag_counts_graphs_and_cut_deltas (test_compressed_search.CompressedSearchTests.test_random_dag_counts_graphs_and_cut_deltas) ... ok
test_real_knots_both_replayers_and_nontrivial_inputs (test_compressed_search.CompressedSearchTests.test_real_knots_both_replayers_and_nontrivial_inputs) ... ok
test_adaptive_probe_and_exact_fallback (test_compressed_words.CompressedWordsTests.test_adaptive_probe_and_exact_fallback) ... ok
test_budgets_global_cancellation_and_cli (test_compressed_words.CompressedWordsTests.test_budgets_global_cancellation_and_cli) ... ok
test_compaction_and_noncanonical_exponential_words (test_compressed_words.CompressedWordsTests.test_compaction_and_noncanonical_exponential_words) ... ok
test_compressed_substitution_cyclic_reduction_and_deep_grammars (test_compressed_words.CompressedWordsTests.test_compressed_substitution_cyclic_reduction_and_deep_grammars) ... ok
test_exponential_trace_without_expanded_words (test_compressed_words.CompressedWordsTests.test_exponential_trace_without_expanded_words) ... ok
test_indexed_only_random_parse_pairs (test_compressed_words.CompressedWordsTests.test_indexed_only_random_parse_pairs) ... ok
test_interrupted_equality_does_not_cache_a_partial_answer (test_compressed_words.CompressedWordsTests.test_interrupted_equality_does_not_cache_a_partial_answer) ... ok
test_random_grammars_against_explicit_words (test_compressed_words.CompressedWordsTests.test_random_grammars_against_explicit_words) ... ok
test_real_certificates_and_forged_evidence (test_compressed_words.CompressedWordsTests.test_real_certificates_and_forged_evidence) ... ok
test_api_budgets_validation_and_order_charge (test_continuation_production.ContinuationProductionTests.test_api_budgets_validation_and_order_charge) ... ok
test_grading_restricts_blocks_and_rejects_mixed_entries_and_cycles (test_continuation_production.ContinuationProductionTests.test_grading_restricts_blocks_and_rejects_mixed_entries_and_cycles) ... ok
test_pipeline_and_cli_keep_exact_and_capped_contracts_separate (test_continuation_production.ContinuationProductionTests.test_pipeline_and_cli_keep_exact_and_capped_contracts_separate) ... ok
test_recovery_matches_independent_shadow_labels (test_continuation_production.ContinuationProductionTests.test_recovery_matches_independent_shadow_labels) ... ok
test_witness_quantum_corruption_and_cache_modes (test_continuation_production.ContinuationProductionTests.test_witness_quantum_corruption_and_cache_modes) ... ok
test_cache_caps_and_interrupted_transport_preserve_valid_state (test_corner_split.CornerSplitTests.test_cache_caps_and_interrupted_transport_preserve_valid_state) ... ok
test_canonical_span_matches_fresh_nullspace_and_ignores_generator_order (test_corner_split.CornerSplitTests.test_canonical_span_matches_fresh_nullspace_and_ignores_generator_order) ... ok
test_every_child_space_equals_fresh_solve_and_keeps_candidate_sequence (test_corner_split.CornerSplitTests.test_every_child_space_equals_fresh_solve_and_keeps_candidate_sequence) ... ok
test_real_scans_invalidate_spaces_at_each_crossing_and_agree_with_reference (test_corner_split.CornerSplitTests.test_real_scans_invalidate_spaces_at_each_crossing_and_agree_with_reference) ... ok
test_cli_window_incompatibility_is_cleanly_rejected (test_corridor.CorridorTests.test_cli_window_incompatibility_is_cleanly_rejected) ... ok
test_complete_contraction_certificates (test_corridor.CorridorTests.test_complete_contraction_certificates) ... ok
test_dead_branches_are_exactly_removed (test_corridor.CorridorTests.test_dead_branches_are_exactly_removed) ... ok
test_directional_linear_work_family (test_corridor.CorridorTests.test_directional_linear_work_family) ... ok
test_parity_cancellation_is_not_boolean_reachability (test_corridor.CorridorTests.test_parity_cancellation_is_not_boolean_reachability) ... ok
test_partially_cancelled_input_and_atomic_deadline (test_corridor.CorridorTests.test_partially_cancelled_input_and_atomic_deadline) ... ok
test_random_orders_against_independent_set_engine (test_corridor.CorridorTests.test_random_orders_against_independent_set_engine) ... ok
test_real_prefixes_and_typed_composition (test_corridor.CorridorTests.test_real_prefixes_and_typed_composition) ... ok
test_sparse_scalar_and_boolean_direction_policies (test_corridor.CorridorTests.test_sparse_scalar_and_boolean_direction_policies) ... ok
test_tail_component_engine_and_invalid_options (test_corridor.CorridorTests.test_tail_component_engine_and_invalid_options) ... ok
test_adaptive_switch_keeps_completed_pivots_and_nonzero_map (test_corridor_resources.CorridorResourceTests.test_adaptive_switch_keeps_completed_pivots_and_nonzero_map) ... ok
test_expiry_after_transfer_preserves_current_differential (test_corridor_resources.CorridorResourceTests.test_expiry_after_transfer_preserves_current_differential) ... ok
test_reverse_index_allocation_failure_preserves_current_differential (test_corridor_resources.CorridorResourceTests.test_reverse_index_allocation_failure_preserves_current_differential) ... ok
test_zero_profile_allocation_failure_preserves_differential (test_corridor_resources.CorridorResourceTests.test_zero_profile_allocation_failure_preserves_differential) ... ok
test_all_b3_words_through_length_four (test_cyclic_garside_kernel.KernelTests.test_all_b3_words_through_length_four) ... ok
test_cooperative_limit_is_not_a_verdict (test_cyclic_garside_kernel.KernelTests.test_cooperative_limit_is_not_a_verdict) ... ok
test_empty (test_cyclic_garside_kernel.KernelTests.test_empty) ... ok
test_exponent_shortcut (test_cyclic_garside_kernel.KernelTests.test_exponent_shortcut) ... ok
test_freely_cyclically_reduced_hidden_sleeves (test_cyclic_garside_kernel.KernelTests.test_freely_cyclically_reduced_hidden_sleeves) ... ok
test_geodesic_unknots (test_cyclic_garside_kernel.KernelTests.test_geodesic_unknots) ... ok
test_linear_braid_equality (test_cyclic_garside_kernel.KernelTests.test_linear_braid_equality) ... ok
test_random_conjugated_flat_inflations (test_cyclic_garside_kernel.KernelTests.test_random_conjugated_flat_inflations) ... ok
test_random_oracle_comparisons (test_cyclic_garside_kernel.KernelTests.test_random_oracle_comparisons) ... ok
test_rank_two_barrier_removed (test_cyclic_garside_kernel.KernelTests.test_rank_two_barrier_removed) ... ok
test_rotation_equivariance_of_optimal_length (test_cyclic_garside_kernel.KernelTests.test_rotation_equivariance_of_optimal_length) ... ok
test_safe_lower_bound_shortcut (test_cyclic_garside_kernel.KernelTests.test_safe_lower_bound_shortcut) ... ok
test_all_simple_permutations_through_six_strands (test_cyclic_garside_normalform.NormalFormTests.test_all_simple_permutations_through_six_strands) ... ok
test_amortized_transfer_bound (test_cyclic_garside_normalform.NormalFormTests.test_amortized_transfer_bound) ... ok
test_defining_relations_in_context (test_cyclic_garside_normalform.NormalFormTests.test_defining_relations_in_context) ... ok
test_exhaustive_faithful_action_tables (test_cyclic_garside_normalform.NormalFormTests.test_exhaustive_faithful_action_tables) ... ok
test_identity_and_two_strands (test_cyclic_garside_normalform.NormalFormTests.test_identity_and_two_strands) ... ok
test_independent_expansion_action (test_cyclic_garside_normalform.NormalFormTests.test_independent_expansion_action) ... ok
test_input_validation (test_cyclic_garside_normalform.NormalFormTests.test_input_validation) ... ok
test_permutation_and_conjugacy_are_not_equality (test_cyclic_garside_normalform.NormalFormTests.test_permutation_and_conjugacy_are_not_equality) ... ok
test_signed_inverses (test_cyclic_garside_normalform.NormalFormTests.test_signed_inverses) ... ok
test_positive_and_empty (test_cyclic_garside_portfolio.PortfolioTests.test_positive_and_empty) ... ok
test_random_soundness_and_dominance (test_cyclic_garside_portfolio.PortfolioTests.test_random_soundness_and_dominance) ... ok
test_shortcut_families (test_cyclic_garside_portfolio.PortfolioTests.test_shortcut_families) ... ok
test_bad_certificate_is_an_error_not_a_verdict (test_cyclic_garside_production.CyclicGarsideProductionTests.test_bad_certificate_is_an_error_not_a_verdict) ... ok
test_both_cli_parsers_and_invalid_allowance (test_cyclic_garside_production.CyclicGarsideProductionTests.test_both_cli_parsers_and_invalid_allowance) ... ok
test_cheap_certificates_and_missing_source_bypass_probe (test_cyclic_garside_production.CyclicGarsideProductionTests.test_cheap_certificates_and_missing_source_bypass_probe) ... ok
test_dictionary_trie_and_final_boundary_have_shared_limits (test_cyclic_garside_production.CyclicGarsideProductionTests.test_dictionary_trie_and_final_boundary_have_shared_limits) ... ok
test_inconclusive_filters_and_order_are_reused_after_local_limit (test_cyclic_garside_production.CyclicGarsideProductionTests.test_inconclusive_filters_and_order_are_reused_after_local_limit) ... ok
test_local_failure_falls_back_global_failure_is_unknown (test_cyclic_garside_production.CyclicGarsideProductionTests.test_local_failure_falls_back_global_failure_is_unknown) ... ok
test_modular_obstruction_precedes_probe_and_later_filters_remain (test_cyclic_garside_production.CyclicGarsideProductionTests.test_modular_obstruction_precedes_probe_and_later_filters_remain) ... ok
test_normalized_homology_after_cyclic_kernel (test_cyclic_garside_production.CyclicGarsideProductionTests.test_normalized_homology_after_cyclic_kernel) ... ok
test_options_validated_before_early_certificates (test_cyclic_garside_production.CyclicGarsideProductionTests.test_options_validated_before_early_certificates) ... ok
test_replay_and_shortcuts_poll_global_hooks (test_cyclic_garside_production.CyclicGarsideProductionTests.test_replay_and_shortcuts_poll_global_hooks) ... ok
test_restart_keeps_source_and_pd_provenance_separate (test_cyclic_garside_production.CyclicGarsideProductionTests.test_restart_keeps_source_and_pd_provenance_separate) ... ok
test_restart_preserves_backend_and_reduction_options (test_cyclic_garside_production.CyclicGarsideProductionTests.test_restart_preserves_backend_and_reduction_options) ... ok
test_all_b3_words_through_three (test_cyclic_garside_radius.RadiusTests.test_all_b3_words_through_three) ... ok
test_budgets_and_invalid_radius (test_cyclic_garside_radius.RadiusTests.test_budgets_and_invalid_radius) ... ok
test_empty_and_positive_shortcuts (test_cyclic_garside_radius.RadiusTests.test_empty_and_positive_shortcuts) ... ok
test_exact_trie_append_count (test_cyclic_garside_radius.RadiusTests.test_exact_trie_append_count) ... ok
test_infinite_rectangular_barrier (test_cyclic_garside_radius.RadiusTests.test_infinite_rectangular_barrier) ... ok
test_malformed_certificate (test_cyclic_garside_radius.RadiusTests.test_malformed_certificate) ... ok
test_radius_one_agrees (test_cyclic_garside_radius.RadiusTests.test_radius_one_agrees) ... ok
test_random_independent_optima (test_cyclic_garside_radius.RadiusTests.test_random_independent_optima) ... ok
test_random_linear_equality_and_cap (test_cyclic_garside_radius.RadiusTests.test_random_linear_equality_and_cap) ... ok
test_small_fixed_point (test_cyclic_garside_radius.RadiusTests.test_small_fixed_point) ... ok
test_bad_extraction (test_cyclic_garside_verifier.VerifierTests.test_bad_extraction) ... ok
test_bad_transfer (test_cyclic_garside_verifier.VerifierTests.test_bad_transfer) ... ok
test_corrupt_digest (test_cyclic_garside_verifier.VerifierTests.test_corrupt_digest) ... ok
test_corrupt_output (test_cyclic_garside_verifier.VerifierTests.test_corrupt_output) ... ok
test_corrupt_target (test_cyclic_garside_verifier.VerifierTests.test_corrupt_target) ... ok
test_illegal_rotation (test_cyclic_garside_verifier.VerifierTests.test_illegal_rotation) ... ok
test_json_round_trip (test_cyclic_garside_verifier.VerifierTests.test_json_round_trip) ... ok
test_missing_step (test_cyclic_garside_verifier.VerifierTests.test_missing_step) ... ok
test_overlap (test_cyclic_garside_verifier.VerifierTests.test_overlap) ... ok
test_verification_allowance (test_cyclic_garside_verifier.VerifierTests.test_verification_allowance) ... ok
test_wrong_group_and_extra_fields (test_cyclic_garside_verifier.VerifierTests.test_wrong_group_and_extra_fields) ... ok
test_wrong_source (test_cyclic_garside_verifier.VerifierTests.test_wrong_source) ... ok
test_zero_or_boolean_output_letter (test_cyclic_garside_verifier.VerifierTests.test_zero_or_boolean_output_letter) ... ok
test_bounded_handoff_and_shared_limits (test_cyclic_overlap_index.CyclicOverlapIndexTests.test_bounded_handoff_and_shared_limits) ... ok
test_completed_prelude_preserves_maximum_gain_and_literal_validity (test_cyclic_overlap_index.CyclicOverlapIndexTests.test_completed_prelude_preserves_maximum_gain_and_literal_validity) ... ok
test_exhaustive_unreduced_rank_two_pairs (test_cyclic_overlap_index.CyclicOverlapIndexTests.test_exhaustive_unreduced_rank_two_pairs) ... ok
test_fixed_slot_base_case_preserves_incumbent (test_cyclic_overlap_index.CyclicOverlapIndexTests.test_fixed_slot_base_case_preserves_incumbent) ... ok
test_full_donor_match_preserves_the_maintained_early_cutoffs (test_cyclic_overlap_index.CyclicOverlapIndexTests.test_full_donor_match_preserves_the_maintained_early_cutoffs) ... ok
test_full_gordian_trace_and_independent_replay (test_cyclic_overlap_index.CyclicOverlapIndexTests.test_full_gordian_trace_and_independent_replay) ... ok
test_global_exhaustion_and_external_errors_do_not_trigger_continuation (test_cyclic_overlap_index.CyclicOverlapIndexTests.test_global_exhaustion_and_external_errors_do_not_trigger_continuation) ... ok
test_independent_brute_force_random_multi_slot (test_cyclic_overlap_index.CyclicOverlapIndexTests.test_independent_brute_force_random_multi_slot) ... ok
test_joint_against_incumbent_many_slots_and_large_alphabet (test_cyclic_overlap_index.CyclicOverlapIndexTests.test_joint_against_incumbent_many_slots_and_large_alphabet) ... ok
test_periodic_clipped_windows_inverse_and_distinct_slots (test_cyclic_overlap_index.CyclicOverlapIndexTests.test_periodic_clipped_windows_inverse_and_distinct_slots) ... ok
test_actual_adaptive_switch_preserves_nonzero_survivor_map (test_disk_scan.DiskIntegrationTests.test_actual_adaptive_switch_preserves_nonzero_survivor_map) ... ok
test_api_windows_composition_and_global_limits (test_disk_scan.DiskIntegrationTests.test_api_windows_composition_and_global_limits) ... ok
test_budget_and_geometry_declines_preserve_arrays_and_resume (test_disk_scan.DiskIntegrationTests.test_budget_and_geometry_declines_preserve_arrays_and_resume) ... ok
test_geometry_declines_and_replay_corruption (test_disk_scan.DiskIntegrationTests.test_geometry_declines_and_replay_corruption) ... ok
test_global_abort_remains_global_and_atomic (test_disk_scan.DiskIntegrationTests.test_global_abort_remains_global_and_atomic) ... ok
test_random_diagrams_eager_adaptive_and_prefix_profiles (test_disk_scan.DiskIntegrationTests.test_random_diagrams_eager_adaptive_and_prefix_profiles) ... ok
test_grading_exhaustive_up_to_six_points (test_disk_transfer.AlgebraTests.test_grading_exhaustive_up_to_six_points) ... ok
test_identity_and_square_free_ring (test_disk_transfer.AlgebraTests.test_identity_and_square_free_ring) ... ok
test_radical_nilpotence_random_products (test_disk_transfer.AlgebraTests.test_radical_nilpotence_random_products) ... ok
test_same_profile_does_not_mean_same_complex (test_disk_transfer.AlgebraTests.test_same_profile_does_not_mean_same_complex) ... ok
test_sharp_radical_index (test_disk_transfer.AlgebraTests.test_sharp_radical_index) ... ok
test_bad_homological_degree (test_disk_transfer.BinaryTests.test_bad_homological_degree) ... ok
test_basis_coordinates (test_disk_transfer.BinaryTests.test_basis_coordinates) ... ok
test_binary_profile_closed (test_disk_transfer.BinaryTests.test_binary_profile_closed) ... ok
test_empty (test_disk_transfer.BinaryTests.test_empty) ... ok
test_off_diagonal_bit_zero_is_not_scalar (test_disk_transfer.BinaryTests.test_off_diagonal_bit_zero_is_not_scalar) ... ok
test_reject_d0_squared (test_disk_transfer.BinaryTests.test_reject_d0_squared) ... ok
test_scalar_contractions_random (test_disk_transfer.BinaryTests.test_scalar_contractions_random) ... ok
test_three_term_scalar_splitting (test_disk_transfer.BinaryTests.test_three_term_scalar_splitting) ... ok
test_acyclic_unit_plus_dot (test_disk_transfer.PerturbationTests.test_acyclic_unit_plus_dot) ... ok
test_against_scalar_pivots (test_disk_transfer.PerturbationTests.test_against_scalar_pivots) ... ok
test_corrupt_certificate_rejected (test_disk_transfer.PerturbationTests.test_corrupt_certificate_rejected) ... ok
test_minimal_unchanged (test_disk_transfer.PerturbationTests.test_minimal_unchanged) ... ok
test_nilpotence_failure_is_not_silent (test_disk_transfer.PerturbationTests.test_nilpotence_failure_is_not_silent) ... ok
test_no_certificate_has_no_dense_maps (test_disk_transfer.PerturbationTests.test_no_certificate_has_no_dense_maps) ... ok
test_nontrivial_three_term_certificates (test_disk_transfer.PerturbationTests.test_nontrivial_three_term_certificates) ... ok
test_random_multimatching_certificates (test_disk_transfer.PerturbationTests.test_random_multimatching_certificates) ... ok
test_random_ring_certificates (test_disk_transfer.PerturbationTests.test_random_ring_certificates) ... ok
test_reject_out_of_basis (test_disk_transfer.PerturbationTests.test_reject_out_of_basis) ... ok
test_actual_source_version_eight_and_rebinding (test_elimination_batch.EliminationBatchTests.test_actual_source_version_eight_and_rebinding) ... ok
test_cycles_duplicates_non_singletons_and_strict_types_are_rejected (test_elimination_batch.EliminationBatchTests.test_cycles_duplicates_non_singletons_and_strict_types_are_rejected) ... ok
test_deep_nonmonomial_images_stay_compressed_without_normalization (test_elimination_batch.EliminationBatchTests.test_deep_nonmonomial_images_stay_compressed_without_normalization) ... ok
test_host_restarts_original_source_with_remaining_work_after_probe (test_elimination_batch.EliminationBatchTests.test_host_restarts_original_source_with_remaining_work_after_probe) ... ok
test_literal_expansion_preflight_and_shared_resource_limits (test_elimination_batch.EliminationBatchTests.test_literal_expansion_preflight_and_shared_resource_limits) ... ok
test_options_cli_cancellation_and_budget_outcomes (test_elimination_batch.EliminationBatchTests.test_options_cli_cancellation_and_budget_outcomes) ... ok
test_planner_avoids_cycles_and_rebuilds_slot_and_live_membership (test_elimination_batch.EliminationBatchTests.test_planner_avoids_cycles_and_rebuilds_slot_and_live_membership) ... ok
test_random_dags_match_literal_homomorphisms_and_both_replayers (test_elimination_batch.EliminationBatchTests.test_random_dags_match_literal_homomorphisms_and_both_replayers) ... ok
test_accounted_search_failure_deducts_actual_work_and_recovery_failure_reserves_quota (test_elimination_reach.EliminationReachTests.test_accounted_search_failure_deducts_actual_work_and_recovery_failure_reserves_quota) ... ok
test_cached_reach_matches_fresh_dfs_with_reordered_roots_and_live_sets (test_elimination_reach.EliminationReachTests.test_cached_reach_matches_fresh_dfs_with_reordered_roots_and_live_sets) ... ok
test_late_definitions_update_ancestors_before_rejecting_a_cycle (test_elimination_reach.EliminationReachTests.test_late_definitions_update_ancestors_before_rejecting_a_cycle) ... ok
test_post_recovery_cap_preserves_total_cap_and_large_source_replay (test_elimination_reach.EliminationReachTests.test_post_recovery_cap_preserves_total_cap_and_large_source_replay) ... ok
test_bound_is_monotone_and_finishes_at_full_rank (test_euler_scan.EulerTests.test_bound_is_monotone_and_finishes_at_full_rank) ... ok
test_closed_link_euler_handles_long_suffix_with_one_state (test_euler_scan.EulerTests.test_closed_link_euler_handles_long_suffix_with_one_state) ... ok
test_closed_link_euler_matches_all_live_suffixes (test_euler_scan.EulerTests.test_closed_link_euler_matches_all_live_suffixes) ... ok
test_closed_link_euler_rejects_incomplete_boundary_matching (test_euler_scan.EulerTests.test_closed_link_euler_rejects_incomplete_boundary_matching) ... ok
test_iterative_stack_handles_long_orders (test_euler_scan.EulerTests.test_iterative_stack_handles_long_orders) ... ok
test_large_sum_has_early_certificate (test_euler_scan.EulerTests.test_large_sum_has_early_certificate) ... ok
test_mirror_pairs_follow_raw_scanner_grading (test_euler_scan.EulerTests.test_mirror_pairs_follow_raw_scanner_grading) ... ok
test_no_false_early_knot_on_unlinking_cancellations (test_euler_scan.EulerTests.test_no_false_early_knot_on_unlinking_cancellations) ... ok
test_signed_euler_values_are_not_saturated (test_euler_scan.EulerTests.test_signed_euler_values_are_not_saturated) ... ok
test_small_budget_prepares_only_visited_suffix_geometry (test_euler_scan.EulerTests.test_small_budget_prepares_only_visited_suffix_geometry) ... ok
test_suffix_matches_generic_algebra_continuation (test_euler_scan.EulerTests.test_suffix_matches_generic_algebra_continuation) ... ok
test_suffix_preparation_honors_deadline (test_euler_scan.EulerTests.test_suffix_preparation_honors_deadline) ... ok
test_zero_budget_is_inconclusive (test_euler_scan.EulerTests.test_zero_budget_is_inconclusive) ... ok
test_bounded_laurent_recovery_including_extreme_signed_coefficients (test_faithful_jones.FaithfulJonesTests.test_bounded_laurent_recovery_including_extreme_signed_coefficients) ... ok
test_cli_full_polynomial_and_resource_limit (test_faithful_jones.FaithfulJonesTests.test_cli_full_polynomial_and_resource_limit) ... ok
test_collision_removed_and_polynomial_identity_still_uses_fallback (test_faithful_jones.FaithfulJonesTests.test_collision_removed_and_polynomial_identity_still_uses_fallback) ... ok
test_identity_shortcut_requires_faithful_base_and_nonzero_normalization (test_faithful_jones.FaithfulJonesTests.test_identity_shortcut_requires_faithful_base_and_nonzero_normalization) ... ok
test_independent_full_polynomial_both_shades_and_mirrors (test_faithful_jones.FaithfulJonesTests.test_independent_full_polynomial_both_shades_and_mirrors) ... ok
test_large_colors_have_json_safe_witness_without_global_changes (test_faithful_jones.FaithfulJonesTests.test_large_colors_have_json_safe_witness_without_global_changes) ... ok
test_real_restart_and_shared_transition_allowance (test_faithful_jones.FaithfulJonesTests.test_real_restart_and_shared_transition_allowance) ... ok
test_validation_local_caps_and_global_cancellation (test_faithful_jones.FaithfulJonesTests.test_validation_local_caps_and_global_cancellation) ... ok
test_known_polynomials (test_fastunknot.AlexanderTests.test_known_polynomials) ... ok
test_polynomial_arithmetic (test_fastunknot.AlexanderTests.test_polynomial_arithmetic) ... ok
test_symmetry_and_determinant (test_fastunknot.AlexanderTests.test_symmetry_and_determinant) ... ok
test_grid_conversion (test_fastunknot.DiagramTests.test_grid_conversion) ... ok
test_invalid_inputs (test_fastunknot.DiagramTests.test_invalid_inputs) ... ok
test_signs_and_writhe (test_fastunknot.DiagramTests.test_signs_and_writhe) ... ok
test_virtual_rejected (test_fastunknot.DiagramTests.test_virtual_rejected) ... ok
test_cli (test_fastunknot.PipelineTests.test_cli) ... ok
test_methods (test_fastunknot.PipelineTests.test_methods) ... ok
test_against_independent_cube (test_fastunknot.RankTests.test_against_independent_cube) ... ok
test_named_ranks (test_fastunknot.RankTests.test_named_ranks) ... ok
test_two_strand_family (test_fastunknot.RankTests.test_two_strand_family) ... ok
test_d_squared_during_scan (test_fastunknot.ScanAlgebraTests.test_d_squared_during_scan) ... ok
test_end_ring_is_local (test_fastunknot.ScanAlgebraTests.test_end_ring_is_local) ... ok
test_limits_give_no_verdict (test_fastunknot.ScanAlgebraTests.test_limits_give_no_verdict) ... ok
test_order_independence (test_fastunknot.ScanAlgebraTests.test_order_independence) ... ok
test_scan_order_profile (test_fastunknot.ScanAlgebraTests.test_scan_order_profile) ... ok
test_descending (test_fastunknot.SimplifyTests.test_descending) ... ok
test_reidemeister_moves (test_fastunknot.SimplifyTests.test_reidemeister_moves) ... ok
test_closed_and_fixed_dots (test_frobenius.PlanTests.test_closed_and_fixed_dots) ... ok
test_invalid_plans (test_frobenius.PlanTests.test_invalid_plans) ... ok
test_quotient_collisions_and_lift_injectivity (test_frobenius.PlanTests.test_quotient_collisions_and_lift_injectivity) ... ok
test_random_tensor_plans (test_frobenius.PlanTests.test_random_tensor_plans) ... ok
test_exhaustive_three_variables (test_frobenius.SubsetTests.test_exhaustive_three_variables) ... ok
test_random_larger (test_frobenius.SubsetTests.test_random_larger) ... ok
test_representation (test_frobenius.SubsetTests.test_representation) ... ok
test_validation_and_budget (test_frobenius.SubsetTests.test_validation_and_budget) ... ok
test_every_quantum_profile_across_seeded_actual_scans (test_graded.GradedTests.test_every_quantum_profile_across_seeded_actual_scans) ... ok
test_hom_dimension_including_matching_distance (test_graded.GradedTests.test_hom_dimension_including_matching_distance) ... ok
test_invalid_grading_and_noncomplex_are_rejected (test_graded.GradedTests.test_invalid_grading_and_noncomplex_are_rejected) ... ok
test_profile_preserves_state_and_handles_dead_slots (test_graded.GradedTests.test_profile_preserves_state_and_handles_dead_slots) ... ok
test_profile_resource_hooks (test_graded.GradedTests.test_profile_resource_hooks) ... ok
test_support_can_certify_adjacent_degrees (test_graded.GradedTests.test_support_can_certify_adjacent_degrees) ... ok
test_survivors_do_not_determine_the_differential (test_graded.GradedTests.test_survivors_do_not_determine_the_differential) ... ok
test_undotted_map_between_distinct_matchings_is_radical (test_graded.GradedTests.test_undotted_map_between_distinct_matchings_is_radical) ... ok
test_adaptive_fallback_preserves_a_nonzero_radical_map (test_graded_transfer_integration.GradedTransferIntegrationTests.test_adaptive_fallback_preserves_a_nonzero_radical_map) ... ok
test_both_cli_parsers_and_supported_commands (test_graded_transfer_integration.GradedTransferIntegrationTests.test_both_cli_parsers_and_supported_commands) ... ok
test_cli_rejects_unsafe_combinations (test_graded_transfer_integration.GradedTransferIntegrationTests.test_cli_rejects_unsafe_combinations) ... ok
test_factored_api_and_unchanged_defaults (test_graded_transfer_integration.GradedTransferIntegrationTests.test_factored_api_and_unchanged_defaults) ... ok
test_full_nonzero_transfer_and_relative_continuation (test_graded_transfer_integration.GradedTransferIntegrationTests.test_full_nonzero_transfer_and_relative_continuation) ... ok
test_higher_correction_and_source_quantum_band (test_graded_transfer_integration.GradedTransferIntegrationTests.test_higher_correction_and_source_quantum_band) ... ok
test_incompatible_recognition_options_precede_early_certificates (test_graded_transfer_integration.GradedTransferIntegrationTests.test_incompatible_recognition_options_precede_early_certificates) ... ok
test_public_ranks_tail_and_coefficient_adapters (test_graded_transfer_integration.GradedTransferIntegrationTests.test_public_ranks_tail_and_coefficient_adapters) ... ok
test_quantum_ranks_and_exact_certificates_with_composition (test_graded_transfer_integration.GradedTransferIntegrationTests.test_quantum_ranks_and_exact_certificates_with_composition) ... ok
test_random_diagrams_against_the_set_coefficient_oracle (test_graded_transfer_integration.GradedTransferIntegrationTests.test_random_diagrams_against_the_set_coefficient_oracle) ... ok
test_raw_option_guards_even_for_an_empty_diagram (test_graded_transfer_integration.GradedTransferIntegrationTests.test_raw_option_guards_even_for_an_empty_diagram) ... ok
test_recognition_evidence_and_resource_verdicts (test_graded_transfer_integration.GradedTransferIntegrationTests.test_recognition_evidence_and_resource_verdicts) ... ok
test_transfer_capacity_and_deadlines (test_graded_transfer_integration.GradedTransferIntegrationTests.test_transfer_capacity_and_deadlines) ... ok
test_expiry_after_transfer_preserves_current_differential (test_graded_transfer_resources.GradedTransferResourceTests.test_expiry_after_transfer_preserves_current_differential) ... ok
test_reverse_index_allocation_failure_preserves_current_differential (test_graded_transfer_resources.GradedTransferResourceTests.test_reverse_index_allocation_failure_preserves_current_differential) ... ok
test_forged_traces_rejected (test_group_certificate.GroupCertificateTests.test_forged_traces_rejected) ... ok
test_local_budgets_and_global_cancellation (test_group_certificate.GroupCertificateTests.test_local_budgets_and_global_cancellation) ... ok
test_pipeline_success_fallback_and_cli (test_group_certificate.GroupCertificateTests.test_pipeline_success_fallback_and_cli) ... ok
test_preprint_convention_counterexample (test_group_certificate.GroupCertificateTests.test_preprint_convention_counterexample) ... ok
test_small_random_knots_against_full_cube (test_group_certificate.GroupCertificateTests.test_small_random_knots_against_full_cube) ... ok
test_survivors_mirrors_and_independent_replay (test_group_certificate.GroupCertificateTests.test_survivors_mirrors_and_independent_replay) ... ok
test_whitehead_formula_all_short_cyclic_words_and_cuts (test_group_certificate.GroupCertificateTests.test_whitehead_formula_all_short_cyclic_words_and_cuts) ... ok
test_all_four_variable_homogeneous_polynomials (test_homogeneous.HomogeneousTests.test_all_four_variable_homogeneous_polynomials) ... ok
test_checked_fallback_for_general_inputs (test_homogeneous.HomogeneousTests.test_checked_fallback_for_general_inputs) ... ok
test_complementary_top_degree_with_byte_padding (test_homogeneous.HomogeneousTests.test_complementary_top_degree_with_byte_padding) ... ok
test_degree_and_limits (test_homogeneous.HomogeneousTests.test_degree_and_limits) ... ok
test_overlap_cannot_survive_union_transform (test_homogeneous.HomogeneousTests.test_overlap_cannot_survive_union_transform) ... ok
test_recovered_quantum_shifts_and_adaptive_compatibility (test_homogeneous.HomogeneousTests.test_recovered_quantum_shifts_and_adaptive_compatibility) ... ok
test_seeded_homogeneous_products_and_projections (test_homogeneous.HomogeneousTests.test_seeded_homogeneous_products_and_projections) ... ok
test_backends_preserve_verdicts_and_evidence_semantics (test_integration.IntegrationTests.test_backends_preserve_verdicts_and_evidence_semantics) ... ok
test_default_pipeline_matches_legacy_on_random_closures (test_integration.IntegrationTests.test_default_pipeline_matches_legacy_on_random_closures) ... ok
test_default_structural_certificates_are_replayable (test_integration.IntegrationTests.test_default_structural_certificates_are_replayable) ... ok
test_invalid_options_and_cli_rank_fields (test_integration.IntegrationTests.test_invalid_options_and_cli_rank_fields) ... ok
test_reduction_exposes_structural_certificate_before_matrix_filters (test_integration.IntegrationTests.test_reduction_exposes_structural_certificate_before_matrix_filters) ... ok
test_resource_limit_and_optional_inference_budget_differ (test_integration.IntegrationTests.test_resource_limit_and_optional_inference_budget_differ) ... ok
test_unchanged_diagram_does_not_repeat_structural_scan (test_integration.IntegrationTests.test_unchanged_diagram_does_not_repeat_structural_scan) ... ok
test_all_abstract_words_through_six_chords (test_interlace.InterlacementTests.test_all_abstract_words_through_six_chords) ... ok
test_all_spherical_rotation_choices_through_four_crossings (test_interlace.InterlacementTests.test_all_spherical_rotation_choices_through_four_crossings) ... ok
test_cancellation_callback (test_interlace.InterlacementTests.test_cancellation_callback) ... ok
test_certificate_tampering_is_rejected (test_interlace.InterlacementTests.test_certificate_tampering_is_rejected) ... ok
test_crossing_rotation_and_under_over_data (test_interlace.InterlacementTests.test_crossing_rotation_and_under_over_data) ... ok
test_cyclic_sum_exposes_baseline_quadratic_work (test_interlace.InterlacementTests.test_cyclic_sum_exposes_baseline_quadratic_work) ... ok
test_dense_circle_graph_has_sparse_certificate (test_interlace.InterlacementTests.test_dense_circle_graph_has_sparse_certificate) ... ok
test_empty_and_single_crossing (test_interlace.InterlacementTests.test_empty_and_single_crossing) ... ok
test_malformed_double_occurrence_words (test_interlace.InterlacementTests.test_malformed_double_occurrence_words) ... ok
test_actual_normal_arc_components (test_interval_incidence.IntervalIncidenceTests.test_actual_normal_arc_components) ... ok
test_coincident_nested_and_empty_ports_reuse_proofs (test_interval_incidence.IntervalIncidenceTests.test_coincident_nested_and_empty_ports_reuse_proofs) ... ok
test_empty_and_huge_static_universes (test_interval_incidence.IntervalIncidenceTests.test_empty_and_huge_static_universes) ... ok
test_random_literal_histograms_and_replay (test_interval_incidence.IntervalIncidenceTests.test_random_literal_histograms_and_replay) ... ok
test_shared_budget_and_cancellation_never_publish_partial_histogram (test_interval_incidence.IntervalIncidenceTests.test_shared_budget_and_cancellation_never_publish_partial_histogram) ... ok
test_validation_and_normalization (test_interval_incidence.IntervalIncidenceTests.test_validation_and_normalization) ... ok
test_verifier_rejects_mutations_without_producer_or_inverse_transform (test_interval_incidence.IntervalIncidenceTests.test_verifier_rejects_mutations_without_producer_or_inverse_transform) ... ok
test_claim_and_binding_mutations (test_interval_orbit_verify.TestIntervalOrbitVerifier.test_claim_and_binding_mutations) ... ok
test_empty_and_static_universes (test_interval_orbit_verify.TestIntervalOrbitVerifier.test_empty_and_static_universes) ... ok
test_hexadecimal_transport_and_empty_pairing (test_interval_orbit_verify.TestIntervalOrbitVerifier.test_hexadecimal_transport_and_empty_pairing) ... ok
test_identity_cannot_be_truncated_away (test_interval_orbit_verify.TestIntervalOrbitVerifier.test_identity_cannot_be_truncated_away) ... ok
test_identity_reflections_and_disconnected_supports (test_interval_orbit_verify.TestIntervalOrbitVerifier.test_identity_reflections_and_disconnected_supports) ... ok
test_illegal_local_operations (test_interval_orbit_verify.TestIntervalOrbitVerifier.test_illegal_local_operations) ... ok
test_incomplete_runs_publish_no_certificate (test_interval_orbit_verify.TestIntervalOrbitVerifier.test_incomplete_runs_publish_no_certificate) ... ok
test_incomplete_trace_is_rejected (test_interval_orbit_verify.TestIntervalOrbitVerifier.test_incomplete_trace_is_rejected) ... ok
test_independent_small_oracle (test_interval_orbit_verify.TestIntervalOrbitVerifier.test_independent_small_oracle) ... ok
test_interruptions_propagate (test_interval_orbit_verify.TestIntervalOrbitVerifier.test_interruptions_propagate) ... ok
test_malformed_canonical_rows_and_booleans (test_interval_orbit_verify.TestIntervalOrbitVerifier.test_malformed_canonical_rows_and_booleans) ... ok
test_malformed_inputs_fail_without_producer_calls (test_interval_orbit_verify.TestIntervalOrbitVerifier.test_malformed_inputs_fail_without_producer_calls) ... ok
test_merger_retains_both_exterior_supports (test_interval_orbit_verify.TestIntervalOrbitVerifier.test_merger_retains_both_exterior_supports) ... ok
test_reflection_center_is_preserved_as_an_orbit (test_interval_orbit_verify.TestIntervalOrbitVerifier.test_reflection_center_is_preserved_as_an_orbit) ... ok
test_sharp_merger_requires_version_two (test_interval_orbit_verify.TestIntervalOrbitVerifier.test_sharp_merger_requires_version_two) ... ok
test_sharp_random_replay_preserves_untraced_results (test_interval_orbit_verify.TestIntervalOrbitVerifier.test_sharp_random_replay_preserves_untraced_results) ... ok
test_suffix_cannot_delete_another_pairings_points (test_interval_orbit_verify.TestIntervalOrbitVerifier.test_suffix_cannot_delete_another_pairings_points) ... ok
test_transmission_inverse_power_must_be_defined (test_interval_orbit_verify.TestIntervalOrbitVerifier.test_transmission_inverse_power_must_be_defined) ... ok
test_verifier_does_not_call_producer_and_transports_huge_powers (test_interval_orbit_verify.TestIntervalOrbitVerifier.test_verifier_does_not_call_producer_and_transports_huge_powers) ... ok
test_budget_is_inconclusive_and_shared (test_interval_orbits.IntervalOrbitTests.test_budget_is_inconclusive_and_shared) ... ok
test_cancellation_propagates_even_for_empty_input (test_interval_orbits.IntervalOrbitTests.test_cancellation_propagates_even_for_empty_input) ... ok
test_exhaustive_small_pairs (test_interval_orbits.IntervalOrbitTests.test_exhaustive_small_pairs) ... ok
test_exhaustive_small_triples (test_interval_orbits.IntervalOrbitTests.test_exhaustive_small_triples) ... ok
test_huge_encoded_counts (test_interval_orbits.IntervalOrbitTests.test_huge_encoded_counts) ... ok
test_orbit_membership (test_interval_orbits.IntervalOrbitTests.test_orbit_membership) ... ok
test_periodic_merge_threshold_is_exact (test_interval_orbits.IntervalOrbitTests.test_periodic_merge_threshold_is_exact) ... ok
test_scaled_random_systems_with_independent_expected_counts (test_interval_orbits.IntervalOrbitTests.test_scaled_random_systems_with_independent_expected_counts) ... ok
test_seeded_random_systems (test_interval_orbits.IntervalOrbitTests.test_seeded_random_systems) ... ok
test_sharp_rule_enables_previously_unavailable_merge (test_interval_orbits.IntervalOrbitTests.test_sharp_rule_enables_previously_unavailable_merge) ... ok
test_signed_cover_against_independent_parity_propagation (test_interval_orbits.IntervalOrbitTests.test_signed_cover_against_independent_parity_propagation) ... ok
test_validation_and_input_immutability (test_interval_orbits.IntervalOrbitTests.test_validation_and_input_immutability) ... ok
test_exponential_uncapped_answers_stop_without_occurrence_tables (test_lcs_bounds.LCSBoundTests.test_exponential_uncapped_answers_stop_without_occurrence_tables) ... ok
test_local_bound_stops_preserve_global_maximum (test_lcs_bounds.LCSBoundTests.test_local_bound_stops_preserve_global_maximum) ... ok
test_partial_cyclic_move_with_loose_total_count_bound (test_lcs_bounds.LCSBoundTests.test_partial_cyclic_move_with_loose_total_count_bound) ... ok
test_shared_signed_alphabet_run_summaries (test_lcs_bounds.LCSBoundTests.test_shared_signed_alphabet_run_summaries) ... ok
test_disjoint_endpoint_grids_and_failed_large_checks (test_lcs_endpoint_progressions.EndpointProgressionTests.test_disjoint_endpoint_grids_and_failed_large_checks) ... ok
test_exponential_block_and_exponential_multiplicity (test_lcs_endpoint_progressions.EndpointProgressionTests.test_exponential_block_and_exponential_multiplicity) ... ok
test_occurrence_grid_against_literal_positions (test_lcs_endpoint_progressions.EndpointProgressionTests.test_occurrence_grid_against_literal_positions) ... ok
test_rotated_long_blocks_and_critical_extensions (test_lcs_endpoint_progressions.EndpointProgressionTests.test_rotated_long_blocks_and_critical_extensions) ... ok
test_exponential_phase_shifted_words_and_work_limit (test_lcs_periodic.PeriodicOverlapTests.test_exponential_phase_shifted_words_and_work_limit) ... ok
test_phase_progressions_feed_exact_critical_extensions (test_lcs_periodic.PeriodicOverlapTests.test_phase_progressions_feed_exact_critical_extensions) ... ok
test_rotations_truncations_and_short_exceptional_overlaps (test_lcs_periodic.PeriodicOverlapTests.test_rotations_truncations_and_short_exceptional_overlaps) ... ok
test_sample_is_only_a_proposal_and_long_period_falls_back (test_lcs_periodic.PeriodicOverlapTests.test_sample_is_only_a_proposal_and_long_period_falls_back) ... ok
test_both_endpoint_directions_signed_random_parses (test_lcs_sparse.SparseOverlapTests.test_both_endpoint_directions_signed_random_parses) ... ok
test_dense_fallback_absent_endpoint_and_resource_limits (test_lcs_sparse.SparseOverlapTests.test_dense_fallback_absent_endpoint_and_resource_limits) ... ok
test_exponential_blocks_reused_64_times_and_saturation (test_lcs_sparse.SparseOverlapTests.test_exponential_blocks_reused_64_times_and_saturation) ... ok
test_adjacencies_and_transition_runs_against_literal_words (test_lcs_transitions.LCSTransitionTests.test_adjacencies_and_transition_runs_against_literal_words) ... 