static_disjoint_4 {"medians": {"dense": 0.000451054, "dense_control": 0.00043494, "sparse": 0.000126416, "sparse_verified": 0.000201096}, "ratios": {"dense_control": 1.0461540756081398, "sparse": 3.06370237944564, "sparse_verified": 2.425808268447887}}
static_disjoint_8 {"medians": {"dense": 0.015045441, "dense_control": 0.015292035, "sparse": 0.000184492, "sparse_verified": 0.000324017}, "ratios": {"dense_control": 0.971543041593943, "sparse": 81.55064176224444, "sparse_verified": 47.45673838101087}}
static_disjoint_12 {"medians": {"dense": 0.477953744, "dense_control": 0.454268373, "sparse": 0.000322655, "sparse_verified": 0.000684768}, "ratios": {"dense_control": 1.046267247626246, "sparse": 1390.6885186964405, "sparse_verified": 705.5055201177626}}
static_nested_12 {"medians": {"dense": 0.015367785, "dense_control": 0.014998361, "sparse": 0.000241165, "sparse_verified": 0.00049598}, "ratios": {"dense_control": 0.9765576385313035, "sparse": 61.416772748947814, "sparse_verified": 30.984686882535584}}
static_identical_12 {"medians": {"dense": 0.015383941, "dense_control": 0.015123838, "sparse": 0.000158163, "sparse_verified": 0.000342905}, "ratios": {"dense_control": 0.9945144405550373, "sparse": 99.06995314959883, "sparse_verified": 44.70579122158313}}
meridian_disjoint_4 {"medians": {"dense": 0.01260574, "dense_control": 0.011778042, "sparse": 0.002496495, "sparse_verified": 0.003603786}, "ratios": {"dense_control": 1.0514509966936778, "sparse": 5.03825733292193, "sparse_verified": 3.392633425206715}}
meridian_disjoint_6 {"medians": {"dense": 0.038298861, "dense_control": 0.03772159, "sparse": 0.002907631, "sparse_verified": 0.004211912}, "ratios": {"dense_control": 0.9934361221143657, "sparse": 14.069841434254757, "sparse_verified": 9.140472833580025}}
meridian_disjoint_8 {"medians": {"dense": 0.171075139, "dense_control": 0.172718459, "sparse": 0.003063281, "sparse_verified": 0.004735262}, "ratios": {"dense_control": 0.9876218741659303, "sparse": 56.36319215558106, "sparse_verified": 36.26308178337983}}
meridian_identical_8 {"medians": {"dense": 0.003222875, "dense_control": 0.003074397, "sparse": 0.002521803, "sparse_verified": 0.00334827}, "ratios": {"dense_control": 0.98268512710502, "sparse": 1.2337605276859454, "sparse_verified": 0.993483847188118}}
parallel_disjoint_4 {"medians": {"dense": 0.02502901, "dense_control": 0.024801417, "sparse": 0.002912769, "sparse_verified": 0.004363635}, "ratios": {"dense_control": 1.0048124955197089, "sparse": 8.664368078442902, "sparse_verified": 5.620176756305236}}
parallel_disjoint_6 {"medians": {"dense": 0.094973715, "dense_control": 0.092969755, "sparse": 0.003269253, "sparse_verified": 0.004867847}, "ratios": {"dense_control": 1.0036690423928207, "sparse": 28.989264825940356, "sparse_verified": 19.50904433211283}}
parallel_disjoint_8 {"medians": {"dense": 0.382623931, "dense_control": 0.383437259, "sparse": 0.003612018, "sparse_verified": 0.005937371}, "ratios": {"dense_control": 0.9983646956311596, "sparse": 107.91640276862894, "sparse_verified": 63.732239781009355}}
parallel_identical_8 {"medians": {"dense": 0.006542273, "dense_control": 0.00646639, "sparse": 0.002720946, "sparse_verified": 0.003584147}, "ratios": {"dense_control": 1.0143967406637269, "sparse": 2.287992427997054, "sparse_verified": 1.7665988624356979}}
normal_capacity 128 0.04924211
normal_capacity 1024 0.048507238
normal_capacity 4096 0.054204325
normal_capacity 16384 0.077062149
port_capacity 32 0.002026644
port_capacity 128 0.021083101
port_capacity 512 0.327290013
SAVED deliverable/results/geometry_benchmark.json
