static_disjoint_4 {"medians": {"dense": 0.000371567, "dense_control": 0.000413118, "sparse": 8.7469e-05, "sparse_verified": 0.000186204}, "ratios": {"dense_control": 0.9848163596785428, "sparse": 4.247985000400142, "sparse_verified": 2.0566058793330506}}
static_disjoint_8 {"medians": {"dense": 0.013466835, "dense_control": 0.014633282, "sparse": 0.00015652, "sparse_verified": 0.000317327}, "ratios": {"dense_control": 0.9180312837973025, "sparse": 84.74064017377971, "sparse_verified": 42.47730541641959}}
static_disjoint_12 {"medians": {"dense": 0.454219634, "dense_control": 0.494182533, "sparse": 0.000280673, "sparse_verified": 0.000569818}, "ratios": {"dense_control": 0.9214647325538875, "sparse": 1678.4531479798093, "sparse_verified": 758.266734290598}}
static_nested_12 {"medians": {"dense": 0.016645768, "dense_control": 0.025071794, "sparse": 0.000390344, "sparse_verified": 0.000735412}, "ratios": {"dense_control": 0.7579762414679665, "sparse": 40.84760827368229, "sparse_verified": 31.53378668359933}}
static_identical_12 {"medians": {"dense": 0.015347568, "dense_control": 0.015718794, "sparse": 0.000145945, "sparse_verified": 0.000355493}, "ratios": {"dense_control": 0.9659498686731309, "sparse": 104.93720237075611, "sparse_verified": 44.21609989507529}}
meridian_disjoint_4 {"medians": {"dense": 0.019368052, "dense_control": 0.018922618, "sparse": 0.004051971, "sparse_verified": 0.005904416}, "ratios": {"dense_control": 0.9985529315997344, "sparse": 4.748409968496022, "sparse_verified": 3.2083610625926315}}
meridian_disjoint_6 {"medians": {"dense": 0.040192989, "dense_control": 0.040453172, "sparse": 0.002800991, "sparse_verified": 0.004308078}, "ratios": {"dense_control": 0.975047296661928, "sparse": 14.389651376959081, "sparse_verified": 9.705340553904664}}
meridian_disjoint_8 {"medians": {"dense": 0.197051103, "dense_control": 0.174223029, "sparse": 0.003145567, "sparse_verified": 0.005124708}, "ratios": {"dense_control": 1.02280936197369, "sparse": 55.076843222176834, "sparse_verified": 35.782100942676664}}
meridian_identical_8 {"medians": {"dense": 0.003700652, "dense_control": 0.003781711, "sparse": 0.003424256, "sparse_verified": 0.003133878}, "ratios": {"dense_control": 0.9843986518192566, "sparse": 1.3470860121593207, "sparse_verified": 0.9965278552830777}}
parallel_disjoint_4 {"medians": {"dense": 0.027035698, "dense_control": 0.027987458, "sparse": 0.003286683, "sparse_verified": 0.004656607}, "ratios": {"dense_control": 0.9676796580593938, "sparse": 8.205677046092084, "sparse_verified": 5.679441135648828}}
parallel_disjoint_6 {"medians": {"dense": 0.097426944, "dense_control": 0.09754017, "sparse": 0.00361148, "sparse_verified": 0.004973934}, "ratios": {"dense_control": 1.001169952052707, "sparse": 27.532694596437736, "sparse_verified": 19.587502367341425}}
parallel_disjoint_8 {"medians": {"dense": 0.360706956, "dense_control": 0.382869177, "sparse": 0.003525645, "sparse_verified": 0.005456084}, "ratios": {"dense_control": 0.9927680850336015, "sparse": 102.30949400747949, "sparse_verified": 65.1196917315343}}
parallel_identical_8 {"medians": {"dense": 0.005770798, "dense_control": 0.005730228, "sparse": 0.002591135, "sparse_verified": 0.003436934}, "ratios": {"dense_control": 1.0021851241055457, "sparse": 2.2565234983718456, "sparse_verified": 1.678384064710936}}
normal_capacity 128 0.045415557
normal_capacity 1024 0.047030501
normal_capacity 4096 0.052894967
normal_capacity 16384 0.072622688
port_capacity 32 0.001766808
port_capacity 128 0.020632426
port_capacity 512 0.333439407
SAVED deliverable/results/geometry_benchmark.json
