{
  "status": "PASS",
  "a22_order": 6,
  "a22_coefficients": [
    "1",
    "3",
    "2",
    "1",
    "0",
    "3",
    "26"
  ],
  "higher_defect_profiles": 30,
  "finite_difference_polynomial_checks": 299,
  "general_r_s_pairs_through_order3": 16,
  "direct_two_chain_profile_counts": 25,
  "method": "Standard-library truncated products and Newton forward differences; fresh edge-subset enumeration; no imported producer code."
}
{
  "status": "PASS",
  "order": 10,
  "coefficients": [
    "1",
    "3",
    "2",
    "1",
    "0",
    "3",
    "26",
    "101",
    "124",
    "-1409",
    "-13266"
  ],
  "polynomial_checks": 423,
  "larger_component_profiles": 139
}
