unknot                        baseline  1: completed      1.9759999986490584e-05
unknot                        optimized 1: completed      2.8321999934632913e-05
unknot                        optimized 2: completed      2.6289000061296974e-05
unknot                        baseline  2: completed      2.1433000028991955e-05
unknot                        baseline  3: completed      1.9279000071037444e-05
unknot                        optimized 3: completed      2.4546999839003547e-05
trefoil                       optimized 1: completed      0.00013537300014832
trefoil                       baseline  1: completed      9.195799998451548e-05
trefoil                       baseline  2: completed      8.908300014809356e-05
trefoil                       optimized 2: completed      0.00011319999998704589
trefoil                       optimized 3: completed      0.0001226550000410498
trefoil                       baseline  3: completed      9.155700013252499e-05
figure_eight                  baseline  1: completed      0.0001337209998837352
figure_eight                  optimized 1: completed      0.00012776199992003967
figure_eight                  optimized 2: completed      0.00012697100009972928
figure_eight                  baseline  2: completed      0.00011538299986568745
figure_eight                  baseline  3: completed      0.00016898400008358294
figure_eight                  optimized 3: completed      0.0001317680000738619
hard_unknot_8                 optimized 1: completed      0.0022296070001175394
hard_unknot_8                 baseline  1: completed      0.0016145640001923312
hard_unknot_8                 baseline  2: completed      0.00174172499987435
hard_unknot_8                 optimized 2: completed      0.0022416760000396607
hard_unknot_8                 optimized 3: completed      0.002455526000176178
hard_unknot_8                 baseline  3: completed      0.0016290359999402426
kinoshita_terasaka            baseline  1: completed      0.038032717000078264
kinoshita_terasaka            optimized 1: completed      0.0008752539999932196
kinoshita_terasaka            optimized 2: completed      0.0010182389999044972
kinoshita_terasaka            baseline  2: completed      0.039312959999961095
kinoshita_terasaka            baseline  3: completed      0.04339900300010413
kinoshita_terasaka            optimized 3: completed      0.0010748540000804496
conway                        optimized 1: completed      0.0008190999999442283
conway                        baseline  1: completed      0.03965956999991249
conway                        baseline  2: completed      0.03336194500002421
conway                        optimized 2: completed      0.0010656300000846386
conway                        optimized 3: completed      0.0008224050000080751
conway                        baseline  3: completed      0.03930365999985952
torus_3_5                     baseline  1: completed      0.0005577179999818327
torus_3_5                     optimized 1: completed      0.0009132210000188934
torus_3_5                     optimized 2: completed      0.0009116090000134136
torus_3_5                     baseline  2: completed      0.0006501660000139964
torus_3_5                     baseline  3: completed      0.0005910070001391432
torus_3_5                     optimized 3: completed      0.0008919400002014299
unknot_braid40                optimized 1: completed      0.006456272999912471
unknot_braid40                baseline  1: completed      0.006680659000039668
unknot_braid40                baseline  2: completed      0.006634941000129402
unknot_braid40                optimized 2: completed      0.00863950900020427
unknot_braid40                optimized 3: completed      0.00799938000000111
unknot_braid40                baseline  3: completed      0.006941841999832832
grid_determinant_one_knot     baseline  1: completed      0.0008020140001008258
grid_determinant_one_knot     optimized 1: completed      0.0008266209999874263
grid_determinant_one_knot     optimized 2: completed      0.0010990299999775743
grid_determinant_one_knot     baseline  2: completed      0.0007009230000676325
grid_determinant_one_knot     baseline  3: completed      0.0007207520000065415
grid_determinant_one_knot     optimized 3: completed      0.0009571470000082627
grid_scrambled_unknot         optimized 1: completed      0.0002836359999491833
grid_scrambled_unknot         baseline  1: completed      0.0002585780000572413
grid_scrambled_unknot         baseline  2: completed      0.00025334999986625917
grid_scrambled_unknot         optimized 2: completed      0.00033594400019865134
grid_scrambled_unknot         optimized 3: completed      0.0002881929999603017
grid_scrambled_unknot         baseline  3: completed      0.0002779270000701217
conway_sum_2                  baseline  1: completed      1.3995181930001763
conway_sum_2                  optimized 1: completed      0.002574364000111018
conway_sum_2                  optimized 2: completed      0.002461592999907225
conway_sum_2                  baseline  2: completed      1.3393182380000326
conway_sum_2                  baseline  3: completed      1.423437233000186
conway_sum_2                  optimized 3: completed      0.002309765000063635
conway_sum_3                  optimized 1: completed      0.0033794179998949403
conway_sum_3                  baseline  1: resource-limit 3.2870405759999812
conway_sum_3                  baseline  2: resource-limit 3.480962904999842
conway_sum_3                  optimized 2: completed      0.0032826569999997446
conway_sum_3                  optimized 3: completed      0.0043493230000422045
conway_sum_3                  baseline  3: resource-limit 3.393774183000005
conway_sum_4                  baseline  1: resource-limit 3.282209662000014
conway_sum_4                  optimized 1: completed      0.004112480000003416
conway_sum_4                  optimized 2: completed      0.0035881699998299155
conway_sum_4                  baseline  2: resource-limit 3.385676050000029
conway_sum_4                  baseline  3: resource-limit 3.390340953000077
conway_sum_4                  optimized 3: completed      0.005117633000054411
raw_conway                    optimized 1: completed      0.013268980000020747
raw_conway                    baseline  1: completed      0.034849908999831314
raw_conway                    baseline  2: completed      0.03672958200013454
raw_conway                    optimized 2: completed      0.015569206999998642
raw_conway                    optimized 3: completed      0.01271924200000285
raw_conway                    baseline  3: completed      0.03597312300007616
raw_kinoshita_terasaka        baseline  1: completed      0.03778522399989015
raw_kinoshita_terasaka        optimized 1: completed      0.014827838999963205
raw_kinoshita_terasaka        optimized 2: completed      0.015089624999973239
raw_kinoshita_terasaka        baseline  2: completed      0.04513906800002587
raw_kinoshita_terasaka        baseline  3: completed      0.039206255999943096
raw_kinoshita_terasaka        optimized 3: completed      0.016995316999782517
raw_hard_unknot_8             optimized 1: completed      0.002164552000067488
raw_hard_unknot_8             baseline  1: completed      0.002475791000051686
raw_hard_unknot_8             baseline  2: completed      0.002808533000006719
raw_hard_unknot_8             optimized 2: completed      0.0020528240002022358
raw_hard_unknot_8             optimized 3: completed      0.0022980740000093647
raw_hard_unknot_8             baseline  3: completed      0.0024336980000043695
raw_torus_3_5                 baseline  1: completed      0.009597755999948276
raw_torus_3_5                 optimized 1: completed      0.009957838999980595
raw_torus_3_5                 optimized 2: completed      0.009066885999800434
raw_torus_3_5                 baseline  2: completed      0.010206304000121236
raw_torus_3_5                 baseline  3: completed      0.010691866000115624
raw_torus_3_5                 optimized 3: completed      0.010787800999878527
raw_unknot_chain_256          optimized 1: completed      0.020751438000161215
raw_unknot_chain_256          baseline  1: completed      0.2312913360001403
raw_unknot_chain_256          baseline  2: completed      0.2362842320001164
raw_unknot_chain_256          optimized 2: completed      0.020913303000043015
raw_unknot_chain_256          optimized 3: completed      0.0206489340000644
raw_unknot_chain_256          baseline  3: completed      0.23198712500015972
ordering_chain_256            baseline  1: completed      0.2188112450000972
ordering_chain_256            optimized 1: completed      0.006245012999897881
ordering_chain_256            optimized 2: completed      0.005723797999962699
ordering_chain_256            baseline  2: completed      0.2135336199999074
ordering_chain_256            baseline  3: completed      0.2178518340001574
ordering_chain_256            optimized 3: completed      0.00584363799998755
raw_unknot_chain_1024         optimized 1: completed      0.08403874199984784
raw_unknot_chain_1024         baseline  1: completed      3.4706491669999195
raw_unknot_chain_1024         baseline  2: completed      3.601460897000152
raw_unknot_chain_1024         optimized 2: completed      0.08605708900017817
raw_unknot_chain_1024         optimized 3: completed      0.08176119599988851
raw_unknot_chain_1024         baseline  3: completed      3.7468830640000306
ordering_chain_1024           baseline  1: completed      3.567494889000045
ordering_chain_1024           optimized 1: completed      0.02622415600012573
ordering_chain_1024           optimized 2: completed      0.02706463200001963
ordering_chain_1024           baseline  2: completed      3.5508854409999913
ordering_chain_1024           baseline  3: completed      3.354925276999893
ordering_chain_1024           optimized 3: completed      0.028190171999995073
raw_random5_36                optimized 1: resource-limit 3.0152465539999866
raw_random5_36                baseline  1: resource-limit 3.0318084840000665
raw_random5_36                baseline  2: resource-limit 3.034161068000003
raw_random5_36                optimized 2: resource-limit 3.016014258000041
raw_random5_36                optimized 3: resource-limit 3.0218270989998928
raw_random5_36                baseline  3: resource-limit 3.056310417000077
forced_hard_unknot_8          baseline  1: completed      0.0033343120001063653
forced_hard_unknot_8          optimized 1: completed      0.003203014000064286
forced_hard_unknot_8          optimized 2: completed      0.0029103730000770156
forced_hard_unknot_8          baseline  2: completed      0.0029070880000290344
forced_hard_unknot_8          baseline  3: completed      0.002773486000023695
forced_hard_unknot_8          optimized 3: completed      0.003371147000052588
