pure_a1 computed through 220 elapsed 2.47
pure_a2 computed through 220 elapsed 5.18
signed_finite_core computed through 220 elapsed 7.5
cancelled_penalty computed through 220 elapsed 9.73
[
  {
    "scenario": "pure_a1",
    "n": 20,
    "a": 1,
    "c": 2,
    "r": "1.0877600049446565036",
    "minus_v_over_equivalent": "0.44861357786330317342",
    "sign_v": -1,
    "minus_v_over_two_core_response": "0.74853566858066554077"
  },
  {
    "scenario": "pure_a1",
    "n": 40,
    "a": 1,
    "c": 2,
    "r": "1.2980048841174755368",
    "minus_v_over_equivalent": "0.60774499668257906694",
    "sign_v": -1,
    "minus_v_over_two_core_response": "0.85501934707653474306"
  },
  {
    "scenario": "pure_a1",
    "n": 80,
    "a": 1,
    "c": 2,
    "r": "1.519691437001878257",
    "minus_v_over_equivalent": "0.72596497729269946977",
    "sign_v": -1,
    "minus_v_over_two_core_response": "0.90812789628488488907"
  },
  {
    "scenario": "pure_a1",
    "n": 120,
    "a": 1,
    "c": 2,
    "r": "1.6540762101403289066",
    "minus_v_over_equivalent": "0.78041869039463791005",
    "sign_v": -1,
    "minus_v_over_two_core_response": "0.92835024741157001264"
  },
  {
    "scenario": "pure_a1",
    "n": 160,
    "a": 1,
    "c": 2,
    "r": "1.7513483628299126161",
    "minus_v_over_equivalent": "0.8133381887187421946",
    "sign_v": -1,
    "minus_v_over_two_core_response": "0.93969695271152871569"
  },
  {
    "scenario": "pure_a1",
    "n": 220,
    "a": 1,
    "c": 2,
    "r": "1.8607721983041760798",
    "minus_v_over_equivalent": "0.84481447452620739791",
    "sign_v": -1,
    "minus_v_over_two_core_response": "0.95007562500693186019"
  },
  {
    "scenario": "pure_a2",
    "n": 20,
    "a": 2,
    "c": 3,
    "r": "1.2980048841174755368",
    "minus_v_over_equivalent": "0.4980142180328211942",
    "sign_v": -1,
    "minus_v_over_two_core_response": "0.85166077856786149601"
  },
  {
    "scenario": "pure_a2",
    "n": 40,
    "a": 2,
    "c": 3,
    "r": "1.519691437001878257",
    "minus_v_over_equivalent": "0.65670623775991651956",
    "sign_v": -1,
    "minus_v_over_two_core_response": "0.93006272734512884343"
  },
  {
    "scenario": "pure_a2",
    "n": 80,
    "a": 2,
    "c": 3,
    "r": "1.7513483628299126161",
    "minus_v_over_equivalent": "0.76824822350140695237",
    "sign_v": -1,
    "minus_v_over_two_core_response": "0.96109373768616036561"
  },
  {
    "scenario": "pure_a2",
    "n": 120,
    "a": 2,
    "c": 3,
    "r": "1.8909758831437648084",
    "minus_v_over_equivalent": "0.8175956663938236258",
    "sign_v": -1,
    "minus_v_over_two_core_response": "0.97132148764741777046"
  },
  {
    "scenario": "pure_a2",
    "n": 160,
    "a": 2,
    "c": 3,
    "r": "1.9917319647174907898",
    "minus_v_over_equivalent": "0.84675960466282372923",
    "sign_v": -1,
    "minus_v_over_two_core_response": "0.97665792235967780394"
  },
  {
    "scenario": "pure_a2",
    "n": 220,
    "a": 2,
    "c": 3,
    "r": "2.1048017786073229465",
    "minus_v_over_equivalent": "0.87414779492151949832",
    "sign_v": -1,
    "minus_v_over_two_core_response": "0.98128207520184061714"
  },
  {
    "scenario": "signed_finite_core",
    "n": 20,
    "a": 1,
    "c": -2,
    "r": "1.0877600049446565036",
    "minus_v_over_equivalent": "404.47184737619616956",
    "sign_v": -1
  },
  {
    "scenario": "signed_finite_core",
    "n": 40,
    "a": 1,
    "c": -2,
    "r": "1.2980048841174755368",
    "minus_v_over_equivalent": "4.1901016869073947749",
    "sign_v": -1
  },
  {
    "scenario": "signed_finite_core",
    "n": 80,
    "a": 1,
    "c": -2,
    "r": "1.519691437001878257",
    "minus_v_over_equivalent": "7.4116229643902432437",
    "sign_v": -1
  },
  {
    "scenario": "signed_finite_core",
    "n": 120,
    "a": 1,
    "c": -2,
    "r": "1.6540762101403289066",
    "minus_v_over_equivalent": "4.4272472383577025341",
    "sign_v": -1
  },
  {
    "scenario": "signed_finite_core",
    "n": 160,
    "a": 1,
    "c": -2,
    "r": "1.7513483628299126161",
    "minus_v_over_equivalent": "3.3942114432401752492",
    "sign_v": -1
  },
  {
    "scenario": "signed_finite_core",
    "n": 220,
    "a": 1,
    "c": -2,
    "r": "1.8607721983041760798",
    "minus_v_over_equivalent": "2.6929451343571042654",
    "sign_v": -1
  },
  {
    "scenario": "cancelled_penalty",
    "n": 20,
    "a": 1,
    "c": 0,
    "r": "1.0877600049446565036",
    "minus_v_over_equivalent": "1.1190738919694186703",
    "sign_v": -1
  },
  {
    "scenario": "cancelled_penalty",
    "n": 40,
    "a": 1,
    "c": 0,
    "r": "1.2980048841174755368",
    "minus_v_over_equivalent": "1.3258965363002322173",
    "sign_v": -1
  },
  {
    "scenario": "cancelled_penalty",
    "n": 80,
    "a": 1,
    "c": 0,
    "r": "1.519691437001878257",
    "minus_v_over_equivalent": "1.2587604654031952996",
    "sign_v": -1
  },
  {
    "scenario": "cancelled_penalty",
    "n": 120,
    "a": 1,
    "c": 0,
    "r": "1.6540762101403289066",
    "minus_v_over_equivalent": "1.2096210858279178583",
    "sign_v": -1
  },
  {
    "scenario": "cancelled_penalty",
    "n": 160,
    "a": 1,
    "c": 0,
    "r": "1.7513483628299126161",
    "minus_v_over_equivalent": "1.1786164490724166803",
    "sign_v": -1
  },
  {
    "scenario": "cancelled_penalty",
    "n": 220,
    "a": 1,
    "c": 0,
    "r": "1.8607721983041760798",
    "minus_v_over_equivalent": "1.1487320523773328852",
    "sign_v": -1
  }
]
