{
  "rows": [
    14,
    3,
    5,
    9
  ],
  "receivers": 4,
  "samples": 100,
  "weights": [
    "1",
    "1",
    "1",
    "1"
  ],
  "batch_total_variation_bound": "1/100",
  "basis_rank": 4,
  "ground_elements": 8,
  "weight_exponent_bound": 0,
  "burn_in_steps_per_sample": 96,
  "seed": 20260929,
  "randomness": "seeded pseudorandom experiment",
  "support_histogram": {
    "0": 6,
    "1": 2,
    "2": 2,
    "3": 14,
    "4": 5,
    "5": 11,
    "6": 7,
    "7": 10,
    "8": 1,
    "9": 9,
    "10": 7,
    "11": 3,
    "12": 7,
    "13": 7,
    "14": 4,
    "15": 5
  },
  "elapsed_seconds": 0.2352,
  "boundary": "Outputs are supports, not integer vectors. No full FPRAS is implemented."
}
