preorders n=0: 1 passed
preorders n=1: 1 passed
preorders n=2: 4 passed
preorders n=3: 29 passed
preorders n=4: 355 passed
preorders n=5: 6942 passed
{
  "python": "3.13.5",
  "seed": 20260929,
  "finite_checks_only": true,
  "bipartite": [
    {
      "m": 0,
      "n": 0,
      "graphs": 1
    },
    {
      "m": 0,
      "n": 1,
      "graphs": 1
    },
    {
      "m": 0,
      "n": 2,
      "graphs": 1
    },
    {
      "m": 0,
      "n": 3,
      "graphs": 1
    },
    {
      "m": 1,
      "n": 0,
      "graphs": 1
    },
    {
      "m": 1,
      "n": 1,
      "graphs": 2
    },
    {
      "m": 1,
      "n": 2,
      "graphs": 4
    },
    {
      "m": 1,
      "n": 3,
      "graphs": 8
    },
    {
      "m": 2,
      "n": 0,
      "graphs": 1
    },
    {
      "m": 2,
      "n": 1,
      "graphs": 4
    },
    {
      "m": 2,
      "n": 2,
      "graphs": 16
    },
    {
      "m": 2,
      "n": 3,
      "graphs": 64
    },
    {
      "m": 3,
      "n": 0,
      "graphs": 1
    },
    {
      "m": 3,
      "n": 1,
      "graphs": 8
    },
    {
      "m": 3,
      "n": 2,
      "graphs": 64
    },
    {
      "m": 3,
      "n": 3,
      "graphs": 512
    },
    {
      "m": 3,
      "n": 4,
      "graphs": 4096
    }
  ],
  "preorders": [
    {
      "n": 0,
      "count": 1
    },
    {
      "n": 1,
      "count": 1
    },
    {
      "n": 2,
      "count": 4
    },
    {
      "n": 3,
      "count": 29
    },
    {
      "n": 4,
      "count": 355
    },
    {
      "n": 5,
      "count": 6942
    }
  ],
  "total_bipartite_graphs": 4785,
  "nonempty_conditioning_events": 14021,
  "covariance_graphs": 685,
  "theta3": {
    "rows": [
      14,
      3,
      5,
      9
    ],
    "p": [
      1,
      9,
      24,
      16,
      1
    ],
    "h": [
      1,
      17,
      106,
      303,
      427,
      303,
      106,
      17,
      1
    ],
    "lattice_points": 1281,
    "normalized_p": [
      "1",
      "9/4",
      "4",
      "4",
      "1"
    ]
  },
  "capacity_cases": 64,
  "all_checks_passed": true,
  "elapsed_seconds": 11.327
}
