{"n": 1, "trees": 1, "marked_instances": 2, "empty": 1, "stable_instances": 2, "A": 1}
{"n": 2, "trees": 1, "marked_instances": 4, "empty": 1, "stable_instances": 4, "A": 3}
{"n": 3, "trees": 1, "marked_instances": 8, "empty": 1, "stable_instances": 8, "A": 7}
{"n": 4, "trees": 2, "marked_instances": 32, "empty": 2, "stable_instances": 31, "A": 28, "unmarked_branch": 1, "D": 1}
{"n": 5, "trees": 3, "marked_instances": 96, "empty": 3, "stable_instances": 88, "A": 77, "unmarked_branch": 8, "D": 7, "affine": 1}
{"n": 6, "trees": 6, "marked_instances": 384, "empty": 6, "stable_instances": 324, "A": 264, "unmarked_branch": 58, "D": 45, "affine": 8, "E": 1, "spectral_obstruction": 2}
{"n": 7, "trees": 11, "marked_instances": 1408, "empty": 11, "stable_instances": 1075, "A": 803, "unmarked_branch": 306, "D": 205, "E": 14, "affine": 42, "spectral_obstruction": 27}
{"n": 8, "trees": 23, "marked_instances": 5888, "empty": 23, "stable_instances": 3942, "A": 2665, "unmarked_branch": 1707, "D": 934, "affine": 208, "E": 112, "spectral_obstruction": 239}
{"n": 9, "trees": 47, "marked_instances": 24064, "empty": 47, "stable_instances": 13850, "A": 8433, "unmarked_branch": 8569, "D": 3768, "E": 703, "affine": 899, "spectral_obstruction": 1645}
{
  "exact_psd_comparisons": 21237,
  "connected_energy_instances": 526,
  "exact_minor_coefficients": 24534,
  "full_polynomial_identity_instances": 133,
  "diameter_window_checks": 95,
  "enumerator_comparisons": 190,
  "optimization_comparisons": 285,
  "repair_comparisons": 95,
  "unmarked_branch_witnesses": 10649
}
Saved results/verification.json
