01 PASS compensated (0,1), slopes (2,3), w=.4: 2.4795e-61
02 PASS compensated (1,1), slopes (1,2), w=-.7: 1.1747e-60
03 PASS compensated (2,1), slopes (2,1), w=-2.3: 3.9022e-62
04 PASS compensated (2,2), slopes (2,3), w=-3.4: 2.4307e-60
05 PASS compensated (3,0), slopes (1,2), w=-1.3: 1.6185e-60
06 PASS compensated (3,2), slopes (2,1), w=-5.2: 2.9802e-62
07 PASS integer finite value d=0,e=0,p=1,q=1,w=1: 1.7502e-61
08 PASS numeric residue d=0,e=0,p=1,q=1,w=1: 0.0
09 PASS integer finite value d=0,e=0,p=2,q=3,w=2: 5.8341e-62
10 PASS numeric residue d=0,e=0,p=2,q=3,w=2: 1.9447e-62
11 PASS integer finite value d=1,e=0,p=1,q=2,w=0: 1.3613e-61
12 PASS numeric residue d=1,e=0,p=1,q=2,w=0: 0.0
13 PASS integer finite value d=1,e=1,p=1,q=1,w=-1: 3.543e-61
14 PASS numeric residue d=1,e=1,p=1,q=1,w=-1: 4.6673e-61
15 PASS integer finite value d=2,e=2,p=1,q=2,w=-4: 8.8048e-62
16 PASS numeric residue d=2,e=2,p=1,q=2,w=-4: 9.7235e-63
17 PASS integer finite value d=2,e=2,p=2,q=3,w=-5: 7.2337e-62
18 PASS numeric residue d=2,e=2,p=2,q=3,w=-5: 1.9447e-62
19 PASS normalized primitive depth=2,n=1: 0.0
20 PASS normalized primitive depth=2,n=2: 0.0
21 PASS normalized primitive depth=3,n=3: 1.1869e-66
22 PASS normalized primitive depth=3,n=4: 0.0
23 PASS primitive differential ladder: 0.0
24 PASS Lerch colors 0.3,-0.6: 3.8894e-62
25 PASS Lerch colors (0.2 + 0.4j),(-0.3 + 0.2j): 1.9447e-62
26 PASS Lerch colors -0.4,-0.4: 3.8894e-62
27 PASS polylogarithm divided difference: 0.0
28 PASS mixed Stieltjes-Lerch xi=0.3: 1.5558e-61
29 PASS mixed resonance xi=0.3: 7.7788e-62
30 PASS mixed Stieltjes-Lerch xi=-1.0: 3.8894e-62
31 PASS mixed resonance xi=-1.0: 3.8894e-62
32 PASS alternating mixed special value: 3.8894e-62
33 PASS root-of-unity Gamma reduction q=3: 2.5225e-61
34 PASS root-of-unity Gamma reduction q=4: 6.1497e-62
35 PASS finite harmonic (2,3): 0.0
36 PASS finite harmonic (3,4): 0.0
37 PASS mixed finite-harmonic closure: 3.8894e-61
Completed 37 tests in 15.8s.
