01 PASS K at (0.8,1): 2.0372e-53
02 PASS K at (1.4,1.7): 1.9447e-61
03 PASS K at (2.4,1.2): 1.9447e-61
04 PASS K at (3.2,2.1): 9.7235e-63
05 PASS K with complex order and shift: 1.4158e-61
06 PASS K derivative 0 at A=1: 1.9447e-61
07 PASS K derivative 1 at A=1: 4.3756e-61
08 PASS K derivative 2 at A=1: 1.5968e-60
09 PASS K derivative 3 at A=1: 5.2081e-61
10 PASS K derivative 4 at A=1: 6.5983e-58
11 PASS K derivative 0 at A=1.7: 3.8894e-62
12 PASS K derivative 1 at A=1.7: 0.0
13 PASS K derivative 2 at A=1.7: 3.2331e-61
14 PASS K derivative 3 at A=1.7: 5.1206e-60
15 PASS K derivative 4 at A=1.7: 6.7582e-58
16 PASS Stieltjes pairing (0,0): 9.7235e-62
17 PASS Stieltjes pairing (1,0): 1.8231e-61
18 PASS Stieltjes pairing (1,1): 9.3345e-61
19 PASS Stieltjes pairing (2,1): 6.1452e-60
20 PASS Stieltjes pairing (3,1): 4.2837e-58
21 PASS Stieltjes pairing (2,2): 2.3555e-58
22 PASS complex G_0 Laplace representation: 7.7788e-62
23 PASS complex G_1 Laplace representation: 1.5757e-60
24 PASS complex G_2 Laplace representation: 2.371e-59
25 PASS direct G0 line a=0.5,b=0.5: 3.8894e-62
26 PASS direct Omega line a=0.5,b=0.5: 6.0772e-64
27 PASS direct G0 line a=0.3,b=1.4: 5.8341e-62
28 PASS direct Omega line a=0.3,b=1.4: 1.2154e-63
29 PASS direct G0 slopes (1,2): 3.8894e-62
30 PASS direct G0 slopes (2,3): 5.8341e-62
31 PASS quarter-Gamma scale-(1,2) reduction: 7.7788e-62
32 PASS Stirling squared norm at half shift: 9.7235e-63
33 PASS direct polygamma (1,1): 1.6299e-61
34 PASS direct polygamma (1,2): 3.2467e-61
35 PASS direct polygamma (2,2): 3.3073e-61
Completed 35 tests in 94.6s.
