H -15 certified; 3 coefficients; maximum width 1.35075e-109
H -20 certified; 3 coefficients; maximum width 3.94672e-108
H -23 certified; 4 coefficients; maximum width 1.82254e-103
H -39 certified; 5 coefficients; maximum width 2.7981e-95
H -47 certified; 6 coefficients; maximum width 1.50376e-88
gamma norm -15 4 8.7874351e-121
gamma norm -15 6 1.4169452e-120
gamma norm -15 8 1.9601394e-120
gamma norm -15 10 2.8097629e-120
gamma norm -15 12 7.1092355e-120
gamma norm -20 4 2.0966681e-121
gamma norm -20 6 2.6080296e-121
gamma norm -20 8 3.0901619e-121
gamma norm -20 10 3.4170855e-121
gamma norm -20 12 3.6588757e-121
gamma norm -23 4 1.3539432e-120
gamma norm -23 6 1.8688666e-120
gamma norm -23 8 2.784042e-120
gamma norm -23 10 3.8652052e-120
gamma norm -23 12 4.2192295e-120
gamma norm -39 4 1.0725084e-120
gamma norm -39 6 2.8788095e-120
gamma norm -39 8 2.7514195e-120
gamma norm -39 10 3.977468e-120
gamma norm -39 12 5.3987437e-120
gamma norm -47 4 3.5397995e-120
gamma norm -47 6 5.258975e-120
gamma norm -47 8 6.9356221e-120
gamma norm -47 10 8.159991e-120
gamma norm -47 12 1.0061426e-119
explicit weight-six checks {'-23': '5.0969088e-121', '-39': '1.2794709e-120', '-47': '1.4862321e-120'}
receipt /workspace/scratch/b2aa5b5f03be/qa/replay/cm_norms_receipt.json
