{
  "arithmetic": "exact integers and fractions; no floating point",
  "grid": "a,c,d in {-1,0,1}; b in {-2,-1,1,2}",
  "grid_total": 108,
  "nonsingular_curves_tested": 106,
  "singular_curves_skipped": 2,
  "depth": 8,
  "nondegenerate_layers_checked": 544,
  "finite_sum_checks": 84,
  "status": "ALL CHECKS PASSED",
  "examples": {
    "barry": {
      "parameters": [
        2,
        5,
        4,
        9
      ],
      "discriminant": -38091,
      "moments_0_to_12": [
        1,
        1,
        2,
        2,
        -67,
        2688,
        -73696,
        1856194,
        -44867225,
        1067747230,
        -25367429619,
        607085181806,
        -14712071111618
      ],
      "hankels_0_to_8": [
        1,
        1,
        -71,
        -1633125,
        -498130468750,
        87785612945556640625,
        691831908588349819183349609375,
        -48441860346058398135937750339508056640625,
        -23313992999535078221203576731568318791687488555908203125
      ],
      "normalized_hankels_0_to_8": [
        "1",
        "5",
        "-71",
        "-13065",
        "-1275214",
        "2876558965",
        "11607013366079",
        "-16644496475497605",
        "-6562305636576533162549"
      ],
      "finite_field_counts": {
        "5": 8,
        "7": 6
      }
    },
    "infinite_order": {
      "parameters": [
        0,
        1,
        0,
        -1
      ],
      "discriminant": 37,
      "moments_0_to_12": [
        1,
        1,
        2,
        2,
        3,
        4,
        4,
        6,
        7,
        6,
        11,
        10,
        6
      ],
      "hankels_0_to_8": [
        1,
        1,
        -1,
        1,
        2,
        -1,
        -3,
        -5,
        7
      ],
      "normalized_hankels_0_to_8": [
        "1",
        "1",
        "-1",
        "1",
        "2",
        "-1",
        "-3",
        "-5",
        "7"
      ],
      "finite_field_counts": {
        "3": 7,
        "5": 8,
        "7": 9
      }
    },
    "order_three": {
      "parameters": [
        0,
        1,
        0,
        0
      ],
      "discriminant": -27,
      "moments_0_to_12": [
        1,
        1,
        2,
        2,
        4,
        5,
        6,
        15,
        6,
        35,
        25,
        17,
        185
      ],
      "hankels_0_to_8": [
        1,
        1,
        0,
        -1,
        -1,
        0,
        1,
        1,
        0
      ],
      "normalized_hankels_0_to_8": [
        "1",
        "1",
        "0",
        "-1",
        "-1",
        "0",
        "1",
        "1",
        "0"
      ],
      "finite_field_counts": {
        "5": 6,
        "7": 9
      }
    },
    "order_four": {
      "parameters": [
        1,
        1,
        1,
        0
      ],
      "discriminant": -15,
      "moments_0_to_12": [
        1,
        1,
        2,
        2,
        5,
        3,
        14,
        1,
        40,
        -8,
        84,
        59,
        -140
      ],
      "hankels_0_to_8": [
        1,
        1,
        1,
        0,
        -1,
        -1,
        -1,
        0,
        1
      ],
      "normalized_hankels_0_to_8": [
        "1",
        "1",
        "1",
        "0",
        "-1",
        "-1",
        "-1",
        "0",
        "1"
      ],
      "finite_field_counts": {
        "7": 8
      }
    }
  }
}
