equal_with_zeros 0 0.000s
disjoint 0 0.001s
one_coordinate 868 0.312s
partial_support 725 0.464s
heterogeneous_binary 868 0.760s
rare_probability 574 0.286s
tiny_distance_1e-12 15334 4.371s
near_equal_4d 3589 2.751s
tiny_distance_3d 15334 8.581s
fine_tolerance_1e-2 41164 36.321s
random_product_1 764 0.485s
random_product_2 584 0.508s
random_product_3 606 0.759s
random_product_4 740 0.548s
random_product_5 598 0.465s
random_product_6 633 0.636s
random_product_7 656 0.413s
random_product_8 666 0.521s
markov_positive 868 1.455s
markov_with_zeros 574 0.427s
markov_unreachable_equality 0 0.000s
random_markov_1 733 2.629s
random_markov_2 786 2.061s
ALL CHECKS PASSED: 23 interval cases, 625 fast cases, 51 priors, 112 alias identities.
