(5, 1) g = 2*beta6 - pi**3*zeta3/32 - 527*pi*zeta5/2048 delta = 0
(4, 2) g = -pi**2*beta4/48 - 11*beta6/2 + pi**3*zeta3/16 + 527*pi*zeta5/512 delta = 0
(3, 3) g = pi**2*beta4/16 + 9*beta6/2 - 3*pi**3*zeta3/1024 - 1581*pi*zeta5/1024 delta = 0
(2, 4) g = -7*pi**4*G/11520 - pi**2*beta4/16 - 3*beta6 + 3*pi**3*zeta3/512 + 527*pi*zeta5/512 delta = 0
(1, 5) g = 7*pi**4*G/11520 + pi**2*beta4/48 - 5*pi**5*log2/3072 - 3*pi**3*zeta3/1024 - 15*pi*zeta5/2048 delta = 0

Constants c_ab:
(1, 1) pi**2/6
(2, 1) zeta3 - I*pi**3/6
(3, 1) -I*pi*zeta3 - 2*pi**4/45
(4, 1) -pi**2*zeta3/3 + zeta5 - I*pi**5/90
(5, 1) -I*pi*zeta5 - 2*pi**6/315
(1, 2) -2*zeta3
(2, 2) 2*I*pi*zeta3 - pi**4/30
(3, 2) 2*pi**2*zeta3/3 - 4*zeta5 + I*pi**5/30
(4, 2) 4*I*pi*zeta5 + 11*pi**6/1890
(1, 3) pi**4/30
(2, 3) 6*zeta5 - I*pi**5/30
(3, 3) -6*I*pi*zeta5 - pi**6/1890
(1, 4) -4*zeta5
(2, 4) 4*I*pi*zeta5 - 2*pi**6/189
(1, 5) pi**6/189
