Reproducible verification run
Python 3.13.5
SymPy 1.14.0
mpmath 1.3.0
python3 code/check_exact.py
{
  "status": "PASS",
  "arithmetic": "exact rational; symbolic Gaussian specialization",
  "scope": "Finite checks supplement the all-weight proofs; no numerical independence inference.",
  "checks": {
    "trailing_zero_reexpansions": 511,
    "one_zero_independent_matches": 66,
    "two_zero_independent_matches": 10,
    "high_depth_catalogue_entries": 142,
    "high_depth_catalogue_terms": 5763,
    "lyndon_triangular_checks": 1023,
    "weight6_matrix_rank": 7,
    "weight6_matrix_columns": 10,
    "printed_gaussian_triples_symbolic_checks": 3
  }
}
python3 code/check_numerical.py
{'status': 'PASS', 'precision_decimal_digits': 75, 'cases': 153, 'maximum_absolute_residual': '1.37724278367e-73', 'qualification': 'Independent quadrature diagnostics; not directed-rounding certificates.'}
python3 code/certify_gaussian.py
PASS 1e-90 for each real and imaginary target component
0 2 -0.02310007373396307769160903282024311306133913385451961471872924 5.996090497567844147066341063244076571087565783167099853906022992307636216451526028446072976162851911094820820714213E-110
1 1 -0.02853342478422499025854597058383972519445632057612062794725709 2.753135742313664219972077976913021054624185079961348304793865433425668374007591902549866451568542649075060247161134E-112
2 0 -0.04516141567806732534667956941689711915814396931335751064674700 1.673629136198678241728039113205503905373521113750461381216250419790536633421078362834223066722050443447393279907790E-114
python3 code/audit_s4_rows.py
shape (134, 23) rank 19
NOT IN ROWSPACE 20
obstructions [(1, 12), (2, 7), (3, 3)]
DUAL WITNESS [((1, 4, 1, 0), -2), ((2, 3, 0, 1), 1), ((2, 3, 1, 0), 3), ((2, 3, 1, 3), -1), ((3, 2, 0, 1), -3), ((3, 2, 1, 0), -1), ((3, 2, 1, 3), -1), ((4, 1, 0, 1), 2)] pairing 24
python3 code/replay_certificates.py
{
  "status": "PASS",
  "dependencies": "Python standard library only",
  "catalogue_entries_replayed": 142,
  "triple_matrix_rank": 7,
  "s4_matrix_rank": 19,
  "s4_augmented_rank": 20,
  "s4_dual_pairing": 24,
  "rational_component_width_checks": 6,
  "qualification": "Finite algebra and stored enclosure widths only; analytic soundness and tail estimates are separate proof obligations addressed in the article."
}
