conway pipeline baseline 11 0.03396445099997436 KNOTTED
conway pipeline accelerated 11 0.0007419879999588375 KNOTTED
figure_eight pipeline baseline 4 0.00015257999996265426 KNOTTED
figure_eight pipeline accelerated 4 0.0001690450000069177 KNOTTED
grid_determinant_one_knot pipeline baseline 10 0.0008766209999748753 KNOTTED
grid_determinant_one_knot pipeline accelerated 10 0.0006941060000826837 KNOTTED
grid_scrambled_unknot pipeline baseline 6 0.00034572099991692085 UNKNOT
grid_scrambled_unknot pipeline accelerated 6 0.0003738629999361365 UNKNOT
hard_unknot_8 pipeline baseline 8 0.001826330999961101 UNKNOT
hard_unknot_8 pipeline accelerated 8 0.00187957099990399 UNKNOT
kinoshita_terasaka pipeline baseline 11 0.03833372799999779 KNOTTED
kinoshita_terasaka pipeline accelerated 11 0.00071177200004513 KNOTTED
torus_3_5 pipeline baseline 10 0.0006863840000050914 KNOTTED
torus_3_5 pipeline accelerated 10 0.00065835199995945 KNOTTED
trefoil pipeline baseline 3 0.00013977100002193765 KNOTTED
trefoil pipeline accelerated 3 0.00016714200000933488 KNOTTED
unknot pipeline baseline 0 2.3755000029268558e-05 UNKNOT
unknot pipeline accelerated 0 3.647500000170112e-05 UNKNOT
unknot_braid40 pipeline baseline 40 0.006468614000027628 UNKNOT
unknot_braid40 pipeline accelerated 40 0.006946814000002632 UNKNOT
T(3,31) pipeline baseline 62 0.28772605799997564 KNOTTED
T(3,31) pipeline accelerated 62 0.003517680000072687 KNOTTED
T(3,61) pipeline baseline 122 3.7103818130000263 KNOTTED
T(3,61) pipeline accelerated 122 0.007114782000030573 KNOTTED
T(3,121) pipeline baseline 242 43.05072707900001 UNKNOWN
T(3,121) pipeline accelerated 242 0.016103648000012072 KNOTTED
conway rank baseline 11 0.03470050299995364 DONE
conway rank accelerated-no-factors 11 0.012404030000084276 DONE
conway rank accelerated 11 0.012318982000010692 DONE
kinoshita_terasaka rank baseline 11 0.03867721699998583 DONE
kinoshita_terasaka rank accelerated-no-factors 11 0.014114857999970809 DONE
kinoshita_terasaka rank accelerated 11 0.014071381999997357 DONE
hard_unknot_8 rank baseline 8 0.0022998350000307255 DONE
hard_unknot_8 rank accelerated-no-factors 8 0.0018969879999986006 DONE
hard_unknot_8 rank accelerated 8 0.001964170000064769 DONE
unknot_braid40 rank baseline 40 0.008663785999942775 DONE
unknot_braid40 rank accelerated-no-factors 40 0.0035677149999173707 DONE
unknot_braid40 rank accelerated 40 0.0024730860000090615 DONE
curl_family_16 rank baseline 16 0.002222508000045309 DONE
curl_family_16 rank accelerated 16 0.0009673669999301637 DONE
curl_family_64 rank baseline 64 0.017343734999940352 DONE
curl_family_64 rank accelerated 64 0.00370552399999724 DONE
curl_family_256 rank baseline 256 0.22977767100007895 DONE
curl_family_256 rank accelerated 256 0.020516440999927 DONE
order_64 order baseline 64 0.014821770999901673 DONE
order_64 order accelerated 64 0.0014773960000411535 DONE
order_256 order baseline 256 0.2321499089999861 DONE
order_256 order accelerated 256 0.006007792999980666 DONE
order_1024 order baseline 1024 3.429239273999997 DONE
order_1024 order accelerated 1024 0.029110125999977754 DONE
trefoil_sum_2 rank baseline 6 0.0023651739999195343 DONE
trefoil_sum_2 rank accelerated 6 0.0009639620000143623 DONE
trefoil_sum_4 rank baseline 12 0.014648333999957686 DONE
trefoil_sum_4 rank accelerated 12 0.0012124869999752264 DONE
trefoil_sum_6 rank baseline 18 0.12889898000003086 DONE
trefoil_sum_6 rank accelerated 18 0.0015114569999923333 DONE
trefoil_sum_8 rank baseline 24 1.287360675000059 DONE
trefoil_sum_8 rank accelerated 24 0.001782586999979685 DONE
trefoil_sum_16 rank accelerated 48 0.002616061999901831 DONE
trefoil_sum_32 rank accelerated 96 0.00573600500001703 DONE
original_random_5_braid_36 rank baseline 36 8.037100731999999 UNKNOWN
original_random_5_braid_36 rank accelerated-no-factors 36 1.6977497560000074 DONE
original_random_5_braid_36 rank accelerated 36 1.7666188099999545 DONE
original_random_5_braid_36 pipeline baseline 36 0.008052594999981011 KNOTTED
original_random_5_braid_36 pipeline accelerated 36 0.0020946270000195 KNOTTED
