{
  "python": "3.13.5",
  "checks": {
    "compact_vs_published_formula_bases_2_to_20000": 17999,
    "power_transfer_vs_actual_integer_powers": 13470,
    "exhaustive_minimum_indices": "1 through 20 inclusive",
    "restricted_roots_perfect_power_test_s_2_through_200": true,
    "formula_admissibility_indices": "3 through 10000 inclusive",
    "agreement_with_Alekseyev_50_term_list": true,
    "decimal_tail_indices": "3 through 2000 inclusive; d=1,min(n,10),min(n,30)",
    "tower_mod_vs_literal_towers": 88
  },
  "literal_minimum_checks": [
    {
      "n": 1,
      "root": 2,
      "integers_in_search_interval": 1
    },
    {
      "n": 2,
      "root": 7,
      "integers_in_search_interval": 6
    },
    {
      "n": 3,
      "root": 25,
      "integers_in_search_interval": 24
    },
    {
      "n": 4,
      "root": 5,
      "integers_in_search_interval": 4
    },
    {
      "n": 5,
      "root": 95,
      "integers_in_search_interval": 94
    },
    {
      "n": 6,
      "root": 95,
      "integers_in_search_interval": 94
    },
    {
      "n": 7,
      "root": 385,
      "integers_in_search_interval": 384
    },
    {
      "n": 8,
      "root": 95,
      "integers_in_search_interval": 94
    },
    {
      "n": 9,
      "root": 1535,
      "integers_in_search_interval": 1534
    },
    {
      "n": 10,
      "root": 1535,
      "integers_in_search_interval": 1534
    },
    {
      "n": 11,
      "root": 6145,
      "integers_in_search_interval": 6144
    },
    {
      "n": 12,
      "root": 1025,
      "integers_in_search_interval": 1024
    },
    {
      "n": 13,
      "root": 24575,
      "integers_in_search_interval": 24574
    },
    {
      "n": 14,
      "root": 24575,
      "integers_in_search_interval": 24574
    },
    {
      "n": 15,
      "root": 98305,
      "integers_in_search_interval": 98304
    },
    {
      "n": 16,
      "root": 4095,
      "integers_in_search_interval": 4094
    },
    {
      "n": 17,
      "root": 393215,
      "integers_in_search_interval": 393214
    },
    {
      "n": 18,
      "root": 393215,
      "integers_in_search_interval": 393214
    },
    {
      "n": 19,
      "root": 1572865,
      "integers_in_search_interval": 1572864
    },
    {
      "n": 20,
      "root": 262145,
      "integers_in_search_interval": 262144
    }
  ],
  "strict_minimum_exhaustive_checks": [
    {
      "n": 1,
      "root": 2
    },
    {
      "n": 2,
      "root": 7
    },
    {
      "n": 3,
      "root": 55
    },
    {
      "n": 4,
      "root": 5
    },
    {
      "n": 5,
      "root": 95
    },
    {
      "n": 6,
      "root": 95
    },
    {
      "n": 7,
      "root": 385
    },
    {
      "n": 8,
      "root": 95
    },
    {
      "n": 9,
      "root": 1535
    },
    {
      "n": 10,
      "root": 1535
    },
    {
      "n": 11,
      "root": 6145
    },
    {
      "n": 12,
      "root": 1025
    },
    {
      "n": 13,
      "root": 24575
    },
    {
      "n": 14,
      "root": 24575
    },
    {
      "n": 15,
      "root": 98305
    }
  ],
  "small_range_barrier": [
    {
      "n": 3,
      "s": 3,
      "t": 3,
      "root": 25,
      "barrier_margin": -501,
      "floor_ratio": 0
    },
    {
      "n": 4,
      "s": 2,
      "t": 4,
      "root": 5,
      "barrier_margin": 599,
      "floor_ratio": 24
    },
    {
      "n": 5,
      "s": 5,
      "t": 4,
      "root": 95,
      "barrier_margin": -8401,
      "floor_ratio": 0
    },
    {
      "n": 6,
      "s": 5,
      "t": 6,
      "root": 95,
      "barrier_margin": 6599,
      "floor_ratio": 1
    },
    {
      "n": 7,
      "s": 7,
      "t": 7,
      "root": 385,
      "barrier_margin": -70101,
      "floor_ratio": 0
    },
    {
      "n": 8,
      "s": 5,
      "t": 8,
      "root": 95,
      "barrier_margin": 381599,
      "floor_ratio": 43
    },
    {
      "n": 9,
      "s": 9,
      "t": 9,
      "root": 1535,
      "barrier_margin": -403101,
      "floor_ratio": 0
    },
    {
      "n": 10,
      "s": 9,
      "t": 9,
      "root": 1535,
      "barrier_margin": -403101,
      "floor_ratio": 0
    },
    {
      "n": 11,
      "s": 11,
      "t": 11,
      "root": 6145,
      "barrier_margin": 11067099,
      "floor_ratio": 1
    },
    {
      "n": 12,
      "s": 10,
      "t": 12,
      "root": 1025,
      "barrier_margin": 243089999,
      "floor_ratio": 232
    },
    {
      "n": 13,
      "s": 13,
      "t": 13,
      "root": 24575,
      "barrier_margin": 616772499,
      "floor_ratio": 2
    },
    {
      "n": 14,
      "s": 13,
      "t": 14,
      "root": 24575,
      "barrier_margin": 5499584999,
      "floor_ratio": 10
    },
    {
      "n": 15,
      "s": 15,
      "t": 14,
      "root": 98305,
      "barrier_margin": -3560357401,
      "floor_ratio": 0
    },
    {
      "n": 16,
      "s": 12,
      "t": 16,
      "root": 4095,
      "barrier_margin": 152571121599,
      "floor_ratio": 9099
    },
    {
      "n": 17,
      "s": 17,
      "t": 17,
      "root": 393215,
      "barrier_margin": 608321416899,
      "floor_ratio": 4
    },
    {
      "n": 18,
      "s": 17,
      "t": 18,
      "root": 393215,
      "barrier_margin": 3660079229399,
      "floor_ratio": 24
    },
    {
      "n": 19,
      "s": 19,
      "t": 19,
      "root": 1572865,
      "barrier_margin": 16599582019899,
      "floor_ratio": 7
    },
    {
      "n": 20,
      "s": 18,
      "t": 19,
      "root": 262145,
      "barrier_margin": 19004766327099,
      "floor_ratio": 277
    },
    {
      "n": 21,
      "s": 21,
      "t": 21,
      "root": 6291455,
      "barrier_margin": 437254752186099,
      "floor_ratio": 12
    },
    {
      "n": 22,
      "s": 21,
      "t": 22,
      "root": 6291455,
      "barrier_margin": 2344603384998599,
      "floor_ratio": 60
    },
    {
      "n": 23,
      "s": 23,
      "t": 23,
      "root": 25165825,
      "barrier_margin": 11287610207147499,
      "floor_ratio": 18
    },
    {
      "n": 24,
      "s": 21,
      "t": 24,
      "root": 6291455,
      "barrier_margin": 59565062369373599,
      "floor_ratio": 1505
    }
  ],
  "finite_hensel_certificates": [
    {
      "n": 3,
      "k": 3,
      "modulus": 125,
      "minimum_root": 25,
      "smaller_square_root_minus_one": 57,
      "other_square_root": 68,
      "certificate_quotient": 26
    },
    {
      "n": 5,
      "k": 4,
      "modulus": 625,
      "minimum_root": 95,
      "smaller_square_root_minus_one": 182,
      "other_square_root": 443,
      "certificate_quotient": 53
    },
    {
      "n": 7,
      "k": 5,
      "modulus": 3125,
      "minimum_root": 385,
      "smaller_square_root_minus_one": 1068,
      "other_square_root": 2057,
      "certificate_quotient": 365
    },
    {
      "n": 9,
      "k": 7,
      "modulus": 78125,
      "minimum_root": 1535,
      "smaller_square_root_minus_one": 32318,
      "other_square_root": 45807,
      "certificate_quotient": 13369
    },
    {
      "n": 10,
      "k": 7,
      "modulus": 78125,
      "minimum_root": 1535,
      "smaller_square_root_minus_one": 32318,
      "other_square_root": 45807,
      "certificate_quotient": 13369
    },
    {
      "n": 15,
      "k": 8,
      "modulus": 390625,
      "minimum_root": 98305,
      "smaller_square_root_minus_one": 110443,
      "other_square_root": 280182,
      "certificate_quotient": 31226
    }
  ],
  "uniform_bound_base_case_margin": 44695739804197875,
  "independent_modular_tower_checks": [
    {
      "base": 2,
      "predicted_speed": 1,
      "d_0_through_d_13": [
        0,
        0,
        0,
        1,
        2,
        3,
        4,
        5,
        6,
        7,
        8,
        9,
        10,
        11
      ]
    },
    {
      "base": 3,
      "predicted_speed": 1,
      "d_0_through_d_13": [
        0,
        0,
        1,
        2,
        3,
        4,
        5,
        6,
        7,
        8,
        9,
        10,
        11,
        12
      ]
    },
    {
      "base": 4,
      "predicted_speed": 1,
      "d_0_through_d_13": [
        0,
        0,
        1,
        2,
        3,
        4,
        5,
        6,
        7,
        8,
        9,
        10,
        11,
        12
      ]
    },
    {
      "base": 5,
      "predicted_speed": 2,
      "d_0_through_d_13": [
        0,
        1,
        5,
        8,
        10,
        12,
        14,
        16,
        18,
        20,
        22,
        24,
        26,
        28
      ]
    },
    {
      "base": 6,
      "predicted_speed": 1,
      "d_0_through_d_13": [
        0,
        1,
        3,
        4,
        5,
        6,
        7,
        8,
        9,
        10,
        11,
        12,
        13,
        14
      ]
    },
    {
      "base": 7,
      "predicted_speed": 2,
      "d_0_through_d_13": [
        0,
        0,
        2,
        4,
        6,
        8,
        10,
        12,
        14,
        16,
        18,
        20,
        22,
        24
      ]
    },
    {
      "base": 8,
      "predicted_speed": 1,
      "d_0_through_d_13": [
        0,
        0,
        1,
        2,
        3,
        4,
        5,
        6,
        7,
        8,
        9,
        10,
        11,
        12
      ]
    },
    {
      "base": 9,
      "predicted_speed": 1,
      "d_0_through_d_13": [
        0,
        1,
        2,
        3,
        4,
        5,
        6,
        7,
        8,
        9,
        10,
        11,
        12,
        13
      ]
    },
    {
      "base": 11,
      "predicted_speed": 1,
      "d_0_through_d_13": [
        1,
        2,
        3,
        4,
        5,
        6,
        7,
        8,
        9,
        10,
        11,
        12,
        13,
        14
      ]
    },
    {
      "base": 15,
      "predicted_speed": 4,
      "d_0_through_d_13": [
        0,
        1,
        9,
        13,
        17,
        21,
        25,
        29,
        33,
        37,
        41,
        45,
        49,
        53
      ]
    },
    {
      "base": 25,
      "predicted_speed": 3,
      "d_0_through_d_13": [
        0,
        2,
        9,
        12,
        15,
        18,
        21,
        24,
        27,
        30,
        33,
        36,
        39,
        42
      ]
    },
    {
      "base": 49,
      "predicted_speed": 2,
      "d_0_through_d_13": [
        0,
        2,
        4,
        6,
        8,
        10,
        12,
        14,
        16,
        18,
        20,
        22,
        24,
        26
      ]
    },
    {
      "base": 51,
      "predicted_speed": 2,
      "d_0_through_d_13": [
        1,
        3,
        5,
        7,
        9,
        11,
        13,
        15,
        17,
        19,
        21,
        23,
        25,
        27
      ]
    },
    {
      "base": 95,
      "predicted_speed": 5,
      "d_0_through_d_13": [
        0,
        1,
        11,
        16,
        21,
        26,
        31,
        36,
        41,
        46,
        51,
        56,
        61,
        66
      ]
    },
    {
      "base": 125,
      "predicted_speed": 2,
      "d_0_through_d_13": [
        0,
        3,
        6,
        8,
        10,
        12,
        14,
        16,
        18,
        20,
        22,
        24,
        26,
        28
      ]
    },
    {
      "base": 807,
      "predicted_speed": 3,
      "d_0_through_d_13": [
        0,
        0,
        4,
        8,
        12,
        16,
        19,
        22,
        25,
        28,
        31,
        34,
        37,
        40
      ]
    },
    {
      "base": 1001,
      "predicted_speed": 3,
      "d_0_through_d_13": [
        3,
        6,
        9,
        12,
        15,
        18,
        21,
        24,
        27,
        30,
        33,
        36,
        39,
        42
      ]
    }
  ],
  "density_checks": [
    {
      "exponent": 1,
      "threshold": 2,
      "period": 100,
      "count": 26,
      "density": "13/50"
    },
    {
      "exponent": 1,
      "threshold": 3,
      "period": 1000,
      "count": 74,
      "density": "37/500"
    },
    {
      "exponent": 2,
      "threshold": 3,
      "period": 500,
      "count": 66,
      "density": "33/250"
    },
    {
      "exponent": 5,
      "threshold": 3,
      "period": 200,
      "count": 34,
      "density": "17/100"
    },
    {
      "exponent": 10,
      "threshold": 4,
      "period": 1000,
      "count": 74,
      "density": "37/500"
    },
    {
      "exponent": 4,
      "threshold": 4,
      "period": 2500,
      "count": 266,
      "density": "133/1250"
    }
  ],
  "elapsed_seconds": 2.858,
  "status": "ALL CHECKS PASSED"
}
