PASS: all exact-arithmetic checks succeeded.
Configuration: {"max_index": 250, "parameters_U_V": [-6, -5, -4, -3, -2, -1, 0, 1, 2, 3, 4, 5, 6], "selected_primes": [2, 3, 5, 7, 11, 13], "multipliers": 6, "prime_index_pairs": 71}
apery_definition_vs_recurrence: 251
apery_second_order_congruence: 473
apery_integral_dilogarithm_coefficients: 250
F_functional_equation: 1
compositional_inverse_right: 1
compositional_inverse_left: 1
apery_Euler_product: 1
U_direct_power_identity: 156
V_direct_power_identity: 156
signed_normalized_all_prime_congruence: 994
unsigned_normalized_congruence: 973
V_all_prime_congruence: 923
U_odd_prime_or_even_parameter: 815
signed_U_parameter_strengthening: 852
signed_V_parameter_strengthening: 852
U_parameter_valuation_strengthening: 636
V_parameter_valuation_strengthening: 636
signed_transform_integral_dilogarithm_coefficients: 168
failure_of_uniform_third_order: 1
unsigned_U_dyadic_counterexample: 1
dyadic_parameter_refinement_boundary: 1
Total checks: 8142
Cached normalized values: 938
Elapsed seconds: 0.819
U_1(7)-U_1(1) = 49 * 103720679; 103720679 = 6 (mod 7).
U_1(2)-U_1(1) = 118, not divisible by 4.
V_2(2)-V_2(1) = 236, divisible by 4 but not by 8.
Finite reproducibility checks only; the general proof is in article.pdf.
