Rc files read:
  /etc/LatexMk
Latexmk: This is Latexmk, John Collins, 31 Jan. 2024. Version 4.83.
No existing .aux file, so I'll make a simple one, and require run of *latex.
Latexmk: applying rule 'pdflatex'...
Rule 'pdflatex':  Reasons for rerun
Category 'other':
  Rerun of 'pdflatex' forced or previously required:
    Reason or flag: 'Initial setup'

------------
Run number 1 of rule 'pdflatex'
------------
------------
Running 'pdflatex  -interaction=nonstopmode -halt-on-error -recorder  "article.tex"'
------------
This is pdfTeX, Version 3.141592653-2.6-1.40.25 (TeX Live 2023/Debian) (preloaded format=pdflatex)
 restricted \write18 enabled.
entering extended mode
(./article.tex
LaTeX2e <2023-11-01> patch level 1
L3 programming layer <2024-01-22>
(/usr/share/texlive/texmf-dist/tex/latex/base/article.cls
Document Class: article 2023/05/17 v1.4n Standard LaTeX document class
(/usr/share/texlive/texmf-dist/tex/latex/base/size11.clo))
(/usr/share/texlive/texmf-dist/tex/latex/geometry/geometry.sty
(/usr/share/texlive/texmf-dist/tex/latex/graphics/keyval.sty)
(/usr/share/texlive/texmf-dist/tex/generic/iftex/ifvtex.sty
(/usr/share/texlive/texmf-dist/tex/generic/iftex/iftex.sty)))
(/usr/share/texlive/texmf-dist/tex/latex/base/fontenc.sty)
(/usr/share/texmf/tex/latex/lm/lmodern.sty)
(/usr/share/texlive/texmf-dist/tex/latex/amsmath/amsmath.sty
For additional information on amsmath, use the `?' option.
(/usr/share/texlive/texmf-dist/tex/latex/amsmath/amstext.sty
(/usr/share/texlive/texmf-dist/tex/latex/amsmath/amsgen.sty))
(/usr/share/texlive/texmf-dist/tex/latex/amsmath/amsbsy.sty)
(/usr/share/texlive/texmf-dist/tex/latex/amsmath/amsopn.sty))
(/usr/share/texlive/texmf-dist/tex/latex/amsfonts/amssymb.sty
(/usr/share/texlive/texmf-dist/tex/latex/amsfonts/amsfonts.sty))
(/usr/share/texlive/texmf-dist/tex/latex/amscls/amsthm.sty)
(/usr/share/texlive/texmf-dist/tex/latex/mathtools/mathtools.sty
(/usr/share/texlive/texmf-dist/tex/latex/tools/calc.sty)
(/usr/share/texlive/texmf-dist/tex/latex/mathtools/mhsetup.sty))
(/usr/share/texlive/texmf-dist/tex/latex/booktabs/booktabs.sty)
(/usr/share/texlive/texmf-dist/tex/latex/tools/longtable.sty)
(/usr/share/texlive/texmf-dist/tex/latex/tools/array.sty)
(/usr/share/texlive/texmf-dist/tex/latex/enumitem/enumitem.sty)
(/usr/share/texlive/texmf-dist/tex/latex/xcolor/xcolor.sty
(/usr/share/texlive/texmf-dist/tex/latex/graphics-cfg/color.cfg)
(/usr/share/texlive/texmf-dist/tex/latex/graphics-def/pdftex.def)
(/usr/share/texlive/texmf-dist/tex/latex/graphics/mathcolor.ltx))
(/usr/share/texlive/texmf-dist/tex/latex/microtype/microtype.sty
(/usr/share/texlive/texmf-dist/tex/latex/etoolbox/etoolbox.sty)
(/usr/share/texlive/texmf-dist/tex/latex/microtype/microtype-pdftex.def)
(/usr/share/texlive/texmf-dist/tex/latex/microtype/microtype.cfg))
(/usr/share/texlive/texmf-dist/tex/latex/xurl/xurl.sty
(/usr/share/texlive/texmf-dist/tex/latex/url/url.sty))
(/usr/share/texlive/texmf-dist/tex/latex/fancyhdr/fancyhdr.sty)
(/usr/share/texlive/texmf-dist/tex/latex/hyperref/hyperref.sty
(/usr/share/texlive/texmf-dist/tex/latex/kvsetkeys/kvsetkeys.sty)
(/usr/share/texlive/texmf-dist/tex/generic/kvdefinekeys/kvdefinekeys.sty)
(/usr/share/texlive/texmf-dist/tex/generic/pdfescape/pdfescape.sty
(/usr/share/texlive/texmf-dist/tex/generic/ltxcmds/ltxcmds.sty)
(/usr/share/texlive/texmf-dist/tex/generic/pdftexcmds/pdftexcmds.sty
(/usr/share/texlive/texmf-dist/tex/generic/infwarerr/infwarerr.sty)))
(/usr/share/texlive/texmf-dist/tex/latex/hycolor/hycolor.sty)
(/usr/share/texlive/texmf-dist/tex/latex/auxhook/auxhook.sty)
(/usr/share/texlive/texmf-dist/tex/latex/hyperref/nameref.sty
(/usr/share/texlive/texmf-dist/tex/latex/refcount/refcount.sty)
(/usr/share/texlive/texmf-dist/tex/generic/gettitlestring/gettitlestring.sty
(/usr/share/texlive/texmf-dist/tex/latex/kvoptions/kvoptions.sty)))
(/usr/share/texlive/texmf-dist/tex/latex/hyperref/pd1enc.def)
(/usr/share/texlive/texmf-dist/tex/generic/intcalc/intcalc.sty)
(/usr/share/texlive/texmf-dist/tex/latex/hyperref/puenc.def)
(/usr/share/texlive/texmf-dist/tex/generic/bitset/bitset.sty
(/usr/share/texlive/texmf-dist/tex/generic/bigintcalc/bigintcalc.sty))
(/usr/share/texlive/texmf-dist/tex/latex/base/atbegshi-ltx.sty))
(/usr/share/texlive/texmf-dist/tex/latex/hyperref/hpdftex.def
(/usr/share/texlive/texmf-dist/tex/latex/base/atveryend-ltx.sty)
(/usr/share/texlive/texmf-dist/tex/latex/rerunfilecheck/rerunfilecheck.sty
(/usr/share/texlive/texmf-dist/tex/generic/uniquecounter/uniquecounter.sty)))
(/usr/share/texlive/texmf-dist/tex/latex/bookmark/bookmark.sty
(/usr/share/texlive/texmf-dist/tex/latex/bookmark/bkm-pdftex.def))
(/usr/share/texlive/texmf-dist/tex/latex/needspace/needspace.sty)
(/usr/share/texmf/tex/latex/lm/t1lmr.fd)
(/usr/share/texlive/texmf-dist/tex/latex/l3backend/l3backend-pdftex.def)
(./article.aux)
*geometry* driver: auto-detecting
*geometry* detected driver: pdftex
(/usr/share/texlive/texmf-dist/tex/latex/graphics/graphicx.sty
(/usr/share/texlive/texmf-dist/tex/latex/graphics/graphics.sty
(/usr/share/texlive/texmf-dist/tex/latex/graphics/trig.sty)
(/usr/share/texlive/texmf-dist/tex/latex/graphics-cfg/graphics.cfg)))
(/usr/share/texlive/texmf-dist/tex/context/base/mkii/supp-pdf.mkii
[Loading MPS to PDF converter (version 2006.09.02).]
) (/usr/share/texlive/texmf-dist/tex/latex/epstopdf-pkg/epstopdf-base.sty
(/usr/share/texlive/texmf-dist/tex/latex/latexconfig/epstopdf-sys.cfg))
(/usr/share/texlive/texmf-dist/tex/latex/microtype/mt-cmr.cfg)
(/usr/share/texmf/tex/latex/lm/ot1lmr.fd)
(/usr/share/texmf/tex/latex/lm/omllmm.fd)
(/usr/share/texmf/tex/latex/lm/omslmsy.fd)
(/usr/share/texmf/tex/latex/lm/omxlmex.fd)
(/usr/share/texlive/texmf-dist/tex/latex/amsfonts/umsa.fd)
(/usr/share/texlive/texmf-dist/tex/latex/microtype/mt-msa.cfg)
(/usr/share/texlive/texmf-dist/tex/latex/amsfonts/umsb.fd)
(/usr/share/texlive/texmf-dist/tex/latex/microtype/mt-msb.cfg)
(/usr/share/texmf/tex/latex/lm/t1lmtt.fd) [1{/var/lib/texmf/fonts/map/pdftex/up
dmap/pdftex.map}{/usr/share/texmf/fonts/enc/dvips/lm/lm-ec.enc}{/usr/share/texm
f/fonts/enc/dvips/lm/lm-mathit.enc}{/usr/share/texmf/fonts/enc/dvips/lm/lm-rm.e
nc}]
No file article.toc.
[2] (./sections/01-scope.tex

LaTeX Warning: Citation `repo' on page 3 undefined on input line 5.


LaTeX Warning: Citation `nested' on page 3 undefined on input line 5.


LaTeX Warning: Citation `gauss' on page 3 undefined on input line 5.


LaTeX Warning: Citation `mellin' on page 3 undefined on input line 5.


LaTeX Warning: Citation `stharm' on page 3 undefined on input line 5.


LaTeX Warning: Citation `translation' on page 3 undefined on input line 5.


LaTeX Warning: Reference `sec:discrete' on page 3 undefined on input line 29.


LaTeX Warning: Reference `sec:direction' on page 3 undefined on input line 32.


LaTeX Warning: Reference `sec:symmetric' on page 3 undefined on input line 35.


LaTeX Warning: Reference `sec:roots' on page 3 undefined on input line 38.


LaTeX Warning: Reference `sec:gap' on page 3 undefined on input line 41.


LaTeX Warning: Reference `sec:spectral' on page 3 undefined on input line 44.


LaTeX Warning: Citation `hoffman' on page 3 undefined on input line 50.


LaTeX Warning: Citation `mow' on page 3 undefined on input line 52.


LaTeX Warning: Citation `guozhang' on page 3 undefined on input line 52.


LaTeX Warning: Citation `rui' on page 3 undefined on input line 53.


LaTeX Warning: Citation `xu' on page 3 undefined on input line 53.


LaTeX Warning: Citation `dowker' on page 3 undefined on input line 54.


LaTeX Warning: Citation `gurel' on page 3 undefined on input line 54.


LaTeX Warning: Citation `mizuno' on page 3 undefined on input line 54.

[3]

LaTeX Warning: Citation `dlmf' on page 4 undefined on input line 70.

) (./sections/02-discrete-products.tex

LaTeX Warning: Reference `eq:gshift' on page 4 undefined on input line 3.

[4{/usr/share/texmf/fonts/enc/dvips/lm/lm-mathsy.enc}{/usr/share/texmf/fonts/en
c/dvips/lm/lm-mathex.enc}]

LaTeX Warning: Reference `eq:gasym' on page 5 undefined on input line 31.


LaTeX Warning: Reference `eq:gshift' on page 5 undefined on input line 76.


LaTeX Warning: Reference `eq:product-tail' on page 5 undefined on input line 84
.


LaTeX Warning: Reference `lem:gasym' on page 5 undefined on input line 87.


LaTeX Warning: Reference `eq:allproduct' on page 5 undefined on input line 98.

[5]

LaTeX Warning: Reference `eq:product-summand' on page 6 undefined on input line
 102.


LaTeX Warning: Reference `eq:allproduct' on page 6 undefined on input line 103.



LaTeX Warning: Reference `thm:discrete' on page 6 undefined on input line 133.


LaTeX Warning: Reference `eq:Sdef' on page 6 undefined on input line 134.


LaTeX Warning: Reference `eq:product-summand' on page 6 undefined on input line
 136.

[6]

LaTeX Warning: Reference `eq:zshiftder' on page 7 undefined on input line 182.

) (./sections/03-directional-hurwitz.tex

LaTeX Warning: Citation `mow' on page 7 undefined on input line 8.

[7]

LaTeX Warning: Reference `eq:doublegerm' on page 8 undefined on input line 66.


LaTeX Warning: Reference `eq:doublegerm' on page 8 undefined on input line 77.


LaTeX Warning: Reference `eq:Hsym' on page 8 undefined on input line 77.


LaTeX Warning: Reference `eq:H00' on page 8 undefined on input line 78.


LaTeX Warning: Reference `eq:doublegerm' on page 8 undefined on input line 106.



LaTeX Warning: Reference `eq:H00' on page 8 undefined on input line 107.

[8]

LaTeX Warning: Reference `eq:curved-FP' on page 9 undefined on input line 164.


LaTeX Warning: Reference `eq:Sdef' on page 9 undefined on input line 168.

[9]

LaTeX Warning: Reference `eq:Hrepresentation' on page 10 undefined on input lin
e 198.


LaTeX Warning: Reference `eq:Hcoeff' on page 10 undefined on input line 201.


LaTeX Warning: Reference `eq:doublegerm' on page 10 undefined on input line 202
.


LaTeX Warning: Reference `eq:direction-all' on page 10 undefined on input line 
202.


LaTeX Warning: Reference `eq:Hsym' on page 10 undefined on input line 205.


LaTeX Warning: Reference `eq:Hcoeff' on page 10 undefined on input line 206.


LaTeX Warning: Reference `eq:Stwo' on page 10 undefined on input line 206.

) (./sections/04-symmetric-hurwitz.tex

LaTeX Warning: Citation `hoffman' on page 10 undefined on input line 8.


LaTeX Warning: Reference `eq:partition' on page 10 undefined on input line 42.

[10]

LaTeX Warning: Reference `eq:partition' on page 11 undefined on input line 74.


LaTeX Warning: Reference `eq:singletoncoeff' on page 11 undefined on input line
 75.


LaTeX Warning: Reference `eq:blockcoeff' on page 11 undefined on input line 77.



LaTeX Warning: Reference `eq:symcoeff' on page 11 undefined on input line 77.


LaTeX Warning: Reference `eq:direction-FP' on page 11 undefined on input line 9
8.


LaTeX Warning: Reference `eq:sym2' on page 11 undefined on input line 99.


LaTeX Warning: Reference `eq:sym3diagonal' on page 11 undefined on input line 1
19.

[11]

LaTeX Warning: Citation `guozhang' on page 12 undefined on input line 135.


LaTeX Warning: Reference `thm:doublegerm' on page 12 undefined on input line 13
7.


LaTeX Warning: Reference `thm:symcoeff' on page 12 undefined on input line 137.


) (./sections/05-gamma-roots.tex

LaTeX Warning: Citation `nested' on page 12 undefined on input line 9.


LaTeX Warning: Reference `mz:G' on page 12 undefined on input line 39.

[12]

LaTeX Warning: Reference `mz:L' on page 13 undefined on input line 106.


LaTeX Warning: Reference `mz:Lrec' on page 13 undefined on input line 107.


LaTeX Warning: Reference `mz:M' on page 13 undefined on input line 117.


LaTeX Warning: Reference `mz:Mrec' on page 13 undefined on input line 117.


LaTeX Warning: Reference `mz:Minitial' on page 13 undefined on input line 119.


LaTeX Warning: Reference `mz:Lrec' on page 13 undefined on input line 121.


LaTeX Warning: Reference `mz:Mrec' on page 13 undefined on input line 121.


LaTeX Warning: Reference `mz:Mrec' on page 13 undefined on input line 126.

[13] [14]

LaTeX Warning: Reference `mz:b' on page 15 undefined on input line 244.


LaTeX Warning: Reference `mz:b' on page 15 undefined on input line 256.


LaTeX Warning: Reference `mz:allzero' on page 15 undefined on input line 269.

[15]

LaTeX Warning: Reference `mz:thm:primitive' on page 16 undefined on input line 
297.


LaTeX Warning: Reference `mz:allzero' on page 16 undefined on input line 298.


LaTeX Warning: Reference `mz:Mellin' on page 16 undefined on input line 346.

[16]

LaTeX Warning: Reference `mz:J' on page 17 undefined on input line 395.


LaTeX Warning: Reference `mz:JLaurent' on page 17 undefined on input line 410.


LaTeX Warning: Reference `mz:Lseries' on page 17 undefined on input line 411.


LaTeX Warning: Reference `mz:Mseries' on page 17 undefined on input line 411.


LaTeX Warning: Reference `mz:e' on page 17 undefined on input line 412.

[17]) (./sections/06-shifted-polylogarithms.tex

LaTeX Warning: Citation `panzer' on page 18 undefined on input line 15.


LaTeX Warning: Citation `xu' on page 18 undefined on input line 17.

[18]

LaTeX Warning: Reference `gap:eq:def' on page 19 undefined on input line 68.


LaTeX Warning: Reference `gap:eq:domain' on page 19 undefined on input line 69.



LaTeX Warning: Reference `gap:eq:domain' on page 19 undefined on input line 84.



LaTeX Warning: Reference `gap:eq:seed' on page 19 undefined on input line 121.

[19]

LaTeX Warning: Reference `gap:eq:seed' on page 20 undefined on input line 155.


LaTeX Warning: Reference `gap:eq:all-derivative' on page 20 undefined on input 
line 159.


LaTeX Warning: Reference `gap:eq:all' on page 20 undefined on input line 161.


LaTeX Warning: Reference `gap:eq:all' on page 20 undefined on input line 192.

[20]

LaTeX Warning: Reference `gap:eq:log-primitive' on page 21 undefined on input l
ine 226.


LaTeX Warning: Reference `gap:eq:all' on page 21 undefined on input line 229.


LaTeX Warning: Reference `gap:eq:def' on page 21 undefined on input line 249.

[21]

LaTeX Warning: Reference `gap:eq:all' on page 22 undefined on input line 297.


LaTeX Warning: Reference `gap:eq:diagonal11' on page 22 undefined on input line
 312.


LaTeX Warning: Reference `gap:eq:diagonal' on page 22 undefined on input line 3
36.

[22]

LaTeX Warning: Reference `gap:eq:half11' on page 23 undefined on input line 374
.


LaTeX Warning: Reference `gap:eq:primitive' on page 23 undefined on input line 
408.

[23]

LaTeX Warning: Reference `gap:eq:all' on page 24 undefined on input line 430.


LaTeX Warning: Reference `gap:eq:diagonal' on page 24 undefined on input line 4
30.


LaTeX Warning: Reference `gap:eq:all' on page 24 undefined on input line 454.


LaTeX Warning: Reference `gap:eq:all' on page 24 undefined on input line 464.


LaTeX Warning: Reference `gap:eq:primitive' on page 24 undefined on input line 
474.

[24]) (./sections/07-spectral-products.tex

LaTeX Warning: Citation `dowker' on page 25 undefined on input line 14.


LaTeX Warning: Citation `gurel' on page 25 undefined on input line 15.


LaTeX Warning: Citation `mizuno' on page 25 undefined on input line 15.


LaTeX Warning: Reference `sp:def' on page 25 undefined on input line 52.

[25]

LaTeX Warning: Reference `sp:C' on page 26 undefined on input line 81.


LaTeX Warning: Reference `sp:continuation' on page 26 undefined on input line 8
9.


LaTeX Warning: Reference `sp:germ' on page 26 undefined on input line 91.


LaTeX Warning: Reference `sp:H' on page 26 undefined on input line 92.

(/usr/share/texlive/texmf-dist/tex/latex/amsfonts/ueuf.fd)
(/usr/share/texlive/texmf-dist/tex/latex/microtype/mt-euf.cfg)

LaTeX Warning: Reference `sp:germ' on page 26 undefined on input line 132.


LaTeX Warning: Reference `sp:Rhomogeneous' on page 26 undefined on input line 1
34.

[26]

LaTeX Warning: Reference `sp:Rhomogeneous' on page 27 undefined on input line 1
66.


LaTeX Warning: Reference `sp:finite-difference' on page 27 undefined on input l
ine 176.


LaTeX Warning: Reference `sp:leading' on page 27 undefined on input line 178.


LaTeX Warning: Reference `sp:continuation' on page 27 undefined on input line 2
13.


LaTeX Warning: Reference `sp:alljets' on page 27 undefined on input line 216.


LaTeX Warning: Reference `sp:thm:germ' on page 27 undefined on input line 217.

[27]

LaTeX Warning: Reference `sp:Cpoch' on page 28 undefined on input line 230.


LaTeX Warning: Reference `sp:anomaly' on page 28 undefined on input line 259.


LaTeX Warning: Reference `sp:anomaly' on page 28 undefined on input line 268.


LaTeX Warning: Citation `dlmf' on page 28 undefined on input line 290.

[28]

LaTeX Warning: Reference `sp:leading' on page 29 undefined on input line 333.


LaTeX Warning: Reference `sp:scaling' on page 29 undefined on input line 341.


LaTeX Warning: Reference `sp:sixterm' on page 29 undefined on input line 343.


LaTeX Warning: Reference `sp:finite-difference' on page 29 undefined on input l
ine 345.

[29]

LaTeX Warning: Reference `sp:homogeneous' on page 30 undefined on input line 38
7.


LaTeX Warning: Reference `sp:elementary-alternant' on page 30 undefined on inpu
t line 399.


LaTeX Warning: Reference `sp:Rhomogeneous' on page 30 undefined on input line 4
02.


LaTeX Warning: Reference `sp:alternant' on page 30 undefined on input line 409.



LaTeX Warning: Reference `sp:scaling' on page 30 undefined on input line 409.


LaTeX Warning: Reference `sp:alternant-leading' on page 30 undefined on input l
ine 413.


LaTeX Warning: Reference `sp:alternant-leading' on page 30 undefined on input l
ine 417.


LaTeX Warning: Reference `sp:sixterm' on page 30 undefined on input line 417.

[30]

LaTeX Warning: Reference `sp:shiftderivative' on page 31 undefined on input lin
e 445.


LaTeX Warning: Reference `sp:base' on page 31 undefined on input line 454.


LaTeX Warning: Reference `sp:continuation' on page 31 undefined on input line 4
92.


LaTeX Warning: Reference `sp:loggerm' on page 31 undefined on input line 499.


LaTeX Warning: Reference `sp:loghomogeneous' on page 31 undefined on input line
 501.


LaTeX Warning: Reference `sp:thm:polarization' on page 31 undefined on input li
ne 502.


LaTeX Warning: Reference `sp:logdifference' on page 31 undefined on input line 
503.


LaTeX Warning: Reference `sp:loghomogeneous' on page 31 undefined on input line
 506.


LaTeX Warning: Reference `sp:thm:alternant' on page 31 undefined on input line 
513.


LaTeX Warning: Reference `sp:loghomogeneous' on page 31 undefined on input line
 515.

[31]

LaTeX Warning: Reference `sp:logjet' on page 32 undefined on input line 528.

) (./sections/08-audit-research.tex

LaTeX Warning: Reference `mz:thm:zero' on page 32 undefined on input line 16.


LaTeX Warning: Reference `mz:thm:primitive' on page 32 undefined on input line 
17.


LaTeX Warning: Reference `mz:thm:coefficients' on page 32 undefined on input li
ne 17.


LaTeX Warning: Reference `thm:doublegerm' on page 32 undefined on input line 22
.


LaTeX Warning: Reference `thm:curved' on page 32 undefined on input line 22.


LaTeX Warning: Reference `thm:symcoeff' on page 32 undefined on input line 24.


LaTeX Warning: Reference `sec:gap' on page 32 undefined on input line 38.


LaTeX Warning: Reference `sec:spectral' on page 32 undefined on input line 43.

[32]

LaTeX Warning: Citation `repo' on page 33 undefined on input line 54.


LaTeX Warning: Citation `gurel' on page 33 undefined on input line 67.

[33]

LaTeX Warning: Reference `eq:direction-FP' on page 34 undefined on input line 1
06.


LaTeX Warning: Reference `eq:curved-FP' on page 34 undefined on input line 106.



LaTeX Warning: Reference `sp:alljets' on page 34 undefined on input line 119.


LaTeX Warning: Reference `sp:loghomogeneous' on page 34 undefined on input line
 119.


LaTeX Warning: Reference `eq:product-summand' on page 34 undefined on input lin
e 122.


LaTeX Warning: Reference `mz:Mrec' on page 34 undefined on input line 123.


LaTeX Warning: Reference `gap:eq:log-primitive' on page 34 undefined on input l
ine 124.


LaTeX Warning: Reference `eq:doublegerm' on page 34 undefined on input line 168
.


LaTeX Warning: Reference `eq:sym3' on page 34 undefined on input line 172.


LaTeX Warning: Citation `mow' on page 34 undefined on input line 173.

[34]

LaTeX Warning: Reference `sec:direction' on page 35 undefined on input line 177
.


LaTeX Warning: Reference `sec:symmetric' on page 35 undefined on input line 177
.


LaTeX Warning: Citation `guozhang' on page 35 undefined on input line 180.


LaTeX Warning: Reference `thm:curved' on page 35 undefined on input line 184.


LaTeX Warning: Reference `mz:thm:zero' on page 35 undefined on input line 199.


LaTeX Warning: Reference `eq:Stwo' on page 35 undefined on input line 207.


LaTeX Warning: Reference `eq:Hcoeff' on page 35 undefined on input line 210.


LaTeX Warning: Reference `gap:eq:diagonal' on page 35 undefined on input line 2
15.


LaTeX Warning: Reference `gap:eq:primitive' on page 35 undefined on input line 
217.

[35]

LaTeX Warning: Reference `sp:thm:polynomial' on page 36 undefined on input line
 231.


LaTeX Warning: Reference `sec:spectral' on page 36 undefined on input line 240.


) (./references.tex

LaTeX Warning: Citation `repo' on page 36 undefined on input line 17.


LaTeX Warning: Citation `repo' on page 36 undefined on input line 25.


LaTeX Warning: Citation `repo' on page 36 undefined on input line 31.


LaTeX Warning: Citation `repo' on page 36 undefined on input line 37.


LaTeX Warning: Citation `repo' on page 36 undefined on input line 44.

[36]

LaTeX Warning: Reference `sec:audit' on page 37 undefined on input line 95.

) [37] (./article.aux)

LaTeX Warning: There were undefined references.


LaTeX Warning: Label(s) may have changed. Rerun to get cross-references right.

 )</usr/share/texlive/texmf-dist/fonts/type1/public/amsfonts/euler/eufm10.pfb><
/usr/share/texmf/fonts/type1/public/lm/lmbx10.pfb></usr/share/texmf/fonts/type1
/public/lm/lmbx12.pfb></usr/share/texmf/fonts/type1/public/lm/lmex10.pfb></usr/
share/texmf/fonts/type1/public/lm/lmmi10.pfb></usr/share/texmf/fonts/type1/publ
ic/lm/lmmi6.pfb></usr/share/texmf/fonts/type1/public/lm/lmmi8.pfb></usr/share/t
exmf/fonts/type1/public/lm/lmmib10.pfb></usr/share/texmf/fonts/type1/public/lm/
lmmib7.pfb></usr/share/texmf/fonts/type1/public/lm/lmr10.pfb></usr/share/texmf/
fonts/type1/public/lm/lmr12.pfb></usr/share/texmf/fonts/type1/public/lm/lmr17.p
fb></usr/share/texmf/fonts/type1/public/lm/lmr6.pfb></usr/share/texmf/fonts/typ
e1/public/lm/lmr7.pfb></usr/share/texmf/fonts/type1/public/lm/lmr8.pfb></usr/sh
are/texmf/fonts/type1/public/lm/lmri10.pfb></usr/share/texmf/fonts/type1/public
/lm/lmsy10.pfb></usr/share/texmf/fonts/type1/public/lm/lmsy6.pfb></usr/share/te
xmf/fonts/type1/public/lm/lmsy8.pfb></usr/share/texmf/fonts/type1/public/lm/lmt
t10.pfb></usr/share/texlive/texmf-dist/fonts/type1/public/amsfonts/symbols/msbm
10.pfb>
Output written on article.pdf (37 pages, 533138 bytes).
Transcript written on article.log.
Latexmk: Missing input file 'article.toc' (or dependence on it) from following:
  No file article.toc.
Latexmk: Getting log file 'article.log'
Latexmk: Examining 'article.fls'
Latexmk: Examining 'article.log'
Latexmk: References changed.
Latexmk: Log file says output to 'article.pdf'
Latexmk: applying rule 'pdflatex'...
Rule 'pdflatex':  Reasons for rerun
Changed files or newly in use/created:
  article.aux
  article.toc

------------
Run number 2 of rule 'pdflatex'
------------
------------
Running 'pdflatex  -interaction=nonstopmode -halt-on-error -recorder  "article.tex"'
------------
This is pdfTeX, Version 3.141592653-2.6-1.40.25 (TeX Live 2023/Debian) (preloaded format=pdflatex)
 restricted \write18 enabled.
entering extended mode
(./article.tex
LaTeX2e <2023-11-01> patch level 1
L3 programming layer <2024-01-22>
(/usr/share/texlive/texmf-dist/tex/latex/base/article.cls
Document Class: article 2023/05/17 v1.4n Standard LaTeX document class
(/usr/share/texlive/texmf-dist/tex/latex/base/size11.clo))
(/usr/share/texlive/texmf-dist/tex/latex/geometry/geometry.sty
(/usr/share/texlive/texmf-dist/tex/latex/graphics/keyval.sty)
(/usr/share/texlive/texmf-dist/tex/generic/iftex/ifvtex.sty
(/usr/share/texlive/texmf-dist/tex/generic/iftex/iftex.sty)))
(/usr/share/texlive/texmf-dist/tex/latex/base/fontenc.sty)
(/usr/share/texmf/tex/latex/lm/lmodern.sty)
(/usr/share/texlive/texmf-dist/tex/latex/amsmath/amsmath.sty
For additional information on amsmath, use the `?' option.
(/usr/share/texlive/texmf-dist/tex/latex/amsmath/amstext.sty
(/usr/share/texlive/texmf-dist/tex/latex/amsmath/amsgen.sty))
(/usr/share/texlive/texmf-dist/tex/latex/amsmath/amsbsy.sty)
(/usr/share/texlive/texmf-dist/tex/latex/amsmath/amsopn.sty))
(/usr/share/texlive/texmf-dist/tex/latex/amsfonts/amssymb.sty
(/usr/share/texlive/texmf-dist/tex/latex/amsfonts/amsfonts.sty))
(/usr/share/texlive/texmf-dist/tex/latex/amscls/amsthm.sty)
(/usr/share/texlive/texmf-dist/tex/latex/mathtools/mathtools.sty
(/usr/share/texlive/texmf-dist/tex/latex/tools/calc.sty)
(/usr/share/texlive/texmf-dist/tex/latex/mathtools/mhsetup.sty))
(/usr/share/texlive/texmf-dist/tex/latex/booktabs/booktabs.sty)
(/usr/share/texlive/texmf-dist/tex/latex/tools/longtable.sty)
(/usr/share/texlive/texmf-dist/tex/latex/tools/array.sty)
(/usr/share/texlive/texmf-dist/tex/latex/enumitem/enumitem.sty)
(/usr/share/texlive/texmf-dist/tex/latex/xcolor/xcolor.sty
(/usr/share/texlive/texmf-dist/tex/latex/graphics-cfg/color.cfg)
(/usr/share/texlive/texmf-dist/tex/latex/graphics-def/pdftex.def)
(/usr/share/texlive/texmf-dist/tex/latex/graphics/mathcolor.ltx))
(/usr/share/texlive/texmf-dist/tex/latex/microtype/microtype.sty
(/usr/share/texlive/texmf-dist/tex/latex/etoolbox/etoolbox.sty)
(/usr/share/texlive/texmf-dist/tex/latex/microtype/microtype-pdftex.def)
(/usr/share/texlive/texmf-dist/tex/latex/microtype/microtype.cfg))
(/usr/share/texlive/texmf-dist/tex/latex/xurl/xurl.sty
(/usr/share/texlive/texmf-dist/tex/latex/url/url.sty))
(/usr/share/texlive/texmf-dist/tex/latex/fancyhdr/fancyhdr.sty)
(/usr/share/texlive/texmf-dist/tex/latex/hyperref/hyperref.sty
(/usr/share/texlive/texmf-dist/tex/latex/kvsetkeys/kvsetkeys.sty)
(/usr/share/texlive/texmf-dist/tex/generic/kvdefinekeys/kvdefinekeys.sty)
(/usr/share/texlive/texmf-dist/tex/generic/pdfescape/pdfescape.sty
(/usr/share/texlive/texmf-dist/tex/generic/ltxcmds/ltxcmds.sty)
(/usr/share/texlive/texmf-dist/tex/generic/pdftexcmds/pdftexcmds.sty
(/usr/share/texlive/texmf-dist/tex/generic/infwarerr/infwarerr.sty)))
(/usr/share/texlive/texmf-dist/tex/latex/hycolor/hycolor.sty)
(/usr/share/texlive/texmf-dist/tex/latex/auxhook/auxhook.sty)
(/usr/share/texlive/texmf-dist/tex/latex/hyperref/nameref.sty
(/usr/share/texlive/texmf-dist/tex/latex/refcount/refcount.sty)
(/usr/share/texlive/texmf-dist/tex/generic/gettitlestring/gettitlestring.sty
(/usr/share/texlive/texmf-dist/tex/latex/kvoptions/kvoptions.sty)))
(/usr/share/texlive/texmf-dist/tex/latex/hyperref/pd1enc.def)
(/usr/share/texlive/texmf-dist/tex/generic/intcalc/intcalc.sty)
(/usr/share/texlive/texmf-dist/tex/latex/hyperref/puenc.def)
(/usr/share/texlive/texmf-dist/tex/generic/bitset/bitset.sty
(/usr/share/texlive/texmf-dist/tex/generic/bigintcalc/bigintcalc.sty))
(/usr/share/texlive/texmf-dist/tex/latex/base/atbegshi-ltx.sty))
(/usr/share/texlive/texmf-dist/tex/latex/hyperref/hpdftex.def
(/usr/share/texlive/texmf-dist/tex/latex/base/atveryend-ltx.sty)
(/usr/share/texlive/texmf-dist/tex/latex/rerunfilecheck/rerunfilecheck.sty
(/usr/share/texlive/texmf-dist/tex/generic/uniquecounter/uniquecounter.sty)))
(/usr/share/texlive/texmf-dist/tex/latex/bookmark/bookmark.sty
(/usr/share/texlive/texmf-dist/tex/latex/bookmark/bkm-pdftex.def))
(/usr/share/texlive/texmf-dist/tex/latex/needspace/needspace.sty)
(/usr/share/texmf/tex/latex/lm/t1lmr.fd)
(/usr/share/texlive/texmf-dist/tex/latex/l3backend/l3backend-pdftex.def)
(./article.aux)
*geometry* driver: auto-detecting
*geometry* detected driver: pdftex
(/usr/share/texlive/texmf-dist/tex/latex/graphics/graphicx.sty
(/usr/share/texlive/texmf-dist/tex/latex/graphics/graphics.sty
(/usr/share/texlive/texmf-dist/tex/latex/graphics/trig.sty)
(/usr/share/texlive/texmf-dist/tex/latex/graphics-cfg/graphics.cfg)))
(/usr/share/texlive/texmf-dist/tex/context/base/mkii/supp-pdf.mkii
[Loading MPS to PDF converter (version 2006.09.02).]
) (/usr/share/texlive/texmf-dist/tex/latex/epstopdf-pkg/epstopdf-base.sty
(/usr/share/texlive/texmf-dist/tex/latex/latexconfig/epstopdf-sys.cfg))
(/usr/share/texlive/texmf-dist/tex/latex/microtype/mt-cmr.cfg)
(/usr/share/texmf/tex/latex/lm/ot1lmr.fd)
(/usr/share/texmf/tex/latex/lm/omllmm.fd)
(/usr/share/texmf/tex/latex/lm/omslmsy.fd)
(/usr/share/texmf/tex/latex/lm/omxlmex.fd)
(/usr/share/texlive/texmf-dist/tex/latex/amsfonts/umsa.fd)
(/usr/share/texlive/texmf-dist/tex/latex/microtype/mt-msa.cfg)
(/usr/share/texlive/texmf-dist/tex/latex/amsfonts/umsb.fd)
(/usr/share/texlive/texmf-dist/tex/latex/microtype/mt-msb.cfg)
(/usr/share/texmf/tex/latex/lm/t1lmtt.fd) [1{/var/lib/texmf/fonts/map/pdftex/up
dmap/pdftex.map}{/usr/share/texmf/fonts/enc/dvips/lm/lm-ec.enc}{/usr/share/texm
f/fonts/enc/dvips/lm/lm-mathit.enc}{/usr/share/texmf/fonts/enc/dvips/lm/lm-rm.e
nc}] (./article.toc [2]) [3] (./sections/01-scope.tex [4])
(./sections/02-discrete-products.tex [5{/usr/share/texmf/fonts/enc/dvips/lm/lm-
mathsy.enc}{/usr/share/texmf/fonts/enc/dvips/lm/lm-mathex.enc}] [6] [7])
(./sections/03-directional-hurwitz.tex [8] [9] [10])
(./sections/04-symmetric-hurwitz.tex [11] [12]) (./sections/05-gamma-roots.tex
[13] [14] [15] [16] [17] [18]) (./sections/06-shifted-polylogarithms.tex
[19] [20] [21] [22] [23] [24] [25]) (./sections/07-spectral-products.tex
[26] (/usr/share/texlive/texmf-dist/tex/latex/amsfonts/ueuf.fd)
(/usr/share/texlive/texmf-dist/tex/latex/microtype/mt-euf.cfg) [27] [28]
[29] [30] [31] [32]) (./sections/08-audit-research.tex [33] [34] [35] [36])
(./references.tex [37]) [38] (./article.aux)

LaTeX Warning: Label(s) may have changed. Rerun to get cross-references right.

 )</usr/share/texlive/texmf-dist/fonts/type1/public/amsfonts/euler/eufm10.pfb><
/usr/share/texmf/fonts/type1/public/lm/lmbx10.pfb></usr/share/texmf/fonts/type1
/public/lm/lmbx12.pfb></usr/share/texmf/fonts/type1/public/lm/lmex10.pfb></usr/
share/texmf/fonts/type1/public/lm/lmmi10.pfb></usr/share/texmf/fonts/type1/publ
ic/lm/lmmi6.pfb></usr/share/texmf/fonts/type1/public/lm/lmmi8.pfb></usr/share/t
exmf/fonts/type1/public/lm/lmmib10.pfb></usr/share/texmf/fonts/type1/public/lm/
lmmib7.pfb></usr/share/texmf/fonts/type1/public/lm/lmr10.pfb></usr/share/texmf/
fonts/type1/public/lm/lmr12.pfb></usr/share/texmf/fonts/type1/public/lm/lmr17.p
fb></usr/share/texmf/fonts/type1/public/lm/lmr6.pfb></usr/share/texmf/fonts/typ
e1/public/lm/lmr7.pfb></usr/share/texmf/fonts/type1/public/lm/lmr8.pfb></usr/sh
are/texmf/fonts/type1/public/lm/lmri10.pfb></usr/share/texmf/fonts/type1/public
/lm/lmsy10.pfb></usr/share/texmf/fonts/type1/public/lm/lmsy6.pfb></usr/share/te
xmf/fonts/type1/public/lm/lmsy8.pfb></usr/share/texmf/fonts/type1/public/lm/lmt
t10.pfb></usr/share/texlive/texmf-dist/fonts/type1/public/amsfonts/symbols/msbm
10.pfb>
Output written on article.pdf (38 pages, 544973 bytes).
Transcript written on article.log.
Latexmk: Getting log file 'article.log'
Latexmk: Examining 'article.fls'
Latexmk: Examining 'article.log'
Latexmk: References changed.
Latexmk: Log file says output to 'article.pdf'
Latexmk: applying rule 'pdflatex'...
Rule 'pdflatex':  Reasons for rerun
Changed files or newly in use/created:
  article.aux
  article.toc

------------
Run number 3 of rule 'pdflatex'
------------
------------
Running 'pdflatex  -interaction=nonstopmode -halt-on-error -recorder  "article.tex"'
------------
This is pdfTeX, Version 3.141592653-2.6-1.40.25 (TeX Live 2023/Debian) (preloaded format=pdflatex)
 restricted \write18 enabled.
entering extended mode
(./article.tex
LaTeX2e <2023-11-01> patch level 1
L3 programming layer <2024-01-22>
(/usr/share/texlive/texmf-dist/tex/latex/base/article.cls
Document Class: article 2023/05/17 v1.4n Standard LaTeX document class
(/usr/share/texlive/texmf-dist/tex/latex/base/size11.clo))
(/usr/share/texlive/texmf-dist/tex/latex/geometry/geometry.sty
(/usr/share/texlive/texmf-dist/tex/latex/graphics/keyval.sty)
(/usr/share/texlive/texmf-dist/tex/generic/iftex/ifvtex.sty
(/usr/share/texlive/texmf-dist/tex/generic/iftex/iftex.sty)))
(/usr/share/texlive/texmf-dist/tex/latex/base/fontenc.sty)
(/usr/share/texmf/tex/latex/lm/lmodern.sty)
(/usr/share/texlive/texmf-dist/tex/latex/amsmath/amsmath.sty
For additional information on amsmath, use the `?' option.
(/usr/share/texlive/texmf-dist/tex/latex/amsmath/amstext.sty
(/usr/share/texlive/texmf-dist/tex/latex/amsmath/amsgen.sty))
(/usr/share/texlive/texmf-dist/tex/latex/amsmath/amsbsy.sty)
(/usr/share/texlive/texmf-dist/tex/latex/amsmath/amsopn.sty))
(/usr/share/texlive/texmf-dist/tex/latex/amsfonts/amssymb.sty
(/usr/share/texlive/texmf-dist/tex/latex/amsfonts/amsfonts.sty))
(/usr/share/texlive/texmf-dist/tex/latex/amscls/amsthm.sty)
(/usr/share/texlive/texmf-dist/tex/latex/mathtools/mathtools.sty
(/usr/share/texlive/texmf-dist/tex/latex/tools/calc.sty)
(/usr/share/texlive/texmf-dist/tex/latex/mathtools/mhsetup.sty))
(/usr/share/texlive/texmf-dist/tex/latex/booktabs/booktabs.sty)
(/usr/share/texlive/texmf-dist/tex/latex/tools/longtable.sty)
(/usr/share/texlive/texmf-dist/tex/latex/tools/array.sty)
(/usr/share/texlive/texmf-dist/tex/latex/enumitem/enumitem.sty)
(/usr/share/texlive/texmf-dist/tex/latex/xcolor/xcolor.sty
(/usr/share/texlive/texmf-dist/tex/latex/graphics-cfg/color.cfg)
(/usr/share/texlive/texmf-dist/tex/latex/graphics-def/pdftex.def)
(/usr/share/texlive/texmf-dist/tex/latex/graphics/mathcolor.ltx))
(/usr/share/texlive/texmf-dist/tex/latex/microtype/microtype.sty
(/usr/share/texlive/texmf-dist/tex/latex/etoolbox/etoolbox.sty)
(/usr/share/texlive/texmf-dist/tex/latex/microtype/microtype-pdftex.def)
(/usr/share/texlive/texmf-dist/tex/latex/microtype/microtype.cfg))
(/usr/share/texlive/texmf-dist/tex/latex/xurl/xurl.sty
(/usr/share/texlive/texmf-dist/tex/latex/url/url.sty))
(/usr/share/texlive/texmf-dist/tex/latex/fancyhdr/fancyhdr.sty)
(/usr/share/texlive/texmf-dist/tex/latex/hyperref/hyperref.sty
(/usr/share/texlive/texmf-dist/tex/latex/kvsetkeys/kvsetkeys.sty)
(/usr/share/texlive/texmf-dist/tex/generic/kvdefinekeys/kvdefinekeys.sty)
(/usr/share/texlive/texmf-dist/tex/generic/pdfescape/pdfescape.sty
(/usr/share/texlive/texmf-dist/tex/generic/ltxcmds/ltxcmds.sty)
(/usr/share/texlive/texmf-dist/tex/generic/pdftexcmds/pdftexcmds.sty
(/usr/share/texlive/texmf-dist/tex/generic/infwarerr/infwarerr.sty)))
(/usr/share/texlive/texmf-dist/tex/latex/hycolor/hycolor.sty)
(/usr/share/texlive/texmf-dist/tex/latex/auxhook/auxhook.sty)
(/usr/share/texlive/texmf-dist/tex/latex/hyperref/nameref.sty
(/usr/share/texlive/texmf-dist/tex/latex/refcount/refcount.sty)
(/usr/share/texlive/texmf-dist/tex/generic/gettitlestring/gettitlestring.sty
(/usr/share/texlive/texmf-dist/tex/latex/kvoptions/kvoptions.sty)))
(/usr/share/texlive/texmf-dist/tex/latex/hyperref/pd1enc.def)
(/usr/share/texlive/texmf-dist/tex/generic/intcalc/intcalc.sty)
(/usr/share/texlive/texmf-dist/tex/latex/hyperref/puenc.def)
(/usr/share/texlive/texmf-dist/tex/generic/bitset/bitset.sty
(/usr/share/texlive/texmf-dist/tex/generic/bigintcalc/bigintcalc.sty))
(/usr/share/texlive/texmf-dist/tex/latex/base/atbegshi-ltx.sty))
(/usr/share/texlive/texmf-dist/tex/latex/hyperref/hpdftex.def
(/usr/share/texlive/texmf-dist/tex/latex/base/atveryend-ltx.sty)
(/usr/share/texlive/texmf-dist/tex/latex/rerunfilecheck/rerunfilecheck.sty
(/usr/share/texlive/texmf-dist/tex/generic/uniquecounter/uniquecounter.sty)))
(/usr/share/texlive/texmf-dist/tex/latex/bookmark/bookmark.sty
(/usr/share/texlive/texmf-dist/tex/latex/bookmark/bkm-pdftex.def))
(/usr/share/texlive/texmf-dist/tex/latex/needspace/needspace.sty)
(/usr/share/texmf/tex/latex/lm/t1lmr.fd)
(/usr/share/texlive/texmf-dist/tex/latex/l3backend/l3backend-pdftex.def)
(./article.aux)
*geometry* driver: auto-detecting
*geometry* detected driver: pdftex
(/usr/share/texlive/texmf-dist/tex/latex/graphics/graphicx.sty
(/usr/share/texlive/texmf-dist/tex/latex/graphics/graphics.sty
(/usr/share/texlive/texmf-dist/tex/latex/graphics/trig.sty)
(/usr/share/texlive/texmf-dist/tex/latex/graphics-cfg/graphics.cfg)))
(/usr/share/texlive/texmf-dist/tex/context/base/mkii/supp-pdf.mkii
[Loading MPS to PDF converter (version 2006.09.02).]
) (/usr/share/texlive/texmf-dist/tex/latex/epstopdf-pkg/epstopdf-base.sty
(/usr/share/texlive/texmf-dist/tex/latex/latexconfig/epstopdf-sys.cfg))
(/usr/share/texlive/texmf-dist/tex/latex/microtype/mt-cmr.cfg)
(/usr/share/texmf/tex/latex/lm/ot1lmr.fd)
(/usr/share/texmf/tex/latex/lm/omllmm.fd)
(/usr/share/texmf/tex/latex/lm/omslmsy.fd)
(/usr/share/texmf/tex/latex/lm/omxlmex.fd)
(/usr/share/texlive/texmf-dist/tex/latex/amsfonts/umsa.fd)
(/usr/share/texlive/texmf-dist/tex/latex/microtype/mt-msa.cfg)
(/usr/share/texlive/texmf-dist/tex/latex/amsfonts/umsb.fd)
(/usr/share/texlive/texmf-dist/tex/latex/microtype/mt-msb.cfg)
(/usr/share/texmf/tex/latex/lm/t1lmtt.fd) [1{/var/lib/texmf/fonts/map/pdftex/up
dmap/pdftex.map}{/usr/share/texmf/fonts/enc/dvips/lm/lm-ec.enc}{/usr/share/texm
f/fonts/enc/dvips/lm/lm-mathit.enc}{/usr/share/texmf/fonts/enc/dvips/lm/lm-rm.e
nc}] (./article.toc [2]) [3] (./sections/01-scope.tex [4])
(./sections/02-discrete-products.tex [5{/usr/share/texmf/fonts/enc/dvips/lm/lm-
mathsy.enc}{/usr/share/texmf/fonts/enc/dvips/lm/lm-mathex.enc}] [6] [7])
(./sections/03-directional-hurwitz.tex [8] [9] [10])
(./sections/04-symmetric-hurwitz.tex [11] [12]) (./sections/05-gamma-roots.tex
[13] [14] [15] [16] [17] [18]) (./sections/06-shifted-polylogarithms.tex
[19] [20] [21] [22] [23] [24] [25]) (./sections/07-spectral-products.tex
[26] (/usr/share/texlive/texmf-dist/tex/latex/amsfonts/ueuf.fd)
(/usr/share/texlive/texmf-dist/tex/latex/microtype/mt-euf.cfg) [27]