Exact cutoff inequalities pass; saddle is between4/5 and5/6; m>=70 suffices
Verified all 68 moment traces and 4828 response orders; manifest integrity passed
Exact cubic confirms H_(2,3)=-488/27
{
  "variable": "u=t^2",
  "pressure_coefficients_through_u6": [
    "0",
    "-2",
    "0",
    "376/45",
    "6836/189",
    "105448/2025",
    "-35360872/93555"
  ],
  "cubic": "lambda^3-(3/4+C)lambda^2+(1/4+5C/8)lambda-1/8",
  "C": "cos(2t)",
  "residual_through_u6": [
    "0",
    "0",
    "0",
    "0",
    "0",
    "0",
    "0"
  ],
  "simple_root_derivative_at_lambda1_C1": "3/8",
  "coefficient_t12": "-35360872/93555",
  "all_checks_passed": true
}
All four repaired quick checks passed, including all 68 traces; no matrix regeneration was performed
