{
  "status": "PASS",
  "python": "3.13.5",
  "arithmetic": "exact integers, fractions, and Q(sqrt(17)); no floats",
  "levels": 12,
  "maximum_direct_frequency": 4096,
  "cutoff_coefficient_checks": 16395,
  "dual_eigenfunctional_checks": 24579,
  "band_invariance_and_descent_checks": 89014,
  "energy_recurrence_checks": 52,
  "closed_energy_checks": 26,
  "positive_eigenfunction_checks": 5,
  "characteristic_polynomials_descending": {
    "b2_m1": [
      "1",
      "0",
      "-3/16",
      "-1/32"
    ],
    "b2_m2": [
      "1",
      "0",
      "-27/256",
      "-7/2048",
      "13/8192",
      "-1/16384"
    ]
  },
  "scope": "Finite algebraic checks only. Infinite-dimensional spectra and sharp asymptotic theorems are proved in article.tex, not certified by finite sampling."
}
