whole survivor-00 explicit {'pairwise': 0.0031530230007774662, 'control': 0.002908273003413342, 'adaptive': 0.003186360998370219, 'joint': 0.0028812229975301307}
whole survivor-00 compressed {'pairwise': 0.01180848799776868, 'control': 0.011769831999117741, 'adaptive': 0.012613133996637771, 'joint': 0.012438026002200786}
whole survivor-01 explicit {'pairwise': 0.002398481999989599, 'control': 0.0024662619980517775, 'adaptive': 0.002383831000770442, 'joint': 0.0023761990014463663}
whole survivor-01 compressed {'pairwise': 0.010593599999992875, 'control': 0.009841041999607114, 'adaptive': 0.009966445999452844, 'joint': 0.01016647099822876}
whole survivor-02 explicit {'pairwise': 0.0028656799986492842, 'control': 0.002721136999753071, 'adaptive': 0.0029402599975583144, 'joint': 0.002800704001856502}
whole survivor-02 compressed {'pairwise': 0.0138204909999331, 'control': 0.011141687002236722, 'adaptive': 0.013875512999220518, 'joint': 0.012564511998789385}
whole survivor-03 explicit {'pairwise': 0.0021676319993275683, 'control': 0.002009208001254592, 'adaptive': 0.002405612998700235, 'joint': 0.0023163000005297363}
whole survivor-03 compressed {'pairwise': 0.008430714999121847, 'control': 0.008945872999902349, 'adaptive': 0.009904005000862526, 'joint': 0.009100672003114596}
whole mirror-03 explicit {'pairwise': 0.004944641998008592, 'control': 0.004841829999350011, 'adaptive': 0.004580034001264721, 'joint': 0.005710288998670876}
whole mirror-03 compressed {'pairwise': 0.016981687000225065, 'control': 0.017270006999751786, 'adaptive': 0.016327843000908615, 'joint': 0.018419284002447966}
whole survivor-04 explicit {'pairwise': 0.0017739709983288776, 'control': 0.0017776759996195324, 'adaptive': 0.0016944439994404092, 'joint': 0.0016777700002421625}
whole survivor-04 compressed {'pairwise': 0.007897784002125263, 'control': 0.006900817003042903, 'adaptive': 0.007899927000835305, 'joint': 0.006299800999840954}
whole survivor-05 explicit {'pairwise': 0.0030781299974478316, 'control': 0.0031009740014269482, 'adaptive': 0.0031154550015344284, 'joint': 0.003045923000172479}
whole survivor-05 compressed {'pairwise': 0.013460240999847883, 'control': 0.012994354998227209, 'adaptive': 0.012339300999883562, 'joint': 0.01252923100037151}
whole survivor-06 explicit {'pairwise': 0.002287597002577968, 'control': 0.0020778580001206137, 'adaptive': 0.002127181000105338, 'joint': 0.0021010420023230836}
whole survivor-06 compressed {'pairwise': 0.0069859420000284445, 'control': 0.007012609999947017, 'adaptive': 0.006998610999289667, 'joint': 0.00693226300063543}
whole survivor-07 explicit {'pairwise': 0.0030581199971493334, 'control': 0.00306556199939223, 'adaptive': 0.003062968000449473, 'joint': 0.002945885997178266}
whole survivor-07 compressed {'pairwise': 0.01395215500087943, 'control': 0.013455623997288058, 'adaptive': 0.015292677002435084, 'joint': 0.014918746997864218}
whole survivor-08 explicit {'pairwise': 0.0013180100031604525, 'control': 0.001340763999905903, 'adaptive': 0.0014135399978840724, 'joint': 0.0013241489978099708}
whole survivor-08 compressed {'pairwise': 0.00522433899823227, 'control': 0.005205710996960988, 'adaptive': 0.005567363998125074, 'joint': 0.0050521849989308976}
whole mirror-08 explicit {'pairwise': 0.004583726000419119, 'control': 0.00435441800073022, 'adaptive': 0.00393338899812079, 'joint': 0.0045592800015583634}
whole mirror-08 compressed {'pairwise': 0.013203532002080465, 'control': 0.013302176997967763, 'adaptive': 0.012957189999724505, 'joint': 0.013412699998298194}
whole survivor-09 explicit {'pairwise': 0.0015117650000320282, 'control': 0.0013914279988966882, 'adaptive': 0.0014361029971041717, 'joint': 0.0014284319986472838}
whole survivor-09 compressed {'pairwise': 0.005316975002642721, 'control': 0.005282273999910103, 'adaptive': 0.005305378999764798, 'joint': 0.00558291599736549}
whole survivor-10 explicit {'pairwise': 0.001313001997914398, 'control': 0.0013241790002211928, 'adaptive': 0.0014035759995749686, 'joint': 0.0013600819984276313}
whole survivor-10 compressed {'pairwise': 0.004759494997415459, 'control': 0.004387558001326397, 'adaptive': 0.005038675997639075, 'joint': 0.0043355310008337256}
whole survivor-11 explicit {'pairwise': 0.0015336670003307518, 'control': 0.0020241090023773722, 'adaptive': 0.0017159600029117428, 'joint': 0.001866077000158839}
whole survivor-11 compressed {'pairwise': 0.006224630997166969, 'control': 0.005460877000587061, 'adaptive': 0.006378277001203969, 'joint': 0.005543418999877758}
whole gordian explicit {'pairwise': 0.8307056689991441, 'control': 0.8186740450000798, 'adaptive': 0.49070097699950566, 'joint': 0.9310362500000338}
whole gordian compressed {'pairwise': 1.3573193550000724, 'control': 1.3112632679985836, 'adaptive': 1.0452710970021144, 'joint': 1.4870011329985573}
whole trefoil explicit {'pairwise': 2.983399826916866e-05, 'control': 2.961400241474621e-05, 'adaptive': 3.1166000553639606e-05, 'joint': 2.8622998797800392e-05}
whole trefoil compressed {'pairwise': 2.8562000807141885e-05, 'control': 2.7090001822216436e-05, 'adaptive': 2.8300997655605897e-05, 'joint': 2.76809987553861e-05}
whole figure_eight explicit {'pairwise': 3.2488002034369856e-05, 'control': 3.131600169581361e-05, 'adaptive': 3.198700142093003e-05, 'joint': 3.209699934814125e-05}
whole figure_eight compressed {'pairwise': 2.9913997423136607e-05, 'control': 2.9603997973026708e-05, 'adaptive': 2.9873997846152633e-05, 'joint': 2.9814000299666077e-05}
whole conway explicit {'pairwise': 0.0006091869981901255, 'control': 0.0006195730020408519, 'adaptive': 0.0005931740015512332, 'joint': 0.0006001539986755233}
whole conway compressed {'pairwise': 0.0006590209995920304, 'control': 0.0006704869992972817, 'adaptive': 0.0006688249995931983, 'joint': 0.0006112400005804375}
whole kinoshita_terasaka explicit {'pairwise': 0.0006260620029934216, 'control': 0.0005876060022274032, 'adaptive': 0.0006639279999944847, 'joint': 0.0005912409978918731}
whole kinoshita_terasaka compressed {'pairwise': 0.0006265730007726233, 'control': 0.0006701669990434311, 'adaptive': 0.0006529109996336047, 'joint': 0.0007085629986249842}
kernel gordian-derived {'pairwise': 0.26505152299796464, 'control': 0.271969823003019, 'adaptive': 0.06203167700004997, 'joint': 0.4168680160000804}
kernel random-8x64 {'pairwise': 0.008249401002103696, 'control': 0.008499198000208708, 'adaptive': 0.009809128001506906, 'joint': 0.0070254780002869666}
kernel random-32x64 {'pairwise': 0.12952106300144806, 'control': 0.1291977750006481, 'adaptive': 0.04680045300119673, 'joint': 0.02600261000043247}
kernel random-128x64 {'pairwise': 2.066899387002195, 'control': 2.1131402449973393, 'adaptive': 0.2316007589979563, 'joint': 0.18559513200307265}
kernel duplicate-periodic {'pairwise': 0.07404928699907032, 'control': 0.07713952799895196, 'adaptive': 0.004485025998292258, 'joint': 0.3114390139999159}
