whole survivor-00 explicit {'pairwise': 0.0028762689980794676, 'control': 0.002801468999678036, 'adaptive': 0.0029850489991076756, 'joint': 0.0027653460019791964}
whole survivor-00 compressed {'pairwise': 0.011192535999725806, 'control': 0.010845914999663364, 'adaptive': 0.011240196003200253, 'joint': 0.010999481000908418}
whole survivor-01 explicit {'pairwise': 0.002436500999465352, 'control': 0.0023631629992451053, 'adaptive': 0.002374880998104345, 'joint': 0.0023781750023772474}
whole survivor-01 compressed {'pairwise': 0.009812481999688316, 'control': 0.009816308000154095, 'adaptive': 0.009679225000581937, 'joint': 0.009832341002038447}
whole survivor-02 explicit {'pairwise': 0.0026294849994883407, 'control': 0.0027364740017219447, 'adaptive': 0.0026839460006158333, 'joint': 0.0027061190012318548}
whole survivor-02 compressed {'pairwise': 0.01051717100199312, 'control': 0.010303806000592886, 'adaptive': 0.010358636001910781, 'joint': 0.010760960001789499}
whole survivor-03 explicit {'pairwise': 0.0018612630010466091, 'control': 0.001906220000819303, 'adaptive': 0.0018924699979834259, 'joint': 0.0019592870012274943}
whole survivor-03 compressed {'pairwise': 0.007380117000138853, 'control': 0.007118922003428452, 'adaptive': 0.007135799998650327, 'joint': 0.007701230999373365}
whole mirror-03 explicit {'pairwise': 0.004193294000288006, 'control': 0.004335173001891235, 'adaptive': 0.005558691998885479, 'joint': 0.004955774998961715}
whole mirror-03 compressed {'pairwise': 0.016132206001202576, 'control': 0.01577134499893873, 'adaptive': 0.01759289300025557, 'joint': 0.016957319003267912}
whole survivor-04 explicit {'pairwise': 0.0016835950009408407, 'control': 0.0017011810014082585, 'adaptive': 0.0016893229985726066, 'joint': 0.0017045349995896686}
whole survivor-04 compressed {'pairwise': 0.006681812999886461, 'control': 0.007042974000796676, 'adaptive': 0.007936718000564724, 'joint': 0.006801069001085125}
whole survivor-05 explicit {'pairwise': 0.003237149001506623, 'control': 0.003148007999698166, 'adaptive': 0.0029647180017491337, 'joint': 0.003094079002039507}
whole survivor-05 compressed {'pairwise': 0.013907335000112653, 'control': 0.013756673000898445, 'adaptive': 0.014767027998459525, 'joint': 0.015484763000131352}
whole survivor-06 explicit {'pairwise': 0.00220005400115042, 'control': 0.002193915002862923, 'adaptive': 0.0022208549999049865, 'joint': 0.002267632997245528}
whole survivor-06 compressed {'pairwise': 0.005751204000262078, 'control': 0.005353591001039604, 'adaptive': 0.005213124000874814, 'joint': 0.005651367999234935}
whole survivor-07 explicit {'pairwise': 0.00284392100002151, 'control': 0.0028287189998081885, 'adaptive': 0.0028299799996602815, 'joint': 0.0028303100007178728}
whole survivor-07 compressed {'pairwise': 0.013205063001805684, 'control': 0.013291128998389468, 'adaptive': 0.014240435000829166, 'joint': 0.01300828300009016}
whole survivor-08 explicit {'pairwise': 0.001366578999295598, 'control': 0.0014656849998573307, 'adaptive': 0.001340871000138577, 'joint': 0.0013670199987245724}
whole survivor-08 compressed {'pairwise': 0.005026380000344943, 'control': 0.004983566999726463, 'adaptive': 0.0050512349989730865, 'joint': 0.005081328999949619}
whole mirror-08 explicit {'pairwise': 0.004407189000630751, 'control': 0.0038994130009086803, 'adaptive': 0.005032969002058962, 'joint': 0.004929235998133663}
whole mirror-08 compressed {'pairwise': 0.013490151999576483, 'control': 0.01349257500260137, 'adaptive': 0.014735622000443982, 'joint': 0.014361973000632133}
whole survivor-09 explicit {'pairwise': 0.0014278189992182888, 'control': 0.0014255060013965704, 'adaptive': 0.0014033580009709112, 'joint': 0.0033984180008701514}
whole survivor-09 compressed {'pairwise': 0.005634522000036668, 'control': 0.00518096400264767, 'adaptive': 0.005171771001187153, 'joint': 0.005184719997487264}
whole survivor-10 explicit {'pairwise': 0.001354026000626618, 'control': 0.0013556379999499768, 'adaptive': 0.0012663460001931526, 'joint': 0.0012717239987978246}
whole survivor-10 compressed {'pairwise': 0.0043600549979601055, 'control': 0.004356107998319203, 'adaptive': 0.0043044520025432575, 'joint': 0.004261979000148131}
whole survivor-11 explicit {'pairwise': 0.0012920439985464327, 'control': 0.001254238002729835, 'adaptive': 0.0012512239991337992, 'joint': 0.0012624600021808874}
whole survivor-11 compressed {'pairwise': 0.004808735997357871, 'control': 0.004621989999577636, 'adaptive': 0.004849043998547131, 'joint': 0.004879610001808032}
whole gordian explicit {'pairwise': 0.7840138640021905, 'control': 0.815584186999331, 'adaptive': 0.4846239329999662, 'joint': 0.9393613929969433}
whole gordian compressed {'pairwise': 1.3813207390012394, 'control': 1.2867279489983048, 'adaptive': 0.9792513309985225, 'joint': 1.5051179350011807}
whole trefoil explicit {'pairwise': 2.8842001484008506e-05, 'control': 2.6579000405035913e-05, 'adaptive': 2.7300000510876998e-05, 'joint': 2.7450001653051004e-05}
whole trefoil compressed {'pairwise': 2.516699896659702e-05, 'control': 2.5007000658661127e-05, 'adaptive': 2.561799919931218e-05, 'joint': 2.50470002356451e-05}
whole figure_eight explicit {'pairwise': 3.2347001251764596e-05, 'control': 3.2468000426888466e-05, 'adaptive': 3.2306998036801815e-05, 'joint': 3.373999788891524e-05}
whole figure_eight compressed {'pairwise': 3.096499858656898e-05, 'control': 2.9915001505287364e-05, 'adaptive': 3.083500268985517e-05, 'joint': 2.9943999834358692e-05}
whole conway explicit {'pairwise': 0.0005714119979529642, 'control': 0.0005541559985431377, 'adaptive': 0.0006145650004327763, 'joint': 0.0005674260028172284}
whole conway compressed {'pairwise': 0.0005994829989504069, 'control': 0.000586133999604499, 'adaptive': 0.000566685001103906, 'joint': 0.0005546479987970088}
whole kinoshita_terasaka explicit {'pairwise': 0.0005793140007881448, 'control': 0.0005751669996243436, 'adaptive': 0.0005682279988832306, 'joint': 0.0005715719998988789}
whole kinoshita_terasaka compressed {'pairwise': 0.0006011760015098844, 'control': 0.0005878670017409604, 'adaptive': 0.000737316000595456, 'joint': 0.0006642480002483353}
kernel gordian-derived {'pairwise': 0.2847375800010923, 'control': 0.26084696399993845, 'adaptive': 0.05852269699971657, 'joint': 0.4315126789988426}
kernel random-8x64 {'pairwise': 0.008456045998173067, 'control': 0.008412602001044434, 'adaptive': 0.010371716998633929, 'joint': 0.00696641100148554}
kernel random-32x64 {'pairwise': 0.13289369500125758, 'control': 0.13285502800135873, 'adaptive': 0.05411943899889593, 'joint': 0.041215001001546625}
kernel random-128x64 {'pairwise': 2.0878738510000403, 'control': 2.0688065989997995, 'adaptive': 0.23721739599932334, 'joint': 0.17343398799857823}
kernel duplicate-periodic {'pairwise': 0.0653026369982399, 'control': 0.07481279800049379, 'adaptive': 0.0036129030013398733, 'joint': 0.29729179400237626}
