computed beta_1,...,beta_200
strictly increasing on computed range: True
strictly below 1/4 on computed range: True

selected beta_n values
n=  10 beta=0.218406233337115543 scaled_deficit=0.286299738281
n=  20 beta=0.234873012373991668 scaled_deficit=0.323934622747
n=  40 beta=0.243489365492140411 scaled_deficit=0.367794553321
n=  60 beta=0.246188400107704611 scaled_deficit=0.393271027136
n=  80 beta=0.24743488335279196 scaled_deficit=0.41075985263
n= 100 beta=0.248128725130487816 scaled_deficit=0.42393291619
n= 150 beta=0.24896255255186608 scaled_deficit=0.446697951249
n= 200 beta=0.249325249690015095 scaled_deficit=0.461932021189

selected pi approximants
M=   1 Pi_M=2.56 scaled_error=- Christoffel=2.0
M=   2 Pi_M=2.73549310736166761 scaled_error=1.62439818491 Christoffel=2.2456140350877193
M=   3 Pi_M=2.83209874186843732 scaled_error=1.10880872973 Christoffel=2.38817413728052961
M=   4 Pi_M=2.90337632067785668 scaled_error=0.952865331648 Christoffel=2.48557614438179567
M=   5 Pi_M=2.94578476144549952 scaled_error=0.90797244344 Christoffel=2.55923159184409874
M=  10 Pi_M=3.04782396309963343 scaled_error=0.849723042925 Christoffel=2.76063369031115121
M=  20 Pi_M=3.10108058824803845 scaled_error=0.867539587368 Christoffel=2.91060677435872303
M=  50 Pi_M=3.12989732225961232 scaled_error=0.917911182157 Christoffel=3.03257643144918757
M=  75 Pi_M=3.13509960665973836 scaled_error=0.941368559971 Christoffel=3.0652658706959656
M= 100 Pi_M=3.13736623754946737 scaled_error=0.957484603784 Christoffel=3.08272540213894053

last partial Fabius-Szego norm constant prod_(n<=N) 4 beta_n = 0.00213943931416523273491231
