Independent J_s integrals passed
/mnt/data/ProveIt_Localized_Pressure/code/verify.py:67: IntegrationWarning: The algorithm does not converge.  Roundoff error is detected
  in the extrapolation table.  It is assumed that the requested tolerance
  cannot be achieved, and that the returned result (if full_output = 1) is 
  the best which can be obtained.
  v,e = quad(fun, left, right, epsabs=2e-12, epsrel=2e-10, limit=300)
Weak derivative diagnostics computed
pressure 2 0.2 0.01 262144 0.18011045927982527 0.2041530661383851
pressure 2 0.2 0.01 524288 0.1801126897868488 0.2041530661383851
pressure 2 0.2 0.003 262144 0.19437037067878324 0.2041530661383851
pressure 2 0.2 0.003 524288 0.19437818821140448 0.2041530661383851
pressure 2 0.2 0.001 262144 0.20032875015618679 0.2041530661383851
pressure 2 0.2 0.001 524288 0.20031967644051907 0.2041530661383851
pressure 2 0.25 0.01 262144 0.2847313225279202 0.32532257114214325
pressure 2 0.25 0.01 524288 0.2847329585013991 0.32532257114214325
pressure 2 0.25 0.003 262144 0.3088366784633756 0.32532257114214325
pressure 2 0.25 0.003 524288 0.3088427865945616 0.32532257114214325
pressure 2 0.25 0.001 262144 0.3187892786794544 0.32532257114214325
pressure 2 0.25 0.001 524288 0.3187817597517517 0.32532257114214325
pressure 2 0.5 0.01 262144 1.2738675316845083 1.5707963267948963
pressure 2 0.5 0.01 524288 1.2738677320247527 1.5707963267948963
pressure 2 0.5 0.003 262144 1.4468034740987197 1.5707963267948963
pressure 2 0.5 0.003 524288 1.4468045855359213 1.5707963267948963
pressure 2 0.5 0.001 262144 1.519990875010202 1.5707963267948963
pressure 2 0.5 0.001 524288 1.519989057903015 1.5707963267948963
pressure 3 0.3 0.01 262144 0.9521945402371945 0.9604328453692408
pressure 3 0.3 0.01 524288 0.9521940837709075 0.9604328453692408
pressure 3 0.3 0.003 262144 0.9582205243077919 0.9604328453692408
pressure 3 0.3 0.003 524288 0.9582186155243644 0.9604328453692408
pressure 3 0.3 0.001 262144 0.9598844468634571 0.9604328453692408
pressure 3 0.3 0.001 524288 0.9598408343957088 0.9604328453692408
finite size 25 1.078008570695853 1.089665017840043
finite size 50 1.0828659547759623 1.089665017840043
finite size 100 1.0857977871696916 1.089665017840043
finite size 200 1.0875046010052523 1.089665017840043
Wrote data/verification.json and LaTeX tables
