one-qubit exhaustive checks complete
two-qubit exhaustive checks complete
measurement-based checks complete
canonical certificate checks complete
{
  "status": "PASS",
  "seed": 20260930,
  "arithmetic": "exact integer and rational",
  "counts": {
    "circuit_states": 926,
    "network_equalities": 3966,
    "normalizations": 926,
    "branch_amplitudes": 296,
    "branch_distribution_normalizations": 44,
    "quadratic_certificates": 43,
    "mutations_rejected": 240,
    "sqrt2_sign_certificates": 2401,
    "nonnegative_gadget_cases": 13,
    "cyclotomic_norm_identities": 625,
    "height_bounds": 42,
    "graph_network_equalities": 592,
    "ternary_copy_stress_cases": 2
  },
  "examples": [
    {
      "name": "HH_zero",
      "order": "greedy",
      "probability_a": 0,
      "probability_b": 0,
      "denominator": 4,
      "variables": 1326,
      "equations": 1326,
      "max_witness_bits": 2,
      "leaf_entries": 24,
      "term_products": 22,
      "output_entries": 11,
      "merge_union_width": 2,
      "merges": 6
    },
    {
      "name": "HH_zero",
      "order": "queue",
      "probability_a": 0,
      "probability_b": 0,
      "denominator": 4,
      "variables": 3086,
      "equations": 3086,
      "max_witness_bits": 2,
      "leaf_entries": 24,
      "term_products": 52,
      "output_entries": 31,
      "merge_union_width": 4,
      "merges": 6
    },
    {
      "name": "HTH_zero",
      "order": "greedy",
      "probability_a": 2,
      "probability_b": 1,
      "denominator": 4,
      "variables": 1806,
      "equations": 1806,
      "max_witness_bits": 2,
      "leaf_entries": 32,
      "term_products": 30,
      "output_entries": 15,
      "merge_union_width": 2,
      "merges": 8
    },
    {
      "name": "HTH_zero",
      "order": "queue",
      "probability_a": 2,
      "probability_b": 1,
      "denominator": 4,
      "variables": 3806,
      "equations": 3806,
      "max_witness_bits": 2,
      "leaf_entries": 32,
      "term_products": 64,
      "output_entries": 37,
      "merge_union_width": 4,
      "merges": 8
    },
    {
      "name": "HTH_one",
      "order": "greedy",
      "probability_a": 2,
      "probability_b": -1,
      "denominator": 4,
      "variables": 1806,
      "equations": 1806,
      "max_witness_bits": 2,
      "leaf_entries": 32,
      "term_products": 30,
      "output_entries": 15,
      "merge_union_width": 2,
      "merges": 8
    },
    {
      "name": "HTH_one",
      "order": "queue",
      "probability_a": 2,
      "probability_b": -1,
      "denominator": 4,
      "variables": 3806,
      "equations": 3806,
      "max_witness_bits": 2,
      "leaf_entries": 32,
      "term_products": 64,
      "output_entries": 37,
      "merge_union_width": 4,
      "merges": 8
    },
    {
      "name": "Bell",
      "order": "greedy",
      "probability_a": 1,
      "probability_b": 0,
      "denominator": 2,
      "variables": 11678,
      "equations": 11678,
      "max_witness_bits": 1,
      "leaf_entries": 56,
      "term_products": 192,
      "output_entries": 77,
      "merge_union_width": 6,
      "merges": 9
    },
    {
      "name": "Bell",
      "order": "queue",
      "probability_a": 1,
      "probability_b": 0,
      "denominator": 2,
      "variables": 8414,
      "equations": 8414,
      "max_witness_bits": 1,
      "leaf_entries": 56,
      "term_products": 140,
      "output_entries": 69,
      "merge_union_width": 5,
      "merges": 9
    },
    {
      "name": "Toffoli",
      "order": "greedy",
      "probability_a": 1,
      "probability_b": 0,
      "denominator": 4,
      "variables": 53342,
      "equations": 53342,
      "max_witness_bits": 1,
      "leaf_entries": 168,
      "term_products": 860,
      "output_entries": 213,
      "merge_union_width": 8,
      "merges": 14
    },
    {
      "name": "Toffoli",
      "order": "queue",
      "probability_a": 1,
      "probability_b": 0,
      "denominator": 4,
      "variables": 51838,
      "equations": 51838,
      "max_witness_bits": 1,
      "leaf_entries": 168,
      "term_products": 848,
      "output_entries": 305,
      "merge_union_width": 8,
      "merges": 14
    }
  ],
  "small_quartic": {
    "variables": 8,
    "equations": 9,
    "monomials": 33,
    "degree": 4
  },
  "elapsed_seconds": 8.902,
  "scope": "Finite tests support implementation correctness; the article supplies general proofs. No Lean build was performed."
}
