0 10642 0.01 {'sat': 1}
200 10642 1.7 {'sat': 201}
400 10642 3.61 {'sat': 401}
600 10642 5.82 {'sat': 601}
800 10642 8.2 {'sat': 801}
1000 10642 10.51 {'sat': 1001}
1200 10642 12.74 {'sat': 1201}
1400 10642 15.18 {'sat': 1401}
1600 10642 17.65 {'sat': 1601}
1800 10642 20.16 {'sat': 1801}
2000 10642 22.83 {'sat': 2001}
2200 10642 25.65 {'sat': 2201}
2400 10642 28.69 {'sat': 2401}
2600 10642 31.54 {'sat': 2601}
2800 10642 34.39 {'sat': 2801}
3000 10642 37.29 {'sat': 3001}
3200 10642 40.13 {'sat': 3201}
3400 10642 43.45 {'sat': 3401}
3600 10642 46.67 {'sat': 3601}
3800 10642 49.9 {'sat': 3801}
4000 10642 53.28 {'sat': 4001}
4200 10642 57.06 {'sat': 4201}
4400 10642 60.81 {'sat': 4401}
4600 10642 64.7 {'sat': 4601}
4800 10642 68.32 {'sat': 4801}
5000 10642 71.73 {'sat': 5001}
5200 10642 75.12 {'sat': 5201}
5400 10642 78.55 {'sat': 5401}
5600 10642 81.92 {'sat': 5601}
5800 10642 85.5 {'sat': 5801}
6000 10642 89.31 {'sat': 6001}
6200 10642 92.92 {'sat': 6201}
6400 10642 97.26 {'sat': 6401}
6600 10642 101.72 {'sat': 6601}
6800 10642 105.96 {'sat': 6801}
7000 10642 110.11 {'sat': 7001}
7200 10642 114.68 {'sat': 7201}
7400 10642 118.91 {'sat': 7401}
7600 10642 123.46 {'sat': 7601}
7800 10642 127.6 {'sat': 7801}
8000 10642 132.27 {'sat': 8001}
8200 10642 137.37 {'sat': 8201}
8400 10642 142.7 {'sat': 8401}
8600 10642 148.2 {'sat': 8601}
8800 10642 153.22 {'sat': 8801}
9000 10642 158.27 {'sat': 9001}
9200 10642 164.01 {'sat': 9201}
9400 10642 170.42 {'sat': 9401}
9600 10642 177.45 {'sat': 9601}
9800 10642 184.23 {'sat': 9801}
10000 10642 190.48 {'sat': 10001}
10200 10642 198.53 {'sat': 10201}
10400 10642 207.67 {'sat': 10401}
10600 10642 219.84 {'sat': 10601}
FINISHED 224.34 {'sat': 10642}
