BEST 1 E 310 A 54 B 256 I 8 F 12 length 0 t 4 p 1 tested 29
BEST 3 E 310 A 52 B 262 I 1 F 4 length 6 t 4 p 1 tested 393
BEST 4 E 310 A 22 B 292 I 1 F 4 length 6 t 4 p 1 tested 1849
PROGRESS graphs 25 tested 375397 best 4
PROGRESS graphs 50 tested 1333771 best 4
PROGRESS graphs 75 tested 2770725 best 4
BEST 5 E 4700 A 600 B 4620 I 10 F 2 length 6 t 5 p 1 tested 3007046
BEST 6 E 4742 A 4230 B 4740 I 1 F 1 length 12 t 9 p 1 tested 3379809
PROGRESS graphs 100 tested 3735233 best 6
PROGRESS graphs 125 tested 5291236 best 6
PROGRESS graphs 150 tested 7133146 best 6
PROGRESS graphs 175 tested 10469063 best 6
PROGRESS graphs 200 tested 12160778 best 6
PROGRESS graphs 225 tested 13921566 best 6
PROGRESS graphs 250 tested 16241065 best 6
PROGRESS graphs 275 tested 19809688 best 6
PROGRESS graphs 300 tested 23459195 best 6
PROGRESS graphs 325 tested 28158674 best 6
PROGRESS graphs 350 tested 31166325 best 6
PROGRESS graphs 375 tested 36921858 best 6
PROGRESS graphs 400 tested 41964479 best 6
DONE graphs 411 tested 45695722 best 6
RANK -1 COUNT 12407380
RANK 0 COUNT 186704
RANK 1 COUNT 14622000
RANK 2 COUNT 15145667
RANK 3 COUNT 3127160
RANK 4 COUNT 202894
RANK 5 COUNT 3837
RANK 6 COUNT 80
