CANDIDATES canonical_underlying_graphs 3044 retained_graphs 411 pairs 23228 raw_label_budget 91368216 label_quotient_budget 45695722 max_t 10 max_p 4 max_H 59
BEST 1 E 310 A 310 B 310 I 1 F 4 tested 1
BEST 2 E 310 A 308 B 310 I 1 F 4 tested 57
BEST 3 E 310 A 292 B 310 I 1 F 4 tested 337
BEST 4 E 310 A 274 B 292 I 1 F 4 tested 2073
PROGRESS graphs 25 tested 375397 best 4
PROGRESS graphs 50 tested 1333771 best 4
PROGRESS graphs 75 tested 2770725 best 4
BEST 5 E 4700 A 4680 B 4692 I 1 F 1 tested 2987335
BEST 6 E 4742 A 4738 B 4740 I 1 F 1 tested 3359609
PROGRESS graphs 100 tested 3735233 best 6
PROGRESS graphs 125 tested 5291236 best 6
PROGRESS graphs 150 tested 7133146 best 6
PROGRESS graphs 175 tested 10469063 best 6
PROGRESS graphs 200 tested 12160778 best 6
PROGRESS graphs 225 tested 13921566 best 6
PROGRESS graphs 250 tested 16241065 best 6
PROGRESS graphs 275 tested 19809688 best 6
PROGRESS graphs 300 tested 23459195 best 6
PROGRESS graphs 325 tested 28158674 best 6
PROGRESS graphs 350 tested 31166325 best 6
PROGRESS graphs 375 tested 36921858 best 6
PROGRESS graphs 400 tested 41964479 best 6
DONE graphs 411 tested 45695722 best 6 sampled_unbounded_graph_checks 12492
RANK -1 COUNT 12407380
RANK 0 COUNT 186704
RANK 1 COUNT 14622000
RANK 2 COUNT 15145667
RANK 3 COUNT 3127160
RANK 4 COUNT 202894
RANK 5 COUNT 3837
RANK 6 COUNT 80
