2 0 1 0
2 1 1 0
2 2 1 0
TOTAL 2 3 0
3 0 1 0
3 1 2 0
3 2 3 0
3 3 2 1
TOTAL 3 8 1
4 0 1 0
4 1 3 0
4 2 7 0
4 3 9 0
4 4 6 3
4 5 1 1
4 6 1 1
TOTAL 4 28 5
5 0 1 0
5 1 4 0
5 2 13 0
5 3 30 0
5 4 49 1
5 5 48 15
5 6 34 21
5 7 18 15
5 8 7 7
5 9 2 2
5 10 2 2
TOTAL 5 208 63
6 0 1 0
6 1 5 0
6 2 22 0
6 3 84 0
6 4 287 1
6 5 787 21
6 6 1661 296
6 7 2630 1141
6 8 3164 2133
6 9 2890 2416
6 10 2159 1973
6 11 1327 1274
6 12 718 706
6 13 352 349
6 14 160 159
6 15 65 65
6 16 25 25
6 17 9 9
6 18 3 3
6 19 1 1
6 20 1 1
TOTAL 6 16351 10573
