python3 src/check_certificates.py
{
  "result": "PASS: all local certificates valid; coverage must be checked separately",
  "certificate_sha256": "c44f2ebe73ac2584f1ff9d31cec7fc2e2560ab8fd166c80e86d80eb012c6b594",
  "records": 10642,
  "by_rows": {
    "2": 0,
    "3": 1,
    "4": 5,
    "5": 63,
    "6": 10573
  },
  "by_shape": {
    "3x3": 1,
    "4x4": 3,
    "4x5": 1,
    "4x6": 1,
    "5x4": 1,
    "5x5": 15,
    "5x6": 21,
    "5x7": 15,
    "5x8": 7,
    "5x9": 2,
    "5x10": 2,
    "6x4": 1,
    "6x5": 21,
    "6x6": 296,
    "6x7": 1141,
    "6x8": 2133,
    "6x9": 2416,
    "6x10": 1973,
    "6x11": 1274,
    "6x12": 706,
    "6x13": 349,
    "6x14": 159,
    "6x15": 65,
    "6x16": 25,
    "6x17": 9,
    "6x18": 3,
    "6x19": 1,
    "6x20": 1
  },
  "target_size_range": [
    6,
    60
  ],
  "predecessor_size_range": [
    5,
    38
  ],
  "decrease_range": [
    1,
    24
  ]
}
./audit/coverage audit/verified_targets.tsv > audit/coverage.json
python3 src/test_suite.py
{
  "result": "PASS",
  "independent_bfs": [
    {
      "shape": [
        2,
        2
      ],
      "reachable_states": 10,
      "maximum_shortest_word_length": 2
    },
    {
      "shape": [
        2,
        3
      ],
      "reachable_states": 44,
      "maximum_shortest_word_length": 3
    },
    {
      "shape": [
        3,
        3
      ],
      "reachable_states": 400,
      "maximum_shortest_word_length": 4
    }
  ],
  "exhaustive_replay": [
    {
      "shape": [
        1,
        4
      ],
      "targets": 8,
      "longest_constructed_word": 3
    },
    {
      "shape": [
        4,
        1
      ],
      "targets": 8,
      "longest_constructed_word": 3
    },
    {
      "shape": [
        2,
        2
      ],
      "targets": 10,
      "longest_constructed_word": 3
    },
    {
      "shape": [
        2,
        3
      ],
      "targets": 44,
      "longest_constructed_word": 4
    },
    {
      "shape": [
        3,
        3
      ],
      "targets": 400,
      "longest_constructed_word": 7
    },
    {
      "shape": [
        3,
        4
      ],
      "targets": 3392,
      "longest_constructed_word": 9
    }
  ],
  "all_root_3x3_replays": 3600,
  "independent_python_antichains": [
    {
      "m": 2,
      "total": 4,
      "hard": 0
    },
    {
      "m": 3,
      "total": 18,
      "hard": 1
    },
    {
      "m": 4,
      "total": 166,
      "hard": 15
    },
    {
      "m": 5,
      "total": 7579,
      "hard": 1957
    }
  ],
  "all_root_6x7_replays": 42,
  "random_replay_tests": 180,
  "negative_certificate_tests": 7,
  "examples": [
    {
      "name": "six_by_seven",
      "shape": [
        6,
        7
      ],
      "target_size": 14,
      "word_length": 11,
      "bound": 18
    },
    {
      "name": "six_by_twenty",
      "shape": [
        6,
        20
      ],
      "target_size": 60,
      "word_length": 35,
      "bound": 64
    },
    {
      "name": "six_by_one_hundred",
      "shape": [
        6,
        100
      ],
      "target_size": 300,
      "word_length": 115,
      "bound": 304
    }
  ],
  "elapsed_seconds": 2.012
}
python3 src/negative_coverage_test.py
{
  "result": "PASS",
  "omitted": "the sole three-row certificate",
  "checker_exit_status": 1,
  "diagnostic": "FAIL: UNCOVERED family: m=3 mask=104"
}
