{
  "result": "PASS: all local certificates valid; coverage must be checked separately",
  "certificate_sha256": "c44f2ebe73ac2584f1ff9d31cec7fc2e2560ab8fd166c80e86d80eb012c6b594",
  "records": 10642,
  "by_rows": {
    "2": 0,
    "3": 1,
    "4": 5,
    "5": 63,
    "6": 10573
  },
  "by_shape": {
    "3x3": 1,
    "4x4": 3,
    "4x5": 1,
    "4x6": 1,
    "5x4": 1,
    "5x5": 15,
    "5x6": 21,
    "5x7": 15,
    "5x8": 7,
    "5x9": 2,
    "5x10": 2,
    "6x4": 1,
    "6x5": 21,
    "6x6": 296,
    "6x7": 1141,
    "6x8": 2133,
    "6x9": 2416,
    "6x10": 1973,
    "6x11": 1274,
    "6x12": 706,
    "6x13": 349,
    "6x14": 159,
    "6x15": 65,
    "6x16": 25,
    "6x17": 9,
    "6x18": 3,
    "6x19": 1,
    "6x20": 1
  },
  "target_size_range": [
    6,
    60
  ],
  "predecessor_size_range": [
    5,
    38
  ],
  "decrease_range": [
    1,
    24
  ]
}
