rank conway {'baseline': 0.03440225499980443, 'fast': 0.011951172999943083} {'baseline': ['OK', 'OK', 'OK'], 'fast': ['OK', 'OK', 'OK']}
rank kinoshita_terasaka {'baseline': 0.0382064079999509, 'fast': 0.01316018200009239} {'baseline': ['OK', 'OK', 'OK'], 'fast': ['OK', 'OK', 'OK']}
rank hard_unknot_8 {'baseline': 0.002321053000059692, 'fast': 0.002754133000053116} {'baseline': ['OK', 'OK', 'OK'], 'fast': ['OK', 'OK', 'OK']}
rank torus_3_5 {'baseline': 0.009730571000091004, 'fast': 0.009599273000048925} {'baseline': ['OK', 'OK', 'OK'], 'fast': ['OK', 'OK', 'OK']}
rank unknot_braid40 {'baseline': 0.008289762000003975, 'fast': 0.003493517000151769} {'baseline': ['OK', 'OK', 'OK'], 'fast': ['OK', 'OK', 'OK']}
rank T_2_41 {'baseline': 0.08219494500008295, 'fast': 0.02508949000002758} {'baseline': ['OK', 'OK', 'OK'], 'fast': ['OK', 'OK', 'OK']}
rank random_4_21 {'baseline': 0.2593372730000283, 'fast': 0.08167241799992553} {'baseline': ['OK', 'OK', 'OK'], 'fast': ['OK', 'OK', 'OK']}
rank random_4_31 {'baseline': 0.3017277590001868, 'fast': 0.07010666300016055} {'baseline': ['OK', 'OK', 'OK'], 'fast': ['OK', 'OK', 'OK']}
rank random_4_41 {'baseline': 0.9544373720000294, 'fast': 0.24937000699992495} {'baseline': ['OK', 'OK', 'OK'], 'fast': ['OK', 'OK', 'OK']}
rank random_6_31 {'baseline': 0.5152028690001771, 'fast': 0.08884266399991247} {'baseline': ['OK', 'OK', 'OK'], 'fast': ['OK', 'OK', 'OK']}
rank trefoil_sum_2 {'baseline': 0.0025623950000408513, 'fast': 0.0019113060000108817} {'baseline': ['OK', 'OK', 'OK'], 'fast': ['OK', 'OK', 'OK']}
rank trefoil_sum_4 {'baseline': 0.015439620999813997, 'fast': 0.0026107680000677647} {'baseline': ['OK', 'OK', 'OK'], 'fast': ['OK', 'OK', 'OK']}
rank trefoil_sum_6 {'baseline': 0.17690953600003922, 'fast': 0.003008166000199708} {'baseline': ['OK', 'OK', 'OK'], 'fast': ['OK', 'OK', 'OK']}
rank trefoil_sum_8 {'baseline': 1.3057101439999315, 'fast': 0.0036376329999256996} {'baseline': ['OK', 'OK', 'OK'], 'fast': ['OK', 'OK', 'OK']}
rank trefoil_sum_20 {'fast': 0.0066182690000005095} {'fast': ['OK', 'OK', 'OK']}
rank trefoil_sum_50 {'fast': 0.02292237100004968} {'fast': ['OK', 'OK', 'OK']}
rank trefoil_sum_100 {'fast': 0.06559689199980312} {'fast': ['OK', 'OK', 'OK']}
pipeline conway {'baseline': 0.03403585299997758, 'fast': 0.0016099530000701634} {'baseline': ['KNOTTED', 'KNOTTED', 'KNOTTED'], 'fast': ['KNOTTED', 'KNOTTED', 'KNOTTED']}
pipeline kinoshita_terasaka {'baseline': 0.03823333599984835, 'fast': 0.0015625309999904857} {'baseline': ['KNOTTED', 'KNOTTED', 'KNOTTED'], 'fast': ['KNOTTED', 'KNOTTED', 'KNOTTED']}
pipeline hard_unknot_8 {'baseline': 0.0019148420001329214, 'fast': 0.002734684999950332} {'baseline': ['UNKNOT', 'UNKNOT', 'UNKNOT'], 'fast': ['UNKNOT', 'UNKNOT', 'UNKNOT']}
pipeline torus_3_5 {'baseline': 0.0006610069999624102, 'fast': 0.0002664810001533624} {'baseline': ['KNOTTED', 'KNOTTED', 'KNOTTED'], 'fast': ['KNOTTED', 'KNOTTED', 'KNOTTED']}
pipeline trefoil {'baseline': 9.733699994285416e-05, 'fast': 0.00011884900004588417} {'baseline': ['KNOTTED', 'KNOTTED', 'KNOTTED'], 'fast': ['KNOTTED', 'KNOTTED', 'KNOTTED']}
pipeline unknot_braid40 {'baseline': 0.006889428000022235, 'fast': 0.006994686000098227} {'baseline': ['UNKNOT', 'UNKNOT', 'UNKNOT'], 'fast': ['UNKNOT', 'UNKNOT', 'UNKNOT']}
pipeline grid_determinant_one_knot {'baseline': 0.0008081549999587878, 'fast': 0.00028113200005464023} {'baseline': ['KNOTTED', 'KNOTTED', 'KNOTTED'], 'fast': ['KNOTTED', 'KNOTTED', 'KNOTTED']}
pipeline grid_scrambled_unknot {'baseline': 0.0003021749998879386, 'fast': 0.0002830759999596921} {'baseline': ['UNKNOT', 'UNKNOT', 'UNKNOT'], 'fast': ['UNKNOT', 'UNKNOT', 'UNKNOT']}
ordering ordering_128 {'baseline': 0.003994680999994671, 'fast': 0.00019858899986502365} {'baseline': ['OK', 'OK', 'OK'], 'fast': ['OK', 'OK', 'OK']}
ordering ordering_256 {'baseline': 0.01599529899999652, 'fast': 0.00036482899986367556} {'baseline': ['OK', 'OK', 'OK'], 'fast': ['OK', 'OK', 'OK']}
ordering ordering_512 {'baseline': 0.0651354540000284, 'fast': 0.0007245599999805563} {'baseline': ['OK', 'OK', 'OK'], 'fast': ['OK', 'OK', 'OK']}
ordering ordering_1024 {'baseline': 0.2510533829999986, 'fast': 0.0016289830000459915} {'baseline': ['OK', 'OK', 'OK'], 'fast': ['OK', 'OK', 'OK']}
rank random_5_36 {'cached_lifo': 49.575715201000094, 'fast': 1.1098957899998823} {'baseline': ['TIMEOUT'], 'cached_lifo': ['OK'], 'fast': ['OK']}
