2 8 elapsed 0.01
4 160 elapsed 0.29
6 2688 elapsed 12.73
{
  "python": "3.13.5 (main, Jul 15 2026, 20:25:40) [GCC 14.2.0]",
  "cases": [
    {
      "crossings": 2,
      "one_component_words": 8
    },
    {
      "crossings": 4,
      "one_component_words": 160
    },
    {
      "crossings": 6,
      "one_component_words": 2688
    }
  ],
  "rank_histogram": {
    "1": 1712,
    "3": 804,
    "5": 196,
    "9": 24,
    "7": 72,
    "11": 24,
    "13": 24
  },
  "total": 2856,
  "unknot_words": 1712,
  "rejection_certificates_verified": 1144,
  "mismatches": 0,
  "result_stream_sha256": "f3b8b44c357a2b4d75e9b5a7231290c61209868a259b5bdfc7089192a39b74f2",
  "exhaustive_seconds": 12.73029550199999,
  "oracles": "direct enhanced-state cube differential; independent full Kauffman state sum",
  "large_consistency": {
    "original_crossings": 36,
    "simplified_crossings": 24,
    "moves": [
      {
        "kind": "R2",
        "crossings": [
          7,
          8
        ]
      },
      {
        "kind": "R2",
        "crossings": [
          6,
          7
        ]
      },
      {
        "kind": "R2",
        "crossings": [
          11,
          12
        ]
      },
      {
        "kind": "R2",
        "crossings": [
          14,
          15
        ]
      },
      {
        "kind": "R2",
        "crossings": [
          16,
          17
        ]
      },
      {
        "kind": "R2",
        "crossings": [
          21,
          22
        ]
      }
    ],
    "reduced_rank": 2949,
    "simplified_reduced_rank": 2949,
    "simplified_d_squared_checked": true,
    "alexander_coefficients": [
      2,
      -19,
      80,
      -206,
      372,
      -512,
      567,
      -512,
      372,
      -206,
      80,
      -19,
      2
    ],
    "determinant": 2949,
    "independent_dense_rank_checked": false
  },
  "total_seconds": 19.27996591400006
}
