{
  "corrected_reciprocity": {
    "cases": 36,
    "k": [
      1,
      8
    ]
  },
  "explicit_n_leading_coefficients": {
    "cases": 36,
    "k": [
      1,
      8
    ]
  },
  "fresh_width_reconstruction": {
    "cases": 40,
    "k": [
      1,
      8
    ]
  },
  "integer_t_coefficients_at_integer_widths": {
    "cases": 216
  },
  "interpolation_input_values": {
    "cases": 96
  },
  "original_hankel_to_schur_bridge": {
    "cases": 36,
    "k": [
      1,
      6
    ],
    "n": [
      0,
      5
    ]
  },
  "polynomial_bidegrees": {
    "cases": 36,
    "k": [
      1,
      8
    ]
  },
  "printed_sign_counterexample": {
    "corrected_residual": "0",
    "k": 5,
    "printed_residual_nonzero": "2*(n**2*t**4 - 2*n**2*t**2 + n**2 + 5*n*t**4 - 10*n*t**2 + 5*n + 6*t**4 - t**3 - 12*t**2 - t + 6)",
    "q": 2
  }
}
elapsed_seconds=16.39
