{
  "convention": "V_a = L_(atan(a)/pi) / cos(atan(a))^(2m), normalized h_a(0)=1",
  "rows": [
    {
      "m": 2,
      "R": "1/3",
      "B": "8",
      "C": "376/45",
      "C_decimal": "8.35555555555555556"
    },
    {
      "m": 3,
      "R": "2/15",
      "B": "155/21",
      "C": "213/28",
      "C_decimal": "7.60714285714285714"
    },
    {
      "m": 4,
      "R": "17/315",
      "B": "1105984/205065",
      "C": "16978624/3075975",
      "C_decimal": "5.51975357407001032"
    },
    {
      "m": 5,
      "R": "62/2835",
      "B": "808150982/234389295",
      "C": "9058569913/2578282245",
      "C_decimal": "3.51341282769451023"
    },
    {
      "m": 6,
      "R": "1382/155925",
      "B": "30435818208256/15028650946575",
      "C": "57427231423264/27910351757925",
      "C_decimal": "2.05756028878990515"
    },
    {
      "m": 7,
      "R": "21844/6081075",
      "B": "271274782222435099/241714380974306625",
      "C": "19801353250825123451/17403435430150077000",
      "C_decimal": "1.13778416510345097"
    },
    {
      "m": 8,
      "R": "929569/638512875",
      "B": "90988358372422988516341504/152633077977926348601824025",
      "C": "200716426007630520349294336/332661836618557426439872875",
      "C_decimal": "0.603364750365938500"
    },
    {
      "m": 9,
      "R": "6404582/10854718875",
      "B": "1103702555510052169215923367862/3599955508607155616456824295625",
      "C": "2041266954276050877267756944953/6586585263896055090850634081625",
      "C_decimal": "0.309912780673336886"
    },
    {
      "m": 10,
      "R": "443861162/1856156927625",
      "B": "3081662482785573915130427760074061176384/20046342585099034527007645674721560427875",
      "C": "6846078938471271203044857303154351642592/44101953687217875959416820484387432941325",
      "C_decimal": "0.155233008202434324"
    }
  ],
  "source_m2_m3_m4_exactly_matched": true,
  "all_checks_passed": true
}
