{
  "rho": "1.386294361119890618834464242916353136151000268720510508241360018986787",
  "c": "1.21188506246461864249064732496007076355571856351769615932784492076127",
  "C": "3.635655187393855927471941974880212290667155690553088477983534762283809",
  "mu": "37.9266938502151572952532291458357951632550808355570843394359851926824",
  "amplitude": "0.03570604125804483338851776074153903731254965610089318120585602113686689",
  "order": 4,
  "coefficients": [
    {
      "j": 0,
      "symbolic": "1",
      "decimal": "1.000000000000000000000000000000000000000000000000000000000000000000000"
    },
    {
      "j": 1,
      "symbolic": "-(18*c**3*rho - 18*c**3 + 5)/(36*c)",
      "decimal": "-0.3982742432947770655566500529637070907662303441590933246406625125561695"
    },
    {
      "j": 2,
      "symbolic": "(324*c**6*rho**2 - 648*c**6*rho + 324*c**6 + 1908*c**3*rho - 612*c**3 - 35)/(2592*c**2)",
      "decimal": "0.9815886125422279957493993204237725865372190389571928241463893340296607"
    },
    {
      "j": 3,
      "symbolic": "-(5832*c**9*rho**3 - 17496*c**9*rho**2 + 17496*c**9*rho - 5832*c**9 + 98172*c**6*rho**2 - 173016*c**6*rho + 28188*c**6 + 134190*c**3*rho + 1890*c**3 + 665)/(279936*c**3)",
      "decimal": "-0.5302203384353514595760571144086667540066227538181259849602467054110875"
    },
    {
      "j": 4,
      "symbolic": "(524880*c**12*rho**4 - 2099520*c**12*rho**3 + 3149280*c**12*rho**2 - 2099520*c**12*rho + 524880*c**12 + 17379360*c**9*rho**3 - 56337120*c**9*rho**2 + 43740000*c**9*rho - 4782240*c**9 + 84480408*c**6*rho**2 - 181744560*c**6*rho - 3139560*c**6 + 15661800*c**3*rho - 693000*c**3 + 48125)/(201553920*c**4)",
      "decimal": "-0.6685873725258767130436012210807912354035138234400625414666953550151989"
    }
  ]
}
Elapsed 0.8021713600028306
20 0.954586350142 ['-0.1232716112', '0.7464719891', '-0.6382047045', '-0.2931146656', '1.01918973'] ['-0.0897615444', '0.0542643707', '-0.00100445321']
50 0.951639674494 ['-0.1781609624', '0.8109042599', '-0.6288065314', '-0.3631946404', '1.125076445'] ['-0.0538536998', '0.0275642497', '-0.000876648179']
100 0.953567341477 ['-0.2155213093', '0.8482639777', '-0.6188381364', '-0.4113273816', '1.194095101'] ['-0.0370999962', '0.0156327072', '-0.00044219847']
200 0.95755840545 ['-0.2481999506', '0.8776397878', '-0.6078964151', '-0.4542524517', '1.253438221'] ['-0.0258419357', '0.00878460529', '-0.000201254018']
400 0.962534512527 ['-0.2760480719', '0.9005701306', '-0.5969492793', '-0.4916630397', '1.30358963'] ['-0.0181682765', '0.00494308233', '-8.82209894e-5']
557 0.96503125734 ['-0.2877167077', '0.9096480952', '-0.5919140133', '-0.5076047828', '1.324536635'] ['-0.0153977196', '0.00376231174', '-5.91838108e-5']
700 0.966754469999 ['-0.2951883913', '0.9153034053', '-0.5885490079', '-0.5179025902', '1.337936212'] ['-0.0137494178', '0.00311879592', '-4.4897423e-5']
1000 0.96940495496 ['-0.3059504504', '0.9232379289', '-0.5835068363', '-0.5328649788', '1.357223937'] ['-0.0115393042', '0.00233040235', '-2.91627497e-5']
Short replay passed: exact prefix, independent insertion rules, brute avoidance, and correction audit
