[
  {
    "t": "0.4",
    "residual": "5.714936956411374911078917741526704797259549974113993306075629216138163179533690978377240109300860148e-101",
    "exact_log_correction": "-0.0000000000000000000001116030787887404007093370272631154773492811399868744327038820412675007201734962532494348822110391759",
    "theta_leading": "-0.0000000000000000000001116030787887404007094678413278368041299745994999206609132637366172054495649828172625934469788161488"
  },
  {
    "t": "0.7",
    "residual": "-1.428734239102843727769729435381676199314887493528498326518907304034540794883422744594310027325215037e-101",
    "exact_log_correction": "-0.000000000001124978520298061586852413133813845029208592881583895139065507966909342915982242072791465834190249004",
    "theta_leading": "-0.000000000001124978520297749996619835861345586770326581000604921466645896871537119274529370517185524858649234651"
  },
  {
    "t": "1.0",
    "residual": "-1.428734239102843727769729435381676199314887493528498326518907304034540794883422744594310027325215037e-101",
    "exact_log_correction": "0.000000005171221756745657237776172637460085424751326439988837712119267655441203535078461399085664075304278941",
    "theta_leading": "0.000000005171221762959258617346394442772186725381775218860847897955702054699324037008828404092525627107916579"
  },
  {
    "t": "1.5",
    "residual": "-3.571835597757109319424323588454190498287218733821245816297268260086351987208556861485775068313037593e-102",
    "exact_log_correction": "-0.00000189232717894010645417999436810167270725589321647177233371054434486638814714306830109546039912933444",
    "theta_leading": "-0.000001892329102359024806196439576557084941552156130517612937538217291381741071426359897154137544415860931"
  },
  {
    "t": "2.0",
    "residual": "-1.785917798878554659712161794227095249143609366910622908148634130043175993604278430742887534156518796e-102",
    "exact_log_correction": "-0.00009284013733504491944803536950962445225769121718003759895348465227638509297120441990232894566870110608",
    "theta_leading": "-0.0000928385028625053899466218974986619546076277538356634706515896396019730639612872255724091289918637049"
  }
]
