[
  {
    "t": "0.5",
    "logF": "2.83687248621614657464166754722523908708587474481793016506927618460406493481647339534169784",
    "errors_divided_by_next_power": [
      "-0.0926990472140354494296252394523903383240203588974945845647609635806787511682434051348776274",
      "0.0368241277941513233629717433174415455741815044272330530927002950608647198857354119524669683",
      "-0.0119025410648639819611518134494628648016894217943951821855165487737520835771192418697923605",
      "0.000639362314716480522140817545518714841065600855654080073411346896940277290205960704859718211",
      "0.0040930781036454824872866751276496229864530215981507555530630011132091854624883069334805125",
      "-0.00470122096580049383117116977493506997569561969107566198533280351810165930933933473470188134"
    ],
    "tail_bound": "1.99452783793543323113414137118230581829803894290447582567404263699505176818516132360157633e-87"
  },
  {
    "t": "0.25",
    "logF": "9.45468295244114226336631224183963826560180135713376139990688510141245289332901036716262499",
    "errors_divided_by_next_power": [
      "-0.101123093904682974623620791905124052536249722410000984150614157745936201142937587141673071",
      "0.0399520688257125459499612768239482342994455548044405078419878134606996398726940958777521456",
      "-0.012256022420927442059647204152701997713538614488794233226828412850238645014694990699007557",
      "-0.000135200794820879349699927721919101965265569066288044018424762512065691169891073907141035381",
      "0.00510318479164064244729452333284643943029907735629227962533625330312583292281532054055200175",
      "-0.00536201517962034782231094672908287417600701634958522768157259827653672877737061504111843404"
    ],
    "tail_bound": "4.91497265190976279455665704293556990048273708556808790785877469840039676091198121734934564e-87"
  },
  {
    "t": "0.1",
    "logF": "41.9690014422569643201032130166189100136258328081030891079321726107223077963052034170417748",
    "errors_divided_by_next_power": [
      "-0.106900739648157374586229508357881901924534342632408881026908734461502450207985895490293206",
      "0.0421037146295373652488160275322920918657676847870223008420237664960866090312521562081752478",
      "-0.01230516305530011724801330611695534595204919896529356441321139025082687013774702291906804",
      "-0.000829408330778950257910838947331237298269767430713421909891680286046479155248006968552929786",
      "0.00586638765192136854545168501162393456842672502535193461448891406529400323420849691780606362",
      "-0.00577300934624360857420575003493223405874106418336651931240488806966011882949477382886803886"
    ],
    "tail_bound": "1.25439692542183133074218093877062249316951127345156826749782206223953304688244272430865181e-86"
  },
  {
    "t": "0.05",
    "logF": "121.646703035206672465030711904442180704807740296004682064025055423028226229837511760664648",
    "errors_divided_by_next_power": [
      "-0.108963060369881048641184472718839569646835987749430814488253102274783561292138079136640754",
      "0.042961014824601249398532767845430829285502467233605932457160176726550996379460639489352404",
      "-0.0122778442965443939282003623701510585654826110430829357884215204027367823527805935170536141",
      "-0.00111244148644343411956280295857672686520777641721427132398596361029120261116742589053370089",
      "0.00614851730304864465828486053483038121168183955948320537986560520935021654116284066099775494",
      "-0.00590342566994169489174798960573553525237983768410762331727595325819597151990267342226621471"
    ],
    "tail_bound": "2.75543194346660477344675381257899354321352988458383261083447673834513143212703803364194742e-86"
  },
  {
    "t": "0.02",
    "logF": "463.845665769623763895603213469691533775304611260764151386781928460549002198337473551843402",
    "errors_divided_by_next_power": [
      "-0.110238149116608457506061967013205004166776556248751394478110515440773709066704745899951009",
      "0.0436480997251326802524572048953053472167277431179858316500297835168701022203182605544122387",
      "-0.0122481909209379675614930675248463865095625462343419365600729038863864097720211779779518197",
      "-0.00129843493578726696354226513120821436701620060598571689253408320820937748994778582331624556",
      "0.00632412595243232699336148737364752455238846585451080735134532586390330131758638128853389811",
      "-0.00597813170567012047553863207348167109561827945888895971920385041783568997856693409223596218"
    ],
    "tail_bound": "6.86427671357254703526309064009250180589401174455865755020003262721503569339582135648734064e-86"
  }
]
