PASS clean_input_check
PASS missing-frozen-directory
PASS missing-frozen-directory_cli
PASS missing-frozen-directory_no_output
PASS symlink-frozen-directory
PASS symlink-frozen-directory_cli
PASS symlink-frozen-directory_no_output
PASS symlink-manuscript-directory
PASS symlink-manuscript-directory_cli
PASS symlink-manuscript-directory_no_output
PASS unexpected-fifo
PASS unexpected-fifo_cli
PASS unexpected-fifo_no_output
PASS repinned_build_refused
PASS repinned_release_refused
PASS repinned_no_output
PASS manifest_clean
PASS verify_clean
PASS manifest-output-race_refused
PASS manifest-output-race_foreign_output_preserved
PASS archive-output-race_refused
PASS archive-output-race_foreign_output_preserved
PASS archive-input-race_refused
PASS archive-input-race_no_output
PASS archive-write-failure_refused
PASS archive-write-failure_new_failed_output_retained
PASS archive_1
PASS archive_2
PASS deterministic_archives
PASS exact_zip_inventory
PASS exact_zip_bytes
PASS zip_matches_embedded_manifest
PASS reference_build_same_pins
PASS post_fix_build
PASS post_fix_pdf_text_all_pages_identical
PASS frozen_science_preserved
PASS frozen_independent-audit_preserved
PASS frozen_dependencies_preserved
PASS frozen_real-input_preserved
PASS frozen_real-input-audit_preserved
PASS frozen_real-input-dependencies_preserved
PASS no_bytecode_generated
