PASS snapshot_source_preserved
PASS release_check_inputs_clean
PASS build_report59_ordinary
PASS build_report59_optimized
PASS build_report59_no_site_missing
PASS build_report59_bytecode_missing
PASS derive_presentation_ordinary
PASS derive_presentation_optimized
PASS derive_presentation_no_site_missing
PASS derive_presentation_bytecode_missing
PASS release59_ordinary
PASS release59_optimized
PASS release59_no_site_missing
PASS release59_bytecode_missing
PASS build_report59_path_relative
PASS build_report59_path_double-slash
PASS build_report59_path_dot
PASS build_report59_path_dotdot
PASS build_report59_path_trailing
PASS build_report59_path_inside
PASS build_report59_path_ancestor
PASS build_report59_path_missing-parent
PASS build_report59_path_existing-file
PASS build_report59_path_existing-dir
PASS build_report59_path_symlink-leaf
PASS build_report59_path_symlink-parent
PASS derive_presentation_path_relative
PASS derive_presentation_path_double-slash
PASS derive_presentation_path_dot
PASS derive_presentation_path_dotdot
PASS derive_presentation_path_trailing
PASS derive_presentation_path_inside
PASS derive_presentation_path_ancestor
PASS derive_presentation_path_missing-parent
PASS derive_presentation_path_existing-file
PASS derive_presentation_path_existing-dir
PASS derive_presentation_path_symlink-leaf
PASS derive_presentation_path_symlink-parent
PASS release59_path_relative
PASS release59_path_double-slash
PASS release59_path_dot
PASS release59_path_dotdot
PASS release59_path_trailing
PASS release59_path_inside
PASS release59_path_ancestor
PASS release59_path_missing-parent
PASS release59_path_existing-file
PASS release59_path_existing-dir
PASS release59_path_symlink-leaf
PASS release59_path_symlink-parent
PASS existing_destinations_preserved
PASS release_science_extra
PASS release_science_missing
PASS release_science_tampered
PASS release_science_symlink
PASS release_science_hardlink
PASS release_science_directory-symlink
PASS release_independent-audit_extra
PASS release_independent-audit_missing
PASS release_independent-audit_tampered
PASS release_independent-audit_symlink
PASS release_independent-audit_hardlink
PASS release_independent-audit_directory-symlink
PASS release_dependencies_extra
PASS release_dependencies_missing
PASS release_dependencies_tampered
PASS release_dependencies_symlink
PASS release_dependencies_hardlink
PASS release_dependencies_directory-symlink
PASS release_real-input_extra
PASS release_real-input_missing
PASS release_real-input_tampered
PASS release_real-input_symlink
PASS release_real-input_hardlink
PASS release_real-input_directory-symlink
PASS release_real-input-audit_extra
PASS release_real-input-audit_missing
PASS release_real-input-audit_tampered
PASS release_real-input-audit_symlink
PASS release_real-input-audit_hardlink
PASS release_real-input-audit_directory-symlink
PASS release_real-input-dependencies_extra
PASS release_real-input-dependencies_missing
PASS release_real-input-dependencies_tampered
PASS release_real-input-dependencies_symlink
PASS release_real-input-dependencies_hardlink
PASS release_real-input-dependencies_directory-symlink
PASS release_manuscript_extra
PASS release_manuscript_missing
PASS release_manuscript_tampered
PASS release_manuscript_symlink
PASS release_manuscript_hardlink
PASS release_manuscript_directory-symlink
PASS build_manuscript_extra
PASS build_manuscript_missing
PASS build_manuscript_tampered
PASS build_manuscript_symlink
PASS build_manuscript_hardlink
PASS derive_evidence_missing
PASS derive_evidence_tampered
PASS derive_evidence_symlink
PASS derive_evidence_hardlink
PASS derive_evidence_directory-symlink
PASS derive_clean
PASS derived_sources_match_pinned_manuscript
PASS build_clean
PASS build_relocated_hostile
PASS deterministic_pdf
PASS deterministic_text
PASS deterministic_pages
PASS exact_pins_used
PASS render_inventory_complete
PASS manifest_clean
PASS verify_clean
PASS verify_wrong_pin
PASS verify_extra
PASS verify_missing
PASS verify_tampered
PASS verify_symlink
PASS verify_hardlink
PASS archive_1
PASS archive_2
PASS archive_path_relative
PASS archive_path_double-slash
PASS archive_path_dot
PASS archive_path_dotdot
PASS archive_path_trailing
PASS archive_path_inside
PASS archive_path_ancestor
PASS archive_path_missing-parent
PASS archive_path_existing-file
PASS archive_path_existing-dir
PASS archive_path_symlink-leaf
PASS archive_path_symlink-parent
PASS deterministic_zip
PASS manifest_exact_file_inventory
PASS zip_exact_file_inventory
PASS zip_exact_bytes
PASS zip_safe_metadata
PASS frozen_scratch_preserved
PASS frozen_production_preserved
PASS no_bytecode_generated
