{
  "files": 97,
  "manifest_sha256": "9f199722c4f6a0122de3855e2066c3183cba012c3b0a1dc5bd898e013788f09d",
  "output": "/workspace/shared/report59-release-tools-independent-review-20261004/outputs/probe-manifest-output-race",
  "status": "PASS"
}

{
  "files": 98,
  "inputs_preserved": true,
  "manifest_sha256": "9f199722c4f6a0122de3855e2066c3183cba012c3b0a1dc5bd898e013788f09d",
  "output": "/workspace/shared/report59-release-tools-independent-review-20261004/outputs/probe-archive-input-race",
  "status": "PASS",
  "zip_sha256": "fe5f904d565fe293ecac492264e26af5327d2c5a5912c120d1c0df8aabaebc9c"
}

[
  {
    "accepted": true,
    "case": "manifest-output-race",
    "concurrent_output_preserved": false,
    "error": null,
    "output_exists": true
  },
  {
    "accepted": false,
    "case": "archive-output-race",
    "concurrent_output_preserved": false,
    "error": "[Errno 17] File exists: '/workspace/shared/report59-release-tools-independent-review-20261004/outputs/probe-archive-output-race'",
    "output_exists": false
  },
  {
    "accepted": true,
    "archive_matches_embedded_manifest": false,
    "case": "archive-input-race",
    "concurrent_output_preserved": false,
    "error": null,
    "output_exists": true
  }
]
