{
  "checker_sha256": "806a5e38c1b39e45fb3a9f6ff0814c26bdf5f2d5c4ec54f25979b44e0cdbb141",
  "denominator_radix_cases": 1240,
  "exponents": [
    0,
    30
  ],
  "generic_symbolic_checks": [
    "shear factorization modulo a^2+b^2=c^2",
    "QM=NQ",
    "L restoration world line",
    "H restoration world line"
  ],
  "native_equations": "1+43J",
  "native_witnesses": "1+80J",
  "outer_leaves": 28,
  "power_leaves": 26,
  "power_residual_degrees": [
    4,
    4,
    4,
    2,
    2,
    3,
    2,
    2,
    1,
    1,
    1,
    2,
    6,
    2,
    2
  ],
  "scope": "Fresh independent exact displayed-formula checks; no author/upstream code, physical simulation, event selection, or Pell-witness instantiation",
  "signed_ordered_triples": 40,
  "sos_degree": 12,
  "status": "PASS",
  "totals": {
    "guards": 3336,
    "phases": 2976,
    "rules": 13572
  }
}
