fixed-input-authentication
standalone-flatten
standalone-exact-bytes
independently-authenticated-manifest
candidate-seal-pin
path-reject-relative
path-reject-dotdot
path-reject-double-slash
path-reject-root-overlap
path-reject-protected-overlap
path-reject-symlink-ancestor
path-reject-existing
manifest-file-content
manifest-file-extra
manifest-file-missing
manifest-empty-directory
manifest-file-mode
manifest-directory-mode
manifest-file-nanosecond
manifest-directory-nanosecond
manifest-symlink-rejected
manifest-hardlink-rejected
manifest-fifo-rejected
frozen-pin-replacement-rejected
json-duplicate-key
relative-name-'../escape'
relative-name-'/absolute'
relative-name-'a/../b'
relative-name-'a//b'
relative-name-'a\\b'
relative-name-'a\x00b'
relative-name-'a/'
relative-name-'./a'
schema-bool-bytes
schema-negative-mtime
schema-special-mode
schema-uppercase-digest
schema-extra-field
schema-missing-directory
schema-empty-directory
schema-file-directory-collision
schema-self-reference
png-valid-synthetic
png-reject-truncated
png-reject-bad-crc
png-reject-trailing-bytes
png-reject-bad-filter
png-reject-bad-raster-length
png-reject-second-zlib-stream
png-reject-grayscale
png-reject-zero-dimension
png-reject-interlaced
png-reject-missing-iend
full-article-exact-pdf-and-all-pass-union
all-24-raster-records-independently-validated
hostile-environment-full-article
archive-a
archive-b
deterministic-archive-bytes-and-container-metadata
extract-preserve-exact-descendants
relocated-independent-inventory-equality
relocated-authenticate
relocated-full-article-exact-rebuild
archive-reject-traversal
archive-reject-duplicate
archive-reject-extra
archive-reject-tampered
archive-reject-mode
archive-reject-symlink
archive-reject-bad-manifest
archive-reject-wrong-order
stale-executable-preflight
stale-system-preflight
postflight-reject-unused-lock-entry
candidate-snapshot-and-seven-original-roots-preserved
{"status": "PASS", "tests": 75, "candidate_manifest_sha256": "12877374413e35da6499a5c7aab101c828bfcd18f741b8f81bf6b9e369c1eb8e"}
