Source manifest validation
./PROOF.md: OK
./README.md: OK
./REVIEW.md: OK
./SOURCE_PINS.json: OK
./dependencies/LICENSE.mathlib-Apache-2.0.txt: OK
./dependencies/NOTICE.md: OK
./dependencies/POWER58_PROOF.md: OK
./dependencies/POWER60_PROOF.md: OK
./dependencies/compressed_PROOF.md: OK
./dependencies/elimination_PROOF.md: OK
./dependencies/native_gap_PROOF.md: OK
./dependencies/pell-source.lean: OK
./dependencies/positive22_PROOF.md: OK
./evidence/fixed_base_two.polynomial.json: OK
./evidence/frozen_original.after.sha256: OK
./evidence/frozen_original.before.sha256: OK
./evidence/full_fixtures.json: OK
./evidence/results.json: OK
./evidence/variable_base_B_plus_one.polynomial.json: OK
./static_algebra.py: OK
Dependency origin byte comparison
LICENSE.mathlib-Apache-2.0.txt: identical
NOTICE.md: identical
POWER58_PROOF.md: identical
POWER60_PROOF.md: identical
compressed_PROOF.md: identical
native_gap_PROOF.md: identical
pell-source.lean: identical
positive22_PROOF.md: identical
elimination_PROOF.md: identical
Prior accepted audit pin
411b260f35201bff1f3b6e5b761bf35ed3c8784e2f7f195573034afbd1016458  /workspace/shared/independent-power-module-audit-20261004/AUDIT.md
