{
  "archive_sha256": "a9f173998d81ba9ad15903b48876cc4c24cdefd2ddbaf40eecf1f9110025de6b",
  "candidate_manifest_sha256": "df47baa01d36c11c6af8e1d26d562d41e1adb3c2f96015d877a4efe1cbff7f91",
  "directories": 31,
  "exact_page_raster_match": true,
  "exact_relocated_pdf_match": true,
  "files": 257,
  "pdf_sha256": "20ef1b64f4a87496bd6c64a72cb760d9d555f4d0d459f84b57cdfd910e1dd800",
  "scope": "Updated presentation candidate review seal, not final author release seal",
  "script_sha256": "dd1acce2f356372eb6db65f7e8a0fd35c4c7f5bf244c81c0749c3e7226f1ef10",
  "seven_original_roots_preserved": true,
  "source_snapshot_preserved": true,
  "status": "PASS",
  "tests": [
    {
      "name": "final-candidate-verify",
      "source_preserved": true,
      "status": "PASS"
    },
    {
      "name": "final-archive-a",
      "source_preserved": true,
      "status": "PASS"
    },
    {
      "name": "final-archive-b",
      "source_preserved": true,
      "status": "PASS"
    },
    {
      "name": "final-extraction",
      "source_preserved": true,
      "status": "PASS"
    },
    {
      "name": "final-relocated-verify",
      "source_preserved": true,
      "status": "PASS"
    },
    {
      "name": "final-relocated-build",
      "source_preserved": true,
      "status": "PASS"
    }
  ]
}

