Title:           Report 67 Positive POWER reductions and exact bounded compiler costs
Subject:         Positive domains, exact elimination, interpolation degree and paid native gap composition
Keywords:        
Author:          Research report
Creator:         LaTeX with hyperref
Producer:        pdfTeX-1.40.26
Custom Metadata: no
Metadata Stream: no
Tagged:          no
UserProperties:  no
Suspects:        no
Form:            none
JavaScript:      no
Pages:           24
Encrypted:       no
Page size:       612 x 792 pts (letter)
Page rot:        0
File size:       434775 bytes
Optimized:       no
PDF version:     1.7
