{
  "first_pass_only_dependency": "/usr/share/texlive/texmf-dist/tex/latex/base/ifthen.sty",
  "no_shell_escape_probed_in_tex": true,
  "retained_in_union": true,
  "review_script_sha256": "76d67fb5a52d5ca396fcc1820d061ab1ec3f94fe06bdb9aa893651bb159ca6ba",
  "scope": "Independent synthetic presentation test; no scientific execution",
  "status": "PASS",
  "tests": [
    {
      "exit_status": 0,
      "name": "prepare",
      "source_preserved": true,
      "status": "PASS"
    },
    {
      "exit_status": 0,
      "name": "bootstrap-no-shell-escape",
      "source_preserved": true,
      "status": "PASS"
    },
    {
      "exit_status": 0,
      "name": "locked-no-shell-escape",
      "source_preserved": true,
      "status": "PASS"
    },
    {
      "exit_status": 2,
      "name": "reject-omitted-first-pass-input",
      "source_preserved": true,
      "status": "PASS"
    }
  ]
}

