{
  "scope": "Presentation-only independent fixtures and instrumented guard checks; system toolchain unmodified; no scientific executable",
  "status": "PASS",
  "test_count": 12,
  "tests": [
    {
      "exit_status": 2,
      "status": "PASS",
      "test": "bad-manuscript-pin"
    },
    {
      "exit_status": 2,
      "status": "PASS",
      "test": "bad-lock-pin"
    },
    {
      "exit_status": 2,
      "status": "PASS",
      "test": "stale-executable-preflight"
    },
    {
      "exit_status": 2,
      "status": "PASS",
      "test": "stale-system-preflight"
    },
    {
      "exit_status": 2,
      "status": "PASS",
      "test": "changed-helper-refused-before-import"
    },
    {
      "exit_status": 0,
      "status": "PASS",
      "test": "independent-synthetic-prepare"
    },
    {
      "exit_status": 0,
      "status": "PASS",
      "test": "independent-hostile-environment-bootstrap"
    },
    {
      "path": "/usr/share/texlive/texmf-dist/tex/latex/tools/calc.sty",
      "status": "PASS",
      "test": "independent-calc-first-pass-only-union"
    },
    {
      "exit_status": 0,
      "status": "PASS",
      "test": "independent-synthetic-locked-build"
    },
    {
      "exit_status": 2,
      "status": "PASS",
      "test": "independent-omitted-first-pass-refusal"
    },
    {
      "expected_refusal": "System input changed during build",
      "injection_kind": "read-only test double; no system bytes modified",
      "injections": 1,
      "preservation": true,
      "status": "PASS",
      "test": "fault-injected-system-postflight"
    },
    {
      "expected_refusal": "Executable post-build mismatch",
      "injection_kind": "read-only test double; no system bytes modified",
      "injections": 1,
      "preservation": true,
      "status": "PASS",
      "test": "fault-injected-executable-postflight"
    }
  ]
}

