{
  "all_png_crc_and_rasters_verified": true,
  "dependency_lock_verified": false,
  "dependency_receipt_sha256": "26422ba4bda99e5e4615216408b23dada9c629174a88b9b61eaf17286c6db85d",
  "fresh_format": true,
  "manuscript_pins": {
    "Report69.tex": "e640afa3e32d3bdde8f730f46eb5ae58479c7f7011e9929144a7400b05d9af6f",
    "classification.tex": "9f148de99faafebb132fc014828c189d7368fa4f14ddbb5147e7a2f75c3aae69",
    "costs.tex": "2005e2eddb1b34bee457aa51d303a061b5c78229d5ec854f093c5e7d5e179d8f",
    "one-witness.tex": "b4bdb13e1bb5aebfb3daf3985f3d4bd9684b0a9c7a86ae39c69ebe6fb04638f0",
    "power.tex": "59567aa9fd9f7931e360016efd3da38e2431f1420b828c344498850124efd05e",
    "scope.tex": "422e7c9232ea3600f01133c32092dc8b243441b0fa32853f7204a97ce8409fb6",
    "tensor.tex": "7abc71383b823cd2655fee958a2ea7bea0d3c1bb4bbfd3149aa4c79b8a1132e8"
  },
  "manuscript_pins_sha256": "faedecd2f9c79c1e21366e798c3b65af62c84c7209c1ce69eb9c1aee1944f1d2",
  "packaged_pdf_match": false,
  "page_count": 1,
  "pdf_sha256": "23e6338f9a82219b73fb68f449c1d7d0ec97cbf18ce43d574a1ed9e33a378fc5",
  "recorded_passes": 4,
  "recorder_union_complete": true,
  "release_preserved": true,
  "render_dpi": 120,
  "scope": "Typesetting and analytic illustration only; no scientific executable",
  "shell_escape": false,
  "source_date_epoch": 1791072000,
  "standalone_sha256": "7a7b40a168bfa7c0d081f615827bd43d05da9fbf88717cbaca380eb937a6df94",
  "status": "BOOTSTRAP"
}

