Rc files read:
  /etc/LatexMk
Latexmk: This is Latexmk, John Collins, 31 Jan. 2024. Version 4.83.
No existing .aux file, so I'll make a simple one, and require run of *latex.
Force everything to be remade.
Latexmk: applying rule 'pdflatex'...
Rule 'pdflatex':  Reasons for rerun
Category 'other':
  Rerun of 'pdflatex' forced or previously required:
    Reason or flag: 'go_mode'

------------
Run number 1 of rule 'pdflatex'
------------
------------
Running 'pdflatex  -interaction=nonstopmode -halt-on-error -file-line-error -recorder -output-directory="/workspace/scratch/1b0dacdcfd3f/qa/build_final"  "unknot_dual_certificates.tex"'
------------
This is pdfTeX, Version 3.141592653-2.6-1.40.25 (TeX Live 2023/Debian) (preloaded format=pdflatex)
 restricted \write18 enabled.
entering extended mode
(./unknot_dual_certificates.tex
LaTeX2e <2023-11-01> patch level 1
L3 programming layer <2024-01-22>
(/usr/share/texlive/texmf-dist/tex/latex/base/article.cls
Document Class: article 2023/05/17 v1.4n Standard LaTeX document class
(/usr/share/texlive/texmf-dist/tex/latex/base/size11.clo))
(/usr/share/texlive/texmf-dist/tex/latex/base/fontenc.sty)
(/usr/share/texlive/texmf-dist/tex/latex/base/inputenc.sty)
(/usr/share/texmf/tex/latex/lm/lmodern.sty)
(/usr/share/texlive/texmf-dist/tex/latex/microtype/microtype.sty
(/usr/share/texlive/texmf-dist/tex/latex/graphics/keyval.sty)
(/usr/share/texlive/texmf-dist/tex/latex/etoolbox/etoolbox.sty)
(/usr/share/texlive/texmf-dist/tex/latex/microtype/microtype-pdftex.def)
(/usr/share/texlive/texmf-dist/tex/latex/microtype/microtype.cfg))
(/usr/share/texlive/texmf-dist/tex/latex/geometry/geometry.sty
(/usr/share/texlive/texmf-dist/tex/generic/iftex/ifvtex.sty
(/usr/share/texlive/texmf-dist/tex/generic/iftex/iftex.sty)))
(/usr/share/texlive/texmf-dist/tex/latex/amsmath/amsmath.sty
For additional information on amsmath, use the `?' option.
(/usr/share/texlive/texmf-dist/tex/latex/amsmath/amstext.sty
(/usr/share/texlive/texmf-dist/tex/latex/amsmath/amsgen.sty))
(/usr/share/texlive/texmf-dist/tex/latex/amsmath/amsbsy.sty)
(/usr/share/texlive/texmf-dist/tex/latex/amsmath/amsopn.sty))
(/usr/share/texlive/texmf-dist/tex/latex/amsfonts/amssymb.sty
(/usr/share/texlive/texmf-dist/tex/latex/amsfonts/amsfonts.sty))
(/usr/share/texlive/texmf-dist/tex/latex/amscls/amsthm.sty)
(/usr/share/texlive/texmf-dist/tex/latex/mathtools/mathtools.sty
(/usr/share/texlive/texmf-dist/tex/latex/tools/calc.sty)
(/usr/share/texlive/texmf-dist/tex/latex/mathtools/mhsetup.sty))
(/usr/share/texlive/texmf-dist/tex/latex/booktabs/booktabs.sty)
(/usr/share/texlive/texmf-dist/tex/latex/tools/longtable.sty)
(/usr/share/texlive/texmf-dist/tex/latex/tools/array.sty)
(/usr/share/texlive/texmf-dist/tex/latex/tools/tabularx.sty)
(/usr/share/texlive/texmf-dist/tex/latex/multirow/multirow.sty)
(/usr/share/texlive/texmf-dist/tex/latex/graphics/graphicx.sty
(/usr/share/texlive/texmf-dist/tex/latex/graphics/graphics.sty
(/usr/share/texlive/texmf-dist/tex/latex/graphics/trig.sty)
(/usr/share/texlive/texmf-dist/tex/latex/graphics-cfg/graphics.cfg)
(/usr/share/texlive/texmf-dist/tex/latex/graphics-def/pdftex.def)))
(/usr/share/texlive/texmf-dist/tex/latex/xcolor/xcolor.sty
(/usr/share/texlive/texmf-dist/tex/latex/graphics-cfg/color.cfg)
(/usr/share/texlive/texmf-dist/tex/latex/graphics/mathcolor.ltx))
(/usr/share/texlive/texmf-dist/tex/latex/enumitem/enumitem.sty)
(/usr/share/texlive/texmf-dist/tex/latex/fancyhdr/fancyhdr.sty)
(/usr/share/texlive/texmf-dist/tex/latex/float/float.sty)
(/usr/share/texlive/texmf-dist/tex/latex/url/url.sty)
(/usr/share/texlive/texmf-dist/tex/latex/hyperref/hyperref.sty
(/usr/share/texlive/texmf-dist/tex/latex/kvsetkeys/kvsetkeys.sty)
(/usr/share/texlive/texmf-dist/tex/generic/kvdefinekeys/kvdefinekeys.sty)
(/usr/share/texlive/texmf-dist/tex/generic/pdfescape/pdfescape.sty
(/usr/share/texlive/texmf-dist/tex/generic/ltxcmds/ltxcmds.sty)
(/usr/share/texlive/texmf-dist/tex/generic/pdftexcmds/pdftexcmds.sty
(/usr/share/texlive/texmf-dist/tex/generic/infwarerr/infwarerr.sty)))
(/usr/share/texlive/texmf-dist/tex/latex/hycolor/hycolor.sty)
(/usr/share/texlive/texmf-dist/tex/latex/auxhook/auxhook.sty)
(/usr/share/texlive/texmf-dist/tex/latex/hyperref/nameref.sty
(/usr/share/texlive/texmf-dist/tex/latex/refcount/refcount.sty)
(/usr/share/texlive/texmf-dist/tex/generic/gettitlestring/gettitlestring.sty
(/usr/share/texlive/texmf-dist/tex/latex/kvoptions/kvoptions.sty)))
(/usr/share/texlive/texmf-dist/tex/latex/hyperref/pd1enc.def)
(/usr/share/texlive/texmf-dist/tex/generic/intcalc/intcalc.sty)
(/usr/share/texlive/texmf-dist/tex/latex/hyperref/puenc.def)
(/usr/share/texlive/texmf-dist/tex/generic/bitset/bitset.sty
(/usr/share/texlive/texmf-dist/tex/generic/bigintcalc/bigintcalc.sty))
(/usr/share/texlive/texmf-dist/tex/latex/base/atbegshi-ltx.sty))
(/usr/share/texlive/texmf-dist/tex/latex/hyperref/hpdftex.def
(/usr/share/texlive/texmf-dist/tex/latex/base/atveryend-ltx.sty)
(/usr/share/texlive/texmf-dist/tex/latex/rerunfilecheck/rerunfilecheck.sty
(/usr/share/texlive/texmf-dist/tex/generic/uniquecounter/uniquecounter.sty)))
(/usr/share/texlive/texmf-dist/tex/latex/listings/listings.sty
(/usr/share/texlive/texmf-dist/tex/latex/listings/lstmisc.sty)
(/usr/share/texlive/texmf-dist/tex/latex/listings/listings.cfg))
(/usr/share/texmf/tex/latex/lm/t1lmr.fd)
(/usr/share/texlive/texmf-dist/tex/latex/l3backend/l3backend-pdftex.def)
(/workspace/scratch/1b0dacdcfd3f/qa/build_final/unknot_dual_certificates.aux)
(/usr/share/texlive/texmf-dist/tex/latex/microtype/mt-cmr.cfg)
*geometry* driver: auto-detecting
*geometry* detected driver: pdftex
(/usr/share/texlive/texmf-dist/tex/context/base/mkii/supp-pdf.mkii
[Loading MPS to PDF converter (version 2006.09.02).]
) (/usr/share/texlive/texmf-dist/tex/latex/epstopdf-pkg/epstopdf-base.sty
(/usr/share/texlive/texmf-dist/tex/latex/latexconfig/epstopdf-sys.cfg))
(/usr/share/texmf/tex/latex/lm/ot1lmr.fd)
(/usr/share/texmf/tex/latex/lm/omllmm.fd)
(/usr/share/texmf/tex/latex/lm/omslmsy.fd)
(/usr/share/texmf/tex/latex/lm/omxlmex.fd)
(/usr/share/texlive/texmf-dist/tex/latex/amsfonts/umsa.fd)
(/usr/share/texlive/texmf-dist/tex/latex/microtype/mt-msa.cfg)
(/usr/share/texlive/texmf-dist/tex/latex/amsfonts/umsb.fd)
(/usr/share/texlive/texmf-dist/tex/latex/microtype/mt-msb.cfg)
(/usr/share/texmf/tex/latex/lm/t1lmtt.fd) [1{/var/lib/texmf/fonts/map/pdftex/up
dmap/pdftex.map}{/usr/share/texmf/fonts/enc/dvips/lm/lm-ec.enc}{/usr/share/texm
f/fonts/enc/dvips/lm/lm-rm.enc}{/usr/share/texmf/fonts/enc/dvips/lm/lm-mathit.e
nc}]
No file unknot_dual_certificates.toc.
[1] (./sections/overview.tex

LaTeX Warning: Citation `priorKernel' on page 1 undefined on input line 24.

[1{/usr/share/texmf/fonts/enc/dvips/lm/lm-mathsy.enc}]

LaTeX Warning: Citation `BO' on page 2 undefined on input line 32.


LaTeX Warning: Citation `Tollefson' on page 2 undefined on input line 34.


LaTeX Warning: Citation `BurtonQ' on page 2 undefined on input line 34.


LaTeX Warning: Citation `HLP' on page 2 undefined on input line 34.


LaTeX Warning: Citation `Suh' on page 2 undefined on input line 34.


LaTeX Warning: Citation `LackenbyTalk' on page 2 undefined on input line 36.


LaTeX Warning: Citation `Lackenby2026' on page 2 undefined on input line 36.

[2]) (./sections/setting.tex [3]

LaTeX Warning: Citation `priorKernel' on page 4 undefined on input line 32.

[4{/usr/share/texmf/fonts/enc/dvips/lm/lm-mathex.enc}]

LaTeX Warning: Citation `Tollefson' on page 5 undefined on input line 76.


LaTeX Warning: Citation `BurtonQ' on page 5 undefined on input line 76.

) (./sections/sector_lp.tex

LaTeX Warning: Reference `eq:small-kernel' on page 5 undefined on input line 5.


[5]

LaTeX Warning: Reference `eq:anchor-lp' on page 6 undefined on input line 14.


LaTeX Warning: Reference `lem:anchor-count' on page 6 undefined on input line 1
4.


LaTeX Warning: Citation `Khachiyan' on page 6 undefined on input line 14.


LaTeX Warning: Reference `eq:standard-dual' on page 6 undefined on input line 2
9.


LaTeX Warning: Reference `eq:anchor-lp' on page 6 undefined on input line 33.

[6]

LaTeX Warning: Citation `priorKernel' on page 7 undefined on input line 46.


LaTeX Warning: Reference `eq:dual-bits' on page 7 undefined on input line 48.


LaTeX Warning: Reference `eq:canonical-euler' on page 7 undefined on input line
 73.


LaTeX Warning: Reference `eq:normalized-Q' on page 7 undefined on input line 73
.

[7]

LaTeX Warning: Reference `eq:normalized-Q' on page 8 undefined on input line 82
.


LaTeX Warning: Reference `lem:lift-extreme' on page 8 undefined on input line 8
2.


LaTeX Warning: Citation `Bland' on page 8 undefined on input line 84.


LaTeX Warning: Reference `eq:anchor-lp' on page 8 undefined on input line 86.


LaTeX Warning: Citation `BO' on page 8 undefined on input line 86.

[8]) (./sections/ray.tex

LaTeX Warning: Citation `AHT' on page 9 undefined on input line 3.


LaTeX Warning: Citation `HLP' on page 9 undefined on input line 14.


LaTeX Warning: Citation `BO' on page 9 undefined on input line 14.

[9]

LaTeX Warning: Reference `thm:ray-rank' on page 10 undefined on input line 29.


LaTeX Warning: Reference `lem:primitive-connected' on page 10 undefined on inpu
t line 35.

[10]) (./sections/propagation.tex

LaTeX Warning: Reference `eq:anchor-count' on page 11 undefined on input line 1
1.


LaTeX Warning: Reference `thm:dual' on page 11 undefined on input line 24.

[11] [12]

LaTeX Warning: Reference `eq:mandatory-dual' on page 13 undefined on input line
 76.

(./sections/backdoor_obstruction.tex [13]

LaTeX Warning: Reference `prop:unused-obstruction' on page 14 undefined on inpu
t line 72.

[14]

LaTeX Warning: Reference `eq:unknown-deciding-set' on page 15 undefined on inpu
t line 154.


LaTeX Warning: Reference `thm:deciding-set' on page 15 undefined on input line 
174.

[15])) (./sections/fibonacci.tex [16]

LaTeX Warning: Citation `priorKernel' on page 17 undefined on input line 34.


LaTeX Warning: Reference `eq:fib-relaxed' on page 17 undefined on input line 87
.


LaTeX Warning: Reference `eq:fib-relaxed' on page 17 undefined on input line 88
.

[17]

LaTeX Warning: Reference `eq:fib-euler' on page 18 undefined on input line 130.



LaTeX Warning: Reference `eq:fib-relaxed' on page 18 undefined on input line 13
7.


LaTeX Warning: Reference `lem:fib-relaxed' on page 18 undefined on input line 1
75.


LaTeX Warning: Reference `eq:fib-X-dual' on page 18 undefined on input line 177
.


LaTeX Warning: Reference `eq:fib-Y-dual' on page 18 undefined on input line 181
.


LaTeX Warning: Reference `eq:fib-last-dual' on page 18 undefined on input line 
181.


LaTeX Warning: Reference `eq:fib-relaxed' on page 18 undefined on input line 18
9.

[18]

LaTeX Warning: Reference `eq:fib-X-dual' on page 19 undefined on input line 212
.


LaTeX Warning: Reference `eq:fib-Y-dual' on page 19 undefined on input line 216
.


LaTeX Warning: Reference `eq:fib-last-dual' on page 19 undefined on input line 
217.


LaTeX Warning: Reference `eq:fib-standard-vector' on page 19 undefined on input
 line 261.


LaTeX Warning: Reference `eq:fib-euler' on page 19 undefined on input line 274.


[19]

LaTeX Warning: Reference `eq:fib-recovered-ray' on page 20 undefined on input l
ine 308.


LaTeX Warning: Reference `eq:deciding-comparison' on page 20 undefined on input
 line 311.


LaTeX Warning: Citation `priorKernel' on page 20 undefined on input line 323.


LaTeX Warning: Reference `eq:fib-support-separation' on page 20 undefined on in
put line 326.


LaTeX Warning: Reference `eq:fib-standard-vector' on page 20 undefined on input
 line 333.

) (./sections/complexity.tex [20]

LaTeX Warning: Reference `thm:backdoor' on page 21 undefined on input line 11.


LaTeX Warning: Reference `eq:unknown-backdoor' on page 21 undefined on input li
ne 15.


LaTeX Warning: Citation `BO' on page 21 undefined on input line 25.


LaTeX Warning: Citation `HLP' on page 21 undefined on input line 25.

[21]

LaTeX Warning: Citation `BO' on page 22 undefined on input line 38.


LaTeX Warning: Reference `eq:unknown-backdoor' on page 22 undefined on input li
ne 42.


LaTeX Warning: Reference `eq:backdoor-cost' on page 22 undefined on input line 
42.

[22]) (./sections/implementation.tex
(/usr/share/texlive/texmf-dist/tex/latex/listings/lstlang1.sty) [23] [24])
(./sections/experiments.tex [25]

LaTeX Warning: Reference `tab:sectors' on page 26 undefined on input line 51.

(./tables/sector_timings.tex) [26] (./tables/ray_timings.tex) [27]
(./tables/ray_scaling.tex) [28 <./figures/primitive_ray_performance.pdf>]

LaTeX Warning: Reference `sec:fibonacci' on page 29 undefined on input line 100
.

) (./sections/research.tex [29]

LaTeX Warning: Citation `BurtonHe' on page 30 undefined on input line 28.

[30]

LaTeX Warning: Citation `Lackenby2026' on page 31 undefined on input line 53.

[31]) [32] (./sections/reproducibility.tex
(/usr/share/texlive/texmf-dist/tex/latex/listings/lstlang1.sty)
(/usr/share/texlive/texmf-dist/tex/latex/listings/lstlang1.sty) [33])
(./references.tex [34]) [35]
(/workspace/scratch/1b0dacdcfd3f/qa/build_final/unknot_dual_certificates.aux)

LaTeX Warning: There were undefined references.


LaTeX Warning: Label(s) may have changed. Rerun to get cross-references right.


Package rerunfilecheck Warning: File `unknot_dual_certificates.out' has changed
.
(rerunfilecheck)                Rerun to get outlines right
(rerunfilecheck)                or use package `bookmark'.

 )</usr/share/texmf/fonts/type1/public/lm/lmbx10.pfb></usr/share/texmf/fonts/ty
pe1/public/lm/lmbx12.pfb></usr/share/texmf/fonts/type1/public/lm/lmex10.pfb></u
sr/share/texmf/fonts/type1/public/lm/lmmi10.pfb></usr/share/texmf/fonts/type1/p
ublic/lm/lmmi6.pfb></usr/share/texmf/fonts/type1/public/lm/lmmi7.pfb></usr/shar
e/texmf/fonts/type1/public/lm/lmmi8.pfb></usr/share/texmf/fonts/type1/public/lm
/lmr10.pfb></usr/share/texmf/fonts/type1/public/lm/lmr12.pfb></usr/share/texmf/
fonts/type1/public/lm/lmr6.pfb></usr/share/texmf/fonts/type1/public/lm/lmr7.pfb
></usr/share/texmf/fonts/type1/public/lm/lmr8.pfb></usr/share/texmf/fonts/type1
/public/lm/lmri10.pfb></usr/share/texmf/fonts/type1/public/lm/lmsy10.pfb></usr/
share/texmf/fonts/type1/public/lm/lmsy6.pfb></usr/share/texmf/fonts/type1/publi
c/lm/lmsy8.pfb></usr/share/texmf/fonts/type1/public/lm/lmtk10.pfb></usr/share/t
exmf/fonts/type1/public/lm/lmtt10.pfb></usr/share/texlive/texmf-dist/fonts/type
1/public/amsfonts/symbols/msbm10.pfb>
Output written on /workspace/scratch/1b0dacdcfd3f/qa/build_final/unknot_dual_ce
rtificates.pdf (37 pages, 513622 bytes).
Transcript written on /workspace/scratch/1b0dacdcfd3f/qa/build_final/unknot_dua
l_certificates.log.
Latexmk: Missing input file 'unknot_dual_certificates.toc' (or dependence on it) from following:
  No file unknot_dual_certificates.toc.
Latexmk: Getting log file '/workspace/scratch/1b0dacdcfd3f/qa/build_final/unknot_dual_certificates.log'
Latexmk: Examining '/workspace/scratch/1b0dacdcfd3f/qa/build_final/unknot_dual_certificates.fls'
Latexmk: Examining '/workspace/scratch/1b0dacdcfd3f/qa/build_final/unknot_dual_certificates.log'
Latexmk: References changed.
Latexmk: References changed.
Latexmk: Log file says output to '/workspace/scratch/1b0dacdcfd3f/qa/build_final/unknot_dual_certificates.pdf'
Latexmk: applying rule 'pdflatex'...
Rule 'pdflatex':  Reasons for rerun
Changed files or newly in use/created:
  /workspace/scratch/1b0dacdcfd3f/qa/build_final/unknot_dual_certificates.aux
  /workspace/scratch/1b0dacdcfd3f/qa/build_final/unknot_dual_certificates.out
  /workspace/scratch/1b0dacdcfd3f/qa/build_final/unknot_dual_certificates.toc

------------
Run number 2 of rule 'pdflatex'
------------
------------
Running 'pdflatex  -interaction=nonstopmode -halt-on-error -file-line-error -recorder -output-directory="/workspace/scratch/1b0dacdcfd3f/qa/build_final"  "unknot_dual_certificates.tex"'
------------
This is pdfTeX, Version 3.141592653-2.6-1.40.25 (TeX Live 2023/Debian) (preloaded format=pdflatex)
 restricted \write18 enabled.
entering extended mode
(./unknot_dual_certificates.tex
LaTeX2e <2023-11-01> patch level 1
L3 programming layer <2024-01-22>
(/usr/share/texlive/texmf-dist/tex/latex/base/article.cls
Document Class: article 2023/05/17 v1.4n Standard LaTeX document class
(/usr/share/texlive/texmf-dist/tex/latex/base/size11.clo))
(/usr/share/texlive/texmf-dist/tex/latex/base/fontenc.sty)
(/usr/share/texlive/texmf-dist/tex/latex/base/inputenc.sty)
(/usr/share/texmf/tex/latex/lm/lmodern.sty)
(/usr/share/texlive/texmf-dist/tex/latex/microtype/microtype.sty
(/usr/share/texlive/texmf-dist/tex/latex/graphics/keyval.sty)
(/usr/share/texlive/texmf-dist/tex/latex/etoolbox/etoolbox.sty)
(/usr/share/texlive/texmf-dist/tex/latex/microtype/microtype-pdftex.def)
(/usr/share/texlive/texmf-dist/tex/latex/microtype/microtype.cfg))
(/usr/share/texlive/texmf-dist/tex/latex/geometry/geometry.sty
(/usr/share/texlive/texmf-dist/tex/generic/iftex/ifvtex.sty
(/usr/share/texlive/texmf-dist/tex/generic/iftex/iftex.sty)))
(/usr/share/texlive/texmf-dist/tex/latex/amsmath/amsmath.sty
For additional information on amsmath, use the `?' option.
(/usr/share/texlive/texmf-dist/tex/latex/amsmath/amstext.sty
(/usr/share/texlive/texmf-dist/tex/latex/amsmath/amsgen.sty))
(/usr/share/texlive/texmf-dist/tex/latex/amsmath/amsbsy.sty)
(/usr/share/texlive/texmf-dist/tex/latex/amsmath/amsopn.sty))
(/usr/share/texlive/texmf-dist/tex/latex/amsfonts/amssymb.sty
(/usr/share/texlive/texmf-dist/tex/latex/amsfonts/amsfonts.sty))
(/usr/share/texlive/texmf-dist/tex/latex/amscls/amsthm.sty)
(/usr/share/texlive/texmf-dist/tex/latex/mathtools/mathtools.sty
(/usr/share/texlive/texmf-dist/tex/latex/tools/calc.sty)
(/usr/share/texlive/texmf-dist/tex/latex/mathtools/mhsetup.sty))
(/usr/share/texlive/texmf-dist/tex/latex/booktabs/booktabs.sty)
(/usr/share/texlive/texmf-dist/tex/latex/tools/longtable.sty)
(/usr/share/texlive/texmf-dist/tex/latex/tools/array.sty)
(/usr/share/texlive/texmf-dist/tex/latex/tools/tabularx.sty)
(/usr/share/texlive/texmf-dist/tex/latex/multirow/multirow.sty)
(/usr/share/texlive/texmf-dist/tex/latex/graphics/graphicx.sty
(/usr/share/texlive/texmf-dist/tex/latex/graphics/graphics.sty
(/usr/share/texlive/texmf-dist/tex/latex/graphics/trig.sty)
(/usr/share/texlive/texmf-dist/tex/latex/graphics-cfg/graphics.cfg)
(/usr/share/texlive/texmf-dist/tex/latex/graphics-def/pdftex.def)))
(/usr/share/texlive/texmf-dist/tex/latex/xcolor/xcolor.sty
(/usr/share/texlive/texmf-dist/tex/latex/graphics-cfg/color.cfg)
(/usr/share/texlive/texmf-dist/tex/latex/graphics/mathcolor.ltx))
(/usr/share/texlive/texmf-dist/tex/latex/enumitem/enumitem.sty)
(/usr/share/texlive/texmf-dist/tex/latex/fancyhdr/fancyhdr.sty)
(/usr/share/texlive/texmf-dist/tex/latex/float/float.sty)
(/usr/share/texlive/texmf-dist/tex/latex/url/url.sty)
(/usr/share/texlive/texmf-dist/tex/latex/hyperref/hyperref.sty
(/usr/share/texlive/texmf-dist/tex/latex/kvsetkeys/kvsetkeys.sty)
(/usr/share/texlive/texmf-dist/tex/generic/kvdefinekeys/kvdefinekeys.sty)
(/usr/share/texlive/texmf-dist/tex/generic/pdfescape/pdfescape.sty
(/usr/share/texlive/texmf-dist/tex/generic/ltxcmds/ltxcmds.sty)
(/usr/share/texlive/texmf-dist/tex/generic/pdftexcmds/pdftexcmds.sty
(/usr/share/texlive/texmf-dist/tex/generic/infwarerr/infwarerr.sty)))
(/usr/share/texlive/texmf-dist/tex/latex/hycolor/hycolor.sty)
(/usr/share/texlive/texmf-dist/tex/latex/auxhook/auxhook.sty)
(/usr/share/texlive/texmf-dist/tex/latex/hyperref/nameref.sty
(/usr/share/texlive/texmf-dist/tex/latex/refcount/refcount.sty)
(/usr/share/texlive/texmf-dist/tex/generic/gettitlestring/gettitlestring.sty
(/usr/share/texlive/texmf-dist/tex/latex/kvoptions/kvoptions.sty)))
(/usr/share/texlive/texmf-dist/tex/latex/hyperref/pd1enc.def)
(/usr/share/texlive/texmf-dist/tex/generic/intcalc/intcalc.sty)
(/usr/share/texlive/texmf-dist/tex/latex/hyperref/puenc.def)
(/usr/share/texlive/texmf-dist/tex/generic/bitset/bitset.sty
(/usr/share/texlive/texmf-dist/tex/generic/bigintcalc/bigintcalc.sty))
(/usr/share/texlive/texmf-dist/tex/latex/base/atbegshi-ltx.sty))
(/usr/share/texlive/texmf-dist/tex/latex/hyperref/hpdftex.def
(/usr/share/texlive/texmf-dist/tex/latex/base/atveryend-ltx.sty)
(/usr/share/texlive/texmf-dist/tex/latex/rerunfilecheck/rerunfilecheck.sty
(/usr/share/texlive/texmf-dist/tex/generic/uniquecounter/uniquecounter.sty)))
(/usr/share/texlive/texmf-dist/tex/latex/listings/listings.sty
(/usr/share/texlive/texmf-dist/tex/latex/listings/lstmisc.sty)
(/usr/share/texlive/texmf-dist/tex/latex/listings/listings.cfg))
(/usr/share/texmf/tex/latex/lm/t1lmr.fd)
(/usr/share/texlive/texmf-dist/tex/latex/l3backend/l3backend-pdftex.def)
(/workspace/scratch/1b0dacdcfd3f/qa/build_final/unknot_dual_certificates.aux)
(/usr/share/texlive/texmf-dist/tex/latex/microtype/mt-cmr.cfg)
*geometry* driver: auto-detecting
*geometry* detected driver: pdftex
(/usr/share/texlive/texmf-dist/tex/context/base/mkii/supp-pdf.mkii
[Loading MPS to PDF converter (version 2006.09.02).]
) (/usr/share/texlive/texmf-dist/tex/latex/epstopdf-pkg/epstopdf-base.sty
(/usr/share/texlive/texmf-dist/tex/latex/latexconfig/epstopdf-sys.cfg))
(/workspace/scratch/1b0dacdcfd3f/qa/build_final/unknot_dual_certificates.out)
(/workspace/scratch/1b0dacdcfd3f/qa/build_final/unknot_dual_certificates.out)
(/usr/share/texmf/tex/latex/lm/ot1lmr.fd)
(/usr/share/texmf/tex/latex/lm/omllmm.fd)
(/usr/share/texmf/tex/latex/lm/omslmsy.fd)
(/usr/share/texmf/tex/latex/lm/omxlmex.fd)
(/usr/share/texlive/texmf-dist/tex/latex/amsfonts/umsa.fd)
(/usr/share/texlive/texmf-dist/tex/latex/microtype/mt-msa.cfg)
(/usr/share/texlive/texmf-dist/tex/latex/amsfonts/umsb.fd)
(/usr/share/texlive/texmf-dist/tex/latex/microtype/mt-msb.cfg)
(/usr/share/texmf/tex/latex/lm/t1lmtt.fd) [1{/var/lib/texmf/fonts/map/pdftex/up
dmap/pdftex.map}{/usr/share/texmf/fonts/enc/dvips/lm/lm-ec.enc}{/usr/share/texm
f/fonts/enc/dvips/lm/lm-rm.enc}{/usr/share/texmf/fonts/enc/dvips/lm/lm-mathit.e
nc}]
(/workspace/scratch/1b0dacdcfd3f/qa/build_final/unknot_dual_certificates.toc
[1]) [2] (./sections/overview.tex [1{/usr/share/texmf/fonts/enc/dvips/lm/lm-mat
hsy.enc}] [2]) (./sections/setting.tex [3] [4{/usr/share/texmf/fonts/enc/dvips/
lm/lm-mathex.enc}]) (./sections/sector_lp.tex [5] [6] [7] [8])
(./sections/ray.tex [9] [10]) (./sections/propagation.tex [11] [12]
(./sections/backdoor_obstruction.tex [13] [14] [15])) (./sections/fibonacci.tex
[16] [17] [18] [19]) (./sections/complexity.tex [20] [21] [22])
(./sections/implementation.tex
(/usr/share/texlive/texmf-dist/tex/latex/listings/lstlang1.sty) [23] [24])
(./sections/experiments.tex [25] (./tables/sector_timings.tex) [26]
(./tables/ray_timings.tex) [27] (./tables/ray_scaling.tex) [28 <./figures/primi
tive_ray_performance.pdf>]) (./sections/research.tex [29] [30] [31]) [32]
(./sections/reproducibility.tex
(/usr/share/texlive/texmf-dist/tex/latex/listings/lstlang1.sty)
(/usr/share/texlive/texmf-dist/tex/latex/listings/lstlang1.sty) [33])
(./references.tex [34]) [35]
(/workspace/scratch/1b0dacdcfd3f/qa/build_final/unknot_dual_certificates.aux) )
</usr/share/texmf/fonts/type1/public/lm/lmbx10.pfb></usr/share/texmf/fonts/type
1/public/lm/lmbx12.pfb></usr/share/texmf/fonts/type1/public/lm/lmex10.pfb></usr
/share/texmf/fonts/type1/public/lm/lmmi10.pfb></usr/share/texmf/fonts/type1/pub
lic/lm/lmmi6.pfb></usr/share/texmf/fonts/type1/public/lm/lmmi7.pfb></usr/share/
texmf/fonts/type1/public/lm/lmmi8.pfb></usr/share/texmf/fonts/type1/public/lm/l
mr10.pfb></usr/share/texmf/fonts/type1/public/lm/lmr12.pfb></usr/share/texmf/fo
nts/type1/public/lm/lmr6.pfb></usr/share/texmf/fonts/type1/public/lm/lmr7.pfb><
/usr/share/texmf/fonts/type1/public/lm/lmr8.pfb></usr/share/texmf/fonts/type1/p
ublic/lm/lmri10.pfb></usr/share/texmf/fonts/type1/public/lm/lmsy10.pfb></usr/sh
are/texmf/fonts/type1/public/lm/lmsy6.pfb></usr/share/texmf/fonts/type1/public/
lm/lmsy8.pfb></usr/share/texmf/fonts/type1/public/lm/lmtk10.pfb></usr/share/tex
mf/fonts/type1/public/lm/lmtt10.pfb></usr/share/texlive/texmf-dist/fonts/type1/
public/amsfonts/symbols/msbm10.pfb>
Output written on /workspace/scratch/1b0dacdcfd3f/qa/build_final/unknot_dual_ce
rtificates.pdf (38 pages, 528324 bytes).
Transcript written on /workspace/scratch/1b0dacdcfd3f/qa/build_final/unknot_dua
l_certificates.log.
Latexmk: Getting log file '/workspace/scratch/1b0dacdcfd3f/qa/build_final/unknot_dual_certificates.log'
Latexmk: Examining '/workspace/scratch/1b0dacdcfd3f/qa/build_final/unknot_dual_certificates.fls'
Latexmk: Examining '/workspace/scratch/1b0dacdcfd3f/qa/build_final/unknot_dual_certificates.log'
Latexmk: Log file says output to '/workspace/scratch/1b0dacdcfd3f/qa/build_final/unknot_dual_certificates.pdf'
Latexmk: applying rule 'pdflatex'...
Rule 'pdflatex':  Reasons for rerun
Changed files or newly in use/created:
  /workspace/scratch/1b0dacdcfd3f/qa/build_final/unknot_dual_certificates.aux

------------
Run number 3 of rule 'pdflatex'
------------
------------
Running 'pdflatex  -interaction=nonstopmode -halt-on-error -file-line-error -recorder -output-directory="/workspace/scratch/1b0dacdcfd3f/qa/build_final"  "unknot_dual_certificates.tex"'
------------
This is pdfTeX, Version 3.141592653-2.6-1.40.25 (TeX Live 2023/Debian) (preloaded format=pdflatex)
 restricted \write18 enabled.
entering extended mode
(./unknot_dual_certificates.tex
LaTeX2e <2023-11-01> patch level 1
L3 programming layer <2024-01-22>
(/usr/share/texlive/texmf-dist/tex/latex/base/article.cls
Document Class: article 2023/05/17 v1.4n Standard LaTeX document class
(/usr/share/texlive/texmf-dist/tex/latex/base/size11.clo))
(/usr/share/texlive/texmf-dist/tex/latex/base/fontenc.sty)
(/usr/share/texlive/texmf-dist/tex/latex/base/inputenc.sty)
(/usr/share/texmf/tex/latex/lm/lmodern.sty)
(/usr/share/texlive/texmf-dist/tex/latex/microtype/microtype.sty
(/usr/share/texlive/texmf-dist/tex/latex/graphics/keyval.sty)
(/usr/share/texlive/texmf-dist/tex/latex/etoolbox/etoolbox.sty)
(/usr/share/texlive/texmf-dist/tex/latex/microtype/microtype-pdftex.def)
(/usr/share/texlive/texmf-dist/tex/latex/microtype/microtype.cfg))
(/usr/share/texlive/texmf-dist/tex/latex/geometry/geometry.sty
(/usr/share/texlive/texmf-dist/tex/generic/iftex/ifvtex.sty
(/usr/share/texlive/texmf-dist/tex/generic/iftex/iftex.sty)))
(/usr/share/texlive/texmf-dist/tex/latex/amsmath/amsmath.sty
For additional information on amsmath, use the `?' option.
(/usr/share/texlive/texmf-dist/tex/latex/amsmath/amstext.sty
(/usr/share/texlive/texmf-dist/tex/latex/amsmath/amsgen.sty))
(/usr/share/texlive/texmf-dist/tex/latex/amsmath/amsbsy.sty)
(/usr/share/texlive/texmf-dist/tex/latex/amsmath/amsopn.sty))
(/usr/share/texlive/texmf-dist/tex/latex/amsfonts/amssymb.sty
(/usr/share/texlive/texmf-dist/tex/latex/amsfonts/amsfonts.sty))
(/usr/share/texlive/texmf-dist/tex/latex/amscls/amsthm.sty)
(/usr/share/texlive/texmf-dist/tex/latex/mathtools/mathtools.sty
(/usr/share/texlive/texmf-dist/tex/latex/tools/calc.sty)
(/usr/share/texlive/texmf-dist/tex/latex/mathtools/mhsetup.sty))
(/usr/share/texlive/texmf-dist/tex/latex/booktabs/booktabs.sty)
(/usr/share/texlive/texmf-dist/tex/latex/tools/longtable.sty)
(/usr/share/texlive/texmf-dist/tex/latex/tools/array.sty)
(/usr/share/texlive/texmf-dist/tex/latex/tools/tabularx.sty)
(/usr/share/texlive/texmf-dist/tex/latex/multirow/multirow.sty)
(/usr/share/texlive/texmf-dist/tex/latex/graphics/graphicx.sty
(/usr/share/texlive/texmf-dist/tex/latex/graphics/graphics.sty
(/usr/share/texlive/texmf-dist/tex/latex/graphics/trig.sty)
(/usr/share/texlive/texmf-dist/tex/latex/graphics-cfg/graphics.cfg)
(/usr/share/texlive/texmf-dist/tex/latex/graphics-def/pdftex.def)))
(/usr/share/texlive/texmf-dist/tex/latex/xcolor/xcolor.sty
(/usr/share/texlive/texmf-dist/tex/latex/graphics-cfg/color.cfg)
(/usr/share/texlive/texmf-dist/tex/latex/graphics/mathcolor.ltx))
(/usr/share/texlive/texmf-dist/tex/latex/enumitem/enumitem.sty)
(/usr/share/texlive/texmf-dist/tex/latex/fancyhdr/fancyhdr.sty)
(/usr/share/texlive/texmf-dist/tex/latex/float/float.sty)
(/usr/share/texlive/texmf-dist/tex/latex/url/url.sty)
(/usr/share/texlive/texmf-dist/tex/latex/hyperref/hyperref.sty
(/usr/share/texlive/texmf-dist/tex/latex/kvsetkeys/kvsetkeys.sty)
(/usr/share/texlive/texmf-dist/tex/generic/kvdefinekeys/kvdefinekeys.sty)
(/usr/share/texlive/texmf-dist/tex/generic/pdfescape/pdfescape.sty
(/usr/share/texlive/texmf-dist/tex/generic/ltxcmds/ltxcmds.sty)
(/usr/share/texlive/texmf-dist/tex/generic/pdftexcmds/pdftexcmds.sty
(/usr/share/texlive/texmf-dist/tex/generic/infwarerr/infwarerr.sty)))
(/usr/share/texlive/texmf-dist/tex/latex/hycolor/hycolor.sty)
(/usr/share/texlive/texmf-dist/tex/latex/auxhook/auxhook.sty)
(/usr/share/texlive/texmf-dist/tex/latex/hyperref/nameref.sty
(/usr/share/texlive/texmf-dist/tex/latex/refcount/refcount.sty)
(/usr/share/texlive/texmf-dist/tex/generic/gettitlestring/gettitlestring.sty
(/usr/share/texlive/texmf-dist/tex/latex/kvoptions/kvoptions.sty)))
(/usr/share/texlive/texmf-dist/tex/latex/hyperref/pd1enc.def)
(/usr/share/texlive/texmf-dist/tex/generic/intcalc/intcalc.sty)
(/usr/share/texlive/texmf-dist/tex/latex/hyperref/puenc.def)
(/usr/share/texlive/texmf-dist/tex/generic/bitset/bitset.sty
(/usr/share/texlive/texmf-dist/tex/generic/bigintcalc/bigintcalc.sty))
(/usr/share/texlive/texmf-dist/tex/latex/base/atbegshi-ltx.sty))
(/usr/share/texlive/texmf-dist/tex/latex/hyperref/hpdftex.def
(/usr/share/texlive/texmf-dist/tex/latex/base/atveryend-ltx.sty)
(/usr/share/texlive/texmf-dist/tex/latex/rerunfilecheck/rerunfilecheck.sty
(/usr/share/texlive/texmf-dist/tex/generic/uniquecounter/uniquecounter.sty)))
(/usr/share/texlive/texmf-dist/tex/latex/listings/listings.sty
(/usr/share/texlive/texmf-dist/tex/latex/listings/lstmisc.sty)
(/usr/share/texlive/texmf-dist/tex/latex/listings/listings.cfg))
(/usr/share/texmf/tex/latex/lm/t1lmr.fd)
(/usr/share/texlive/texmf-dist/tex/latex/l3backend/l3backend-pdftex.def)
(/workspace/scratch/1b0dacdcfd3f/qa/build_final/unknot_dual_certificates.aux)
(/usr/share/texlive/texmf-dist/tex/latex/microtype/mt-cmr.cfg)
*geometry* driver: auto-detecting
*geometry* detected driver: pdftex
(/usr/share/texlive/texmf-dist/tex/context/base/mkii/supp-pdf.mkii
[Loading MPS to PDF converter (version 2006.09.02).]
) (/usr/share/texlive/texmf-dist/tex/latex/epstopdf-pkg/epstopdf-base.sty
(/usr/share/texlive/texmf-dist/tex/latex/latexconfig/epstopdf-sys.cfg))
(/workspace/scratch/1b0dacdcfd3f/qa/build_final/unknot_dual_certificates.out)
(/workspace/scratch/1b0dacdcfd3f/qa/build_final/unknot_dual_certificates.out)
(/usr/share/texmf/tex/latex/lm/ot1lmr.fd)
(/usr/share/texmf/tex/latex/lm/omllmm.fd)
(/usr/share/texmf/tex/latex/lm/omslmsy.fd)
(/usr/share/texmf/tex/latex/lm/omxlmex.fd)
(/usr/share/texlive/texmf-dist/tex/latex/amsfonts/umsa.fd)
(/usr/share/texlive/texmf-dist/tex/latex/microtype/mt-msa.cfg)
(/usr/share/texlive/texmf-dist/tex/latex/amsfonts/umsb.fd)
(/usr/share/texlive/texmf-dist/tex/latex/microtype/mt-msb.cfg)
(/usr/share/texmf/tex/latex/lm/t1lmtt.fd) [1{/var/lib/texmf/fonts/map/pdftex/up
dmap/pdftex.map}{/usr/share/texmf/fonts/enc/dvips/lm/lm-ec.enc}{/usr/share/texm
f/fonts/enc/dvips/lm/lm-rm.enc}{/usr/share/texmf/fonts/enc/dvips/lm/lm-mathit.e
nc}]
(/workspace/scratch/1b0dacdcfd3f/qa/build_final/unknot_dual_certificates.toc
[1]) [2] (./sections/overview.tex [1{/usr/share/texmf/fonts/enc/dvips/lm/lm-mat
hsy.enc}] [2]) (./sections/setting.tex [3] [4{/usr/share/texmf/fonts/enc/dvips/
lm/lm-mathex.enc}]) (./sections/sector_lp.tex [5] [6] [7] [8])
(./sections/ray.tex [9] [10]) (./sections/propagation.tex [11] [12]
(./sections/backdoor_obstruction.tex [13] [14] [15])) (./sections/fibonacci.tex
[16] [17] [18] [19]) (./sections/complexity.tex [20] [21] [22])
(./sections/implementation.tex
(/usr/share/texlive/texmf-dist/tex/latex/listings/lstlang1.sty) [23] [24])
(./sections/experiments.tex [25] (./tables/sector_timings.tex) [26]
(./tables/ray_timings.tex) [27] (./tables/ray_scaling.tex) [28 <./figures/primi
tive_ray_performance.pdf>]) (./sections/research.tex [29] [30] [31]) [32]
(./sections/reproducibility.tex
(/usr/share/texlive/texmf-dist/tex/latex/listings/lstlang1.sty)
(/usr/share/texlive/texmf-dist/tex/latex/listings/lstlang1.sty) [33])
(./references.tex [34]) [35]
(/workspace/scratch/1b0dacdcfd3f/qa/build_final/unknot_dual_certificates.aux) )
</usr/share/texmf/fonts/type1/public/lm/lmbx10.pfb></usr/share/texmf/fonts/type
1/public/lm/lmbx12.pfb></usr/share/texmf/fonts/type1/public/lm/lmex10.pfb></usr
/share/texmf/fonts/type1/public/lm/lmmi10.pfb></usr/share/texmf/fonts/type1/pub
lic/lm/lmmi6.pfb></usr/share/texmf/fonts/type1/public/lm/lmmi7.pfb></usr/share/
texmf/fonts/type1/public/lm/lmmi8.pfb></usr/share/texmf/fonts/type1/public/lm/l
mr10.pfb></usr/share/texmf/fonts/type1/public/lm/lmr12.pfb></usr/share/texmf/fo
nts/type1/public/lm/lmr6.pfb></usr/share/texmf/fonts/type1/public/lm/lmr7.pfb><
/usr/share/texmf/fonts/type1/public/lm/lmr8.pfb></usr/share/texmf/fonts/type1/p
ublic/lm/lmri10.pfb></usr/share/texmf/fonts/type1/public/lm/lmsy10.pfb></usr/sh
are/texmf/fonts/type1/public/lm/lmsy6.pfb></usr/share/texmf/fonts/type1/public/
lm/lmsy8.pfb></usr/share/texmf/fonts/type1/public/lm/lmtk10.pfb></usr/share/tex
mf/fonts/type1/public/lm/lmtt10.pfb></usr/share/texlive/texmf-dist/fonts/type1/
public/amsfonts/symbols/msbm10.pfb>
Output written on /workspace/scratch/1b0dacdcfd3f/qa/build_final/unknot_dual_ce
rtificates.pdf (38 pages, 528324 bytes).
Transcript written on /workspace/scratch/1b0dacdcfd3f/qa/build_final/unknot_dua
l_certificates.log.
Latexmk: Getting log file '/workspace/scratch/1b0dacdcfd3f/qa/build_final/unknot_dual_certificates.log'
Latexmk: Examining '/workspace/scratch/1b0dacdcfd3f/qa/build_final/unknot_dual_certificates.fls'
Latexmk: Examining '/workspace/scratch/1b0dacdcfd3f/qa/build_final/unknot_dual_certificates.log'
Latexmk: Log file says output to '/workspace/scratch/1b0dacdcfd3f/qa/build_final/unknot_dual_certificates.pdf'
Latexmk: All targets (/workspace/scratch/1b0dacdcfd3f/qa/build_final/unknot_dual_certificates.pdf) are up-to-date

