conway.json scan baseline 0.03366743099991254
conway.json scan optimized 0.010818565000022318
conway.json pipeline baseline 0.035630007000008845
conway.json pipeline optimized 0.000915175000045565
kinoshita_terasaka.json scan baseline 0.039130234000026576
kinoshita_terasaka.json scan optimized 0.011889074000009714
kinoshita_terasaka.json pipeline baseline 0.03929658600009134
kinoshita_terasaka.json pipeline optimized 0.0008862310000949947
hard_unknot_8.json scan baseline 0.002139104999969277
hard_unknot_8.json scan optimized 0.0018977720000066256
hard_unknot_8.json pipeline baseline 0.0016205960000661435
hard_unknot_8.json pipeline optimized 0.0018185229999971853
random5_36.json scan baseline LIMIT
random5_36.json scan optimized 1.284671913000011
random5_36.json pipeline baseline 0.008081994000008308
random5_36.json pipeline optimized 0.00521672899992609
unknot_braid40.json scan baseline 0.008588443999997253
unknot_braid40.json scan optimized 0.004003334999993058
unknot_braid40.json pipeline baseline 0.006410761999973147
unknot_braid40.json pipeline optimized 0.00635305600007996
torus_3_5.json scan baseline 0.010972857999945518
torus_3_5.json scan optimized 0.010466846999975132
torus_3_5.json pipeline baseline 0.0005896760000041468
torus_3_5.json pipeline optimized 0.0009041480000178126
conway_sum_2.json forced-scan-pipeline baseline 1.4274562479999986
conway_sum_2.json forced-scan-pipeline optimized 0.010934711000004427
conway_sum_3.json forced-scan-pipeline baseline LIMIT
conway_sum_3.json forced-scan-pipeline optimized 0.01219633599998815
unknot_chain_64.json order baseline 0.014000356999986252
unknot_chain_64.json order optimized 0.0017492279999942184
unknot_chain_256.json order baseline 0.21732392399997025
unknot_chain_256.json order optimized 0.0072087119999650895
unknot_chain_1024.json order baseline 3.4149802670000327
unknot_chain_1024.json order optimized 0.032857069999977284
random5_36.json scan cached-lifo LIMIT
random5_36.json scan old-algebra-fill 7.62708387400005
conway_sum_12.json factored optimized 0.031764048000013645
