exact_positive_kernels passed
formal_coefficients passed
independent_coefficients passed
shared_jacobi passed
delay_operator passed
inverse passed
exact_forward_evidence passed
{
  "status": "passed",
  "runtime": {
    "python": "3.12.14 (main, Aug 25 2026, 14:00:49) [Clang 22.1.3 ]",
    "packages": {
      "sympy": "1.14.0",
      "mpmath": "1.3.0",
      "numpy": "2.3.5",
      "scipy": "1.17.0"
    }
  },
  "manifest_sha256": "64c90748c6b6a8a13b1f2cdc2c232d885410dbfb629ed53a8e2c355413ba10eb",
  "manifest_bound_input_files": 33,
  "elapsed_seconds": 29.85805473999062,
  "cases": {
    "exact_positive_kernels": {
      "status": "passed",
      "seconds": 0.22050149299320765,
      "output": "exact_positive_kernels.json"
    },
    "formal_coefficients": {
      "status": "passed",
      "seconds": 5.577091205996112,
      "output": "formal_coefficients.json"
    },
    "independent_coefficients": {
      "status": "passed",
      "seconds": 13.354329052992398,
      "output": "independent_coefficients.json"
    },
    "shared_jacobi": {
      "status": "passed",
      "seconds": 0.7726819380040979,
      "output": "shared_jacobi.json"
    },
    "delay_operator": {
      "status": "passed",
      "seconds": 0.37426301300001796,
      "output": "delay_operator.json"
    },
    "inverse": {
      "status": "passed",
      "seconds": 0.8745624529983616,
      "output": "inverse.json"
    },
    "exact_forward_evidence": {
      "status": "passed",
      "seconds": 8.4569708469935,
      "output": "exact_forward_evidence.json"
    }
  },
  "independent_coefficient_agreement": "exact symbolic equality",
  "profile_boundary_and_mod3_grading": "exactly verified at every computed order",
  "exact_fixture_agreement": true,
  "inputs_unchanged_after_replay": true,
  "numeric_scope": "Numerical diagnostics and fitted amplitudes are evidence only; not rigorous enclosures."
}
