m= 3 s= 4/3
m= 4 s= 29*a**2/270
m= 5 s= -23*a/81
m= 6 s= 551/630 - 8783*a**3/85050
m= 7 s= 221*a**2/3645
m= 8 s= 7162009*a**4/413343000 + 3830611*a/2296350
{
  "h": {
    "h1": "53*a**2/45",
    "h2": "79*a/27",
    "h3": "-(10432*a**3 - 57915)/85050"
  },
  "endpoint_log_N": {
    "1": "53*a**2/45",
    "2": "88*a/27",
    "3": "-(10432*a**3 - 171315)/85050"
  },
  "endpoint_log_n": {
    "1": "53*z**2/90",
    "2": "44*z/27",
    "3": "-(5216*z**3 - 171315)/170100"
  },
  "c_n": {
    "1": "53*z**2/90",
    "2": "z*(2809*z**3 + 26400)/16200",
    "3": "(1042139*z**6 + 28444320*z**3 + 30836700)/30618000"
  }
}
