{
  "passed": true,
  "frozen_residual_eps0_through_eps5": "exactly zero",
  "boundary": "exactly zero",
  "exact_gauge_identities": "all N=1..40 and all legal j verified",
  "limiting_ground": 3.711514162978477,
  "limiting_gap": 2.7777010850278407,
  "diagnostics": [
    {
      "N": 80,
      "ground_scaled": 2.9013936813830234,
      "gap_scaled": 2.5071338972539854,
      "quasimode_residual_over_eps6": 3.06872738441181,
      "eigenvector_error_over_eps4": 0.4194836956216076,
      "endpoint_ratio": 0.9374589596099152,
      "Q_defect_over_N43": 0.8444110437283531
    },
    {
      "N": 160,
      "ground_scaled": 3.0805507822490035,
      "gap_scaled": 2.5972008637766493,
      "quasimode_residual_over_eps6": 3.4161379890262666,
      "eigenvector_error_over_eps4": 0.4945051364974936,
      "endpoint_ratio": 0.959715057191836,
      "Q_defect_over_N43": 0.9131814973924524
    },
    {
      "N": 320,
      "ground_scaled": 3.2203053076919104,
      "gap_scaled": 2.659303904835771,
      "quasimode_residual_over_eps6": 3.7049628983525285,
      "eigenvector_error_over_eps4": 0.557686465540816,
      "endpoint_ratio": 0.9742487793871822,
      "Q_defect_over_N43": 0.9710567007560077
    },
    {
      "N": 640,
      "ground_scaled": 3.328676695803855,
      "gap_scaled": 2.7009633580388575,
      "quasimode_residual_over_eps6": 3.9405328762744065,
      "eigenvector_error_over_eps4": 0.6099253540781422,
      "endpoint_ratio": 0.9836228167250257,
      "Q_defect_over_N43": 1.019181851366272
    },
    {
      "N": 1280,
      "ground_scaled": 3.4125743093229817,
      "gap_scaled": 2.728378441504654,
      "quasimode_residual_over_eps6": 4.130298160246613,
      "eigenvector_error_over_eps4": 0.6526332826812077,
      "endpoint_ratio": 0.9896194195830438,
      "Q_defect_over_N43": 1.0588300045756527
    },
    {
      "N": 2560,
      "ground_scaled": 3.477579915317507,
      "gap_scaled": 2.746182945353061,
      "quasimode_residual_over_eps6": 4.28200175349577,
      "eigenvector_error_over_eps4": 0.6872925711719866,
      "endpoint_ratio": 0.9934347483531928,
      "Q_defect_over_N43": 1.0912539953184375
    }
  ]
}
all legal coordinates with N<=40, n<=20, and A082161 prefix n=0..9 verified
