{
  "scope": "Finite checks only; the radius proof is analytic.",
  "recurrence_terms_checked": 21,
  "brute_force_through_n": 10,
  "state_parameter_cases": 287820,
  "q_values": [
    1e-06,
    0.001,
    0.01,
    0.1,
    0.5,
    1,
    2,
    4,
    8,
    12,
    20,
    40,
    80
  ],
  "max_m": 40,
  "max_residual_over_claimed_bound": [
    0.12187485999925271,
    [
      1e-06,
      40,
      38,
      39
    ]
  ],
  "max_rank_shift_times_D": [
    1.974683544303799,
    [
      40,
      40,
      0,
      39,
      38
    ]
  ],
  "max_duplicate_ascent_extra_rank": [
    0.07142857142857145,
    [
      40,
      5,
      4,
      3,
      3
    ]
  ],
  "max_quadrature_over_claimed_bound": [
    0.32916666666666694,
    [
      80,
      1,
      0,
      0
    ]
  ],
  "T_integral": "3.701101650408509482062934124953556675742637277715296484905006016082517",
  "T_3pi2over8": "3.701101650408509482062934124953556675742637277715296484905006016082517",
  "mu": "0.2701898230462340571836785685592737037449567324593241302549574183844617",
  "article_sha256": "8d7bb13a64982e1479996719882d9f188e00899108d4f27e44b42076e1687e1f"
}
