{
  "sympy_version": "1.14.0",
  "status": "ALL SYMBOLIC CHECKS PASSED",
  "checks": [
    "Barry quartic coefficient A",
    "Barry quartic coefficient B",
    "Barry quartic coefficient C",
    "Barry radical denominator F",
    "Barry radical denominator G",
    "birational invariant cubic",
    "equivalent formulas for v next",
    "invariance of the cubic",
    "complete quotient norm factorization",
    "next linear denominator",
    "one-step numerator identity",
    "initial pair lies on invariant cubic",
    "initial q tail identity",
    "outer G expression",
    "QRT/Somos beta identity",
    "initial Hankel h3"
  ],
  "check_count": 16
}
