{
  "source_sha256": "a07c1ba41e3a18fafd05c19b8ac39211b0475e30ed8a08ddf43c45a9f5f440f2",
  "checker_sha256": "b59a050b184a86d6b604b877dcb9f7185d2504f2b29bc89dcb8f5744f71feaf1",
  "kernel_rows_matched": 67,
  "all_shat_inputs_checked_once": 794976,
  "r15_old_syntactic_degree": 14346206,
  "r15_rewritten_term_degree_bounds": [
    4782068,
    9564137,
    7173103,
    11955172,
    9564138,
    9564138
  ],
  "r15_exact_degree": 11955172,
  "scale_exact_degree": 2391033,
  "native_Z_exact_degree": 2391022,
  "unit_factor_degree_bounds": [
    11955172,
    28692380,
    7173104,
    2391033
  ],
  "native_unit_exact_degree": 50211689,
  "residual_degree_bounds": [
    3,
    5,
    4,
    3,
    9564121,
    9564121,
    9564142,
    9564121,
    2391031,
    2391031,
    33,
    33,
    1,
    33,
    32,
    14,
    3,
    1,
    5,
    4,
    2,
    4,
    6,
    10,
    2,
    1,
    2,
    32,
    7,
    2,
    1,
    3,
    20,
    4,
    1,
    7,
    6,
    3,
    4,
    6,
    10,
    2,
    2,
    1,
    1,
    34,
    397489,
    397489,
    1,
    397489,
    397488,
    14,
    3,
    1,
    5,
    4,
    2,
    4,
    6,
    10,
    2,
    1,
    2,
    397488,
    7,
    2,
    1,
    3,
    20,
    4,
    1,
    7,
    6,
    3,
    4,
    6,
    10,
    2,
    1,
    1,
    397489,
    397488,
    1,
    397488,
    2,
    2
  ],
  "maximal_residual_square_index_zero_based": 6,
  "finalizer_exact_degree": 19128284,
  "complete_exact_degree": 69339973,
  "top_polynomial_sparse_terms_in_p_and_inputs": 23,
  "leading_formula": "2^138*p^23113311*ga*w^5*odd_half^15*(eta+zeta)^10*f^2*i^4*(tau_gap-eta-zeta)*H_V^2",
  "p_definition": "2^551890*Vfinal*(X+Z0)*sum(native.Shat[0:794976])",
  "ring": "Z[all 797141 independent coordinates], each coordinate degree one",
  "assumptions": [
    "Frozen constant recipes denote fixed integer constants",
    "No residual equation, witness positivity, or native constraint is used as a polynomial identity"
  ],
  "scan_seconds": 4.458866447996115,
  "resources": {
    "address_space_limit_bytes": 536870912,
    "cpu_limit_seconds": 180,
    "wall_time_limit_seconds": 180,
    "sparse_term_limit": 4096,
    "max_rss_bytes": 105029632,
    "total_seconds": 5.226338925000164
  }
}
