PASS normal: unmodified suite exited 0
PASS normal/bad_cut_load: rejected with exit 1, CUT
PASS normal/bad_expected_netflow: rejected with exit 1, NETFLOW
PASS normal/negative_edge: rejected with exit 1, NONNEGATIVE
PASS normal/row_margin_inconsistency: rejected with exit 1, ROW_MARGIN
PASS normal/column_margin_inconsistency: rejected with exit 1, COLUMN_MARGIN
PASS normal/missing_cell: rejected with exit 1, SCHEMA
PASS normal/duplicate_cell: rejected with exit 1, SCHEMA
PASS normal/invalid_fraction_denominator: rejected with exit 1, RATIONAL
PASS normal/noncanonical_fraction: rejected with exit 1, RATIONAL
PASS normal/floating_point_rational: rejected with exit 1, RATIONAL
PASS normal/boolean_dimension: rejected with exit 1, SCHEMA
PASS normal/unknown_fixture_field: rejected with exit 1, SCHEMA
PASS normal/invalid_support: rejected with exit 1, SCHEMA
PASS normal/altered_expected_count: rejected with exit 1, EXPECTED_COUNT
PASS normal/missing_expected_count: rejected with exit 1, SCHEMA
PASS normal/missing_fixture: rejected with exit 1, FIXTURE_COVERAGE
PASS normal/cutoff_violation: rejected with exit 1, CUTOFF
PASS normal/bad_expected_q_load: rejected with exit 1, Q_CUT
PASS normal/q_exceeds_cut_capacity: rejected with exit 1, Q_FEASIBILITY
PASS normal/wrong_but_feasible_completion: rejected with exit 1, COMPLETION
PASS normal/triangle_coefficient_perturbation: rejected with exit 1, TRIANGLE_CUT
PASS normal/cut_preserving_triangle_cross_coupling: rejected with exit 1, TRIANGLE_INDEPENDENCE
PASS normal/missing_triangle: rejected with exit 1, TRIANGLE_COVERAGE
PASS normal/altered_integer_choice: rejected with exit 1, INTEGER_CHOICES
PASS normal/altered_choice_product: rejected with exit 1, CHOICE_PRODUCT
PASS normal/altered_margin_digest: rejected with exit 1, MARGIN_DIGEST
PASS normal/unknown_expected_field: rejected with exit 1, SCHEMA
PASS normal/malformed_json: rejected with exit 1, INPUT
PASS normal/duplicate_json_object_key: rejected with exit 1, SCHEMA
PASS normal/nonfinite_json_constant: rejected with exit 1, SCHEMA
PASS normal/empty_input: rejected with exit 1, INPUT
PASS optimized: unmodified suite exited 0
PASS optimized/bad_cut_load: rejected with exit 1, CUT
PASS optimized/bad_expected_netflow: rejected with exit 1, NETFLOW
PASS optimized/negative_edge: rejected with exit 1, NONNEGATIVE
PASS optimized/row_margin_inconsistency: rejected with exit 1, ROW_MARGIN
PASS optimized/column_margin_inconsistency: rejected with exit 1, COLUMN_MARGIN
PASS optimized/missing_cell: rejected with exit 1, SCHEMA
PASS optimized/duplicate_cell: rejected with exit 1, SCHEMA
PASS optimized/invalid_fraction_denominator: rejected with exit 1, RATIONAL
PASS optimized/noncanonical_fraction: rejected with exit 1, RATIONAL
PASS optimized/floating_point_rational: rejected with exit 1, RATIONAL
PASS optimized/boolean_dimension: rejected with exit 1, SCHEMA
PASS optimized/unknown_fixture_field: rejected with exit 1, SCHEMA
PASS optimized/invalid_support: rejected with exit 1, SCHEMA
PASS optimized/altered_expected_count: rejected with exit 1, EXPECTED_COUNT
PASS optimized/missing_expected_count: rejected with exit 1, SCHEMA
PASS optimized/missing_fixture: rejected with exit 1, FIXTURE_COVERAGE
PASS optimized/cutoff_violation: rejected with exit 1, CUTOFF
PASS optimized/bad_expected_q_load: rejected with exit 1, Q_CUT
PASS optimized/q_exceeds_cut_capacity: rejected with exit 1, Q_FEASIBILITY
PASS optimized/wrong_but_feasible_completion: rejected with exit 1, COMPLETION
PASS optimized/triangle_coefficient_perturbation: rejected with exit 1, TRIANGLE_CUT
PASS optimized/cut_preserving_triangle_cross_coupling: rejected with exit 1, TRIANGLE_INDEPENDENCE
PASS optimized/missing_triangle: rejected with exit 1, TRIANGLE_COVERAGE
PASS optimized/altered_integer_choice: rejected with exit 1, INTEGER_CHOICES
PASS optimized/altered_choice_product: rejected with exit 1, CHOICE_PRODUCT
PASS optimized/altered_margin_digest: rejected with exit 1, MARGIN_DIGEST
PASS optimized/unknown_expected_field: rejected with exit 1, SCHEMA
PASS optimized/malformed_json: rejected with exit 1, INPUT
PASS optimized/duplicate_json_object_key: rejected with exit 1, SCHEMA
PASS optimized/nonfinite_json_constant: rejected with exit 1, SCHEMA
PASS optimized/empty_input: rejected with exit 1, INPUT
PASS: 2 positive controls and 62 fail-closed corruption rejections
