pipeline/conway baseline 0 KNOTTED 0.033594
pipeline/conway baseline 1 KNOTTED 0.033939
pipeline/conway baseline 2 KNOTTED 0.036149
pipeline/conway optimized 0 KNOTTED 0.001946
pipeline/conway optimized 1 KNOTTED 0.001932
pipeline/conway optimized 2 KNOTTED 0.003084
pipeline/figure_eight baseline 0 KNOTTED 0.000109
pipeline/figure_eight baseline 1 KNOTTED 0.00011
pipeline/figure_eight baseline 2 KNOTTED 0.000107
pipeline/figure_eight optimized 0 KNOTTED 0.00012
pipeline/figure_eight optimized 1 KNOTTED 0.000119
pipeline/figure_eight optimized 2 KNOTTED 0.000125
pipeline/grid_determinant_one_knot baseline 0 KNOTTED 0.000732
pipeline/grid_determinant_one_knot baseline 1 KNOTTED 0.000789
pipeline/grid_determinant_one_knot baseline 2 KNOTTED 0.000701
pipeline/grid_determinant_one_knot optimized 0 KNOTTED 0.000714
pipeline/grid_determinant_one_knot optimized 1 KNOTTED 0.000753
pipeline/grid_determinant_one_knot optimized 2 KNOTTED 0.000683
pipeline/grid_scrambled_unknot baseline 0 UNKNOT 0.000251
pipeline/grid_scrambled_unknot baseline 1 UNKNOT 0.000463
pipeline/grid_scrambled_unknot baseline 2 UNKNOT 0.000243
pipeline/grid_scrambled_unknot optimized 0 UNKNOT 0.000275
pipeline/grid_scrambled_unknot optimized 1 UNKNOT 0.000242
pipeline/grid_scrambled_unknot optimized 2 UNKNOT 0.000388
pipeline/hard_unknot_8 baseline 0 UNKNOT 0.001721
pipeline/hard_unknot_8 baseline 1 UNKNOT 0.001649
pipeline/hard_unknot_8 baseline 2 UNKNOT 0.001609
pipeline/hard_unknot_8 optimized 0 UNKNOT 0.002439
pipeline/hard_unknot_8 optimized 1 UNKNOT 0.002359
pipeline/hard_unknot_8 optimized 2 UNKNOT 0.00245
pipeline/kinoshita_terasaka baseline 0 KNOTTED 0.046175
pipeline/kinoshita_terasaka baseline 1 KNOTTED 0.037307
pipeline/kinoshita_terasaka baseline 2 KNOTTED 0.042435
pipeline/kinoshita_terasaka optimized 0 KNOTTED 0.002143
pipeline/kinoshita_terasaka optimized 1 KNOTTED 0.002194
pipeline/kinoshita_terasaka optimized 2 KNOTTED 0.002158
pipeline/torus_3_5 baseline 0 KNOTTED 0.000554
pipeline/torus_3_5 baseline 1 KNOTTED 0.000607
pipeline/torus_3_5 baseline 2 KNOTTED 0.000559
pipeline/torus_3_5 optimized 0 KNOTTED 0.000576
pipeline/torus_3_5 optimized 1 KNOTTED 0.000601
pipeline/torus_3_5 optimized 2 KNOTTED 0.000579
pipeline/trefoil baseline 0 KNOTTED 8.4e-05
pipeline/trefoil baseline 1 KNOTTED 0.000209
pipeline/trefoil baseline 2 KNOTTED 0.000109
pipeline/trefoil optimized 0 KNOTTED 9.5e-05
pipeline/trefoil optimized 1 KNOTTED 9.4e-05
pipeline/trefoil optimized 2 KNOTTED 0.000119
pipeline/unknot baseline 0 UNKNOT 7e-06
pipeline/unknot baseline 1 UNKNOT 9e-06
pipeline/unknot baseline 2 UNKNOT 7e-06
pipeline/unknot optimized 0 UNKNOT 1.1e-05
pipeline/unknot optimized 1 UNKNOT 1.1e-05
pipeline/unknot optimized 2 UNKNOT 1.2e-05
pipeline/unknot_braid40 baseline 0 UNKNOT 0.006557
pipeline/unknot_braid40 baseline 1 UNKNOT 0.006939
pipeline/unknot_braid40 baseline 2 UNKNOT 0.006662
pipeline/unknot_braid40 optimized 0 UNKNOT 0.006667
pipeline/unknot_braid40 optimized 1 UNKNOT 0.00615
pipeline/unknot_braid40 optimized 2 UNKNOT 0.006138
rank/hard_unknot_8 baseline 0 EXACT 0.002109
rank/hard_unknot_8 baseline 1 EXACT 0.002146
rank/hard_unknot_8 baseline 2 EXACT 0.002195
rank/hard_unknot_8 optimized 0 EXACT 0.002642
rank/hard_unknot_8 optimized 1 EXACT 0.002452
rank/hard_unknot_8 optimized 2 EXACT 0.002484
rank/conway baseline 0 EXACT 0.034976
rank/conway baseline 1 EXACT 0.035976
rank/conway baseline 2 EXACT 0.032973
rank/conway optimized 0 EXACT 0.010462
rank/conway optimized 1 EXACT 0.010611
rank/conway optimized 2 EXACT 0.011965
rank/kinoshita_terasaka baseline 0 EXACT 0.036908
rank/kinoshita_terasaka baseline 1 EXACT 0.038463
rank/kinoshita_terasaka baseline 2 EXACT 0.035375
rank/kinoshita_terasaka optimized 0 EXACT 0.013187
rank/kinoshita_terasaka optimized 1 EXACT 0.013587
rank/kinoshita_terasaka optimized 2 EXACT 0.013686
rank/torus_3_5 baseline 0 EXACT 0.009802
rank/torus_3_5 baseline 1 EXACT 0.009387
rank/torus_3_5 baseline 2 EXACT 0.009408
rank/torus_3_5 optimized 0 EXACT 0.009008
rank/torus_3_5 optimized 1 EXACT 0.009858
rank/torus_3_5 optimized 2 EXACT 0.009157
rank/unknot_braid40 baseline 0 EXACT 0.008593
rank/unknot_braid40 baseline 1 EXACT 0.008837
rank/unknot_braid40 baseline 2 EXACT 0.008585
rank/unknot_braid40 optimized 0 EXACT 0.007311
rank/unknot_braid40 optimized 1 EXACT 0.007246
rank/unknot_braid40 optimized 2 EXACT 0.007018
rank/torus_3_11 baseline 0 EXACT 0.048958
rank/torus_3_11 baseline 1 EXACT 0.047565
rank/torus_3_11 baseline 2 EXACT 0.052466
rank/torus_3_11 optimized 0 EXACT 0.031593
rank/torus_3_11 optimized 1 EXACT 0.036729
rank/torus_3_11 optimized 2 EXACT 0.030393
rank/random_3_40 baseline 0 EXACT 0.634373
rank/random_3_40 baseline 1 EXACT 0.618234
rank/random_3_40 baseline 2 EXACT 0.620738
rank/random_3_40 optimized 0 EXACT 0.166974
rank/random_3_40 optimized 1 EXACT 0.169366
rank/random_3_40 optimized 2 EXACT 0.153262
rank/random_4_41 baseline 0 EXACT 0.961639
rank/random_4_41 baseline 1 EXACT 0.950309
rank/random_4_41 baseline 2 EXACT 0.940364
rank/random_4_41 optimized 0 EXACT 0.272631
rank/random_4_41 optimized 1 EXACT 0.280528
rank/random_4_41 optimized 2 EXACT 0.300269
rank/random_5_36 baseline 0 UNKNOWN 60.060562
rank/random_5_36 optimized 0 EXACT 7.428719
rank/random_5_36 optimized 1 EXACT 8.655018
rank/random_5_36 optimized 2 EXACT 7.884998
rank/random_5_36 tail3 0 EXACT 5.650919
rank/random_5_36 tail3 1 EXACT 5.52776
rank/random_5_36 tail3 2 EXACT 5.452993
rank/random_5_36 tail4 0 EXACT 8.225715
factor/trefoils_2 baseline 0 EXACT 0.002145
factor/trefoils_2 baseline 1 EXACT 0.002221
factor/trefoils_2 baseline 2 EXACT 0.002067
factor/trefoils_2 optimized 0 EXACT 0.00104
factor/trefoils_2 optimized 1 EXACT 0.001178
factor/trefoils_2 optimized 2 EXACT 0.001058
factor/trefoils_4 baseline 0 EXACT 0.016283
factor/trefoils_4 baseline 1 EXACT 0.015172
factor/trefoils_4 baseline 2 EXACT 0.015667
factor/trefoils_4 optimized 0 EXACT 0.001416
factor/trefoils_4 optimized 1 EXACT 0.001871
factor/trefoils_4 optimized 2 EXACT 0.001416
factor/trefoils_6 baseline 0 EXACT 0.177567
factor/trefoils_6 baseline 1 EXACT 0.203348
factor/trefoils_6 baseline 2 EXACT 0.1947
factor/trefoils_6 optimized 0 EXACT 0.001687
factor/trefoils_6 optimized 1 EXACT 0.002194
factor/trefoils_6 optimized 2 EXACT 0.002015
factor/trefoils_8 baseline 0 EXACT 1.363181
factor/trefoils_8 baseline 1 EXACT 1.347997
factor/trefoils_8 baseline 2 EXACT 1.293206
factor/trefoils_8 optimized 0 EXACT 0.002387
factor/trefoils_8 optimized 1 EXACT 0.002148
factor/trefoils_8 optimized 2 EXACT 0.002134
factor/trefoils_16 optimized 0 EXACT 0.004677
factor/trefoils_16 optimized 1 EXACT 0.004657
factor/trefoils_16 optimized 2 EXACT 0.004953
factor/trefoils_32 optimized 0 EXACT 0.014106
factor/trefoils_32 optimized 1 EXACT 0.01519
factor/trefoils_32 optimized 2 EXACT 0.015
