{
  "body_counts": {
    "*": 3837,
    "+": 3101,
    "-": 1943
  },
  "body_gates": 8881,
  "dag_sha256": "8622585bcafaf9b3aee84e12f229beb17a33d27d6f1bf0b6cb6bc956ee4ac759",
  "dead_gates": 0,
  "dead_witnesses": 0,
  "degree_eighteen_homogeneous_part": [
    {
      "coefficient": 48,
      "variables": [
        "box.tx",
        "box.tx",
        "box.ty",
        "box.ty",
        "box.tz",
        "box.tz",
        "descriptor.d",
        "descriptor.d",
        "descriptor.e",
        "descriptor.e",
        "descriptor.f",
        "descriptor.f",
        "descriptor.p",
        "descriptor.p",
        "descriptor.q",
        "descriptor.q",
        "descriptor.r",
        "descriptor.r"
      ]
    }
  ],
  "degree_nine_residuals": {
    "patch.shift.eq11": [
      {
        "coefficient": -4,
        "variables": [
          "box.tx",
          "box.ty",
          "box.tz",
          "descriptor.d",
          "descriptor.e",
          "descriptor.f",
          "descriptor.p",
          "descriptor.q",
          "descriptor.r"
        ]
      }
    ],
    "patch.shift.eq8": [
      {
        "coefficient": -4,
        "variables": [
          "box.tx",
          "box.ty",
          "box.tz",
          "descriptor.d",
          "descriptor.e",
          "descriptor.f",
          "descriptor.p",
          "descriptor.q",
          "descriptor.r"
        ]
      }
    ],
    "patch.shift.eq9": [
      {
        "coefficient": -4,
        "variables": [
          "box.tx",
          "box.ty",
          "box.tz",
          "descriptor.d",
          "descriptor.e",
          "descriptor.f",
          "descriptor.p",
          "descriptor.q",
          "descriptor.r"
        ]
      }
    ]
  },
  "exact_final_degree": 18,
  "gates": 14571,
  "largest_normalized_body_gate_terms": 27,
  "macro_counts": {
    "and": 6,
    "geometric": 5,
    "power": 117,
    "spread": 6,
    "stable": 2,
    "subset": 28
  },
  "macro_records_exactly_checked": 164,
  "max_residual_degree": 9,
  "ports_exactly_checked": 33,
  "residuals": 1897,
  "sos_counts": {
    "*": 1897,
    "+": 1896,
    "-": 1897
  },
  "status": "PASS",
  "submitted_programs_executed": false,
  "total_counts": {
    "*": 5734,
    "+": 4997,
    "-": 3840
  },
  "witnesses": 3262
}
