{
  "capacity_digit_cases": 6056,
  "carry_bound_precisions": 40,
  "checker_sha256": "2df88df6e00d34ed382f2b52daf3291bfd92ef4c42749d0f7f9802b4700f0bd0",
  "dag_sha256": "8622585bcafaf9b3aee84e12f229beb17a33d27d6f1bf0b6cb6bc956ee4ac759",
  "fixtures": {
    "asymmetric_patch": {
      "L": 5,
      "dimensions": [
        8,
        8,
        4
      ],
      "legal_topplings": 7,
      "max_left_digit": 18,
      "max_odometer": 3,
      "max_right_digit": 18,
      "raw_InputPlus": "2816884964554145134436195633009831185180559169325885966596876246349285321542134789262500679670086287256881086093077683736092705157855802617025525634300272196901578603130314106844320765821192677962173852177420464596921799365942721893002808365436784710976411406080121200914237310325162805239732608852329998443315863433658460460016713459103666642784669669752953725285685445643440441325480930946177866320792721402286267355176125080983612465380176635247070349863281297363239351644655341287782547738624431447550839275153713333392809557708657827661814586381998970432630927035192735205367822843945591825746104457320",
      "slots": 256
    },
    "nonconstant_stable_tile": {
      "L": 9,
      "dimensions": [
        12,
        8,
        8
      ],
      "max_left_digit": 5,
      "max_odometer": 0,
      "max_right_digit": 5,
      "raw_InputPlus": "17857628386971305084194563573464551702632218275184249415921394759217486410092033901241157665230981822990050985655900399716575165296679460323395442112742705072529927026022260570",
      "slots": 768
    },
    "nonleast_supersolution": {
      "L": 3,
      "dimensions": [
        8,
        4,
        4
      ],
      "max_left_digit": 6,
      "max_odometer": 1,
      "max_right_digit": 6,
      "raw_InputPlus": "1291115655642132710376947963622685724413151984355810806973768483219444518551705820414388125979390975840332191243595721261432038821374311110074750835612265362264263676009953282956464426127400140929654968299438184073663461630557324079389234527118106",
      "slots": 128,
      "true_total_topplings": 0
    },
    "single_repeated_origin": {
      "L": 2,
      "dimensions": [
        4,
        4,
        4
      ],
      "legal_topplings": 2,
      "max_left_digit": 12,
      "max_odometer": 2,
      "max_right_digit": 12,
      "raw_InputPlus": "36923723419195558647440009109295664395099645526358038426840689390604807525766098557195257825014675821503616",
      "slots": 64
    },
    "stable_zero": {
      "L": 2,
      "dimensions": [
        4,
        4,
        4
      ],
      "legal_topplings": 0,
      "max_left_digit": 0,
      "max_odometer": 0,
      "max_right_digit": 0,
      "raw_InputPlus": "1",
      "slots": 64
    },
    "two_site_repeated_prefix": {
      "L": 3,
      "dimensions": [
        8,
        4,
        4
      ],
      "legal_topplings": 3,
      "max_left_digit": 13,
      "max_odometer": 2,
      "max_right_digit": 13,
      "raw_InputPlus": "1166961056345896154678305368959211038027471144700342618386546065574455782932175797238599552440380608225244983459044458882863988839242787340038854120675091232818407295053890931320369845284383990093222789469871074508242004512274435896303731",
      "slots": 128
    }
  },
  "minimum_radix_margins": [
    1,
    6,
    21
  ],
  "scope": "Finite semantic fixtures and bounds only; no complete expanded Pell witness, universal loader, or proof-by-enumeration claim.",
  "spread_cases": 1440,
  "status": "PASS"
}
