{
  "status": "Finite exact checks and non-interval numerical diagnostics; no asymptotic proof by computation.",
  "python": "3.13.5 (main, Jul 15 2026, 20:25:40) [GCC 14.2.0]",
  "numpy": "2.3.5",
  "mpmath": "1.3.0",
  "platform": "Linux-6.18.44-x86_64-with-glibc2.41",
  "max_n": 4096,
  "dps": 60,
  "constants": {
    "lam": "0.330237543985929276456819987204325770133839744",
    "mu": "0.673952601851594943012809695033252532741870534",
    "p": "0.281247022295491413114672371407523366801743813",
    "uc": "3.5555932000209863230654183344094359216177844",
    "m": "1.72234868642838723255116079574432442503593546",
    "kappa": "1.7037288000139908820436122229396239477451896",
    "d": "0.720919531618659053526118820839230197283394072",
    "a2": "-0.59895456748143318154965661193656428340030239",
    "beta": "-2.11107490903410582261744953532336141600899863",
    "kappa1": "2.51121549763011752733566364218124877488677532",
    "h2": "2.73314306464070769151729517228257192873709747"
  },
  "checks": {
    "oeis_initial_terms": "PASS",
    "integer_recurrences_through": 180,
    "landau_enumeration_and_component_polynomial_through": 10,
    "brute_enumeration": [
      {
        "n": 1,
        "all": 1,
        "strong": 1,
        "by_blocks": [
          0,
          1
        ]
      },
      {
        "n": 2,
        "all": 1,
        "strong": 0,
        "by_blocks": [
          0,
          0,
          1
        ]
      },
      {
        "n": 3,
        "all": 2,
        "strong": 1,
        "by_blocks": [
          0,
          1,
          0,
          1
        ]
      },
      {
        "n": 4,
        "all": 4,
        "strong": 1,
        "by_blocks": [
          0,
          1,
          2,
          0,
          1
        ]
      },
      {
        "n": 5,
        "all": 9,
        "strong": 3,
        "by_blocks": [
          0,
          3,
          2,
          3,
          0,
          1
        ]
      },
      {
        "n": 6,
        "all": 22,
        "strong": 7,
        "by_blocks": [
          0,
          7,
          7,
          3,
          4,
          0,
          1
        ]
      },
      {
        "n": 7,
        "all": 59,
        "strong": 21,
        "by_blocks": [
          0,
          21,
          16,
          12,
          4,
          5,
          0,
          1
        ]
      },
      {
        "n": 8,
        "all": 167,
        "strong": 61,
        "by_blocks": [
          0,
          61,
          49,
          27,
          18,
          5,
          6,
          0,
          1
        ]
      },
      {
        "n": 9,
        "all": 490,
        "strong": 184,
        "by_blocks": [
          0,
          184,
          142,
          85,
          40,
          25,
          6,
          7,
          0,
          1
        ]
      },
      {
        "n": 10,
        "all": 1486,
        "strong": 573,
        "by_blocks": [
          0,
          573,
          433,
          246,
          130,
          55,
          33,
          7,
          8,
          0,
          1
        ]
      }
    ],
    "kernel_integral_vs_erfc_closed_form": "PASS (high-precision, non-interval)",
    "normalized_recurrence_vs_exact_through_30": "PASS"
  },
  "seconds": 2.046865701675415
}
Branch diagnostics: [{'n': 256, 'nt': 0, 'U': 0.6008443760796203, 'pole_error': -0.020241848914411116, 'K0_error': 9.939880290444768e-06, 'K1_error': 9.498181857988303e-09}, {'n': 256, 'nt': 1, 'U': 0.6330565589799716, 'pole_error': -0.000824627401915272, 'K0_error': 9.885717658125796e-07, 'K1_error': 2.7564649638280202e-09}, {'n': 256, 'nt': 4, 'U': 0.6794471532184017, 'pole_error': -8.77703896317666e-06, 'K0_error': 2.0272465397081886e-08, 'K1_error': 8.89615647850354e-12}, {'n': 1024, 'nt': 0, 'U': 0.5907271799685587, 'pole_error': -0.01012465280334957, 'K0_error': 1.241594001208787e-06, 'K1_error': 2.9623763543946215e-10}, {'n': 1024, 'nt': 1, 'U': 0.6073744830597687, 'pole_error': -0.0004030734056668053, 'K0_error': 1.218609283041344e-07, 'K1_error': 8.467849405776685e-11}, {'n': 1024, 'nt': 4, 'U': 0.6322360537260089, 'pole_error': -4.122147952560849e-06, 'K0_error': 2.454161024606343e-09, 'K1_error': 1.6353278068972865e-13}, {'n': 4096, 'nt': 0, 'U': 0.585665319192286, 'pole_error': -0.005062792027076885, 'K0_error': 1.5517159850526741e-07, 'K1_error': 9.378058598980936e-12}, {'n': 4096, 'nt': 1, 'U': 0.5941242315610028, 'pole_error': -0.00019894454858952767, 'K0_error': 1.511589612310324e-08, 'K1_error': 2.741440420840432e-12}, {'n': 4096, 'nt': 4, 'U': 0.6069733958034993, 'pole_error': -1.986149397388554e-06, 'K0_error': 3.004579759265348e-10, 'K1_error': 5.762140569518875e-14}]
Characteristic diagnostics: [{'n': 256, 'sigma': 0, 'cf_real': 0.38189809665956437, 'cf_imag': 0.4337876496156747, 'limit_real': 0.3748528086203823, 'limit_imag': 0.3203156354342155, 'error': 0.11369051889208844}, {'n': 256, 'sigma': 0.5, 'cf_real': 0.7291580875711976, 'cf_imag': 0.13659185130689577, 'limit_real': 0.6271627814988957, 'limit_imag': 0.07354942425328387, 'error': 0.11990575494776104}, {'n': 256, 'sigma': 2, 'cf_real': 0.8701277597267102, 'cf_imag': 0.050907176729753534, 'limit_real': 0.7698819201213604, 'limit_imag': 0.01628377198056678, 'error': 0.10605662881030838}, {'n': 1024, 'sigma': 0, 'cf_real': 0.38005575217793286, 'cf_imag': 0.392753073043499, 'limit_real': 0.3748528086203823, 'limit_imag': 0.3203156354342155, 'error': 0.07262405241420984}, {'n': 1024, 'sigma': 0.5, 'cf_real': 0.6931243167078948, 'cf_imag': 0.1158998771862201, 'limit_real': 0.6271627814988957, 'limit_imag': 0.07354942425328387, 'error': 0.07838676540560191}, {'n': 1024, 'sigma': 2, 'cf_real': 0.8392153624998286, 'cf_imag': 0.0422800887808236, 'limit_real': 0.7698819201213604, 'limit_imag': 0.01628377198056678, 'error': 0.07404684138589368}, {'n': 4096, 'sigma': 0, 'cf_real': 0.37853183199182927, 'cf_imag': 0.36638996683049285, 'limit_real': 0.3748528086203823, 'limit_imag': 0.3203156354342155, 'error': 0.046220982535874804}, {'n': 4096, 'sigma': 0.5, 'cf_real': 0.6694421196455504, 'cf_imag': 0.10119247557043792, 'limit_real': 0.6271627814988957, 'limit_imag': 0.07354942425328387, 'error': 0.050514163560747866}, {'n': 4096, 'sigma': 2, 'cf_real': 0.8163918286857447, 'cf_imag': 0.0344739427675538, 'limit_real': 0.7698819201213604, 'limit_imag': 0.01628377198056678, 'error': 0.04994050368115188}]
