=== S4 exact word certificate [exact] ===
PASS: exact S4 word certificate
Coordinate count: 946
Nonzero generating rows: {'ds': 854, 'octa': 15}
Largest row support: 35
Arithmetic: Python integers and fractions.Fraction only

=== S2 exact word certificate [exact] ===
PASS: exact S2 companion certificate

=== Independent S2/S4 word replay [exact] ===
{
  "pass": true,
  "independent_generator_replay": true,
  "weight": 3,
  "relations": {
    "ds": 23,
    "octa": 2
  },
  "target_support": 9,
  "arithmetic": "exact Python integers and fractions"
}
{
  "pass": true,
  "independent_generator_replay": true,
  "weight": 5,
  "relations": {
    "ds": 854,
    "octa": 15
  },
  "target_support": 30,
  "arithmetic": "exact Python integers and fractions"
}

=== All-order zero coefficient table and finite substitution [exact] ===
{
  "coefficient_table_matched": true,
  "cutoff_exclusive": "9",
  "scale_groups": 17,
  "exact_checks": [
    {
      "cutoff": "4",
      "nonzero_coefficients": 5,
      "residual_coordinates_checked": 5,
      "all_residuals_exactly_zero": true
    },
    {
      "cutoff": "8",
      "nonzero_coefficients": 20,
      "residual_coordinates_checked": 20,
      "all_residuals_exactly_zero": true
    },
    {
      "cutoff": "9",
      "nonzero_coefficients": 21,
      "residual_coordinates_checked": 21,
      "all_residuals_exactly_zero": true
    }
  ],
  "scope": "finite exact coefficients and substitution; analytic remainder is proved in the article"
}

=== Rational angular-zero endpoint certificates [exact] ===
PASS rational zero bracket: a=8, b=1, width=1/2000000000
PASS rational zero bracket: a=12, b=1, width=1/2000000000000000
PASS rational zero bracket: a=20, b=1, width=1/200000000000000000000000
PASS rational zero bracket: a=40, b=1, width=1/2000000000000000000000000000000000000000000
PASS rational zero bracket: a=12, b=2, width=1/2000000000000000
PASS rational zero bracket: a=20, b=4, width=1/200000000000000000000000

=== Universal Euler interval self-test [exact] ===

=== Level-four kernel parametrization and ranks [exact] ===
{"weight": 3, "rows": 44, "columns": 11, "rank": 9, "rank_without_g": 8, "kernel_basis_rank": 2, "kernel_descriptors": [["G", 1], ["D", 0]], "verified_matrix_times_basis_zero": true}
{"weight": 5, "rows": 92, "columns": 23, "rank": 19, "rank_without_g": 17, "kernel_basis_rank": 4, "kernel_descriptors": [["G", 1], ["G", 3], ["D", 0], ["D", 2]], "verified_matrix_times_basis_zero": true}
{"weight": 7, "rows": 140, "columns": 35, "rank": 29, "rank_without_g": 26, "kernel_basis_rank": 6, "kernel_descriptors": [["G", 1], ["G", 3], ["G", 5], ["D", 0], ["D", 2], ["D", 4]], "verified_matrix_times_basis_zero": true}
{"weight": 9, "rows": 188, "columns": 47, "rank": 39, "rank_without_g": 35, "kernel_basis_rank": 8, "kernel_descriptors": [["G", 1], ["G", 3], ["G", 5], ["G", 7], ["D", 0], ["D", 2], ["D", 4], ["D", 6]], "verified_matrix_times_basis_zero": true}
{"weight": 11, "rows": 236, "columns": 59, "rank": 49, "rank_without_g": 44, "kernel_basis_rank": 10, "kernel_descriptors": [["G", 1], ["G", 3], ["G", 5], ["G", 7], ["G", 9], ["D", 0], ["D", 2], ["D", 4], ["D", 6], ["D", 8]], "verified_matrix_times_basis_zero": true}
{"weight": 13, "rows": 284, "columns": 71, "rank": 59, "rank_without_g": 53, "kernel_basis_rank": 12, "kernel_descriptors": [["G", 1], ["G", 3], ["G", 5], ["G", 7], ["G", 9], ["G", 11], ["D", 0], ["D", 2], ["D", 4], ["D", 6], ["D", 8], ["D", 10]], "verified_matrix_times_basis_zero": true}

=== Level-four normal forms and even-weight ranks [exact] ===
{'weight': 3, 'original_rows_checked': 44, 'coordinates': 11, 'deterministic_random_targets': 10, 'pass': True}
{'weight': 5, 'original_rows_checked': 92, 'coordinates': 23, 'deterministic_random_targets': 10, 'pass': True}
{'weight': 7, 'original_rows_checked': 140, 'coordinates': 35, 'deterministic_random_targets': 10, 'pass': True}
{'weight': 9, 'original_rows_checked': 188, 'coordinates': 47, 'deterministic_random_targets': 10, 'pass': True}
{'weight': 11, 'original_rows_checked': 236, 'coordinates': 59, 'deterministic_random_targets': 10, 'pass': True}
{'weight': 13, 'original_rows_checked': 284, 'coordinates': 71, 'deterministic_random_targets': 10, 'pass': True}
{'weight': 15, 'original_rows_checked': 332, 'coordinates': 83, 'deterministic_random_targets': 10, 'pass': True}
{'weight': 2, 'full_column_rank': 5, 'full_column_rank_without_g': 4, 'pass': True}
{'weight': 4, 'full_column_rank': 17, 'full_column_rank_without_g': 14, 'pass': True}
{'weight': 6, 'full_column_rank': 29, 'full_column_rank_without_g': 24, 'pass': True}
{'weight': 8, 'full_column_rank': 41, 'full_column_rank_without_g': 34, 'pass': True}
{'weight': 10, 'full_column_rank': 53, 'full_column_rank_without_g': 44, 'pass': True}
{'weight': 12, 'full_column_rank': 65, 'full_column_rank_without_g': 54, 'pass': True}

=== General-level rank checks [exact] ===
PASS level 3 weight 3 columns 7 rank 6 nullity 1
PASS level 3 weight 4 columns 11 rank 11 nullity 0
PASS level 3 weight 5 columns 15 rank 12 nullity 3
PASS level 4 weight 3 columns 11 rank 9 nullity 2
PASS level 4 weight 4 columns 17 rank 17 nullity 0
PASS level 4 weight 5 columns 23 rank 19 nullity 4
PASS level 5 weight 3 columns 22 rank 18 nullity 4
PASS level 5 weight 4 columns 34 rank 34 nullity 0
PASS level 5 weight 5 columns 46 rank 38 nullity 8
PASS level 6 weight 3 columns 30 rank 25 nullity 5
PASS level 6 weight 4 columns 46 rank 46 nullity 0
PASS level 6 weight 5 columns 62 rank 51 nullity 11
PASS level 7 weight 3 columns 45 rank 37 nullity 8
PASS level 7 weight 4 columns 69 rank 69 nullity 0
PASS level 7 weight 5 columns 93 rank 77 nullity 16
PASS level 8 weight 3 columns 57 rank 47 nullity 10
PASS level 8 weight 4 columns 87 rank 87 nullity 0
PASS level 8 weight 5 columns 117 rank 97 nullity 20
PASS level 9 weight 3 columns 76 rank 63 nullity 13
PASS level 9 weight 4 columns 116 rank 116 nullity 0
PASS level 9 weight 5 columns 156 rank 129 nullity 27
