{
  "schema": "compiled-orbit-index-audit-v1",
  "success": true,
  "tests_run": 11,
  "elapsed_seconds": 6.095990539004561,
  "failures": 0,
  "errors": 0,
  "counters": [
    {
      "exhaustive_indices": 7398,
      "exhaustive_point_checks": 34026,
      "maximum_universe": 5,
      "maximum_generators": 2
    },
    {
      "native_arc_systems": 268,
      "native_point_checks": 73528,
      "normal_vectors": 67
    },
    {
      "large_gap_records": 512,
      "minimum_intervals": 512,
      "universe_bits": 4107,
      "orbit_count_bits": 4106
    },
    {
      "systems": 6400,
      "point_minimum_checks": 208000,
      "sampled_membership_checks": 64000,
      "event_types": [
        "contract",
        "delete",
        "merge",
        "transmit",
        "trim",
        "truncate"
      ]
    }
  ],
  "source_manifest_before": {
    "fastunknot/orbit_index.py": "d1125234b390e96665b0d53cc587a4861af93e8ec5b02239dc726f29cdbb5a02",
    "orbit_index_research/benchmark.py": "bcc3349094976dca7f3dbc3c8529485654065dddae1fd2d554430d13c5dd66db",
    "tests/test_orbit_index.py": "dfdaef3b6d03e84aaa69520dca8472ceec9b1d53d9660dfe5b367d628f6ef97d",
    "fastunknot/interval_orbits.py": "1d8b70ce02336872e8d2709bb4d1d156a230dfce5f46eab4e119d677156ec562",
    "fastunknot/interval_orbit_verify.py": "b2f90d09077154b0d3e6bdd975cec45c06306aa3f49ff9b4e155aa31c9b74c74",
    "fastunknot/integer_codec.py": "1602e40df0cfde534e73195f46edfdba74aa72c087d65ad0370153e45789e97a",
    "fastunknot/normal_surface_geometry.py": "1fafaad739b731b4bffd4613d260c05361960feb80e3c1c15f36309888449d87",
    "normal_orbit_research/fixtures.py": "f732a07d9e788c796d7e34b363f8139380a50841587d7bfad71f0017c864ddf4",
    "orbit_index_research/audit.py": "3387c775f8c5d1e1ca9bebcc5c47690ba53631863ac4d257ab82daa40efd970d"
  },
  "source_manifest_after": {
    "fastunknot/orbit_index.py": "d1125234b390e96665b0d53cc587a4861af93e8ec5b02239dc726f29cdbb5a02",
    "orbit_index_research/benchmark.py": "bcc3349094976dca7f3dbc3c8529485654065dddae1fd2d554430d13c5dd66db",
    "tests/test_orbit_index.py": "dfdaef3b6d03e84aaa69520dca8472ceec9b1d53d9660dfe5b367d628f6ef97d",
    "fastunknot/interval_orbits.py": "1d8b70ce02336872e8d2709bb4d1d156a230dfce5f46eab4e119d677156ec562",
    "fastunknot/interval_orbit_verify.py": "b2f90d09077154b0d3e6bdd975cec45c06306aa3f49ff9b4e155aa31c9b74c74",
    "fastunknot/integer_codec.py": "1602e40df0cfde534e73195f46edfdba74aa72c087d65ad0370153e45789e97a",
    "fastunknot/normal_surface_geometry.py": "1fafaad739b731b4bffd4613d260c05361960feb80e3c1c15f36309888449d87",
    "normal_orbit_research/fixtures.py": "f732a07d9e788c796d7e34b363f8139380a50841587d7bfad71f0017c864ddf4",
    "orbit_index_research/audit.py": "3387c775f8c5d1e1ca9bebcc5c47690ba53631863ac4d257ab82daa40efd970d"
  }
}
