{
  "stage": {
    "inputs": 28,
    "measured_calls": 420,
    "warmup_calls": 84,
    "elapsed_seconds": 48.09407393699803,
    "completed": {
      "baseline": 105,
      "control": 105,
      "saturation": 110
    },
    "aa_ratio_range": [
      0.9770006682282341,
      1.1342216016855002
    ],
    "outcomes": {
      "baseline": {
        "UNKNOT": 105,
        "INCONCLUSIVE": 35
      },
      "control": {
        "UNKNOT": 105,
        "INCONCLUSIVE": 35
      },
      "saturation": {
        "UNKNOT": 110,
        "INCONCLUSIVE": 30
      }
    }
  },
  "pipeline": {
    "inputs": 22,
    "measured_calls": 330,
    "warmup_calls": 66,
    "elapsed_seconds": 19.956324620005034,
    "completed": {
      "baseline": 105,
      "control": 105,
      "saturation": 105
    },
    "aa_ratio_range": [
      0.9558590755410821,
      1.045241620505683
    ],
    "outcomes": {
      "baseline": {
        "UNKNOT": 75,
        "KNOTTED": 30,
        "UNKNOWN": 5
      },
      "control": {
        "UNKNOT": 75,
        "KNOTTED": 30,
        "UNKNOWN": 5
      },
      "saturation": {
        "UNKNOT": 75,
        "KNOTTED": 30,
        "UNKNOWN": 5
      }
    }
  },
  "kernels": {
    "inputs": 5,
    "measured_calls": 75,
    "warmup_calls": 15,
    "elapsed_seconds": 44.83271007800067,
    "completed_calls": 45,
    "search_work_allowance": 2000000
  },
  "audit": {
    "inputs": 102,
    "elapsed_seconds": 6.684777583999676,
    "outcomes": {
      "baseline": {
        "UNKNOT": 61,
        "INCONCLUSIVE": 41
      },
      "control": {
        "UNKNOT": 61,
        "INCONCLUSIVE": 41
      },
      "explicit_false": {
        "UNKNOT": 61,
        "INCONCLUSIVE": 41
      },
      "saturation": {
        "UNKNOT": 61,
        "INCONCLUSIVE": 41
      }
    },
    "compressed_source_replays": 244,
    "literal_source_replays": 236,
    "source_binding_rejections": 244,
    "new_version_eight_certificates": 42
  }
}
