survivor-00 {'control': 0.01025, 'saturation': 0.010219, 'baseline': 0.009901} {'control': 0.9798519348880328, 'saturation': 0.9974614668844978} {'control': 5, 'saturation': 5, 'baseline': 5}
survivor-01 {'saturation': 0.008089, 'baseline': 0.007899, 'control': 0.00807} {'control': 1.0274041235106293, 'saturation': 0.9796949649196557} {'saturation': 5, 'baseline': 5, 'control': 5}
survivor-02 {'saturation': 0.008977, 'control': 0.00852, 'baseline': 0.008498} {'control': 1.0054368069508088, 'saturation': 0.9680537021428289} {'saturation': 5, 'control': 5, 'baseline': 5}
survivor-03 {'baseline': 0.006067, 'control': 0.006051, 'saturation': 0.006183} {'control': 1.0111894559136547, 'saturation': 0.9796520731570825} {'baseline': 5, 'control': 5, 'saturation': 5}
survivor-04 {'saturation': 0.005425, 'control': 0.005306, 'baseline': 0.005256} {'control': 0.9901955364130746, 'saturation': 0.9618411825443767} {'saturation': 5, 'control': 5, 'baseline': 5}
survivor-05 {'control': 0.010356, 'baseline': 0.010436, 'saturation': 0.010756} {'control': 1.0043948289232483, 'saturation': 0.9712454224644266} {'control': 5, 'baseline': 5, 'saturation': 5}
survivor-06 {'saturation': 0.004314, 'control': 0.004107, 'baseline': 0.004238} {'control': 1.0101681596658472, 'saturation': 0.9822800941389026} {'saturation': 5, 'control': 5, 'baseline': 5}
survivor-07 {'control': 0.010829, 'saturation': 0.011394, 'baseline': 0.011189} {'control': 1.0331784020440133, 'saturation': 0.9819416405433475} {'control': 5, 'saturation': 5, 'baseline': 5}
survivor-08 {'baseline': 0.004159, 'saturation': 0.004241, 'control': 0.0041} {'control': 1.0092010539576501, 'saturation': 0.9742705918157674} {'baseline': 5, 'saturation': 5, 'control': 5}
survivor-09 {'control': 0.004164, 'saturation': 0.004423, 'baseline': 0.004279} {'control': 1.0277160726461951, 'saturation': 0.9785043842619734} {'control': 5, 'saturation': 5, 'baseline': 5}
survivor-10 {'control': 0.003663, 'baseline': 0.003971, 'saturation': 0.004051} {'control': 1.0192907890778564, 'saturation': 0.980211485656803} {'control': 5, 'baseline': 5, 'saturation': 5}
survivor-11 {'control': 0.003919, 'baseline': 0.00396, 'saturation': 0.00396} {'control': 1.0225217252137018, 'saturation': 1.0007546404660652} {'control': 5, 'baseline': 5, 'saturation': 5}
trefoil {'control': 3.3e-05, 'baseline': 3.6e-05, 'saturation': 3.4e-05} {'control': 1.0241697752908785, 'saturation': 1.053331751802786} {'control': 5, 'baseline': 5, 'saturation': 5}
conway {'control': 0.000671, 'saturation': 0.000645, 'baseline': 0.000645} {'control': 1.045241620505683, 'saturation': 0.9603848774010323} {'control': 5, 'saturation': 5, 'baseline': 5}
kinoshita_terasaka {'saturation': 0.000631, 'control': 0.00065, 'baseline': 0.000599} {'control': 0.9558590755410821, 'saturation': 1.026964469138749} {'saturation': 5, 'control': 5, 'baseline': 5}
hard_unknot_8 {'saturation': 0.001496, 'control': 0.001448, 'baseline': 0.001427} {'control': 1.0031670431869173, 'saturation': 0.9540650330813079} {'saturation': 5, 'control': 5, 'baseline': 5}
grid_determinant_one_knot {'saturation': 6.4e-05, 'control': 7e-05, 'baseline': 6.9e-05} {'control': 0.9745808832915465, 'saturation': 1.0050326205479623} {'saturation': 5, 'control': 5, 'baseline': 5}
unknot_braid40 {'baseline': 0.000213, 'saturation': 0.000211, 'control': 0.00022} {'control': 0.9807653110867287, 'saturation': 1.0106528341060286} {'baseline': 5, 'saturation': 5, 'control': 5}
stress_braid5_36 {'control': 0.000643, 'baseline': 0.000628, 'saturation': 0.00063} {'control': 0.9690554005942756, 'saturation': 0.972608268411099} {'control': 5, 'baseline': 5, 'saturation': 5}
monster {'baseline': 0.002993, 'saturation': 0.003297, 'control': 0.00311} {'control': 0.9636705399744216, 'saturation': 0.9034894068763033} {'baseline': 5, 'saturation': 5, 'control': 5}
gst {'saturation': 0.001312, 'control': 0.0013, 'baseline': 0.001336} {'control': 1.0368240467114693, 'saturation': 0.9890937377715229} {'saturation': 5, 'control': 5, 'baseline': 5}
gordian {'baseline': None, 'saturation': None, 'control': None} {'control': None, 'saturation': None} {'baseline': 0, 'saturation': 0, 'control': 0}
saved results/raw_saturation_pipeline.json
