audit heldout-00 UNKNOT UNKNOT ['baseline', 'saturation']
audit heldout-01 UNKNOT UNKNOT ['baseline', 'saturation']
audit heldout-02 UNKNOT UNKNOT ['baseline', 'saturation']
audit heldout-03 INCONCLUSIVE INCONCLUSIVE []
audit heldout-04 UNKNOT UNKNOT ['baseline', 'saturation']
audit heldout-05 UNKNOT UNKNOT ['baseline', 'saturation']
audit heldout-06 UNKNOT UNKNOT ['baseline', 'saturation']
audit heldout-07 UNKNOT UNKNOT ['baseline', 'saturation']
audit heldout-08 INCONCLUSIVE INCONCLUSIVE []
audit heldout-09 UNKNOT UNKNOT ['baseline', 'saturation']
audit heldout-10 UNKNOT UNKNOT ['baseline', 'saturation']
audit heldout-11 INCONCLUSIVE INCONCLUSIVE []
audit heldout-12 UNKNOT UNKNOT ['baseline', 'saturation']
audit heldout-13 UNKNOT UNKNOT ['baseline', 'saturation']
audit heldout-14 UNKNOT UNKNOT ['baseline', 'saturation']
audit heldout-15 INCONCLUSIVE INCONCLUSIVE []
audit heldout-16 INCONCLUSIVE INCONCLUSIVE []
audit heldout-17 INCONCLUSIVE INCONCLUSIVE []
audit heldout-18 INCONCLUSIVE INCONCLUSIVE []
audit heldout-19 INCONCLUSIVE INCONCLUSIVE []
audit heldout-20 UNKNOT UNKNOT ['baseline', 'saturation']
audit heldout-21 INCONCLUSIVE INCONCLUSIVE []
audit heldout-22 UNKNOT UNKNOT ['baseline', 'saturation']
audit heldout-23 INCONCLUSIVE INCONCLUSIVE []
audit heldout-24 INCONCLUSIVE INCONCLUSIVE []
audit heldout-25 UNKNOT UNKNOT ['baseline', 'saturation']
audit heldout-26 UNKNOT UNKNOT ['baseline', 'saturation']
audit heldout-27 UNKNOT UNKNOT ['baseline', 'saturation']
audit heldout-28 UNKNOT UNKNOT ['baseline', 'saturation']
audit heldout-29 UNKNOT UNKNOT ['baseline', 'saturation']
audit heldout-30 INCONCLUSIVE INCONCLUSIVE []
audit heldout-31 UNKNOT UNKNOT ['baseline', 'saturation']
audit heldout-32 UNKNOT UNKNOT ['baseline', 'saturation']
audit heldout-33 UNKNOT UNKNOT ['baseline', 'saturation']
audit heldout-34 UNKNOT UNKNOT ['baseline', 'saturation']
audit heldout-35 INCONCLUSIVE INCONCLUSIVE []
audit heldout-36 UNKNOT UNKNOT ['baseline', 'saturation']
audit heldout-37 UNKNOT UNKNOT ['baseline', 'saturation']
audit heldout-38 UNKNOT UNKNOT ['baseline', 'saturation']
audit heldout-39 INCONCLUSIVE INCONCLUSIVE []
audit heldout-40 UNKNOT UNKNOT ['baseline', 'saturation']
audit heldout-41 UNKNOT UNKNOT ['baseline', 'saturation']
audit heldout-42 INCONCLUSIVE INCONCLUSIVE []
audit heldout-43 INCONCLUSIVE INCONCLUSIVE []
audit heldout-44 INCONCLUSIVE INCONCLUSIVE []
audit heldout-45 INCONCLUSIVE INCONCLUSIVE []
audit heldout-46 UNKNOT UNKNOT ['baseline', 'saturation']
audit heldout-47 UNKNOT UNKNOT ['baseline', 'saturation']
audit heldout-48 UNKNOT UNKNOT ['baseline', 'saturation']
audit heldout-49 INCONCLUSIVE INCONCLUSIVE []
audit heldout-50 UNKNOT UNKNOT ['baseline', 'saturation']
audit heldout-51 INCONCLUSIVE INCONCLUSIVE []
audit heldout-52 INCONCLUSIVE INCONCLUSIVE []
audit heldout-53 INCONCLUSIVE INCONCLUSIVE []
audit heldout-54 UNKNOT UNKNOT ['baseline', 'saturation']
audit heldout-55 INCONCLUSIVE INCONCLUSIVE []
audit heldout-56 UNKNOT UNKNOT ['baseline', 'saturation']
audit heldout-57 UNKNOT UNKNOT ['baseline', 'saturation']
audit heldout-58 INCONCLUSIVE INCONCLUSIVE []
audit heldout-59 INCONCLUSIVE INCONCLUSIVE []
audit heldout-60 UNKNOT UNKNOT ['baseline', 'saturation']
audit heldout-61 INCONCLUSIVE INCONCLUSIVE []
audit heldout-62 INCONCLUSIVE INCONCLUSIVE []
audit heldout-63 UNKNOT UNKNOT ['baseline', 'saturation']
audit heldout-64 INCONCLUSIVE INCONCLUSIVE []
audit heldout-65 UNKNOT UNKNOT ['baseline', 'saturation']
audit heldout-66 UNKNOT UNKNOT ['baseline', 'saturation']
audit heldout-67 UNKNOT UNKNOT ['baseline', 'saturation']
audit heldout-68 INCONCLUSIVE INCONCLUSIVE []
audit heldout-69 INCONCLUSIVE INCONCLUSIVE []
audit heldout-70 UNKNOT UNKNOT ['baseline', 'saturation']
audit heldout-71 INCONCLUSIVE INCONCLUSIVE []
audit heldout-72 INCONCLUSIVE INCONCLUSIVE []
audit heldout-73 UNKNOT UNKNOT ['baseline', 'saturation']
audit heldout-74 UNKNOT UNKNOT ['baseline', 'saturation']
audit heldout-75 UNKNOT UNKNOT ['baseline', 'saturation']
audit heldout-76 UNKNOT UNKNOT ['baseline', 'saturation']
audit heldout-77 INCONCLUSIVE INCONCLUSIVE []
audit heldout-78 INCONCLUSIVE INCONCLUSIVE []
audit heldout-79 INCONCLUSIVE INCONCLUSIVE []
audit survivor-00 UNKNOT UNKNOT ['baseline', 'saturation']
audit survivor-01 UNKNOT UNKNOT ['baseline', 'saturation']
audit survivor-02 UNKNOT UNKNOT ['baseline', 'saturation']
audit survivor-03 UNKNOT UNKNOT ['baseline', 'saturation']
audit survivor-04 UNKNOT UNKNOT ['baseline', 'saturation']
audit survivor-05 UNKNOT UNKNOT ['baseline', 'saturation']
audit survivor-06 UNKNOT UNKNOT ['baseline', 'saturation']
audit survivor-07 UNKNOT UNKNOT ['baseline', 'saturation']
audit survivor-08 UNKNOT UNKNOT ['baseline', 'saturation']
audit survivor-09 UNKNOT UNKNOT ['baseline', 'saturation']
audit survivor-10 UNKNOT UNKNOT ['baseline', 'saturation']
audit survivor-11 UNKNOT UNKNOT ['baseline', 'saturation']
audit trefoil INCONCLUSIVE INCONCLUSIVE []
audit conway INCONCLUSIVE INCONCLUSIVE []
audit kinoshita_terasaka INCONCLUSIVE INCONCLUSIVE []
audit hard_unknot_8 UNKNOT UNKNOT ['baseline', 'saturation']
audit grid_determinant_one_knot INCONCLUSIVE INCONCLUSIVE []
audit unknot_braid40 UNKNOT UNKNOT ['baseline', 'saturation']
audit stress_braid5_36 INCONCLUSIVE INCONCLUSIVE []
audit monster UNKNOT UNKNOT ['baseline', 'saturation']
audit gst INCONCLUSIVE INCONCLUSIVE []
audit gordian UNKNOT UNKNOT ['baseline', 'saturation']
saved results/raw_saturation_audit.json
