circle-15 {'control': 0.00359, 'saturation': 0.001325, 'baseline': 0.003751} {'control': 1.066486943861957, 'saturation': 2.8143697223863273} {'control': 5, 'saturation': 5, 'baseline': 5}
circle-31 {'saturation': 0.002712, 'baseline': 0.01462, 'control': 0.014465} {'control': 1.008074046096891, 'saturation': 5.310806263820814} {'saturation': 5, 'baseline': 5, 'control': 5}
circle-63 {'saturation': 0.005498, 'control': 0.061235, 'baseline': 0.057965} {'control': 0.9938799082697948, 'saturation': 10.290264116565515} {'saturation': 5, 'control': 5, 'baseline': 5}
circle-127 {'baseline': 0.234973, 'control': 0.232185, 'saturation': 0.011059} {'control': 1.0549836640502674, 'saturation': 20.393149685067687} {'baseline': 5, 'control': 5, 'saturation': 5}
circle-255 {'saturation': 0.022204, 'control': 0.947282, 'baseline': 1.036076} {'control': 1.0748215524326679, 'saturation': 46.719934378357486} {'saturation': 5, 'control': 5, 'baseline': 5}
circle-511 {'control': None, 'baseline': None, 'saturation': 0.044922} {'control': None, 'saturation': None} {'control': 0, 'baseline': 0, 'saturation': 5}
survivor-00 {'saturation': 0.00713, 'control': 0.006742, 'baseline': 0.007648} {'control': 1.0736498099131415, 'saturation': 0.9640154687936283} {'saturation': 5, 'control': 5, 'baseline': 5}
survivor-01 {'control': 0.005524, 'saturation': 0.005912, 'baseline': 0.005662} {'control': 1.0251018688230078, 'saturation': 0.9488017181997153} {'control': 5, 'saturation': 5, 'baseline': 5}
survivor-02 {'baseline': 0.006428, 'saturation': 0.006446, 'control': 0.006226} {'control': 1.0120347518228576, 'saturation': 1.009287848995337} {'baseline': 5, 'saturation': 5, 'control': 5}
survivor-03 {'control': 0.004433, 'saturation': 0.004494, 'baseline': 0.004507} {'control': 1.0231608613461394, 'saturation': 0.9920209315154682} {'control': 5, 'saturation': 5, 'baseline': 5}
survivor-04 {'control': 0.003554, 'baseline': 0.003771, 'saturation': 0.003755} {'control': 1.053863758519457, 'saturation': 0.9958478428650561} {'control': 5, 'baseline': 5, 'saturation': 5}
survivor-05 {'control': 0.007875, 'baseline': 0.008321, 'saturation': 0.008387} {'control': 1.0569423956801942, 'saturation': 1.0175182951650295} {'control': 5, 'baseline': 5, 'saturation': 5}
survivor-06 {'control': 0.002841, 'baseline': 0.002876, 'saturation': 0.002971} {'control': 1.012529165048869, 'saturation': 0.9741154934209812} {'control': 5, 'baseline': 5, 'saturation': 5}
survivor-07 {'control': 0.008594, 'saturation': 0.008791, 'baseline': 0.008693} {'control': 1.010863390490199, 'saturation': 0.9846466335102078} {'control': 5, 'saturation': 5, 'baseline': 5}
survivor-08 {'saturation': 0.002947, 'control': 0.002865, 'baseline': 0.002977} {'control': 1.0463640425535117, 'saturation': 1.004060051002303} {'saturation': 5, 'control': 5, 'baseline': 5}
survivor-09 {'saturation': 0.003015, 'control': 0.002952, 'baseline': 0.003055} {'control': 1.063934915658083, 'saturation': 0.9847155209921945} {'saturation': 5, 'control': 5, 'baseline': 5}
survivor-10 {'saturation': 0.002597, 'control': 0.002553, 'baseline': 0.002807} {'control': 1.1342216016855002, 'saturation': 1.0825247210145519} {'saturation': 5, 'control': 5, 'baseline': 5}
survivor-11 {'baseline': 0.002668, 'saturation': 0.002685, 'control': 0.002589} {'control': 1.0339361754277039, 'saturation': 0.9805045540743055} {'baseline': 5, 'saturation': 5, 'control': 5}
trefoil {'control': None, 'baseline': None, 'saturation': None} {'control': None, 'saturation': None} {'control': 0, 'baseline': 0, 'saturation': 0}
conway {'baseline': None, 'saturation': None, 'control': None} {'control': None, 'saturation': None} {'baseline': 0, 'saturation': 0, 'control': 0}
kinoshita_terasaka {'saturation': None, 'control': None, 'baseline': None} {'control': None, 'saturation': None} {'saturation': 0, 'control': 0, 'baseline': 0}
hard_unknot_8 {'baseline': 0.001277, 'saturation': 0.00144, 'control': 0.001245} {'control': 1.0374687569292627, 'saturation': 0.8914989200238422} {'baseline': 5, 'saturation': 5, 'control': 5}
grid_determinant_one_knot {'control': None, 'saturation': None, 'baseline': None} {'control': None, 'saturation': None} {'control': 0, 'saturation': 0, 'baseline': 0}
unknot_braid40 {'control': 0.021556, 'saturation': 0.003387, 'baseline': 0.022536} {'control': 1.0557966765359452, 'saturation': 6.625104927806385} {'control': 5, 'saturation': 5, 'baseline': 5}
stress_braid5_36 {'baseline': None, 'saturation': None, 'control': None} {'control': None, 'saturation': None} {'baseline': 0, 'saturation': 0, 'control': 0}
monster {'saturation': 0.002202, 'baseline': 0.002095, 'control': 0.002107} {'control': 0.9770006682282341, 'saturation': 0.9115452134226419} {'saturation': 5, 'baseline': 5, 'control': 5}
gst {'baseline': None, 'control': None, 'saturation': None} {'control': None, 'saturation': None} {'baseline': 0, 'control': 0, 'saturation': 0}
gordian {'saturation': 0.380828, 'control': 0.373989, 'baseline': 0.39389} {'control': 1.0220502559804656, 'saturation': 1.0095419478642382} {'saturation': 5, 'control': 5, 'baseline': 5}
saved results/raw_saturation_stage.json
