{
  "matrix_exhaustion": [
    {
      "n": 1,
      "alphabet": [
        0,
        1,
        2
      ],
      "count": 3,
      "unique_permanent": 1,
      "successful": 1
    },
    {
      "n": 2,
      "alphabet": [
        0,
        1,
        2
      ],
      "count": 81,
      "unique_permanent": 10,
      "successful": 10
    },
    {
      "n": 3,
      "alphabet": [
        0,
        1,
        2
      ],
      "count": 19683,
      "unique_permanent": 654,
      "successful": 654
    },
    {
      "n": 4,
      "alphabet": [
        0,
        1
      ],
      "count": 65536,
      "unique_permanent": 13032,
      "successful": 13032
    }
  ],
  "signed_words": {
    "seed": 92763,
    "trials": 2000,
    "completed": 1896,
    "compared": 1896,
    "donor_reassignments": 534,
    "unequal_raw_spelling": 419
  },
  "elapsed_seconds": 4.9489260249974905
}
