
   __                  __
  / /  ___ ___ ____   / /_
 / /__/ -_) _ `/ _ \_/ __/
/____/\__/\_,_/_//_/ \__/
Leant (Haskell) - a GHCi-style REPL for Lean 4.  Type :help for help, :quit to exit.
λ> :prove ∀ p : Prop, Decidable p → Decidable (¬ p)
entering prove mode — type tactics; :help for commands
⊢ (p : Prop) → Decidable p → Decidable ¬p
⊢> :synth
preparing synthesis environment (session imports + Lean)...
  1  fun _ x => match x with | .isFalse k => .isTrue k | .isTrue y => .isFalse (fun k1 => k1 y)
(1 verified candidate)
:synth N closes the goal with `exact` candidate N
⊢> :synth 1
All goals accomplished 🎉
finish with :qed [NAME], inspect with :script
⊢> :abort
left prove mode; the script was:
  exact (fun _ x => match x with | .isFalse k => .isTrue k | .isTrue y => .isFalse (fun k1 => k1 y))
λ> :prove ∀ p q : Prop, (p → q) → p → q ∧ p
entering prove mode — type tactics; :help for commands
⊢ ∀ (p q : Prop), (p → q) → p → q ∧ p
⊢> intro p q h hp
p q : Prop
h : p → q
hp : p
⊢ q ∧ p
⊢> :synth
(synthesizing with hypotheses p q h hp as premises)
  1  fun _ _ f x => ⟨f x, x⟩
(1 verified candidate)
:synth N closes the goal with `exact` candidate N
⊢> :synth 1
All goals accomplished 🎉
finish with :qed [NAME], inspect with :script
⊢> :qed mp_and
saved: theorem mp_and : ∀ p q : Prop, (p → q) → p → q ∧ p
λ> :synth (∀ a b : Type, Option a → Option b → Option (a × b))
  1  fun _ _ _ _ => .none
  2  fun _ _ x y => match x with | .none => (.none) | .some z => (match y with | .none => (.none) | .some w => .some ⟨z, w⟩)
(2 verified candidates)
:synth N binds candidate N as `it`
note: search truncated: candidate limit reached (60)
λ> :synth 2
it := fun _ _ x y => match x with | .none => (.none) | .some z => (match y with | .none => (.none) | .some w => .some ⟨z, w⟩) : (∀ a b : Type, Option a → Option b → Option (a × b))
λ> :quit
