
   __                  __
  / /  ___ ___ ____   / /_
 / /__/ -_) _ `/ _ \_/ __/
/____/\__/\_,_/_//_/ \__/
Leant (Haskell) - a GHCi-style REPL for Lean 4.  Type :help for help, :quit to exit.
λ> :synth (A × (B ⊕ C) → (A × B) ⊕ (A × C))
preparing synthesis environment (session imports + Lean)...
  1  fun ⟨a, b⟩ => match b with | .inl c => .inl ⟨a, c⟩ | .inr d => .inr ⟨a, d⟩
(1 verified candidate)
:synth N binds candidate N as `it`
λ> :synth ((A → B → C) → (A → B) → A → C)
  1  fun a b c => a c (b c)
(1 verified candidate)
:synth N binds candidate N as `it`
λ> :synth (((A → B) → A) → A)
constructively unprovable — but classically:
  1  Classical.byContradiction (fun a => nomatch (a (fun b => nomatch (a (fun _ => b (fun c => nomatch (a (fun _ => c))))))))
:synth N binds candidate N as `it`
λ> :synth (∀ a b : Type, a → b)
provably uninhabited — no closed term of this polymorphic type exists
λ> :synth (a → a → a)
  1  fun _ a => a
  2  fun a _ => a
(2 verified candidates)
:synth N binds candidate N as `it`
λ> :synth (Nat → Nat)
  1  fun a => a
(1 verified candidate)
:synth N binds candidate N as `it`
λ> :synth (∀ p q : Prop, (p ↔ q) → ¬p → ¬q)
  1  fun _ _ ⟨_, a⟩ b c => b (a c)
(1 verified candidate)
:synth N binds candidate N as `it`
λ> :synth (((A → B) → A) → (A → A))
  1  fun _ a => a
(1 verified candidate)
:synth N binds candidate N as `it`
λ> :quit
