hypergeometric_connection {'a': '0.5', 'u': '-0.17'} error 2.7636e-76
entire_difference_negative_integer {'m': 0, 'a': '0.5', 'u': '-0.17', 'N': 64, 'K': 40} error 5.3955e-60
entire_difference_negative_integer {'m': 1, 'a': '0.5', 'u': '-0.17', 'N': 64, 'K': 40} error 3.4687e-58
entire_difference_negative_integer {'m': 2, 'a': '0.5', 'u': '-0.17', 'N': 64, 'K': 40} error 2.23e-56
entire_difference_negative_integer {'m': 3, 'a': '0.5', 'u': '-0.17', 'N': 64, 'K': 40} error 1.4336e-54
entire_difference_negative_integer {'m': 4, 'a': '0.5', 'u': '-0.17', 'N': 64, 'K': 40} error 9.2159e-53
hypergeometric_connection {'a': '0.5', 'u': '(0.15 + 0.12j)'} error 0.0
entire_difference_negative_integer {'m': 0, 'a': '0.5', 'u': '(0.15 + 0.12j)', 'N': 64, 'K': 40} error 4.918e-59
entire_difference_negative_integer {'m': 1, 'a': '0.5', 'u': '(0.15 + 0.12j)', 'N': 64, 'K': 40} error 3.1617e-57
entire_difference_negative_integer {'m': 2, 'a': '0.5', 'u': '(0.15 + 0.12j)', 'N': 64, 'K': 40} error 2.0326e-55
entire_difference_negative_integer {'m': 3, 'a': '0.5', 'u': '(0.15 + 0.12j)', 'N': 64, 'K': 40} error 1.3067e-53
entire_difference_negative_integer {'m': 4, 'a': '0.5', 'u': '(0.15 + 0.12j)', 'N': 64, 'K': 40} error 8.4e-52
hypergeometric_connection {'a': '1.3', 'u': '-0.17'} error 0.0
entire_difference_negative_integer {'m': 0, 'a': '1.3', 'u': '-0.17', 'N': 64, 'K': 40} error 3.6695e-60
entire_difference_negative_integer {'m': 1, 'a': '1.3', 'u': '-0.17', 'N': 64, 'K': 40} error 2.374e-58
entire_difference_negative_integer {'m': 2, 'a': '1.3', 'u': '-0.17', 'N': 64, 'K': 40} error 1.5359e-56
entire_difference_negative_integer {'m': 3, 'a': '1.3', 'u': '-0.17', 'N': 64, 'K': 40} error 9.9364e-55
entire_difference_negative_integer {'m': 4, 'a': '1.3', 'u': '-0.17', 'N': 64, 'K': 40} error 6.4282e-53
hypergeometric_connection {'a': '1.3', 'u': '(0.15 + 0.12j)'} error 1.7272e-77
entire_difference_negative_integer {'m': 0, 'a': '1.3', 'u': '(0.15 + 0.12j)', 'N': 64, 'K': 40} error 1.7923e-59
entire_difference_negative_integer {'m': 1, 'a': '1.3', 'u': '(0.15 + 0.12j)', 'N': 64, 'K': 40} error 1.1595e-57
entire_difference_negative_integer {'m': 2, 'a': '1.3', 'u': '(0.15 + 0.12j)', 'N': 64, 'K': 40} error 7.5016e-56
entire_difference_negative_integer {'m': 3, 'a': '1.3', 'u': '(0.15 + 0.12j)', 'N': 64, 'K': 40} error 4.8531e-54
entire_difference_negative_integer {'m': 4, 'a': '1.3', 'u': '(0.15 + 0.12j)', 'N': 64, 'K': 40} error 3.1396e-52
hypergeometric_connection {'a': '(1.2 + 0.4j)', 'u': '-0.17'} error 4.2025e-76
entire_difference_negative_integer {'m': 0, 'a': '(1.2 + 0.4j)', 'u': '-0.17', 'N': 64, 'K': 40} error 5.6205e-60
entire_difference_negative_integer {'m': 1, 'a': '(1.2 + 0.4j)', 'u': '-0.17', 'N': 64, 'K': 40} error 3.6341e-58
entire_difference_negative_integer {'m': 2, 'a': '(1.2 + 0.4j)', 'u': '-0.17', 'N': 64, 'K': 40} error 2.3497e-56
entire_difference_negative_integer {'m': 3, 'a': '(1.2 + 0.4j)', 'u': '-0.17', 'N': 64, 'K': 40} error 1.5192e-54
entire_difference_negative_integer {'m': 4, 'a': '(1.2 + 0.4j)', 'u': '-0.17', 'N': 64, 'K': 40} error 9.8222e-53
hypergeometric_connection {'a': '(1.2 + 0.4j)', 'u': '(0.15 + 0.12j)'} error 6.9089e-77
entire_difference_negative_integer {'m': 0, 'a': '(1.2 + 0.4j)', 'u': '(0.15 + 0.12j)', 'N': 64, 'K': 40} error 2.8883e-59
entire_difference_negative_integer {'m': 1, 'a': '(1.2 + 0.4j)', 'u': '(0.15 + 0.12j)', 'N': 64, 'K': 40} error 1.8675e-57
entire_difference_negative_integer {'m': 2, 'a': '(1.2 + 0.4j)', 'u': '(0.15 + 0.12j)', 'N': 64, 'K': 40} error 1.2075e-55
entire_difference_negative_integer {'m': 3, 'a': '(1.2 + 0.4j)', 'u': '(0.15 + 0.12j)', 'N': 64, 'K': 40} error 7.8067e-54
entire_difference_negative_integer {'m': 4, 'a': '(1.2 + 0.4j)', 'u': '(0.15 + 0.12j)', 'N': 64, 'K': 40} error 5.0473e-52
larger_tail_repeat {'m': 4, 'a': '0.5', 'u': '-0.17', 'N': 96, 'K': 48} error 3.677e-67
larger_tail_repeat {'m': 3, 'a': '(1.2 + 0.4j)', 'u': '(0.15 + 0.12j)', 'N': 96, 'K': 48} error 1.6111e-64
s_one_convergent_difference {'a': '0.5', 'u': '(0.15 + 0.12j)'} error 7.6498e-61
s_one_convergent_difference {'a': '(1.2 + 0.4j)', 'u': '-0.17'} error 8.6925e-62
mixed_kernel_coefficient {'m': 0, 'r': 0, 'a': '0.5'} error 0.0
mixed_kernel_coefficient {'m': 0, 'r': 1, 'a': '0.5'} error 0.0
mixed_kernel_coefficient {'m': 0, 'r': 2, 'a': '0.5'} error 0.0
mixed_kernel_coefficient {'m': 0, 'r': 3, 'a': '0.5'} error 0.0
mixed_kernel_coefficient {'m': 1, 'r': 0, 'a': '0.5'} error 0.0
mixed_kernel_coefficient {'m': 1, 'r': 1, 'a': '0.5'} error 0.0
mixed_kernel_coefficient {'m': 1, 'r': 2, 'a': '0.5'} error 0.0
mixed_kernel_coefficient {'m': 1, 'r': 3, 'a': '0.5'} error 0.0
mixed_kernel_coefficient {'m': 2, 'r': 0, 'a': '0.5'} error 1.5709e-89
mixed_kernel_coefficient {'m': 2, 'r': 1, 'a': '0.5'} error 0.0
mixed_kernel_coefficient {'m': 2, 'r': 2, 'a': '0.5'} error 0.0
mixed_kernel_coefficient {'m': 2, 'r': 3, 'a': '0.5'} error 0.0
mixed_kernel_coefficient {'m': 3, 'r': 0, 'a': '0.5'} error 0.0
mixed_kernel_coefficient {'m': 3, 'r': 1, 'a': '0.5'} error 0.0
mixed_kernel_coefficient {'m': 3, 'r': 2, 'a': '0.5'} error 3.4545e-77
mixed_kernel_coefficient {'m': 3, 'r': 3, 'a': '0.5'} error 0.0
mixed_kernel_coefficient {'m': 0, 'r': 0, 'a': '(1.2 + 0.4j)'} error 0.0
mixed_kernel_coefficient {'m': 0, 'r': 1, 'a': '(1.2 + 0.4j)'} error 0.0
mixed_kernel_coefficient {'m': 0, 'r': 2, 'a': '(1.2 + 0.4j)'} error 0.0
mixed_kernel_coefficient {'m': 0, 'r': 3, 'a': '(1.2 + 0.4j)'} error 0.0
mixed_kernel_coefficient {'m': 1, 'r': 0, 'a': '(1.2 + 0.4j)'} error 7.1216e-77
mixed_kernel_coefficient {'m': 1, 'r': 1, 'a': '(1.2 + 0.4j)'} error 0.0
mixed_kernel_coefficient {'m': 1, 'r': 2, 'a': '(1.2 + 0.4j)'} error 0.0
mixed_kernel_coefficient {'m': 1, 'r': 3, 'a': '(1.2 + 0.4j)'} error 6.9089e-77
mixed_kernel_coefficient {'m': 2, 'r': 0, 'a': '(1.2 + 0.4j)'} error 1.7272e-77
mixed_kernel_coefficient {'m': 2, 'r': 1, 'a': '(1.2 + 0.4j)'} error 0.0
mixed_kernel_coefficient {'m': 2, 'r': 2, 'a': '(1.2 + 0.4j)'} error 6.9089e-77
mixed_kernel_coefficient {'m': 2, 'r': 3, 'a': '(1.2 + 0.4j)'} error 7.7244e-77
mixed_kernel_coefficient {'m': 3, 'r': 0, 'a': '(1.2 + 0.4j)'} error 2.9366e-76
mixed_kernel_coefficient {'m': 3, 'r': 1, 'a': '(1.2 + 0.4j)'} error 1.1746e-76
mixed_kernel_coefficient {'m': 3, 'r': 2, 'a': '(1.2 + 0.4j)'} error 5.5298e-77
mixed_kernel_coefficient {'m': 3, 'r': 3, 'a': '(1.2 + 0.4j)'} error 1.7272e-77
DONE 72 8.4000154e-52 7.260599613189697
