Exact checks: {'assertions': 144, 'status': 'passed'}
Summability checks: [{'a': '0.3', 'h': '2', 'Q': '2.67528799107423968e-9', 'identity_error': '8.0226226e-55', 'cutoff_change_60_to_120': '1.5438246e-48', 'jump_series_error': '1.2392294e-119'}, {'a': '0.5', 'h': '2', 'Q': '2.67528799107423968e-9', 'identity_error': '8.3163278e-112', 'cutoff_change_60_to_120': '5.0602508e-159', 'jump_series_error': '0.0'}, {'a': '0.7', 'h': '3', 'Q': '1.92714189745314793e-6', 'identity_error': '6.003003e-51', 'cutoff_change_60_to_120': '1.1555324e-44', 'jump_series_error': '9.5172819e-117'}]
{
  "classical_critical_point": "1.4616321449683623412626595423257213284681962040064",
  "limiting_sqrt_action_coefficient": "2.0183815070093546945009855023812423155770825824368",
  "first_algebraic_critical_shift": "-0.0198248194118090268260650022294244526446",
  "rows": [
    {
      "h": "2",
      "Q": "2.67528799107423968124112e-9",
      "median_critical_point": "1.41047818285003960064129",
      "physical_critical_point": "1.41047821203673923484791",
      "sqrt_action_displacement": "0.000179326702472687360369201",
      "normalized_lower_root": "-0.9997706295684957977373",
      "normalized_upper_root": "1.00022918162008524816762",
      "critical_value_shift_over_Q": "-1.84593406451365427685886",
      "predicted_value_shift_coefficient": "-1.84593400991581947752386",
      "root_residual": "5.1977049e-113"
    },
    {
      "h": "1",
      "Q": "7.15716583518604113636561e-18",
      "median_critical_point": "1.43867403843340029195056",
      "physical_critical_point": "1.43867403843340032182244",
      "sqrt_action_displacement": "6.98150403299058452137843e-9",
      "normalized_lower_root": "-0.999999993989496972913479",
      "normalized_upper_root": "1.00000000601050263802514",
      "critical_value_shift_over_Q": "-1.92667731151068404010156",
      "predicted_value_shift_coefficient": "-1.92667731151068399002844",
      "root_residual": "4.1581639e-112"
    },
    {
      "h": "0.5",
      "Q": "5.12250227923543017552356e-35",
      "median_critical_point": "1.45091916752227836954254",
      "physical_critical_point": "1.45091916752227836954254",
      "sqrt_action_displacement": "1.63653707029813482165765e-17",
      "normalized_lower_root": "-0.99999999999999998878949",
      "normalized_upper_root": "1.00000000000000001121051",
      "critical_value_shift_over_Q": "-1.95282531141431231716227",
      "predicted_value_shift_coefficient": "-1.95282531141431231716227",
      "root_residual": "1.1434951e-111"
    }
  ]
}
Wrote results.json
