symbolic checks passed
split-root identity checks passed
C6 seed solvable=True roots= [1, 1, 1, 1]
C6 translate solvable=True roots= [1, 1, 1, 1]
C6 rescale solvable=True roots= [1, 1, 1, 1]
S3 seed solvable=True roots= [1, 3, 3, 3]
S3 translate solvable=True roots= [1, 3, 3, 3]
S3 rescale solvable=True roots= [1, 3, 3, 3]
D6 seed solvable=True roots= [1, 1, 1, 1]
D6 translate solvable=True roots= [1, 1, 1, 1]
D6 rescale solvable=True roots= [1, 1, 1, 1]
A4 seed solvable=True roots= [0, 1, 1, 1]
A4 translate solvable=True roots= [0, 1, 1, 1]
A4 rescale solvable=True roots= [0, 1, 1, 1]
G18 seed solvable=True roots= [1, 0, 0, 0]
G18 translate solvable=True roots= [1, 0, 0, 0]
G18 rescale solvable=True roots= [1, 0, 0, 0]
A4xC2 seed solvable=True roots= [0, 1, 1, 1]
A4xC2 translate solvable=True roots= [0, 1, 1, 1]
A4xC2 rescale solvable=True roots= [0, 1, 1, 1]
S4p seed solvable=True roots= [0, 1, 1, 1]
S4p translate solvable=True roots= [0, 1, 1, 1]
S4p rescale solvable=True roots= [0, 1, 1, 1]
S4m seed solvable=True roots= [0, 1, 1, 1]
S4m translate solvable=True roots= [0, 1, 1, 1]
S4m rescale solvable=True roots= [1, 1, 1, 1]
G36m seed solvable=True roots= [1, 0, 0, 0]
G36m translate solvable=True roots= [1, 0, 0, 0]
G36m rescale solvable=True roots= [1, 0, 0, 0]
S4xC2 seed solvable=True roots= [0, 1, 1, 1]
S4xC2 translate solvable=True roots= [0, 1, 1, 1]
S4xC2 rescale solvable=True roots= [0, 1, 1, 1]
PSL2F5 seed solvable=False roots= [0, 0, 0, 0]
PSL2F5 translate solvable=False roots= [0, 0, 0, 0]
PSL2F5 rescale solvable=False roots= [0, 0, 0, 0]
PGL2F5 seed solvable=False roots= [0, 0, 0, 0]
PGL2F5 translate solvable=False roots= [0, 0, 0, 0]
PGL2F5 rescale solvable=False roots= [0, 0, 0, 0]
G36p seed solvable=True roots= [1, 0, 0, 0]
G36p translate solvable=True roots= [1, 0, 0, 0]
G36p rescale solvable=True roots= [1, 0, 0, 0]
G72 seed solvable=True roots= [1, 0, 0, 0]
G72 translate solvable=True roots= [1, 0, 0, 0]
G72 rescale solvable=True roots= [1, 0, 0, 0]
A6 seed solvable=False roots= [0, 0, 0, 0]
A6 translate solvable=False roots= [0, 0, 0, 0]
A6 rescale solvable=False roots= [0, 0, 0, 0]
S6 seed solvable=False roots= [0, 0, 0, 0]
S6 translate solvable=False roots= [0, 0, 0, 0]
S6 rescale solvable=False roots= [0, 0, 0, 0]
ALL CHECKS PASSED; wrote /mnt/data/ProveIt_Three_Plus_One_Resolvents/data/verification.json
