passed decrement_left 0 E w= 0 H_bits= 1
passed decrement_left 0 P w= 0 H_bits= 1
passed decrement_left 1 E w= 0 H_bits= 1
passed decrement_left 1 P w= 0 H_bits= 1
passed decrement_left 2 E w= 745 H_bits= 18
passed decrement_left 2 P w= 745 H_bits= 18
passed decrement_left 3 E w= 27103 H_bits= 185
passed decrement_left 3 P w= 21649 H_bits= 185
passed decrement_right 0 E w= 0 H_bits= 1
passed decrement_right 0 P w= 0 H_bits= 1
passed decrement_right 1 E w= 0 H_bits= 1
passed decrement_right 1 P w= 0 H_bits= 1
passed decrement_right 2 E w= 745 H_bits= 18
passed decrement_right 2 P w= 745 H_bits= 18
passed decrement_right 3 E w= 27103 H_bits= 185
passed decrement_right 3 P w= 21649 H_bits= 185
passed direct 0 E w= 0 H_bits= 1
passed direct 0 P w= 0 H_bits= 1
passed direct 1 E w= 0 H_bits= 1
passed direct 1 P w= 0 H_bits= 1
passed direct 2 E w= 2 H_bits= 3
passed direct 2 P w= 2 H_bits= 3
passed direct 3 E w= 3179 H_bits= 31
passed direct 3 P w= 3717 H_bits= 58
passed empty 0 E w= 0 H_bits= 1
passed empty 0 P w= 0 H_bits= 1
passed empty 1 E w= 0 H_bits= 1
passed empty 1 P w= 0 H_bits= 1
passed empty 2 E w= 2 H_bits= 3
passed empty 2 P w= 2 H_bits= 3
passed empty 3 E w= 6 H_bits= 3
passed empty 3 P w= 1643 H_bits= 31
passed guarded_direct 0 E w= 0 H_bits= 1
passed guarded_direct 0 P w= 0 H_bits= 1
passed guarded_direct 1 E w= 0 H_bits= 1
passed guarded_direct 1 P w= 0 H_bits= 1
passed guarded_direct 2 E w= 2 H_bits= 3
passed guarded_direct 2 P w= 2 H_bits= 3
passed guarded_direct 3 E w= 6707 H_bits= 31
passed guarded_direct 3 P w= 3717 H_bits= 58
passed increment_left 0 E w= 0 H_bits= 1
passed increment_left 0 P w= 0 H_bits= 1
passed increment_left 1 E w= 0 H_bits= 1
passed increment_left 1 P w= 0 H_bits= 1
passed increment_left 2 E w= 745 H_bits= 18
passed increment_left 2 P w= 745 H_bits= 18
passed increment_left 3 E w= 25423 H_bits= 185
passed increment_left 3 P w= 21649 H_bits= 185
passed increment_right 0 E w= 0 H_bits= 1
passed increment_right 0 P w= 0 H_bits= 1
passed increment_right 1 E w= 0 H_bits= 1
passed increment_right 1 P w= 0 H_bits= 1
passed increment_right 2 E w= 745 H_bits= 18
passed increment_right 2 P w= 745 H_bits= 18
passed increment_right 3 E w= 25423 H_bits= 185
passed increment_right 3 P w= 21649 H_bits= 185
passed increment_right_zero 0 E w= 0 H_bits= 1
passed increment_right_zero 0 P w= 0 H_bits= 1
passed increment_right_zero 1 E w= 0 H_bits= 1
passed increment_right_zero 1 P w= 0 H_bits= 1
passed increment_right_zero 2 E w= 745 H_bits= 18
passed increment_right_zero 2 P w= 745 H_bits= 18
passed increment_right_zero 3 E w= 27103 H_bits= 185
passed increment_right_zero 3 P w= 21649 H_bits= 185
passed increment_right 5 E w= 427376 H_bits= 1146
passed increment_right 5 P w= 357536 H_bits= 1146
{"accepted_endpoint_assignments_checked": 72, "all_tests_passed": true, "block_assignments_checked": 332, "block_circuits_audited": 66, "explicit_height_bounds_passed": true, "no_height_degree_two_assignment_monomials": true}
