{
  "status": "ACCEPTED",
  "scope": "Supplemental independent presentation-only checks",
  "test_count": 4,
  "tests": [
    {
      "name": "independent-reference-decode-all-42-pngs",
      "status": "PASS",
      "png_count": 42
    },
    {
      "name": "independently-confirm-predecessor-adaptation",
      "status": "PASS",
      "retained_predecessor_sources_compared": 6
    },
    {
      "name": "original-mapped-directory-metadata",
      "status": "PASS",
      "directories": 6
    },
    {
      "name": "reject-archive-raw-crc-before-writing",
      "status": "PASS",
      "outcome": "rejected"
    }
  ]
}
