Title:           Report 70 Two scale recognition for the binary five particle compiler
Subject:         Full shift conservative involutions and an improved sufficient radius
Keywords:        
Author:          Research report
Creator:         LaTeX with hyperref
Producer:        pdfTeX-1.40.26
Custom Metadata: no
Metadata Stream: no
Tagged:          no
UserProperties:  no
Suspects:        no
Form:            none
JavaScript:      no
Pages:           21
Encrypted:       no
Page size:       612 x 792 pts (letter)
Page rot:        0
File size:       397799 bytes
Optimized:       no
PDF version:     1.7
