{
  "audit_manifest_sha256": "befa9a29fd2c31a93bfecdda67794a830e5ebbedc71c4c76b85fd3fb4f161614",
  "audit_text_sha256": "09cca9ebcc31338b083a502f3345e7825869fcdf043350ce16421d4ef5f7b9bd",
  "counts": {
    "accepted_audit_entries": 17,
    "fresh_audit_entries": 9,
    "fresh_audit_frozen_entries": 117,
    "historical_frozen_entries": 49,
    "historical_live_added_entries": 49,
    "historical_live_changed_existing_entries": 1,
    "main_packet_entries": 21,
    "new_dependency_origins": 10,
    "predecessor_dependency_origins": 9,
    "predecessor_packet_entries": 21,
    "report26_archive_files": 48,
    "report26_release_entries": 46,
    "report26_scientific_entries": 26,
    "report26_sha256sum_lines": 27,
    "report26_source_pins": 35,
    "source_zip_files": 22
  },
  "fresh_audit_endpoint_equality_is_not_continuous_immutability": true,
  "historical_live_report70_was_not_static": true,
  "main_manifest_sha256": "72f8024c49a364bfd26ccc9f0e89d128e4390c1bf045477aa3d584bba3eaea31",
  "original_endpoint_equality": true,
  "proof_sha256": "d2229bcae33affd26eefb513e942891edf1d09c8b8d9e32ab1f8220fd2ea9962",
  "scientific_programs_executed": false,
  "scope": "Read-only byte, metadata, archive and nested provenance authentication, not a scientific replay",
  "source_archive_sha256": "9bb5e63a780770689a5b7d353a130dee7535330e021202201d5c751d62601d37",
  "status": "PASS"
}

