Title:           Report 71 Shorter exactness windows for the binary five particle compiler
Subject:         A new conservative full shift rule with unchanged admissible dynamics
Keywords:        
Author:          Research report
Creator:         LaTeX with hyperref
Producer:        pdfTeX-1.40.26
Custom Metadata: no
Metadata Stream: no
Tagged:          no
UserProperties:  no
Suspects:        no
Form:            none
JavaScript:      no
Pages:           13
Encrypted:       no
Page size:       612 x 792 pts (letter)
Page rot:        0
File size:       364235 bytes
Optimized:       no
PDF version:     1.7
