{
  "all_png_crc_and_rasters_verified": true,
  "dependency_lock_verified": true,
  "dependency_receipt_sha256": "741c8b653fd8783c9afc29f8021a4a2c803140576cb0f6b1eb5ad39a9181e308",
  "fresh_format": true,
  "manuscript_pins": {
    "Report71.tex": "f6ab8f68d2f1171ff3ef3840cdeb211754f6a2bb59901db9720d7ffaef242eaf",
    "consequences.tex": "2c33dd2f8785367b51e8792acbd1a187bff78895b3b754d10f3ff543b0decde6",
    "definitions.tex": "b954f2b5b19afc05841a09828452d9cdd81f4bcdeb548324fb5572c66bae4d4f",
    "geometry.tex": "557968ce055dea1ce6d2874261b9135d47382b1bf2841e6f968020bc600ccc15",
    "provenance.tex": "f316d6cbd294eb25716faf04468c17e2bdd62a5d83d15bc6554e9fba05f15b84",
    "safety.tex": "a47574107daaeb6ae6b4a4530e19faa6cecc3e7665490d0521aaef76b4677545"
  },
  "manuscript_pins_sha256": "f0c4ebf30e03d9b1dbf09c5786649c07fda36c204f1f6480b78e19a4720d583b",
  "packaged_pdf_match": true,
  "page_count": 13,
  "pdf_sha256": "0e88bb6899c39ba2a7991df468551cafef92730bcb66c00e91094e872b65d275",
  "recorded_passes": 4,
  "recorder_union_complete": true,
  "release_preserved": true,
  "render_dpi": 72,
  "scope": "Typesetting and analytic illustration only; no scientific executable",
  "shell_escape": false,
  "source_date_epoch": 1791072000,
  "standalone_sha256": "8d63dafe592cfb215f938fe4ac075f8e16dbe14c74d5d5c61b0b1abd030fa1e5",
  "status": "PASS"
}

